FINAL HEAT OF FORMATION =     -3059.4519154783  time =       0.0000000000
$COEFF
     1.0000000000     0.0000000000
     0.0000000000     0.0000000000
     0.0000000000     0.0000000000
     0.0000000000     0.0000000000
     0.0000000000     0.0000000000
$ENDCOEFF
