
          -------------------------------------------------------
          Amber 18 SANDER                              2018
          -------------------------------------------------------

| Run on 02/12/2020 at 12:08:29

|   Executable path: sander
| Working directory: /home/dustin/Documents/TestRuns/qm_mm_prop/benzene_nh2/qmground/traj_3/restart_0
|          Hostname: Unknown
  [-O]verwriting output

File Assignments:
|  MDIN: nasqm_qmground_t3_r0.in                                               
| MDOUT: nasqm_qmground_t3_r0.out                                              
|INPCRD: snap_for_qmground_t3_r0.rst                                           
|  PARM: m1.prmtop                                                             
|RESTRT: snap_for_qmground_t3_r1.rst                                           
|  REFC: refc                                                                  
| MDVEL: mdvel                                                                 
| MDFRC: mdfrc                                                                 
|  MDEN: mden                                                                  
| MDCRD: nasqm_qmground_t3_r0.nc                                               
|MDINFO: mdinfo                                                                
|  MTMD: mtmd                                                                  
|INPDIP: inpdip                                                                
|RSTDIP: rstdip                                                                
|INPTRA: inptraj                                                               


 Here is the input file:

300K constant temp QMMMMD                                                      
 &cntrl                                                                        
  imin=0,                                                                      
  iwrap=1,                                                                     
  irest=0,                                                                     
  ntx=5,                                                                       
  ntb=1, ! 1-Constant Volume, 2-Pressure                                       
  ntp=0,                                                                       
  ig=-1,                                                                       
  taup=2.0,                                                                    
  cut=8.0,                                                                     
  ntr=0,                                                                       
  tempi=300.0,                                                                 
  temp0=300.0,                                                                 
  ntt=0, ! 0-Constant-Energy, 1-Weak-Coupling, 2-Anderson, 3-Langevin          
  gamma_ln=0, ! must be 0 if ntt < 3                                           
  nstlim=10,                                                                   
  dt=0.0005,                                                                   
  ntpr=1,                                                                      
  ntwx=2,                                                                      
  ntwv=-1,                                                                     
  ifqnt=1                                                                      
 /                                                                             
 &qmmm                                                                         
  scfconv=1.0000E-10,                                                          
  verbosity=1,                                                                 
  qmmask=':1',                                                                 
  diag_routine=1,                                                              
  qmcharge=0,                                                                  
  qm_theory='AM1',                                                             
  qmshake=0,                                                                   
  printdipole=1,                                                               
  qm_ewald=0,                                                                  
  qm_pme=0,                                                                    
 /                                                                             

--------------------------------------------------------------------------------
   1.  RESOURCE   USE: 
--------------------------------------------------------------------------------

| Flags:                                                                        
 getting new box info from bottom of inpcrd
|  INFO: Old style inpcrd file read

| peek_ewald_inpcrd: Box info found
|Largest sphere to fit in unit cell has radius =    22.679
| New format PARM file being parsed.
| Version =    1.000 Date = 09/26/18 Time = 13:58:55
 NATOM  =    4394 NTYPES =       7 NBONH =     883 MBONA  =    2635
 NTHETH =    2641 MTHETA =    2636 NPHIH =      26 MPHIA  =       9
 NHPARM =       0 NPARM  =       0 NNB   =    9698 NRES   =     877
 NBONA  =    2635 NTHETA =    2636 NPHIA =       9 NUMBND =       6
 NUMANG =       7 NPTRA  =       3 NATYP =       7 NPHB   =       0
 IFBOX  =       1 NMXRS  =      14 IFCAP =       0 NEXTRA =       0
 NCOPY  =       0


|     Memory Use     Allocated
|     Real              373094
|     Hollerith          14061
|     Integer           159675
|     Max Pairs        1464666
|     nblistReal         52728
|     nblist Int        368993
|       Total            11168 kbytes

| Note: 1-4 EEL scale factors are being read from the topology file.

| Note: 1-4 VDW scale factors are being read from the topology file.
| Duplicated    0 dihedrals
| Duplicated    0 dihedrals
LOADING THE QUANTUM ATOMS AS GROUPS
     Mask :1; matches    14 atoms

     BOX TYPE: RECTILINEAR
Note: ig = -1. Setting random seed to   719009 based on wallclock time in microseconds.

--------------------------------------------------------------------------------
   2.  CONTROL  DATA  FOR  THE  RUN
--------------------------------------------------------------------------------

m1                                                                              

General flags:
     imin    =       0, nmropt  =       0

Nature and format of input:
     ntx     =       5, irest   =       0, ntrx    =       1

Nature and format of output:
     ntxo    =       2, ntpr    =       1, ntrx    =       1, ntwr    =      10
     iwrap   =       1, ntwx    =       2, ntwv    =      -1, ntwe    =       0
     ioutfm  =       1, ntwprt  =       0, idecomp =       0, rbornstat=      0

Potential function:
     ntf     =       1, ntb     =       1, igb     =       0, nsnb    =      25
     ipol    =       0, gbsa    =       0, iesp    =       0
     dielc   =   1.00000, cut     =   8.00000, intdiel =   1.00000

Frozen or restrained atoms:
     ibelly  =       0, ntr     =       0

Molecular dynamics:
     nstlim  =        10, nscm    =      1000, nrespa  =         1
     t       =   0.00000, dt      =   0.00050, vlimit  =  20.00000

Initial temperature generation:
     ig      =  719009
     tempi   = 300.00000

Ewald parameters:
     verbose =       0, ew_type =       0, nbflag  =       1, use_pme =       1
     vdwmeth =       1, eedmeth =       1, netfrc  =       1
     Box X =   49.256   Box Y =   50.133   Box Z =   45.358
     Alpha =   90.000   Beta  =   90.000   Gamma =   90.000
     NFFT1 =   50       NFFT2 =   50       NFFT3 =   45
     Cutoff=    8.000   Tol   =0.100E-04
     Ewald Coefficient =  0.34864
     Interpolation order =    4

QMMM options:
             ifqnt = True       nquant =       14
              qmgb =        0  qmcharge =        0   adjust_q =        2
              spin =        1     qmcut =   8.0000    qmshake =        0
          qmmm_int =        1
     lnk_atomic_no =        1   lnk_dis =   1.0900 lnk_method =        1
          qm_theory =     AM1 verbosity =        1
            qmqmdx = Analytical
      tight_p_conv = False (converge density to 0.05xSqrt[SCFCRT])
           scfconv = 0.100E-09  itrmax =     1000
      printcharges = False      printdipole = QM         peptide_corr = False
    qmmmrij_incore = True 
  qmqm_erep_incore = True 
       pseudo_diag = True pseudo_diag_criteria =   0.0500
      diag_routine =        1
          qm_ewald =        0 qm_pme = False 

--------------------------------------------------------------------------------
   3.  ATOMIC COORDINATES AND VELOCITIES
--------------------------------------------------------------------------------

Cpptraj Generated Restart                                                       
 begin time read from input coords =     0.000 ps

 Number of triangulated 3-point waters found:        0
 identifying link atoms
 identified link atoms

     Sum of charges from parm topology file =   0.00000100
     Forcing neutrality...
QMMM: ADJUSTING CHARGES
QMMM: ----------------------------------------------------------------------
QMMM: adjust_q = 2
QMMM: Uniformly adjusting the charge of MM atoms to conserve total charge.
QMMM:                             qm_charge =    0
QMMM: QM atom RESP charge sum (inc MM link) =    0.000
QMMM: Adjusting each MM atom resp charge by =    0.000
QMMM:          Sum of MM + QM region is now =    0.000
QMMM: ----------------------------------------------------------------------
|  # of SOLUTE  degrees of freedom (RNDFP):   13182.
|  # of SOLVENT degrees of freedom (RNDFS):       0.
|  QMSHAKE_NOSHAKEMASK_OVERLAP =      0
|  NDFMIN =   13179.     NUM_NOSHAKE =      0     CORRECTED RNDFP =   13179.
|  TOTAL # of degrees of freedom (RNDF) =   13179.
 ---------------------------------------------------
 APPROXIMATING switch and d/dx switch using CUBIC SPLINE INTERPOLATION
 using   5000.0 points per unit in tabled values
 TESTING RELATIVE ERROR over r ranging from 0.0 to cutoff
| CHECK switch(x): max rel err =   0.2738E-14   at   2.422500
| CHECK d/dx switch(x): max rel err =   0.8332E-11   at   2.782960
 ---------------------------------------------------
| Local SIZE OF NONBOND LIST =     349621
| TOTAL SIZE OF NONBOND LIST =     349621

QMMM: Link Atom Information
QMMM: ------------------------------------------------------------------------
QMMM: nlink =     0
QMMM: ------------------------------------------------------------------------

  QMMM: QM Region Cartesian Coordinates (*=link atom) 
  QMMM: QM_NO.   MM_NO.  ATOM         X         Y         Z
  QMMM:     1        1      C       -0.3042   -0.3277   -1.5493
  QMMM:     2        2      C        0.8277   -0.8146   -0.9669
  QMMM:     3        3      C        1.1906   -0.4629    0.3643
  QMMM:     4        4      C        0.3338    0.3097    1.0735
  QMMM:     5        5      C       -0.8248    0.8717    0.4899
  QMMM:     6        6      C       -1.0897    0.5300   -0.8711
  QMMM:     7        7      H       -0.5396   -0.5291   -2.5933
  QMMM:     8        8      H        1.4670   -1.5424   -1.4954
  QMMM:     9        9      H        1.9858   -0.9925    0.8639
  QMMM:    10       10      H       -1.4970    1.5424    0.9916
  QMMM:    11       11      H       -1.9858    0.9569   -1.3487
  QMMM:    12       12      N        0.6251    0.6803    2.3611
  QMMM:    13       13      H        1.6100    0.8532    2.5446
  QMMM:    14       14      H        0.0737    1.5137    2.5933

--------------------------------------------------------------------------------
  3.1 QM CALCULATION INFO
--------------------------------------------------------------------------------

| QMMM: Citation for AMBER QMMM Run:
| QMMM: R.C. Walker, M.F. Crowley and D.A. Case, J. COMP. CHEM. 29:1019, 2008

QMMM: SINGLET STATE CALCULATION
QMMM: RHF CALCULATION, NO. OF DOUBLY OCCUPIED LEVELS = 18

| QMMM: *** Selected Hamiltonian *** 
| QMMM: AM1         

| QMMM: *** Parameter sets in use ***
| QMMM: C : M.J.S.DEWAR et al. JACS, 107, 3902, (1985)
| QMMM: H : M.J.S.DEWAR et al. JACS, 107, 3902, (1985)
| QMMM: N : M.J.S.DEWAR et al. JACS, 107, 3902, (1985)

| QMMM: *** Diagonalization Routine Information ***
| QMMM: Pseudo diagonalizations are allowed.
| QMMM: Auto diagonalization routine selection is disabled.
| QMMM: Using internal diagonalization routine (diag_routine=1).

| QMMM: Estimated QM Dynamic Memory Usage (per thread)
| QMMM: ---------------------------------------------------
| QMMM:              QM Atom Type Info :          800 bytes
| QMMM:         QM RESP Charge Storage :          112 bytes
| QMMM:            QM Atom Number List :           56 bytes
| QMMM:                Link Atom Pairs :            0 bytes
| QMMM:          QM Atomic Number List :           56 bytes
| QMMM:                QM-MM Pair List :        17524 bytes
| QMMM:                   QM Atom Mask :         8788 bytes
| QMMM:           QM Coordinate Arrays :       140944 bytes
| QMMM:         Scaled MM Charge Array :        35152 bytes
| QMMM:    SCF Mulliken Charge Storage :          112 bytes
| QMMM:                QM Force Arrays :       105792 bytes
| QMMM:                 Density Matrix :         5040 bytes
| QMMM:          Density Matrix Copies :         5320 bytes
| QMMM: Fock2 Density Matrix Workspace :         1792 bytes
| QMMM:                    Fock Matrix :         5040 bytes
| QMMM:           Eigen Vector Storage :         9800 bytes
| QMMM: QM-QM Elec Repulsion Integrals :        16016 bytes
| QMMM:  QM 2-Elec Repulsion Integrals :        20888 bytes
| QMMM:              1-Electron Matrix :         5040 bytes
| QMMM:       _REAL_ parameter storage :        38584 bytes
| QMMM:      integer parameter storage :          448 bytes
| QMMM:         QM-MM RIJ Eqns storage :       205920 bytes
| QMMM:          _REAL_ Scratch arrays :       164472 bytes
| QMMM:         Integer Scratch arrays :        55176 bytes
| QMMM: ---------------------------------------------------
| QMMM:        Total Dynamic Memory Usage:      0.804 Mb

--------------------------------------------------------------------------------
   4.  RESULTS
--------------------------------------------------------------------------------

QMMM: SCF Converged to 0.1000E-09 in:    24 Cycles 
QMMM:
QMMM: SCF Energy =       24.10064192 KCal/mol,       100.83708580 KJ/mol
QMMM: SCF Energy = Heat of formation

 NSTEP =        0   TIME(PS) =       0.000  TEMP(K) =   292.41  PRESS =     0.0
 Etot   =     -1798.8210  EKtot   =      3829.0475  EPtot      =     -5627.8685
 BOND   =      1052.4273  ANGLE   =      1459.5889  DIHED      =         0.0000
 1-4 NB =         0.0000  1-4 EEL =         0.0000  VDWAALS    =     -5639.8604
 EELEC  =     -2524.1250  EHBOND  =         0.0000  RESTRAINT  =         0.0000
 AM1ESCF=        24.1006
 Ewald error estimate:   0.5724E-03
 ------------------------------------------------------------------------------

QMMM: SCF Converged to 0.1000E-09 in:     3 Cycles 
QMMM:
QMMM: SCF Energy =       24.10064192 KCal/mol,       100.83708580 KJ/mol
QMMM: SCF Energy = Heat of formation

 NSTEP =        1   TIME(PS) =       0.001  TEMP(K) =   292.41  PRESS =     0.0
 Etot   =     -1798.8210  EKtot   =      3829.0475  EPtot      =     -5627.8685
 BOND   =      1052.4273  ANGLE   =      1459.5889  DIHED      =         0.0000
 1-4 NB =         0.0000  1-4 EEL =         0.0000  VDWAALS    =     -5639.8604
 EELEC  =     -2524.1250  EHBOND  =         0.0000  RESTRAINT  =         0.0000
 AM1ESCF=        24.1006
 Ewald error estimate:   0.5724E-03
 ------------------------------------------------------------------------------

                  X        Y        Z     TOTAL  
  QM DIPOLE (Debye)    0.771    1.347   -0.084    1.554
QMMM: SCF Converged to 0.1000E-09 in:    18 Cycles 
QMMM:
QMMM: SCF Energy =       23.82121833 KCal/mol,        99.66797749 KJ/mol
QMMM: SCF Energy = Heat of formation

 NSTEP =        2   TIME(PS) =       0.001  TEMP(K) =   289.08  PRESS =     0.0
 Etot   =     -1798.3375  EKtot   =      3785.3763  EPtot      =     -5583.7137
 BOND   =      1086.2019  ANGLE   =      1471.4097  DIHED      =         0.0000
 1-4 NB =         0.0000  1-4 EEL =         0.0000  VDWAALS    =     -5639.0680
 EELEC  =     -2526.0786  EHBOND  =         0.0000  RESTRAINT  =         0.0000
 AM1ESCF=        23.8212
 Ewald error estimate:   0.5676E-03
 ------------------------------------------------------------------------------

                  X        Y        Z     TOTAL  
  QM DIPOLE (Debye)    0.799    1.330   -0.076    1.553
QMMM: SCF Converged to 0.1000E-09 in:    19 Cycles 
QMMM:
QMMM: SCF Energy =       23.29424846 KCal/mol,        97.46313556 KJ/mol
QMMM: SCF Energy = Heat of formation

 NSTEP =        3   TIME(PS) =       0.002  TEMP(K) =   288.25  PRESS =     0.0
 Etot   =     -1798.4443  EKtot   =      3774.5097  EPtot      =     -5572.9540
 BOND   =      1088.2841  ANGLE   =      1482.0825  DIHED      =         0.0000
 1-4 NB =         0.0000  1-4 EEL =         0.0000  VDWAALS    =     -5638.6810
 EELEC  =     -2527.9338  EHBOND  =         0.0000  RESTRAINT  =         0.0000
 AM1ESCF=        23.2942
 Ewald error estimate:   0.5627E-03
 ------------------------------------------------------------------------------

                  X        Y        Z     TOTAL  
  QM DIPOLE (Debye)    0.793    1.299   -0.157    1.530
QMMM: SCF Converged to 0.1000E-09 in:    19 Cycles 
QMMM:
QMMM: SCF Energy =       22.59774836 KCal/mol,        94.54897913 KJ/mol
QMMM: SCF Energy = Heat of formation

 NSTEP =        4   TIME(PS) =       0.002  TEMP(K) =   289.77  PRESS =     0.0
 Etot   =     -1799.1275  EKtot   =      3794.4370  EPtot      =     -5593.5645
 BOND   =      1060.9919  ANGLE   =      1491.1183  DIHED      =         0.0000
 1-4 NB =         0.0000  1-4 EEL =         0.0000  VDWAALS    =     -5638.7264
 EELEC  =     -2529.5461  EHBOND  =         0.0000  RESTRAINT  =         0.0000
 AM1ESCF=        22.5977
 Ewald error estimate:   0.5513E-03
 ------------------------------------------------------------------------------

                  X        Y        Z     TOTAL  
  QM DIPOLE (Debye)    0.817    1.284   -0.146    1.529
QMMM: SCF Converged to 0.1000E-09 in:    19 Cycles 
QMMM:
QMMM: SCF Energy =       21.91905024 KCal/mol,        91.70930622 KJ/mol
QMMM: SCF Energy = Heat of formation

 NSTEP =        5   TIME(PS) =       0.003  TEMP(K) =   292.83  PRESS =     0.0
 Etot   =     -1800.1458  EKtot   =      3834.5133  EPtot      =     -5634.6590
 BOND   =      1015.2496  ANGLE   =      1498.1311  DIHED      =         0.0000
 1-4 NB =         0.0000  1-4 EEL =         0.0000  VDWAALS    =     -5639.1652
 EELEC  =     -2530.7935  EHBOND  =         0.0000  RESTRAINT  =         0.0000
 AM1ESCF=        21.9191
 Ewald error estimate:   0.5139E-03
 ------------------------------------------------------------------------------

                  X        Y        Z     TOTAL  
  QM DIPOLE (Debye)    0.654    1.350   -0.256    1.521
QMMM: SCF Converged to 0.1000E-09 in:    18 Cycles 
QMMM:
QMMM: SCF Energy =       21.08124232 KCal/mol,        88.20391788 KJ/mol
QMMM: SCF Energy = Heat of formation

 NSTEP =        6   TIME(PS) =       0.003  TEMP(K) =   296.22  PRESS =     0.0
 Etot   =     -1801.4516  EKtot   =      3878.8442  EPtot      =     -5680.2958
 BOND   =       967.1758  ANGLE   =      1502.8707  DIHED      =         0.0000
 1-4 NB =         0.0000  1-4 EEL =         0.0000  VDWAALS    =     -5639.8549
 EELEC  =     -2531.5686  EHBOND  =         0.0000  RESTRAINT  =         0.0000
 AM1ESCF=        21.0812
 Ewald error estimate:   0.5325E-03
 ------------------------------------------------------------------------------

                  X        Y        Z     TOTAL  
  QM DIPOLE (Debye)    0.817    1.322   -0.085    1.556
QMMM: SCF Converged to 0.1000E-09 in:    18 Cycles 
QMMM:
QMMM: SCF Energy =       20.69325783 KCal/mol,        86.58059076 KJ/mol
QMMM: SCF Energy = Heat of formation

 NSTEP =        7   TIME(PS) =       0.004  TEMP(K) =   298.69  PRESS =     0.0
 Etot   =     -1802.1010  EKtot   =      3911.1716  EPtot      =     -5713.2726
 BOND   =       933.1525  ANGLE   =      1505.2433  DIHED      =         0.0000
 1-4 NB =         0.0000  1-4 EEL =         0.0000  VDWAALS    =     -5640.5382
 EELEC  =     -2531.8236  EHBOND  =         0.0000  RESTRAINT  =         0.0000
 AM1ESCF=        20.6933
 Ewald error estimate:   0.5429E-03
 ------------------------------------------------------------------------------

                  X        Y        Z     TOTAL  
  QM DIPOLE (Debye)    0.833    1.316   -0.071    1.559
QMMM: SCF Converged to 0.1000E-09 in:    18 Cycles 
QMMM:
QMMM: SCF Energy =       20.61606760 KCal/mol,        86.25762686 KJ/mol
QMMM: SCF Energy = Heat of formation

 NSTEP =        8   TIME(PS) =       0.004  TEMP(K) =   299.35  PRESS =     0.0
 Etot   =     -1802.4218  EKtot   =      3919.8045  EPtot      =     -5722.2263
 BOND   =       924.8550  ANGLE   =      1505.3130  DIHED      =         0.0000
 1-4 NB =         0.0000  1-4 EEL =         0.0000  VDWAALS    =     -5641.4626
 EELEC  =     -2531.5479  EHBOND  =         0.0000  RESTRAINT  =         0.0000
 AM1ESCF=        20.6161
 Ewald error estimate:   0.5084E-03
 ------------------------------------------------------------------------------

                  X        Y        Z     TOTAL  
  QM DIPOLE (Debye)    0.846    1.313   -0.056    1.563
QMMM: SCF Converged to 0.1000E-09 in:    18 Cycles 
QMMM:
QMMM: SCF Energy =       20.85120025 KCal/mol,        87.24142184 KJ/mol
QMMM: SCF Energy = Heat of formation

 NSTEP =        9   TIME(PS) =       0.005  TEMP(K) =   297.92  PRESS =     0.0
 Etot   =     -1802.0138  EKtot   =      3901.1296  EPtot      =     -5703.1433
 BOND   =       945.7263  ANGLE   =      1503.2881  DIHED      =         0.0000
 1-4 NB =         0.0000  1-4 EEL =         0.0000  VDWAALS    =     -5642.2551
 EELEC  =     -2530.7539  EHBOND  =         0.0000  RESTRAINT  =         0.0000
 AM1ESCF=        20.8512
 Ewald error estimate:   0.5161E-03
 ------------------------------------------------------------------------------

                  X        Y        Z     TOTAL  
  QM DIPOLE (Debye)    0.860    1.314   -0.039    1.571
QMMM: SCF Converged to 0.1000E-09 in:    18 Cycles 
QMMM:
QMMM: SCF Energy =       21.36650409 KCal/mol,        89.39745313 KJ/mol
QMMM: SCF Energy = Heat of formation

 NSTEP =       10   TIME(PS) =       0.005  TEMP(K) =   294.83  PRESS =     0.0
 Etot   =     -1801.1711  EKtot   =      3860.6380  EPtot      =     -5661.8090
 BOND   =       989.9435  ANGLE   =      1499.4942  DIHED      =         0.0000
 1-4 NB =         0.0000  1-4 EEL =         0.0000  VDWAALS    =     -5643.0995
 EELEC  =     -2529.5137  EHBOND  =         0.0000  RESTRAINT  =         0.0000
 AM1ESCF=        21.3665
 Ewald error estimate:   0.5240E-03
 ------------------------------------------------------------------------------

                  X        Y        Z     TOTAL  
  QM DIPOLE (Debye)    0.878    1.276   -0.112    1.553

      A V E R A G E S   O V E R      10 S T E P S


 NSTEP =       10   TIME(PS) =       0.005  TEMP(K) =   293.93  PRESS =     0.0
 Etot   =     -1800.4035  EKtot   =      3848.9471  EPtot      =     -5649.3507
 BOND   =      1006.4008  ANGLE   =      1491.8540  DIHED      =         0.0000
 1-4 NB =         0.0000  1-4 EEL =         0.0000  VDWAALS    =     -5640.2711
 EELEC  =     -2529.3685  EHBOND  =         0.0000  RESTRAINT  =         0.0000
 AM1ESCF=        22.0341
 Ewald error estimate:   0.5392E-03
 ------------------------------------------------------------------------------


      R M S  F L U C T U A T I O N S


 NSTEP =       10   TIME(PS) =       0.005  TEMP(K) =     3.88  PRESS =     0.0
 Etot   =         1.5343  EKtot   =        50.7977  EPtot      =        52.2852
 BOND   =        59.7962  ANGLE   =        15.0510  DIHED      =         0.0000
 1-4 NB =         0.0000  1-4 EEL =         0.0000  VDWAALS    =         1.4613
 EELEC  =         2.4494  EHBOND  =         0.0000  RESTRAINT  =         0.0000
 AM1ESCF=         1.2627
|E(PBS) =         0.0951
 Ewald error estimate:   0.2240E-04
 ------------------------------------------------------------------------------


--------------------------------------------------------------------------------
   5.  TIMINGS
--------------------------------------------------------------------------------

|    Read coords time           0.01 ( 2.20% of Total)
|    Fast Water setup           0.00 ( 0.01% of Total)
|                Build the list             0.02 (67.25% of List )
|                Other                      0.01 (32.75% of List )
|             List time                  0.03 (13.42% of Nonbo)
|                   Short_ene time             0.09 (98.13% of Direc)
|                   Other                      0.00 ( 1.87% of Direc)
|                Direct Ewald time          0.09 (54.31% of Ewald)
|                Adjust Ewald time          0.00 ( 2.28% of Ewald)
|                Self Ewald time            0.00 ( 0.01% of Ewald)
|                   Fill Bspline coeffs        0.00 ( 2.98% of Recip)
|                   Fill charge grid           0.01 ( 9.02% of Recip)
|                   Scalar sum                 0.02 (22.96% of Recip)
|                   Grad sum                   0.01 (15.12% of Recip)
|                   FFT time                   0.04 (49.60% of Recip)
|                   Other                      0.00 ( 0.33% of Recip)
|                Recip Ewald time           0.07 (43.24% of Ewald)
|                Force Adjust               0.00 ( 0.03% of Ewald)
|                Virial junk                0.00 ( 0.11% of Ewald)
|                Other                      0.00 ( 0.01% of Ewald)
|             Ewald time                 0.17 (86.58% of Nonbo)
|          Nonbond force              0.19 (83.13% of Force)
|             QMMM setup                 0.00 ( 1.45% of QMMM )
|             QMMM list build            0.00 ( 1.48% of QMMM )
|             QMMM prep coords           0.00 ( 4.60% of QMMM )
|             QMMM RIJ Eqns Calc         0.00 ( 3.42% of QMMM )
|                   QMMM hcore QM-QM           0.00 (79.75% of QMMM )
|                   QMMM hcore QM-MM           0.00 (20.19% of QMMM )
|                   Other                      0.00 ( 0.06% of QMMM )
|                QMMM hcore calc            0.00 (12.71% of QMMM )
|                   QMMM fock build            0.01 (34.91% of QMMM )
|                   QMMM elec-energy cal       0.00 ( 0.73% of QMMM )
|                   QMMM full matrix dia       0.01 (24.01% of QMMM )
|                   QMMM pseudo matrix d       0.01 (33.88% of QMMM )
|                   QMMM density build         0.00 ( 5.62% of QMMM )
|                   Other                      0.00 ( 0.85% of QMMM )
|                QMMM scf                   0.02 (87.25% of QMMM )
|                Other                      0.00 ( 0.04% of QMMM )
|             QMMM energy                0.03 (72.16% of QMMM )
|             QMMM QM-QM force           0.00 ( 9.19% of QMMM )
|             QMMM QM-MM force           0.00 ( 6.76% of QMMM )
|             QMMM Collate Forces        0.00 ( 0.13% of QMMM )
|             Other                      0.00 ( 0.82% of QMMM )
|          QMMM                       0.03 (15.15% of Force)
|          Bond/Angle/Dihedral        0.00 ( 1.68% of Force)
|          Other                      0.00 ( 0.04% of Force)
|       Force time                 0.23 (97.48% of Runmd)
|       Verlet update time         0.01 ( 2.33% of Runmd)
|       Other                      0.00 ( 0.19% of Runmd)
|    Runmd Time                 0.24 (79.02% of Total)
|    Other                      0.06 (18.77% of Total)
| Total time                 0.30 (100.0% of ALL  )

| Number of list builds   :          1

| Highest rstack allocated:     366766
| Highest istack allocated:       4394

| Final Performance Info:
| -----------------------------------------------------
| Average timings for all steps:
|     Elapsed(s) =       0.24 Per Step(ms) =      23.66
|         ns/day =       1.83   seconds/ns =   47324.18
| -----------------------------------------------------

|           Job began  at 12:08:29.664  on 02/12/2020
|           Setup done at 12:08:29.727  on 02/12/2020
|           Run   done at 12:08:29.963  on 02/12/2020
|     wallclock() was called    3020 times
ASSERTion 'ier == 0' failed in src/sqm/qmmm_module.F90 at line    892.
