
          -------------------------------------------------------
          Amber 18 SANDER                              2018
          -------------------------------------------------------

| Run on 02/12/2020 at 12:08:29

|   Executable path: sander
| Working directory: /home/dustin/Documents/TestRuns/qm_mm_prop/benzene_nh2/qmground/traj_2/restart_0
|          Hostname: Unknown
  [-O]verwriting output

File Assignments:
|  MDIN: nasqm_qmground_t2_r0.in                                               
| MDOUT: nasqm_qmground_t2_r0.out                                              
|INPCRD: snap_for_qmground_t2_r0.rst                                           
|  PARM: m1.prmtop                                                             
|RESTRT: snap_for_qmground_t2_r1.rst                                           
|  REFC: refc                                                                  
| MDVEL: mdvel                                                                 
| MDFRC: mdfrc                                                                 
|  MDEN: mden                                                                  
| MDCRD: nasqm_qmground_t2_r0.nc                                               
|MDINFO: mdinfo                                                                
|  MTMD: mtmd                                                                  
|INPDIP: inpdip                                                                
|RSTDIP: rstdip                                                                
|INPTRA: inptraj                                                               


 Here is the input file:

300K constant temp QMMMMD                                                      
 &cntrl                                                                        
  imin=0,                                                                      
  iwrap=1,                                                                     
  irest=0,                                                                     
  ntx=5,                                                                       
  ntb=1, ! 1-Constant Volume, 2-Pressure                                       
  ntp=0,                                                                       
  ig=-1,                                                                       
  taup=2.0,                                                                    
  cut=8.0,                                                                     
  ntr=0,                                                                       
  tempi=300.0,                                                                 
  temp0=300.0,                                                                 
  ntt=0, ! 0-Constant-Energy, 1-Weak-Coupling, 2-Anderson, 3-Langevin          
  gamma_ln=0, ! must be 0 if ntt < 3                                           
  nstlim=10,                                                                   
  dt=0.0005,                                                                   
  ntpr=1,                                                                      
  ntwx=2,                                                                      
  ntwv=-1,                                                                     
  ifqnt=1                                                                      
 /                                                                             
 &qmmm                                                                         
  scfconv=1.0000E-10,                                                          
  verbosity=1,                                                                 
  qmmask=':1',                                                                 
  diag_routine=1,                                                              
  qmcharge=0,                                                                  
  qm_theory='AM1',                                                             
  qmshake=0,                                                                   
  printdipole=1,                                                               
  qm_ewald=0,                                                                  
  qm_pme=0,                                                                    
 /                                                                             

--------------------------------------------------------------------------------
   1.  RESOURCE   USE: 
--------------------------------------------------------------------------------

| Flags:                                                                        
 getting new box info from bottom of inpcrd
|  INFO: Old style inpcrd file read

| peek_ewald_inpcrd: Box info found
|Largest sphere to fit in unit cell has radius =    22.679
| New format PARM file being parsed.
| Version =    1.000 Date = 09/26/18 Time = 13:58:55
 NATOM  =    4394 NTYPES =       7 NBONH =     883 MBONA  =    2635
 NTHETH =    2641 MTHETA =    2636 NPHIH =      26 MPHIA  =       9
 NHPARM =       0 NPARM  =       0 NNB   =    9698 NRES   =     877
 NBONA  =    2635 NTHETA =    2636 NPHIA =       9 NUMBND =       6
 NUMANG =       7 NPTRA  =       3 NATYP =       7 NPHB   =       0
 IFBOX  =       1 NMXRS  =      14 IFCAP =       0 NEXTRA =       0
 NCOPY  =       0


|     Memory Use     Allocated
|     Real              373094
|     Hollerith          14061
|     Integer           159675
|     Max Pairs        1464666
|     nblistReal         52728
|     nblist Int        368993
|       Total            11168 kbytes

| Note: 1-4 EEL scale factors are being read from the topology file.

| Note: 1-4 VDW scale factors are being read from the topology file.
| Duplicated    0 dihedrals
| Duplicated    0 dihedrals
LOADING THE QUANTUM ATOMS AS GROUPS
     Mask :1; matches    14 atoms

     BOX TYPE: RECTILINEAR
Note: ig = -1. Setting random seed to   719014 based on wallclock time in microseconds.

--------------------------------------------------------------------------------
   2.  CONTROL  DATA  FOR  THE  RUN
--------------------------------------------------------------------------------

m1                                                                              

General flags:
     imin    =       0, nmropt  =       0

Nature and format of input:
     ntx     =       5, irest   =       0, ntrx    =       1

Nature and format of output:
     ntxo    =       2, ntpr    =       1, ntrx    =       1, ntwr    =      10
     iwrap   =       1, ntwx    =       2, ntwv    =      -1, ntwe    =       0
     ioutfm  =       1, ntwprt  =       0, idecomp =       0, rbornstat=      0

Potential function:
     ntf     =       1, ntb     =       1, igb     =       0, nsnb    =      25
     ipol    =       0, gbsa    =       0, iesp    =       0
     dielc   =   1.00000, cut     =   8.00000, intdiel =   1.00000

Frozen or restrained atoms:
     ibelly  =       0, ntr     =       0

Molecular dynamics:
     nstlim  =        10, nscm    =      1000, nrespa  =         1
     t       =   0.00000, dt      =   0.00050, vlimit  =  20.00000

Initial temperature generation:
     ig      =  719014
     tempi   = 300.00000

Ewald parameters:
     verbose =       0, ew_type =       0, nbflag  =       1, use_pme =       1
     vdwmeth =       1, eedmeth =       1, netfrc  =       1
     Box X =   49.256   Box Y =   50.133   Box Z =   45.358
     Alpha =   90.000   Beta  =   90.000   Gamma =   90.000
     NFFT1 =   50       NFFT2 =   50       NFFT3 =   45
     Cutoff=    8.000   Tol   =0.100E-04
     Ewald Coefficient =  0.34864
     Interpolation order =    4

QMMM options:
             ifqnt = True       nquant =       14
              qmgb =        0  qmcharge =        0   adjust_q =        2
              spin =        1     qmcut =   8.0000    qmshake =        0
          qmmm_int =        1
     lnk_atomic_no =        1   lnk_dis =   1.0900 lnk_method =        1
          qm_theory =     AM1 verbosity =        1
            qmqmdx = Analytical
      tight_p_conv = False (converge density to 0.05xSqrt[SCFCRT])
           scfconv = 0.100E-09  itrmax =     1000
      printcharges = False      printdipole = QM         peptide_corr = False
    qmmmrij_incore = True 
  qmqm_erep_incore = True 
       pseudo_diag = True pseudo_diag_criteria =   0.0500
      diag_routine =        1
          qm_ewald =        0 qm_pme = False 

--------------------------------------------------------------------------------
   3.  ATOMIC COORDINATES AND VELOCITIES
--------------------------------------------------------------------------------

Cpptraj Generated Restart                                                       
 begin time read from input coords =     0.000 ps

 Number of triangulated 3-point waters found:        0
 identifying link atoms
 identified link atoms

     Sum of charges from parm topology file =   0.00000100
     Forcing neutrality...
QMMM: ADJUSTING CHARGES
QMMM: ----------------------------------------------------------------------
QMMM: adjust_q = 2
QMMM: Uniformly adjusting the charge of MM atoms to conserve total charge.
QMMM:                             qm_charge =    0
QMMM: QM atom RESP charge sum (inc MM link) =    0.000
QMMM: Adjusting each MM atom resp charge by =    0.000
QMMM:          Sum of MM + QM region is now =    0.000
QMMM: ----------------------------------------------------------------------
|  # of SOLUTE  degrees of freedom (RNDFP):   13182.
|  # of SOLVENT degrees of freedom (RNDFS):       0.
|  QMSHAKE_NOSHAKEMASK_OVERLAP =      0
|  NDFMIN =   13179.     NUM_NOSHAKE =      0     CORRECTED RNDFP =   13179.
|  TOTAL # of degrees of freedom (RNDF) =   13179.
 ---------------------------------------------------
 APPROXIMATING switch and d/dx switch using CUBIC SPLINE INTERPOLATION
 using   5000.0 points per unit in tabled values
 TESTING RELATIVE ERROR over r ranging from 0.0 to cutoff
| CHECK switch(x): max rel err =   0.2738E-14   at   2.422500
| CHECK d/dx switch(x): max rel err =   0.8332E-11   at   2.782960
 ---------------------------------------------------
| Local SIZE OF NONBOND LIST =     349600
| TOTAL SIZE OF NONBOND LIST =     349600

QMMM: Link Atom Information
QMMM: ------------------------------------------------------------------------
QMMM: nlink =     0
QMMM: ------------------------------------------------------------------------

  QMMM: QM Region Cartesian Coordinates (*=link atom) 
  QMMM: QM_NO.   MM_NO.  ATOM         X         Y         Z
  QMMM:     1        1      C       -0.3910   -0.4936   -1.5988
  QMMM:     2        2      C        0.8023   -1.0268   -0.9610
  QMMM:     3        3      C        1.2007   -0.5401    0.2776
  QMMM:     4        4      C        0.4097    0.4523    0.8907
  QMMM:     5        5      C       -0.6906    0.9547    0.3052
  QMMM:     6        6      C       -1.1678    0.5231   -0.9325
  QMMM:     7        7      H       -0.8618   -0.9977   -2.4301
  QMMM:     8        8      H        1.3612   -1.8077   -1.4630
  QMMM:     9        9      H        2.0868   -0.8911    0.8035
  QMMM:    10       10      H       -1.2916    1.6938    0.8678
  QMMM:    11       11      H       -2.0868    0.9112   -1.3892
  QMMM:    12       12      N        0.7076    0.8122    2.2049
  QMMM:    13       13      H        1.4882    0.2208    2.4301
  QMMM:    14       14      H        0.9168    1.8077    2.2822

--------------------------------------------------------------------------------
  3.1 QM CALCULATION INFO
--------------------------------------------------------------------------------

| QMMM: Citation for AMBER QMMM Run:
| QMMM: R.C. Walker, M.F. Crowley and D.A. Case, J. COMP. CHEM. 29:1019, 2008

QMMM: SINGLET STATE CALCULATION
QMMM: RHF CALCULATION, NO. OF DOUBLY OCCUPIED LEVELS = 18

| QMMM: *** Selected Hamiltonian *** 
| QMMM: AM1         

| QMMM: *** Parameter sets in use ***
| QMMM: C : M.J.S.DEWAR et al. JACS, 107, 3902, (1985)
| QMMM: H : M.J.S.DEWAR et al. JACS, 107, 3902, (1985)
| QMMM: N : M.J.S.DEWAR et al. JACS, 107, 3902, (1985)

| QMMM: *** Diagonalization Routine Information ***
| QMMM: Pseudo diagonalizations are allowed.
| QMMM: Auto diagonalization routine selection is disabled.
| QMMM: Using internal diagonalization routine (diag_routine=1).

| QMMM: Estimated QM Dynamic Memory Usage (per thread)
| QMMM: ---------------------------------------------------
| QMMM:              QM Atom Type Info :          800 bytes
| QMMM:         QM RESP Charge Storage :          112 bytes
| QMMM:            QM Atom Number List :           56 bytes
| QMMM:                Link Atom Pairs :            0 bytes
| QMMM:          QM Atomic Number List :           56 bytes
| QMMM:                QM-MM Pair List :        17524 bytes
| QMMM:                   QM Atom Mask :         8788 bytes
| QMMM:           QM Coordinate Arrays :       140944 bytes
| QMMM:         Scaled MM Charge Array :        35152 bytes
| QMMM:    SCF Mulliken Charge Storage :          112 bytes
| QMMM:                QM Force Arrays :       105792 bytes
| QMMM:                 Density Matrix :         5040 bytes
| QMMM:          Density Matrix Copies :         5320 bytes
| QMMM: Fock2 Density Matrix Workspace :         1792 bytes
| QMMM:                    Fock Matrix :         5040 bytes
| QMMM:           Eigen Vector Storage :         9800 bytes
| QMMM: QM-QM Elec Repulsion Integrals :        16016 bytes
| QMMM:  QM 2-Elec Repulsion Integrals :        20888 bytes
| QMMM:              1-Electron Matrix :         5040 bytes
| QMMM:       _REAL_ parameter storage :        38584 bytes
| QMMM:      integer parameter storage :          448 bytes
| QMMM:         QM-MM RIJ Eqns storage :       200640 bytes
| QMMM:          _REAL_ Scratch arrays :       164472 bytes
| QMMM:         Integer Scratch arrays :        55176 bytes
| QMMM: ---------------------------------------------------
| QMMM:        Total Dynamic Memory Usage:      0.799 Mb

--------------------------------------------------------------------------------
   4.  RESULTS
--------------------------------------------------------------------------------

QMMM: SCF Converged to 0.1000E-09 in:    23 Cycles 
QMMM:
QMMM: SCF Energy =       24.82808708 KCal/mol,       103.88071635 KJ/mol
QMMM: SCF Energy = Heat of formation

 NSTEP =        0   TIME(PS) =       0.000  TEMP(K) =   288.20  PRESS =     0.0
 Etot   =     -1838.8075  EKtot   =      3773.9030  EPtot      =     -5612.7105
 BOND   =      1003.8383  ANGLE   =      1509.2798  DIHED      =         0.0000
 1-4 NB =         0.0000  1-4 EEL =         0.0000  VDWAALS    =     -5643.5125
 EELEC  =     -2507.1441  EHBOND  =         0.0000  RESTRAINT  =         0.0000
 AM1ESCF=        24.8281
 Ewald error estimate:   0.4965E-03
 ------------------------------------------------------------------------------

QMMM: SCF Converged to 0.1000E-09 in:     3 Cycles 
QMMM:
QMMM: SCF Energy =       24.82808708 KCal/mol,       103.88071635 KJ/mol
QMMM: SCF Energy = Heat of formation

 NSTEP =        1   TIME(PS) =       0.001  TEMP(K) =   288.20  PRESS =     0.0
 Etot   =     -1838.8075  EKtot   =      3773.9030  EPtot      =     -5612.7105
 BOND   =      1003.8383  ANGLE   =      1509.2798  DIHED      =         0.0000
 1-4 NB =         0.0000  1-4 EEL =         0.0000  VDWAALS    =     -5643.5125
 EELEC  =     -2507.1441  EHBOND  =         0.0000  RESTRAINT  =         0.0000
 AM1ESCF=        24.8281
 Ewald error estimate:   0.4965E-03
 ------------------------------------------------------------------------------

                  X        Y        Z     TOTAL  
  QM DIPOLE (Debye)    1.512    0.293   -0.218    1.555
QMMM: SCF Converged to 0.1000E-09 in:    17 Cycles 
QMMM:
QMMM: SCF Energy =       25.57513243 KCal/mol,       107.00635410 KJ/mol
QMMM: SCF Energy = Heat of formation

 NSTEP =        2   TIME(PS) =       0.001  TEMP(K) =   290.53  PRESS =     0.0
 Etot   =     -1839.4638  EKtot   =      3804.3459  EPtot      =     -5643.8097
 BOND   =       966.9879  ANGLE   =      1513.3925  DIHED      =         0.0000
 1-4 NB =         0.0000  1-4 EEL =         0.0000  VDWAALS    =     -5644.0935
 EELEC  =     -2505.6718  EHBOND  =         0.0000  RESTRAINT  =         0.0000
 AM1ESCF=        25.5751
 Ewald error estimate:   0.4772E-03
 ------------------------------------------------------------------------------

                  X        Y        Z     TOTAL  
  QM DIPOLE (Debye)    1.509    0.316   -0.181    1.552
QMMM: SCF Converged to 0.1000E-09 in:    18 Cycles 
QMMM:
QMMM: SCF Energy =       26.39926169 KCal/mol,       110.45451091 KJ/mol
QMMM: SCF Energy = Heat of formation

 NSTEP =        3   TIME(PS) =       0.002  TEMP(K) =   293.84  PRESS =     0.0
 Etot   =     -1840.1914  EKtot   =      3847.7775  EPtot      =     -5687.9689
 BOND   =       918.2818  ANGLE   =      1516.4897  DIHED      =         0.0000
 1-4 NB =         0.0000  1-4 EEL =         0.0000  VDWAALS    =     -5644.5340
 EELEC  =     -2504.6057  EHBOND  =         0.0000  RESTRAINT  =         0.0000
 AM1ESCF=        26.3993
 Ewald error estimate:   0.4973E-03
 ------------------------------------------------------------------------------

                  X        Y        Z     TOTAL  
  QM DIPOLE (Debye)    1.453    0.330   -0.195    1.503
QMMM: SCF Converged to 0.1000E-09 in:    16 Cycles 
QMMM:
QMMM: SCF Energy =       26.77530100 KCal/mol,       112.02785940 KJ/mol
QMMM: SCF Energy = Heat of formation

 NSTEP =        4   TIME(PS) =       0.002  TEMP(K) =   297.04  PRESS =     0.0
 Etot   =     -1841.1292  EKtot   =      3889.6398  EPtot      =     -5730.7691
 BOND   =       872.8705  ANGLE   =      1518.3027  DIHED      =         0.0000
 1-4 NB =         0.0000  1-4 EEL =         0.0000  VDWAALS    =     -5644.6553
 EELEC  =     -2504.0623  EHBOND  =         0.0000  RESTRAINT  =         0.0000
 AM1ESCF=        26.7753
 Ewald error estimate:   0.5161E-03
 ------------------------------------------------------------------------------

                  X        Y        Z     TOTAL  
  QM DIPOLE (Debye)    1.459    0.349   -0.159    1.508
QMMM: SCF Converged to 0.1000E-09 in:    17 Cycles 
QMMM:
QMMM: SCF Energy =       26.94072708 KCal/mol,       112.72000210 KJ/mol
QMMM: SCF Energy = Heat of formation

 NSTEP =        5   TIME(PS) =       0.003  TEMP(K) =   299.07  PRESS =     0.0
 Etot   =     -1841.6681  EKtot   =      3916.1406  EPtot      =     -5757.8087
 BOND   =       845.0526  ANGLE   =      1518.6097  DIHED      =         0.0000
 1-4 NB =         0.0000  1-4 EEL =         0.0000  VDWAALS    =     -5644.2968
 EELEC  =     -2504.1150  EHBOND  =         0.0000  RESTRAINT  =         0.0000
 AM1ESCF=        26.9407
 Ewald error estimate:   0.5056E-03
 ------------------------------------------------------------------------------

                  X        Y        Z     TOTAL  
  QM DIPOLE (Debye)    1.469    0.365   -0.123    1.518
QMMM: SCF Converged to 0.1000E-09 in:    18 Cycles 
QMMM:
QMMM: SCF Energy =       26.93589551 KCal/mol,       112.69978680 KJ/mol
QMMM: SCF Energy = Heat of formation

 NSTEP =        6   TIME(PS) =       0.003  TEMP(K) =   299.24  PRESS =     0.0
 Etot   =     -1841.6721  EKtot   =      3918.4383  EPtot      =     -5760.1104
 BOND   =       843.9849  ANGLE   =      1517.2691  DIHED      =         0.0000
 1-4 NB =         0.0000  1-4 EEL =         0.0000  VDWAALS    =     -5643.5164
 EELEC  =     -2504.7839  EHBOND  =         0.0000  RESTRAINT  =         0.0000
 AM1ESCF=        26.9359
 Ewald error estimate:   0.4826E-03
 ------------------------------------------------------------------------------

                  X        Y        Z     TOTAL  
  QM DIPOLE (Debye)    1.406    0.379   -0.199    1.470
QMMM: SCF Converged to 0.1000E-09 in:    18 Cycles 
QMMM:
QMMM: SCF Energy =       26.72172879 KCal/mol,       111.80371324 KJ/mol
QMMM: SCF Energy = Heat of formation

 NSTEP =        7   TIME(PS) =       0.004  TEMP(K) =   297.48  PRESS =     0.0
 Etot   =     -1841.2396  EKtot   =      3895.3381  EPtot      =     -5736.5778
 BOND   =       870.9300  ANGLE   =      1514.2397  DIHED      =         0.0000
 1-4 NB =         0.0000  1-4 EEL =         0.0000  VDWAALS    =     -5642.4341
 EELEC  =     -2506.0351  EHBOND  =         0.0000  RESTRAINT  =         0.0000
 AM1ESCF=        26.7217
 Ewald error estimate:   0.4984E-03
 ------------------------------------------------------------------------------

                  X        Y        Z     TOTAL  
  QM DIPOLE (Debye)    1.422    0.394   -0.166    1.485
QMMM: SCF Converged to 0.1000E-09 in:    16 Cycles 
QMMM:
QMMM: SCF Energy =       26.34413335 KCal/mol,       110.22385394 KJ/mol
QMMM: SCF Energy = Heat of formation

 NSTEP =        8   TIME(PS) =       0.004  TEMP(K) =   294.30  PRESS =     0.0
 Etot   =     -1840.4320  EKtot   =      3853.6773  EPtot      =     -5694.1093
 BOND   =       918.8618  ANGLE   =      1509.5870  DIHED      =         0.0000
 1-4 NB =         0.0000  1-4 EEL =         0.0000  VDWAALS    =     -5641.0968
 EELEC  =     -2507.8054  EHBOND  =         0.0000  RESTRAINT  =         0.0000
 AM1ESCF=        26.3441
 Ewald error estimate:   0.4903E-03
 ------------------------------------------------------------------------------

                  X        Y        Z     TOTAL  
  QM DIPOLE (Debye)    1.439    0.411   -0.136    1.503
QMMM: SCF Converged to 0.1000E-09 in:    18 Cycles 
QMMM:
QMMM: SCF Energy =       25.82042228 KCal/mol,       108.03264682 KJ/mol
QMMM: SCF Energy = Heat of formation

 NSTEP =        9   TIME(PS) =       0.005  TEMP(K) =   290.68  PRESS =     0.0
 Etot   =     -1839.4556  EKtot   =      3806.2822  EPtot      =     -5645.7377
 BOND   =       974.5445  ANGLE   =      1503.4721  DIHED      =         0.0000
 1-4 NB =         0.0000  1-4 EEL =         0.0000  VDWAALS    =     -5639.5972
 EELEC  =     -2509.9775  EHBOND  =         0.0000  RESTRAINT  =         0.0000
 AM1ESCF=        25.8204
 Ewald error estimate:   0.4804E-03
 ------------------------------------------------------------------------------

                  X        Y        Z     TOTAL  
  QM DIPOLE (Debye)    1.457    0.430   -0.108    1.523
QMMM: SCF Converged to 0.1000E-09 in:    16 Cycles 
QMMM:
QMMM: SCF Energy =       25.16973625 KCal/mol,       105.31017646 KJ/mol
QMMM: SCF Energy = Heat of formation

 NSTEP =       10   TIME(PS) =       0.005  TEMP(K) =   287.76  PRESS =     0.0
 Etot   =     -1838.5869  EKtot   =      3768.1208  EPtot      =     -5606.7077
 BOND   =      1022.4608  ANGLE   =      1496.1296  DIHED      =         0.0000
 1-4 NB =         0.0000  1-4 EEL =         0.0000  VDWAALS    =     -5638.0653
 EELEC  =     -2512.4025  EHBOND  =         0.0000  RESTRAINT  =         0.0000
 AM1ESCF=        25.1697
 Ewald error estimate:   0.4886E-03
 ------------------------------------------------------------------------------

                  X        Y        Z     TOTAL  
  QM DIPOLE (Debye)    1.474    0.451   -0.084    1.544

      A V E R A G E S   O V E R      10 S T E P S


 NSTEP =       10   TIME(PS) =       0.005  TEMP(K) =   293.81  PRESS =     0.0
 Etot   =     -1840.2646  EKtot   =      3847.3663  EPtot      =     -5687.6310
 BOND   =       923.7813  ANGLE   =      1511.6772  DIHED      =         0.0000
 1-4 NB =         0.0000  1-4 EEL =         0.0000  VDWAALS    =     -5642.5802
 EELEC  =     -2506.6603  EHBOND  =         0.0000  RESTRAINT  =         0.0000
 AM1ESCF=        26.1510
 Ewald error estimate:   0.4933E-03
 ------------------------------------------------------------------------------


      R M S  F L U C T U A T I O N S


 NSTEP =       10   TIME(PS) =       0.005  TEMP(K) =     4.12  PRESS =     0.0
 Etot   =         1.0916  EKtot   =        53.9674  EPtot      =        55.0581
 BOND   =        62.1255  ANGLE   =         6.8925  DIHED      =         0.0000
 1-4 NB =         0.0000  1-4 EEL =         0.0000  VDWAALS    =         2.1589
 EELEC  =         2.6050  EHBOND  =         0.0000  RESTRAINT  =         0.0000
 AM1ESCF=         0.7217
|E(PBS) =         0.1066
 Ewald error estimate:   0.1137E-04
 ------------------------------------------------------------------------------


--------------------------------------------------------------------------------
   5.  TIMINGS
--------------------------------------------------------------------------------

|    Read coords time           0.01 ( 3.75% of Total)
|    Fast Water setup           0.00 ( 0.01% of Total)
|                Build the list             0.02 (57.25% of List )
|                Other                      0.01 (42.75% of List )
|             List time                  0.03 (15.01% of Nonbo)
|                   Short_ene time             0.09 (97.96% of Direc)
|                   Other                      0.00 ( 2.04% of Direc)
|                Direct Ewald time          0.09 (53.86% of Ewald)
|                Adjust Ewald time          0.00 ( 2.21% of Ewald)
|                Self Ewald time            0.00 ( 0.02% of Ewald)
|                   Fill Bspline coeffs        0.00 ( 2.85% of Recip)
|                   Fill charge grid           0.01 ( 8.46% of Recip)
|                   Scalar sum                 0.02 (22.73% of Recip)
|                   Grad sum                   0.01 (16.75% of Recip)
|                   FFT time                   0.04 (48.89% of Recip)
|                   Other                      0.00 ( 0.33% of Recip)
|                Recip Ewald time           0.07 (43.77% of Ewald)
|                Force Adjust               0.00 ( 0.03% of Ewald)
|                Virial junk                0.00 ( 0.10% of Ewald)
|                Other                      0.00 ( 0.01% of Ewald)
|             Ewald time                 0.17 (84.99% of Nonbo)
|          Nonbond force              0.20 (84.38% of Force)
|             QMMM setup                 0.00 ( 1.57% of QMMM )
|             QMMM list build            0.00 ( 1.58% of QMMM )
|             QMMM prep coords           0.00 ( 5.17% of QMMM )
|             QMMM RIJ Eqns Calc         0.00 ( 3.46% of QMMM )
|                   QMMM hcore QM-QM           0.00 (80.79% of QMMM )
|                   QMMM hcore QM-MM           0.00 (19.12% of QMMM )
|                   Other                      0.00 ( 0.09% of QMMM )
|                QMMM hcore calc            0.00 (13.46% of QMMM )
|                   QMMM fock build            0.01 (34.56% of QMMM )
|                   QMMM elec-energy cal       0.00 ( 0.71% of QMMM )
|                   QMMM full matrix dia       0.01 (25.06% of QMMM )
|                   QMMM pseudo matrix d       0.01 (33.48% of QMMM )
|                   QMMM density build         0.00 ( 5.58% of QMMM )
|                   Other                      0.00 ( 0.61% of QMMM )
|                QMMM scf                   0.02 (86.49% of QMMM )
|                Other                      0.00 ( 0.05% of QMMM )
|             QMMM energy                0.02 (71.00% of QMMM )
|             QMMM QM-QM force           0.00 ( 9.58% of QMMM )
|             QMMM QM-MM force           0.00 ( 6.81% of QMMM )
|             QMMM Collate Forces        0.00 ( 0.09% of QMMM )
|             Other                      0.00 ( 0.75% of QMMM )
|          QMMM                       0.03 (13.96% of Force)
|          Bond/Angle/Dihedral        0.00 ( 1.63% of Force)
|          Other                      0.00 ( 0.03% of Force)
|       Force time                 0.24 (97.56% of Runmd)
|       Verlet update time         0.01 ( 2.25% of Runmd)
|       Other                      0.00 ( 0.19% of Runmd)
|    Runmd Time                 0.24 (77.92% of Total)
|    Other                      0.06 (18.32% of Total)
| Total time                 0.31 (100.0% of ALL  )

| Number of list builds   :          1

| Highest rstack allocated:     366766
| Highest istack allocated:       4394

| Final Performance Info:
| -----------------------------------------------------
| Average timings for all steps:
|     Elapsed(s) =       0.24 Per Step(ms) =      24.35
|         ns/day =       1.77   seconds/ns =   48690.41
| -----------------------------------------------------

|           Job began  at 12:08:29.664  on 02/12/2020
|           Setup done at 12:08:29.733  on 02/12/2020
|           Run   done at 12:08:29.976  on 02/12/2020
|     wallclock() was called    2876 times
ASSERTion 'ier == 0' failed in src/sqm/qmmm_module.F90 at line    892.
