
          -------------------------------------------------------
          Amber 18 SANDER                              2018
          -------------------------------------------------------

| Run on 02/14/2020 at 14:48:39

|   Executable path: sander
| Working directory: /home/dustin/Documents/TestRuns/qm_mm_prop/benzene_nh2/abs/traj_4/7
|          Hostname: Unknown
  [-O]verwriting output

File Assignments:
|  MDIN: nasqm_abs_t4_7.in                                                     
| MDOUT: nasqm_abs_t4_7.out                                                    
|INPCRD: snap_7_for_absorption_t4.rst                                          
|  PARM: m1.prmtop                                                             
|RESTRT: snap_7_for_absorption_t4_back.rst                                     
|  REFC: refc                                                                  
| MDVEL: mdvel                                                                 
| MDFRC: mdfrc                                                                 
|  MDEN: mden                                                                  
| MDCRD: nasqm_abs_t4_7.nc                                                     
|MDINFO: mdinfo                                                                
|  MTMD: mtmd                                                                  
|INPDIP: inpdip                                                                
|RSTDIP: rstdip                                                                
|INPTRA: inptraj                                                               


 Here is the input file:

300K constant temp QMMMMD                                                      
 &cntrl                                                                        
  imin=0,                                                                      
  irest=0,                                                                     
  ntx=5,                                                                       
  ntb=1,                                                                       
  ntp=0,                                                                       
  ig=-1,                                                                       
  taup=2.0,                                                                    
  cut=16.0,                                                                    
  ntr=0,                                                                       
  tempi=300.0,                                                                 
  temp0=300.0,                                                                 
  ntt=3,                                                                       
  gamma_ln=2.0,                                                                
  nstlim=0,                                                                    
  dt=0.0005,                                                                   
  ntpr=1,                                                                      
  ntwx=0,                                                                      
  ntwv=0,                                                                      
  ifqnt=1                                                                      
 /                                                                             
 &qmmm                                                                         
  scfconv=1.0000E-8,                                                           
  verbosity=1,                                                                 
  qmmask=':1',                                                                 
  diag_routine=1,                                                              
  qmcharge=0,                                                                  
  qm_theory='AM1',                                                             
  qmshake=0,                                                                   
  qm_ewald=0,                                                                  
  qm_pme=0,                                                                    
  nae=1                                                                        
 /                                                                             

--------------------------------------------------------------------------------
   1.  RESOURCE   USE: 
--------------------------------------------------------------------------------

| Flags:                                                                        
 getting new box info from bottom of inpcrd
|  INFO: Old style inpcrd file read

| peek_ewald_inpcrd: Box info found
|Largest sphere to fit in unit cell has radius =    22.679
| New format PARM file being parsed.
| Version =    1.000 Date = 09/26/18 Time = 13:58:55
 NATOM  =    4394 NTYPES =       7 NBONH =     883 MBONA  =    2635
 NTHETH =    2641 MTHETA =    2636 NPHIH =      26 MPHIA  =       9
 NHPARM =       0 NPARM  =       0 NNB   =    9698 NRES   =     877
 NBONA  =    2635 NTHETA =    2636 NPHIA =       9 NUMBND =       6
 NUMANG =       7 NPTRA  =       3 NATYP =       7 NPHB   =       0
 IFBOX  =       1 NMXRS  =      14 IFCAP =       0 NEXTRA =       0
 NCOPY  =       0


|     Memory Use     Allocated
|     Real              369502
|     Hollerith          14061
|     Integer           159675
|     Max Pairs        8541936
|     nblistReal         52728
|     nblist Int        151766
|       Total            37937 kbytes

| Note: 1-4 EEL scale factors are being read from the topology file.

| Note: 1-4 VDW scale factors are being read from the topology file.
| Duplicated    0 dihedrals
| Duplicated    0 dihedrals
LOADING THE QUANTUM ATOMS AS GROUPS
     Mask :1; matches    14 atoms

     BOX TYPE: RECTILINEAR
Note: ig = -1. Setting random seed to   440140 based on wallclock time in microseconds.

--------------------------------------------------------------------------------
   2.  CONTROL  DATA  FOR  THE  RUN
--------------------------------------------------------------------------------

m1                                                                              

General flags:
     imin    =       0, nmropt  =       0

Nature and format of input:
     ntx     =       5, irest   =       0, ntrx    =       1

Nature and format of output:
     ntxo    =       2, ntpr    =       1, ntrx    =       1, ntwr    =       1
     iwrap   =       0, ntwx    =       0, ntwv    =       0, ntwe    =       0
     ioutfm  =       1, ntwprt  =       0, idecomp =       0, rbornstat=      0

Potential function:
     ntf     =       1, ntb     =       1, igb     =       0, nsnb    =      25
     ipol    =       0, gbsa    =       0, iesp    =       0
     dielc   =   1.00000, cut     =  16.00000, intdiel =   1.00000

Frozen or restrained atoms:
     ibelly  =       0, ntr     =       0

Molecular dynamics:
     nstlim  =         0, nscm    =      1000, nrespa  =         1
     t       =   0.00000, dt      =   0.00050, vlimit  =  20.00000

Langevin dynamics temperature regulation:
     ig      =  440140
     temp0   = 300.00000, tempi   = 300.00000, gamma_ln=   2.00000

Ewald parameters:
     verbose =       0, ew_type =       0, nbflag  =       1, use_pme =       1
     vdwmeth =       1, eedmeth =       1, netfrc  =       1
     Box X =   49.256   Box Y =   50.133   Box Z =   45.358
     Alpha =   90.000   Beta  =   90.000   Gamma =   90.000
     NFFT1 =   50       NFFT2 =   50       NFFT3 =   45
     Cutoff=   16.000   Tol   =0.100E-04
     Ewald Coefficient =  0.16683
     Interpolation order =    4

QMMM options:
             ifqnt = True       nquant =       14
              qmgb =        0  qmcharge =        0   adjust_q =        2
              spin =        1     qmcut =  16.0000    qmshake =        0
          qmmm_int =        1
     lnk_atomic_no =        1   lnk_dis =   1.0900 lnk_method =        1
          qm_theory =     AM1 verbosity =        1
            qmqmdx = Analytical
      tight_p_conv = False (converge density to 0.05xSqrt[SCFCRT])
           scfconv = 0.100E-07  itrmax =     1000
      printcharges = False      printdipole = False      peptide_corr = False
    qmmmrij_incore = True 
  qmqm_erep_incore = True 
       pseudo_diag = True pseudo_diag_criteria =   0.0500
      diag_routine =        1
          qm_ewald =        0 qm_pme = False 

--------------------------------------------------------------------------------
   3.  ATOMIC COORDINATES AND VELOCITIES
--------------------------------------------------------------------------------

Cpptraj Generated Restart                                                       
 begin time read from input coords =     0.000 ps

 Number of triangulated 3-point waters found:        0
 identifying link atoms
 identified link atoms

     Sum of charges from parm topology file =   0.00000100
     Forcing neutrality...
QMMM: ADJUSTING CHARGES
QMMM: ----------------------------------------------------------------------
QMMM: adjust_q = 2
QMMM: Uniformly adjusting the charge of MM atoms to conserve total charge.
QMMM:                             qm_charge =    0
QMMM: QM atom RESP charge sum (inc MM link) =    0.000
QMMM: Adjusting each MM atom resp charge by =    0.000
QMMM:          Sum of MM + QM region is now =    0.000
QMMM: ----------------------------------------------------------------------
|  # of SOLUTE  degrees of freedom (RNDFP):   13182.
|  # of SOLVENT degrees of freedom (RNDFS):       0.
|  QMSHAKE_NOSHAKEMASK_OVERLAP =      0
|  NDFMIN =   13182.     NUM_NOSHAKE =      0     CORRECTED RNDFP =   13182.
|  TOTAL # of degrees of freedom (RNDF) =   13182.
 ---------------------------------------------------
 APPROXIMATING switch and d/dx switch using CUBIC SPLINE INTERPOLATION
 using   5000.0 points per unit in tabled values
 TESTING RELATIVE ERROR over r ranging from 0.0 to cutoff
| CHECK switch(x): max rel err =   0.2738E-14   at   2.422500
| CHECK d/dx switch(x): max rel err =   0.7766E-11   at   2.666360
 ---------------------------------------------------
| Local SIZE OF NONBOND LIST =    2093374
| TOTAL SIZE OF NONBOND LIST =    2093374

QMMM: Link Atom Information
QMMM: ------------------------------------------------------------------------
QMMM: nlink =     0
QMMM: ------------------------------------------------------------------------

  QMMM: QM Region Cartesian Coordinates (*=link atom) 
  QMMM: QM_NO.   MM_NO.  ATOM         X         Y         Z
  QMMM:     1        1      C       -0.2752   -0.7719   -1.5237
  QMMM:     2        2      C        0.8083   -1.1953   -0.7380
  QMMM:     3        3      C        1.0692   -0.7595    0.5142
  QMMM:     4        4      C        0.2801    0.3196    0.9824
  QMMM:     5        5      C       -0.7716    0.8443    0.1519
  QMMM:     6        6      C       -1.0116    0.3270   -1.1024
  QMMM:     7        7      H       -0.4196   -1.1142   -2.5825
  QMMM:     8        8      H        1.5340   -1.9515   -1.1825
  QMMM:     9        9      H        1.8709   -1.1751    1.1851
  QMMM:    10       10      H       -1.3525    1.7906    0.5109
  QMMM:    11       11      H       -1.8709    0.7208   -1.6104
  QMMM:    12       12      N        0.5963    0.9535    2.2148
  QMMM:    13       13      H        1.5212    0.8369    2.5825
  QMMM:    14       14      H        0.3881    1.9515    2.1432

--------------------------------------------------------------------------------
  3.1 QM CALCULATION INFO
--------------------------------------------------------------------------------
 rnd_seed=           1
 !!!!!!-----NAESMD INPUT-----!!!!!!

 Ground state MD,      imdtype=           0
 Initial count for out files              0
 MD at constant energy
 Starting time, fs           0.0000000000000000     
 Time step, fs                        0.50000000000000000     
 Number of classical steps (CS)        20000
 Quantum steps/per CS                    0
 Displacement for deriv. [A]      1.0000000000000001E-005
 Newtonian dynamics,           therm_type=           0
 Temperature, K                  10.000000000000000     
 Bath relaxation constant       0.40000000000000002     
 Equilibrated dynamics
 Number of steps per degree K           100
 Number of steps to write data           10
 Number of steps to write coords           1
 Friction coefficient [1/ps]      2.0000000000000000     
 Seed for random generator               1
 NAESMD verbosity,            1
 MD will use analytic deriv,  ideriv=           1
 Cartesian coordinates are used
 Allocating initial naesmd_module variables
 Allocating md_module initial variables
 Allocating variables
 Allocating naesmd_module variables          14           5
 Allocating md_module variables          14
  Finish reading coordinates 

 Initial Geometry
    6        -0.275174   -0.771927   -1.523712
    6         0.808333   -1.195259   -0.738028
    6         1.069209   -0.759455    0.514202
    6         0.280110    0.319649    0.982405
    6        -0.771602    0.844328    0.151941
    6        -1.011586    0.327040   -1.102352
    1        -0.419623   -1.114223   -2.582500
    1         1.534038   -1.951468   -1.182466
    1         1.870856   -1.175076    1.185097
    1        -1.352510    1.790619    0.510923
    1        -1.870856    0.720760   -1.610371
    7         0.596333    0.953524    2.214838
    1         1.521211    0.836851    2.582500
    1         0.388123    1.951468    2.143213
 nstep successful

| QMMM: Citation for AMBER QMMM Run:
| QMMM: R.C. Walker, M.F. Crowley and D.A. Case, J. COMP. CHEM. 29:1019, 2008

QMMM: SINGLET STATE CALCULATION
QMMM: RHF CALCULATION, NO. OF DOUBLY OCCUPIED LEVELS = 18

| QMMM: *** Selected Hamiltonian *** 
| QMMM: AM1         

| QMMM: *** Parameter sets in use ***
| QMMM: C : M.J.S.DEWAR et al. JACS, 107, 3902, (1985)
| QMMM: H : M.J.S.DEWAR et al. JACS, 107, 3902, (1985)
| QMMM: N : M.J.S.DEWAR et al. JACS, 107, 3902, (1985)

| QMMM: *** Diagonalization Routine Information ***
| QMMM: Pseudo diagonalizations are allowed.
| QMMM: Auto diagonalization routine selection is disabled.
| QMMM: Using internal diagonalization routine (diag_routine=1).

  QMMM: QM Region Cartesian Coordinates (*=link atom) 
  QMMM: QM_NO.   MM_NO.  ATOM         X         Y         Z
  QMMM:     1        1      C       -0.2752   -0.7719   -1.5237
  QMMM:     2        2      C        0.8083   -1.1953   -0.7380
  QMMM:     3        3      C        1.0692   -0.7595    0.5142
  QMMM:     4        4      C        0.2801    0.3196    0.9824
  QMMM:     5        5      C       -0.7716    0.8443    0.1519
  QMMM:     6        6      C       -1.0116    0.3270   -1.1024
  QMMM:     7        7      H       -0.4196   -1.1142   -2.5825
  QMMM:     8        8      H        1.5340   -1.9515   -1.1825
  QMMM:     9        9      H        1.8709   -1.1751    1.1851
  QMMM:    10       10      H       -1.3525    1.7906    0.5109
  QMMM:    11       11      H       -1.8709    0.7208   -1.6104
  QMMM:    12       12      N        0.5963    0.9535    2.2148
  QMMM:    13       13      H        1.5212    0.8369    2.5825
  QMMM:    14       14      H        0.3881    1.9515    2.1432

--------------------------------------------------------------------------------
  RESULTS
--------------------------------------------------------------------------------

QMMM: SCF Converged to 0.1000E-07 in:    17 Cycles 
           9           1   2.1211060251963287E-015
           8           2   1.6492341346763251E-015
           8           2   2.4611660365964072E-015
           9           2   1.1480616804449006E-015
          12           1   2.2083029849184754E-015
          10           1   2.2590504228543751E-015
 @@@@ Davidson subroutine Found vectors           6
  i, e0(i), ferr(i), ftol0
  1 +++    3.573668959310400     0.71E-05 0.10E-04
  2 +++    3.638491949959685     0.85E-06 0.10E-04
  3 +++    4.886316447335300     0.14E-05 0.10E-04
  4 +++    5.136207570502323     0.83E-06 0.10E-04
  5 +++    5.272320486328158     0.17E-05 0.10E-04
  6 +++    5.659834880861998     0.40E-05 0.10E-04
 -------------------------------------------------

 Frequencies (eV) and Oscillator strengths (unitless)
        Omega            fx              fy              fz          ftotal
   1     3.57366895931040        0.463899463932905E-02    0.575515401594433E-02    0.282287902106751E-03    0.106764365573801E-01
   2     3.63849194995969        0.970969279502656E-02    0.131050631993406E-01    0.672738388608606E-01    0.900885948552277E-01
   3     4.88631644733530        0.357997648876505E-02    0.430476048409649E-02    0.174143236274907E-01    0.252990606003522E-01
   4     5.13620757050232        0.110034707274256        0.141254192429817        0.363092031392636E-02    0.254919820018000    
   5     5.27232048632816        0.381635093554920E-01    0.135223612649327E-01    0.252688120970760        0.304373991591185    
   6     5.65983488086200        0.375550006569520E-02    0.180464473311525E-02    0.102749826756031E-03    0.566289462556648E-02

 Frequencies (eV) and Transition Dipole Moments (AU)
        Omega            fx              fy              fz          ftotal
   1     3.57366895931040        0.230184363099208       -0.256384849345457       -0.567819124215432E-01    0.121942217567529    
   2     3.63849194995969       -0.330037339818438       -0.383424529244862       -0.868727237900627         1.01062602917153    
   3     4.88631644733530        0.172929997409919       -0.189628995253949       -0.381402515711769        0.211331818836483    
   4     5.13620757050232        0.935114099551923        -1.05949871021140       -0.169866648420378         2.02583057436600    
   5     5.27232048632816       -0.543555999263354       -0.323553728464684        -1.39866128749351         2.35639353667157    
   6     5.65983488086200       -0.164570901698954        0.114081446949209        0.272213532169115E-01    0.408391602949920E-01

 Total energy of the ground state (eV,AU)
           0  -1071.4443634131253       -39.374839700916390     
 Total energies of excited states (eV,AU)
           1  -1067.8706944538148       -39.243509837022437     
           2  -1067.8058714631657       -39.241127636926095     
           3  -1066.5580469657900       -39.195270949227883     
           4  -1066.3081558426229       -39.186087623193067     
           5  -1066.1720429267971       -39.181085567626887     
           6  -1065.7845285322633       -39.166844681503818     
 Ground State Molecular Dipole Moment (A.U.)
                         dx              dy              dz          ftotal
                     0.5462071      0.6239659      0.3031132E-01  0.8298159    
          35          18       93925832610400
          35          18       93925832610400
          35          18       93925832610400
          35          18       93925832610400
          35          18       93925832610400
          35          18       93925832610400

 Frequencies (eV) Unrelaxed Difference Dipole Moments (AU)
        Omega            dx              dy              dz          ftotal
   1   3.573669     -0.3575975E-03  0.2218130      0.4558695      0.5069696    
   2   3.638492      0.1042478      0.2163859      0.3940488      0.4614812    
   3   4.886316     -0.3807752     -0.2862386     -0.1760354      0.5078492    
   4   5.136208      0.1274408      0.5415380E-01  0.1286921      0.1890382    
   5   5.272320      0.2844915E-01  0.3648028E-01  0.3441579      0.3472532    
   6   5.659835      0.7888549E-01  0.5173127E-01 -0.1311460      0.1615498    
QMMM:
QMMM: SCF Energy =       18.68967059 KCal/mol,        78.19758173 KJ/mol
QMMM: SCF Energy = Heat of formation

QMMM: Mulliken Charges of state:    0
QMMM: Atomic Charges for Step       1 :
QMMM:  Atom    Element       Mulliken Charge
QMMM:     1      C              -0.215580
QMMM:     2      C              -0.139161
QMMM:     3      C              -0.160313
QMMM:     4      C               0.025391
QMMM:     5      C              -0.189279
QMMM:     6      C              -0.109044
QMMM:     7      H               0.149340
QMMM:     8      H               0.131277
QMMM:     9      H               0.170470
QMMM:    10      H               0.159913
QMMM:    11      H               0.152143
QMMM:    12      N              -0.364932
QMMM:    13      H               0.202285
QMMM:    14      H               0.187491
QMMM: Total Mulliken Charge =   -0.000000

 LPRINT:           1           0

 NSTEP =        0   TIME(PS) =       0.000  TEMP(K) =   283.24  PRESS =     0.0
 Etot   =     -1722.0515  EKtot   =      3709.7261  EPtot      =     -5431.7776
 BOND   =      1120.4421  ANGLE   =      1491.6513  DIHED      =         0.0000
 1-4 NB =         0.0000  1-4 EEL =         0.0000  VDWAALS    =     -5570.4770
 EELEC  =     -2492.0836  EHBOND  =         0.0000  RESTRAINT  =         0.0000
 AM1ESCF=        18.6897
 Ewald error estimate:   0.6946E-03
 ------------------------------------------------------------------------------


--------------------------------------------------------------------------------
   5.  TIMINGS
--------------------------------------------------------------------------------

|    Read coords time           0.01 ( 2.90% of Total)
|    Fast Water setup           0.00 ( 0.01% of Total)
|                Build the list             0.06 (88.00% of List )
|                Other                      0.01 (12.00% of List )
|             List time                  0.07 (52.07% of Nonbo)
|                   Short_ene time             0.05 (99.65% of Direc)
|                   Other                      0.00 ( 0.35% of Direc)
|                Direct Ewald time          0.05 (84.74% of Ewald)
|                Adjust Ewald time          0.00 ( 0.52% of Ewald)
|                Self Ewald time            0.00 ( 0.02% of Ewald)
|                   Fill Bspline coeffs        0.00 ( 4.97% of Recip)
|                   Fill charge grid           0.00 ( 9.41% of Recip)
|                   Scalar sum                 0.00 (15.93% of Recip)
|                   Grad sum                   0.00 (10.67% of Recip)
|                   FFT time                   0.01 (58.74% of Recip)
|                   Other                      0.00 ( 0.28% of Recip)
|                Recip Ewald time           0.01 (14.65% of Ewald)
|                Virial junk                0.00 ( 0.05% of Ewald)
|             Ewald time                 0.06 (47.93% of Nonbo)
|          Nonbond force              0.13 (68.88% of Force)
|             QMMM setup                 0.00 ( 0.07% of QMMM )
|             QMMM list build            0.00 ( 0.35% of QMMM )
|             QMMM prep coords           0.00 ( 0.36% of QMMM )
|                   QMMM hcore QM-QM           0.00 (40.76% of QMMM )
|                   QMMM hcore QM-MM           0.00 (59.24% of QMMM )
|                QMMM hcore calc            0.00 (22.40% of QMMM )
|                   QMMM fock build            0.00 (39.19% of QMMM )
|                   QMMM elec-energy cal       0.00 ( 0.68% of QMMM )
|                   QMMM full matrix dia       0.00 (34.10% of QMMM )
|                   QMMM pseudo matrix d       0.00 (20.22% of QMMM )
|                   QMMM density build         0.00 ( 5.04% of QMMM )
|                   Other                      0.00 ( 0.77% of QMMM )
|                QMMM scf                   0.00 (77.60% of QMMM )
|             QMMM energy                0.00 ( 4.72% of QMMM )
|             QMMM Collate Forces        0.00 ( 0.02% of QMMM )
|             Other                      0.05 (94.48% of QMMM )
|          QMMM                       0.06 (30.91% of Force)
|          Bond/Angle/Dihedral        0.00 ( 0.18% of Force)
|          Other                      0.00 ( 0.02% of Force)
|       Force time                 0.18 (99.41% of Runmd)
|       Other                      0.00 ( 0.59% of Runmd)
|    Runmd Time                 0.19 (81.47% of Total)
|    Other                      0.04 (15.63% of Total)
| Total time                 0.23 (100.0% of ALL  )

| Number of list builds   :          1

| Highest rstack allocated:     366766
| Highest istack allocated:       4394
|           Job began  at 14:48:39.405  on 02/14/2020
|           Setup done at 14:48:39.448  on 02/14/2020
|           Run   done at 14:48:39.633  on 02/14/2020
|     wallclock() was called     271 times
ASSERTion 'ier == 0' failed in src/sqm/qmmm_module.F90 at line    892.
