
          -------------------------------------------------------
          Amber 18 SANDER                              2018
          -------------------------------------------------------

| Run on 02/14/2020 at 15:04:51

|   Executable path: sander
| Working directory: /home/dustin/Documents/TestRuns/qm_mm_prop/benzene_nh2/abs/traj_3/4
|          Hostname: Unknown
  [-O]verwriting output

File Assignments:
|  MDIN: nasqm_abs_t3_4.in                                                     
| MDOUT: nasqm_abs_t3_4.out                                                    
|INPCRD: snap_4_for_absorption_t3.rst                                          
|  PARM: m1.prmtop                                                             
|RESTRT: snap_4_for_absorption_t3_back.rst                                     
|  REFC: refc                                                                  
| MDVEL: mdvel                                                                 
| MDFRC: mdfrc                                                                 
|  MDEN: mden                                                                  
| MDCRD: nasqm_abs_t3_4.nc                                                     
|MDINFO: mdinfo                                                                
|  MTMD: mtmd                                                                  
|INPDIP: inpdip                                                                
|RSTDIP: rstdip                                                                
|INPTRA: inptraj                                                               


 Here is the input file:

300K constant temp QMMMMD                                                      
 &cntrl                                                                        
  imin=0,                                                                      
  irest=0,                                                                     
  ntx=5,                                                                       
  ntb=1,                                                                       
  ntp=0,                                                                       
  ig=-1,                                                                       
  taup=2.0,                                                                    
  cut=16.0,                                                                    
  ntr=0,                                                                       
  tempi=300.0,                                                                 
  temp0=300.0,                                                                 
  ntt=3,                                                                       
  gamma_ln=2.0,                                                                
  nstlim=0,                                                                    
  dt=0.0005,                                                                   
  ntpr=1,                                                                      
  ntwx=0,                                                                      
  ntwv=0,                                                                      
  ifqnt=1,                                                                     
 /                                                                             
 &qmmm                                                                         
  scfconv=1.0000E-8,                                                           
  verbosity=1,                                                                 
  qmmask=':1',                                                                 
  diag_routine=1,                                                              
  qmcharge=0,                                                                  
  qm_theory='AM1',                                                             
  qmshake=0,                                                                   
  qm_ewald=0,                                                                  
  qm_pme=0,                                                                    
  nae=1                                                                        
 /                                                                             

--------------------------------------------------------------------------------
   1.  RESOURCE   USE: 
--------------------------------------------------------------------------------

| Flags:                                                                        
 getting new box info from bottom of inpcrd
|  INFO: Old style inpcrd file read

| peek_ewald_inpcrd: Box info found
|Largest sphere to fit in unit cell has radius =    22.679
| New format PARM file being parsed.
| Version =    1.000 Date = 09/26/18 Time = 13:58:55
 NATOM  =    4394 NTYPES =       7 NBONH =     883 MBONA  =    2635
 NTHETH =    2641 MTHETA =    2636 NPHIH =      26 MPHIA  =       9
 NHPARM =       0 NPARM  =       0 NNB   =    9698 NRES   =     877
 NBONA  =    2635 NTHETA =    2636 NPHIA =       9 NUMBND =       6
 NUMANG =       7 NPTRA  =       3 NATYP =       7 NPHB   =       0
 IFBOX  =       1 NMXRS  =      14 IFCAP =       0 NEXTRA =       0
 NCOPY  =       0


|     Memory Use     Allocated
|     Real              369502
|     Hollerith          14061
|     Integer           159675
|     Max Pairs        8541936
|     nblistReal         52728
|     nblist Int        151766
|       Total            37937 kbytes

| Note: 1-4 EEL scale factors are being read from the topology file.

| Note: 1-4 VDW scale factors are being read from the topology file.
| Duplicated    0 dihedrals
| Duplicated    0 dihedrals
LOADING THE QUANTUM ATOMS AS GROUPS
     Mask :1; matches    14 atoms

     BOX TYPE: RECTILINEAR
Note: ig = -1. Setting random seed to   650628 based on wallclock time in microseconds.

--------------------------------------------------------------------------------
   2.  CONTROL  DATA  FOR  THE  RUN
--------------------------------------------------------------------------------

m1                                                                              

General flags:
     imin    =       0, nmropt  =       0

Nature and format of input:
     ntx     =       5, irest   =       0, ntrx    =       1

Nature and format of output:
     ntxo    =       2, ntpr    =       1, ntrx    =       1, ntwr    =       1
     iwrap   =       0, ntwx    =       0, ntwv    =       0, ntwe    =       0
     ioutfm  =       1, ntwprt  =       0, idecomp =       0, rbornstat=      0

Potential function:
     ntf     =       1, ntb     =       1, igb     =       0, nsnb    =      25
     ipol    =       0, gbsa    =       0, iesp    =       0
     dielc   =   1.00000, cut     =  16.00000, intdiel =   1.00000

Frozen or restrained atoms:
     ibelly  =       0, ntr     =       0

Molecular dynamics:
     nstlim  =         0, nscm    =      1000, nrespa  =         1
     t       =   0.00000, dt      =   0.00050, vlimit  =  20.00000

Langevin dynamics temperature regulation:
     ig      =  650628
     temp0   = 300.00000, tempi   = 300.00000, gamma_ln=   2.00000

Ewald parameters:
     verbose =       0, ew_type =       0, nbflag  =       1, use_pme =       1
     vdwmeth =       1, eedmeth =       1, netfrc  =       1
     Box X =   49.256   Box Y =   50.133   Box Z =   45.358
     Alpha =   90.000   Beta  =   90.000   Gamma =   90.000
     NFFT1 =   50       NFFT2 =   50       NFFT3 =   45
     Cutoff=   16.000   Tol   =0.100E-04
     Ewald Coefficient =  0.16683
     Interpolation order =    4

QMMM options:
             ifqnt = True       nquant =       14
              qmgb =        0  qmcharge =        0   adjust_q =        2
              spin =        1     qmcut =  16.0000    qmshake =        0
          qmmm_int =        1
     lnk_atomic_no =        1   lnk_dis =   1.0900 lnk_method =        1
          qm_theory =     AM1 verbosity =        1
            qmqmdx = Analytical
      tight_p_conv = False (converge density to 0.05xSqrt[SCFCRT])
           scfconv = 0.100E-07  itrmax =     1000
      printcharges = False      printdipole = False      peptide_corr = False
    qmmmrij_incore = True 
  qmqm_erep_incore = True 
       pseudo_diag = True pseudo_diag_criteria =   0.0500
      diag_routine =        1
          qm_ewald =        0 qm_pme = False 

--------------------------------------------------------------------------------
   3.  ATOMIC COORDINATES AND VELOCITIES
--------------------------------------------------------------------------------

Cpptraj Generated Restart                                                       
 begin time read from input coords =     0.000 ps

 Number of triangulated 3-point waters found:        0
 identifying link atoms
 identified link atoms

     Sum of charges from parm topology file =   0.00000100
     Forcing neutrality...
QMMM: ADJUSTING CHARGES
QMMM: ----------------------------------------------------------------------
QMMM: adjust_q = 2
QMMM: Uniformly adjusting the charge of MM atoms to conserve total charge.
QMMM:                             qm_charge =    0
QMMM: QM atom RESP charge sum (inc MM link) =    0.000
QMMM: Adjusting each MM atom resp charge by =    0.000
QMMM:          Sum of MM + QM region is now =    0.000
QMMM: ----------------------------------------------------------------------
|  # of SOLUTE  degrees of freedom (RNDFP):   13182.
|  # of SOLVENT degrees of freedom (RNDFS):       0.
|  QMSHAKE_NOSHAKEMASK_OVERLAP =      0
|  NDFMIN =   13182.     NUM_NOSHAKE =      0     CORRECTED RNDFP =   13182.
|  TOTAL # of degrees of freedom (RNDF) =   13182.
 ---------------------------------------------------
 APPROXIMATING switch and d/dx switch using CUBIC SPLINE INTERPOLATION
 using   5000.0 points per unit in tabled values
 TESTING RELATIVE ERROR over r ranging from 0.0 to cutoff
| CHECK switch(x): max rel err =   0.2738E-14   at   2.422500
| CHECK d/dx switch(x): max rel err =   0.7766E-11   at   2.666360
 ---------------------------------------------------
| Local SIZE OF NONBOND LIST =    2094148
| TOTAL SIZE OF NONBOND LIST =    2094148

QMMM: Link Atom Information
QMMM: ------------------------------------------------------------------------
QMMM: nlink =     0
QMMM: ------------------------------------------------------------------------

  QMMM: QM Region Cartesian Coordinates (*=link atom) 
  QMMM: QM_NO.   MM_NO.  ATOM         X         Y         Z
  QMMM:     1        1      C       -0.2935   -0.5656   -1.6482
  QMMM:     2        2      C        0.6943   -1.1138   -0.7954
  QMMM:     3        3      C        0.9689   -0.6502    0.4454
  QMMM:     4        4      C        0.1422    0.4452    0.8551
  QMMM:     5        5      C       -0.8523    0.9872    0.0671
  QMMM:     6        6      C       -1.0863    0.5332   -1.1912
  QMMM:     7        7      H       -0.7151   -1.1618   -2.5202
  QMMM:     8        8      H        1.2016   -2.0060   -1.1750
  QMMM:     9        9      H        1.6999   -1.0657    1.1240
  QMMM:    10       10      H       -1.4055    1.8866    0.3094
  QMMM:    11       11      H       -1.6999    1.0355   -1.9434
  QMMM:    12       12      N        0.2417    1.0484    2.1530
  QMMM:    13       13      H        1.1510    0.8281    2.5202
  QMMM:    14       14      H        0.0021    2.0060    2.2766

--------------------------------------------------------------------------------
  3.1 QM CALCULATION INFO
--------------------------------------------------------------------------------
 rnd_seed=           1
 !!!!!!-----NAESMD INPUT-----!!!!!!

 Ground state MD,      imdtype=           0
 Initial count for out files              0
 MD at constant energy
 Starting time, fs           0.0000000000000000     
 Time step, fs                        0.50000000000000000     
 Number of classical steps (CS)        20000
 Quantum steps/per CS                    0
 Displacement for deriv. [A]      1.0000000000000001E-005
 Newtonian dynamics,           therm_type=           0
 Temperature, K                  10.000000000000000     
 Bath relaxation constant       0.40000000000000002     
 Equilibrated dynamics
 Number of steps per degree K           100
 Number of steps to write data           10
 Number of steps to write coords           1
 Friction coefficient [1/ps]      2.0000000000000000     
 Seed for random generator               1
 NAESMD verbosity,            1
 MD will use analytic deriv,  ideriv=           1
 Cartesian coordinates are used
 Allocating initial naesmd_module variables
 Allocating md_module initial variables
 Allocating variables
 Allocating naesmd_module variables          14           5
 Allocating md_module variables          14
  Finish reading coordinates 

 Initial Geometry
    6        -0.293451   -0.565624   -1.648201
    6         0.694275   -1.113789   -0.795389
    6         0.968925   -0.650211    0.445375
    6         0.142242    0.445229    0.855120
    6        -0.852325    0.987204    0.067106
    6        -1.086296    0.533201   -1.191244
    1        -0.715071   -1.161783   -2.520231
    1         1.201630   -2.006010   -1.174974
    1         1.699949   -1.065727    1.123953
    1        -1.405527    1.886566    0.309406
    1        -1.699949    1.035507   -1.943422
    7         0.241714    1.048449    2.153030
    1         1.151003    0.828077    2.520231
    1         0.002134    2.006010    2.276644
 nstep successful

| QMMM: Citation for AMBER QMMM Run:
| QMMM: R.C. Walker, M.F. Crowley and D.A. Case, J. COMP. CHEM. 29:1019, 2008

QMMM: SINGLET STATE CALCULATION
QMMM: RHF CALCULATION, NO. OF DOUBLY OCCUPIED LEVELS = 18

| QMMM: *** Selected Hamiltonian *** 
| QMMM: AM1         

| QMMM: *** Parameter sets in use ***
| QMMM: C : M.J.S.DEWAR et al. JACS, 107, 3902, (1985)
| QMMM: H : M.J.S.DEWAR et al. JACS, 107, 3902, (1985)
| QMMM: N : M.J.S.DEWAR et al. JACS, 107, 3902, (1985)

| QMMM: *** Diagonalization Routine Information ***
| QMMM: Pseudo diagonalizations are allowed.
| QMMM: Auto diagonalization routine selection is disabled.
| QMMM: Using internal diagonalization routine (diag_routine=1).

  QMMM: QM Region Cartesian Coordinates (*=link atom) 
  QMMM: QM_NO.   MM_NO.  ATOM         X         Y         Z
  QMMM:     1        1      C       -0.2935   -0.5656   -1.6482
  QMMM:     2        2      C        0.6943   -1.1138   -0.7954
  QMMM:     3        3      C        0.9689   -0.6502    0.4454
  QMMM:     4        4      C        0.1422    0.4452    0.8551
  QMMM:     5        5      C       -0.8523    0.9872    0.0671
  QMMM:     6        6      C       -1.0863    0.5332   -1.1912
  QMMM:     7        7      H       -0.7151   -1.1618   -2.5202
  QMMM:     8        8      H        1.2016   -2.0060   -1.1750
  QMMM:     9        9      H        1.6999   -1.0657    1.1240
  QMMM:    10       10      H       -1.4055    1.8866    0.3094
  QMMM:    11       11      H       -1.6999    1.0355   -1.9434
  QMMM:    12       12      N        0.2417    1.0484    2.1530
  QMMM:    13       13      H        1.1510    0.8281    2.5202
  QMMM:    14       14      H        0.0021    2.0060    2.2766

--------------------------------------------------------------------------------
  RESULTS
--------------------------------------------------------------------------------

QMMM: SCF Converged to 0.1000E-07 in:    19 Cycles 
           8           1   1.6577722267846484E-015
          10           1   1.0351691292348475E-015
           7           1   2.3885058563150388E-015
           8           1   1.5686779132606521E-015
          10           4   1.6491799245677008E-015
 @@@@ Davidson subroutine Found vectors           6
  i, e0(i), ferr(i), ftol0
  1 +++    3.549414868981324     0.21E-05 0.10E-04
  2 +++    3.635250129073663     0.46E-06 0.10E-04
  3 +++    4.865811456326327     0.22E-05 0.10E-04
  4 +++    5.169673545723252     0.24E-05 0.10E-04
  5 +++    5.320937709131846     0.47E-05 0.10E-04
  6 +++    5.564495845874871     0.83E-05 0.10E-04
 -------------------------------------------------

 Frequencies (eV) and Oscillator strengths (unitless)
        Omega            fx              fy              fz          ftotal
   1     3.54941486898132        0.706162170683744E-02    0.129852605333985E-01    0.572344815251327E-02    0.257703303927492E-01
   2     3.63525012907366        0.433537760348111E-03    0.990965672308838E-02    0.720350297966864E-01    0.823782242801229E-01
   3     4.86581145632633        0.630623682465632E-03    0.200251438022699E-02    0.323481231477447E-02    0.586795037746709E-02
   4     5.16967354572325        0.150942175132261        0.693182876675345E-01    0.376611639808889E-01    0.257921626780685    
   5     5.32093770913185        0.128935679096454E-02    0.620145968397125E-01    0.241465671991242        0.304769625621919    
   6     5.56449584587487        0.346737793045261E-03    0.271357607859790E-02    0.690128861311094E-02    0.996160248475410E-02

 Frequencies (eV) and Transition Dipole Moments (AU)
        Omega            fx              fy              fz          ftotal
   1     3.54941486898132        0.284967206143400       -0.386427472227916       -0.256549715124480        0.296350256200083    
   2     3.63525012907366       -0.697697807123426E-01   -0.333567091648925       -0.899343837664243        0.924954165276420    
   3     4.86581145632633       -0.727325044524332E-01    0.129607825961850       -0.164728198144963        0.492235850185667E-01
   4     5.16967354572325         1.09167856947156       -0.739798413838345        0.545301072749543         2.03641705210300    
   5     5.32093770913185        0.994519976433913E-01    0.689721743483360         1.36098912182404         2.33789817299237    
   6     5.56449584587487       -0.504322937902414E-01    0.141084444383585        0.224995186061441        0.730710704547924E-01

 Total energy of the ground state (eV,AU)
           0  -1071.2341538343858       -39.367114644208733     
 Total energies of excited states (eV,AU)
           1  -1067.6847389654044       -39.236676101368310     
           2  -1067.5989037053121       -39.233521714895026     
           3  -1066.3683423780594       -39.188299436765377     
           4  -1066.0644802886625       -39.177132715029984     
           5  -1065.9132161252539       -39.171573861588698     
           6  -1065.6696579885108       -39.162623268427176     
 Ground State Molecular Dipole Moment (A.U.)
                         dx              dy              dz          ftotal
                     0.4715105      0.3876497      0.8644329E-02  0.6104663    
          35          18       93911201116608
          35          18       93911201116608
          35          18       93911201116608
          35          18       93911201116608
          35          18       93911201116608
          35          18       93911201116608

 Frequencies (eV) Unrelaxed Difference Dipole Moments (AU)
        Omega            dx              dy              dz          ftotal
   1   3.549415     -0.1525766E-01  0.2175738      0.3888545      0.4458464    
   2   3.635250      0.1073212      0.6391470E-01  0.3809452      0.4009017    
   3   4.865811     -0.3388843     -0.4660805     -0.2271519      0.6194123    
   4   5.169674     -0.1752656E-01  0.5507607E-01  0.2496094      0.2562136    
   5   5.320938     -0.2450717E-01  0.1633369      0.3947388      0.4278999    
   6   5.564496     -0.3538514E-01 -0.1032477     -0.1784852      0.2092108    
QMMM:
QMMM: SCF Energy =       23.53731368 KCal/mol,        98.48012044 KJ/mol
QMMM: SCF Energy = Heat of formation

QMMM: Mulliken Charges of state:    0
QMMM: Atomic Charges for Step       1 :
QMMM:  Atom    Element       Mulliken Charge
QMMM:     1      C              -0.229446
QMMM:     2      C              -0.119378
QMMM:     3      C              -0.146532
QMMM:     4      C               0.025430
QMMM:     5      C              -0.196518
QMMM:     6      C              -0.128385
QMMM:     7      H               0.163206
QMMM:     8      H               0.139730
QMMM:     9      H               0.167974
QMMM:    10      H               0.148138
QMMM:    11      H               0.160829
QMMM:    12      N              -0.377553
QMMM:    13      H               0.187316
QMMM:    14      H               0.205189
QMMM: Total Mulliken Charge =    0.000000

 LPRINT:           1           0

 NSTEP =        0   TIME(PS) =       0.000  TEMP(K) =   287.37  PRESS =     0.0
 Etot   =     -1704.4081  EKtot   =      3763.8293  EPtot      =     -5468.2374
 BOND   =      1094.6835  ANGLE   =      1481.0648  DIHED      =         0.0000
 1-4 NB =         0.0000  1-4 EEL =         0.0000  VDWAALS    =     -5576.4339
 EELEC  =     -2491.0891  EHBOND  =         0.0000  RESTRAINT  =         0.0000
 AM1ESCF=        23.5373
 Ewald error estimate:   0.7281E-05
 ------------------------------------------------------------------------------


--------------------------------------------------------------------------------
   5.  TIMINGS
--------------------------------------------------------------------------------

|    Read coords time           0.01 ( 2.95% of Total)
|    Fast Water setup           0.00 ( 0.01% of Total)
|                Build the list             0.06 (88.10% of List )
|                Other                      0.01 (11.90% of List )
|             List time                  0.07 (50.88% of Nonbo)
|                   Short_ene time             0.05 (99.67% of Direc)
|                   Other                      0.00 ( 0.33% of Direc)
|                Direct Ewald time          0.05 (85.00% of Ewald)
|                Adjust Ewald time          0.00 ( 0.53% of Ewald)
|                Self Ewald time            0.00 ( 0.02% of Ewald)
|                   Fill Bspline coeffs        0.00 ( 4.89% of Recip)
|                   Fill charge grid           0.00 ( 9.41% of Recip)
|                   Scalar sum                 0.00 (16.11% of Recip)
|                   Grad sum                   0.00 (10.72% of Recip)
|                   FFT time                   0.01 (58.60% of Recip)
|                   Other                      0.00 ( 0.27% of Recip)
|                Recip Ewald time           0.01 (14.38% of Ewald)
|                Virial junk                0.00 ( 0.06% of Ewald)
|             Ewald time                 0.06 (49.12% of Nonbo)
|          Nonbond force              0.13 (70.32% of Force)
|             QMMM setup                 0.00 ( 0.08% of QMMM )
|             QMMM list build            0.00 ( 0.37% of QMMM )
|             QMMM prep coords           0.00 ( 0.38% of QMMM )
|                   QMMM hcore QM-QM           0.00 (40.72% of QMMM )
|                   QMMM hcore QM-MM           0.00 (59.28% of QMMM )
|                QMMM hcore calc            0.00 (21.70% of QMMM )
|                   QMMM fock build            0.00 (40.82% of QMMM )
|                   QMMM elec-energy cal       0.00 ( 0.74% of QMMM )
|                   QMMM full matrix dia       0.00 (26.74% of QMMM )
|                   QMMM pseudo matrix d       0.00 (25.05% of QMMM )
|                   QMMM density build         0.00 ( 5.71% of QMMM )
|                   Other                      0.00 ( 0.93% of QMMM )
|                QMMM scf                   0.00 (78.30% of QMMM )
|             QMMM energy                0.00 ( 5.03% of QMMM )
|             QMMM Collate Forces        0.00 ( 0.03% of QMMM )
|             Other                      0.05 (94.12% of QMMM )
|          QMMM                       0.05 (29.46% of Force)
|          Bond/Angle/Dihedral        0.00 ( 0.20% of Force)
|          Other                      0.00 ( 0.02% of Force)
|       Force time                 0.18 (99.47% of Runmd)
|       Other                      0.00 ( 0.53% of Runmd)
|    Runmd Time                 0.18 (81.93% of Total)
|    Other                      0.03 (15.12% of Total)
| Total time                 0.23 (100.0% of ALL  )

| Number of list builds   :          1

| Highest rstack allocated:     366766
| Highest istack allocated:       4394
|           Job began  at 15:04:51.617  on 02/14/2020
|           Setup done at 15:04:51.658  on 02/14/2020
|           Run   done at 15:04:51.843  on 02/14/2020
|     wallclock() was called     295 times
ASSERTion 'ier == 0' failed in src/sqm/qmmm_module.F90 at line    892.
