
          -------------------------------------------------------
          Amber 18 SANDER                              2018
          -------------------------------------------------------

| Run on 02/14/2020 at 15:04:51

|   Executable path: sander
| Working directory: /home/dustin/Documents/TestRuns/qm_mm_prop/benzene_nh2/abs/traj_3/3
|          Hostname: Unknown
  [-O]verwriting output

File Assignments:
|  MDIN: nasqm_abs_t3_3.in                                                     
| MDOUT: nasqm_abs_t3_3.out                                                    
|INPCRD: snap_3_for_absorption_t3.rst                                          
|  PARM: m1.prmtop                                                             
|RESTRT: snap_3_for_absorption_t3_back.rst                                     
|  REFC: refc                                                                  
| MDVEL: mdvel                                                                 
| MDFRC: mdfrc                                                                 
|  MDEN: mden                                                                  
| MDCRD: nasqm_abs_t3_3.nc                                                     
|MDINFO: mdinfo                                                                
|  MTMD: mtmd                                                                  
|INPDIP: inpdip                                                                
|RSTDIP: rstdip                                                                
|INPTRA: inptraj                                                               


 Here is the input file:

300K constant temp QMMMMD                                                      
 &cntrl                                                                        
  imin=0,                                                                      
  irest=0,                                                                     
  ntx=5,                                                                       
  ntb=1,                                                                       
  ntp=0,                                                                       
  ig=-1,                                                                       
  taup=2.0,                                                                    
  cut=16.0,                                                                    
  ntr=0,                                                                       
  tempi=300.0,                                                                 
  temp0=300.0,                                                                 
  ntt=3,                                                                       
  gamma_ln=2.0,                                                                
  nstlim=0,                                                                    
  dt=0.0005,                                                                   
  ntpr=1,                                                                      
  ntwx=0,                                                                      
  ntwv=0,                                                                      
  ifqnt=1,                                                                     
 /                                                                             
 &qmmm                                                                         
  scfconv=1.0000E-8,                                                           
  verbosity=1,                                                                 
  qmmask=':1',                                                                 
  diag_routine=1,                                                              
  qmcharge=0,                                                                  
  qm_theory='AM1',                                                             
  qmshake=0,                                                                   
  qm_ewald=0,                                                                  
  qm_pme=0,                                                                    
  nae=1                                                                        
 /                                                                             

--------------------------------------------------------------------------------
   1.  RESOURCE   USE: 
--------------------------------------------------------------------------------

| Flags:                                                                        
 getting new box info from bottom of inpcrd
|  INFO: Old style inpcrd file read

| peek_ewald_inpcrd: Box info found
|Largest sphere to fit in unit cell has radius =    22.679
| New format PARM file being parsed.
| Version =    1.000 Date = 09/26/18 Time = 13:58:55
 NATOM  =    4394 NTYPES =       7 NBONH =     883 MBONA  =    2635
 NTHETH =    2641 MTHETA =    2636 NPHIH =      26 MPHIA  =       9
 NHPARM =       0 NPARM  =       0 NNB   =    9698 NRES   =     877
 NBONA  =    2635 NTHETA =    2636 NPHIA =       9 NUMBND =       6
 NUMANG =       7 NPTRA  =       3 NATYP =       7 NPHB   =       0
 IFBOX  =       1 NMXRS  =      14 IFCAP =       0 NEXTRA =       0
 NCOPY  =       0


|     Memory Use     Allocated
|     Real              369502
|     Hollerith          14061
|     Integer           159675
|     Max Pairs        8541936
|     nblistReal         52728
|     nblist Int        151766
|       Total            37937 kbytes

| Note: 1-4 EEL scale factors are being read from the topology file.

| Note: 1-4 VDW scale factors are being read from the topology file.
| Duplicated    0 dihedrals
| Duplicated    0 dihedrals
LOADING THE QUANTUM ATOMS AS GROUPS
     Mask :1; matches    14 atoms

     BOX TYPE: RECTILINEAR
Note: ig = -1. Setting random seed to   411421 based on wallclock time in microseconds.

--------------------------------------------------------------------------------
   2.  CONTROL  DATA  FOR  THE  RUN
--------------------------------------------------------------------------------

m1                                                                              

General flags:
     imin    =       0, nmropt  =       0

Nature and format of input:
     ntx     =       5, irest   =       0, ntrx    =       1

Nature and format of output:
     ntxo    =       2, ntpr    =       1, ntrx    =       1, ntwr    =       1
     iwrap   =       0, ntwx    =       0, ntwv    =       0, ntwe    =       0
     ioutfm  =       1, ntwprt  =       0, idecomp =       0, rbornstat=      0

Potential function:
     ntf     =       1, ntb     =       1, igb     =       0, nsnb    =      25
     ipol    =       0, gbsa    =       0, iesp    =       0
     dielc   =   1.00000, cut     =  16.00000, intdiel =   1.00000

Frozen or restrained atoms:
     ibelly  =       0, ntr     =       0

Molecular dynamics:
     nstlim  =         0, nscm    =      1000, nrespa  =         1
     t       =   0.00000, dt      =   0.00050, vlimit  =  20.00000

Langevin dynamics temperature regulation:
     ig      =  411421
     temp0   = 300.00000, tempi   = 300.00000, gamma_ln=   2.00000

Ewald parameters:
     verbose =       0, ew_type =       0, nbflag  =       1, use_pme =       1
     vdwmeth =       1, eedmeth =       1, netfrc  =       1
     Box X =   49.256   Box Y =   50.133   Box Z =   45.358
     Alpha =   90.000   Beta  =   90.000   Gamma =   90.000
     NFFT1 =   50       NFFT2 =   50       NFFT3 =   45
     Cutoff=   16.000   Tol   =0.100E-04
     Ewald Coefficient =  0.16683
     Interpolation order =    4

QMMM options:
             ifqnt = True       nquant =       14
              qmgb =        0  qmcharge =        0   adjust_q =        2
              spin =        1     qmcut =  16.0000    qmshake =        0
          qmmm_int =        1
     lnk_atomic_no =        1   lnk_dis =   1.0900 lnk_method =        1
          qm_theory =     AM1 verbosity =        1
            qmqmdx = Analytical
      tight_p_conv = False (converge density to 0.05xSqrt[SCFCRT])
           scfconv = 0.100E-07  itrmax =     1000
      printcharges = False      printdipole = False      peptide_corr = False
    qmmmrij_incore = True 
  qmqm_erep_incore = True 
       pseudo_diag = True pseudo_diag_criteria =   0.0500
      diag_routine =        1
          qm_ewald =        0 qm_pme = False 

--------------------------------------------------------------------------------
   3.  ATOMIC COORDINATES AND VELOCITIES
--------------------------------------------------------------------------------

Cpptraj Generated Restart                                                       
 begin time read from input coords =     0.000 ps

 Number of triangulated 3-point waters found:        0
 identifying link atoms
 identified link atoms

     Sum of charges from parm topology file =   0.00000100
     Forcing neutrality...
QMMM: ADJUSTING CHARGES
QMMM: ----------------------------------------------------------------------
QMMM: adjust_q = 2
QMMM: Uniformly adjusting the charge of MM atoms to conserve total charge.
QMMM:                             qm_charge =    0
QMMM: QM atom RESP charge sum (inc MM link) =    0.000
QMMM: Adjusting each MM atom resp charge by =    0.000
QMMM:          Sum of MM + QM region is now =    0.000
QMMM: ----------------------------------------------------------------------
|  # of SOLUTE  degrees of freedom (RNDFP):   13182.
|  # of SOLVENT degrees of freedom (RNDFS):       0.
|  QMSHAKE_NOSHAKEMASK_OVERLAP =      0
|  NDFMIN =   13182.     NUM_NOSHAKE =      0     CORRECTED RNDFP =   13182.
|  TOTAL # of degrees of freedom (RNDF) =   13182.
 ---------------------------------------------------
 APPROXIMATING switch and d/dx switch using CUBIC SPLINE INTERPOLATION
 using   5000.0 points per unit in tabled values
 TESTING RELATIVE ERROR over r ranging from 0.0 to cutoff
| CHECK switch(x): max rel err =   0.2738E-14   at   2.422500
| CHECK d/dx switch(x): max rel err =   0.7766E-11   at   2.666360
 ---------------------------------------------------
| Local SIZE OF NONBOND LIST =    2094227
| TOTAL SIZE OF NONBOND LIST =    2094227

QMMM: Link Atom Information
QMMM: ------------------------------------------------------------------------
QMMM: nlink =     0
QMMM: ------------------------------------------------------------------------

  QMMM: QM Region Cartesian Coordinates (*=link atom) 
  QMMM: QM_NO.   MM_NO.  ATOM         X         Y         Z
  QMMM:     1        1      C       -0.2850   -0.5612   -1.6232
  QMMM:     2        2      C        0.7028   -1.1085   -0.7747
  QMMM:     3        3      C        0.9808   -0.6371    0.4629
  QMMM:     4        4      C        0.1518    0.4441    0.8756
  QMMM:     5        5      C       -0.8396    0.9841    0.0971
  QMMM:     6        6      C       -1.0703    0.5296   -1.1593
  QMMM:     7        7      H       -0.7001   -1.1544   -2.5179
  QMMM:     8        8      H        1.2277   -2.0100   -1.1413
  QMMM:     9        9      H        1.7170   -1.0540    1.1498
  QMMM:    10       10      H       -1.4117    1.8885    0.3542
  QMMM:    11       11      H       -1.7170    1.0271   -1.9149
  QMMM:    12       12      N        0.2517    1.0399    2.1632
  QMMM:    13       13      H        1.1481    0.8698    2.5179
  QMMM:    14       14      H       -0.0044    2.0100    2.2713

--------------------------------------------------------------------------------
  3.1 QM CALCULATION INFO
--------------------------------------------------------------------------------
 rnd_seed=           1
 !!!!!!-----NAESMD INPUT-----!!!!!!

 Ground state MD,      imdtype=           0
 Initial count for out files              0
 MD at constant energy
 Starting time, fs           0.0000000000000000     
 Time step, fs                        0.50000000000000000     
 Number of classical steps (CS)        20000
 Quantum steps/per CS                    0
 Displacement for deriv. [A]      1.0000000000000001E-005
 Newtonian dynamics,           therm_type=           0
 Temperature, K                  10.000000000000000     
 Bath relaxation constant       0.40000000000000002     
 Equilibrated dynamics
 Number of steps per degree K           100
 Number of steps to write data           10
 Number of steps to write coords           1
 Friction coefficient [1/ps]      2.0000000000000000     
 Seed for random generator               1
 NAESMD verbosity,            1
 MD will use analytic deriv,  ideriv=           1
 Cartesian coordinates are used
 Allocating initial naesmd_module variables
 Allocating md_module initial variables
 Allocating variables
 Allocating naesmd_module variables          14           5
 Allocating md_module variables          14
  Finish reading coordinates 

 Initial Geometry
    6        -0.284998   -0.561247   -1.623226
    6         0.702793   -1.108500   -0.774652
    6         0.980780   -0.637070    0.462942
    6         0.151819    0.444078    0.875622
    6        -0.839567    0.984100    0.097076
    6        -1.070284    0.529648   -1.159302
    1        -0.700069   -1.154409   -2.517883
    1         1.227707   -2.010046   -1.141251
    1         1.717049   -1.054020    1.149759
    1        -1.411688    1.888460    0.354174
    1        -1.717049    1.027113   -1.914852
    7         0.251717    1.039896    2.163195
    1         1.148096    0.869814    2.517883
    1        -0.004360    2.010046    2.271330
 nstep successful

| QMMM: Citation for AMBER QMMM Run:
| QMMM: R.C. Walker, M.F. Crowley and D.A. Case, J. COMP. CHEM. 29:1019, 2008

QMMM: SINGLET STATE CALCULATION
QMMM: RHF CALCULATION, NO. OF DOUBLY OCCUPIED LEVELS = 18

| QMMM: *** Selected Hamiltonian *** 
| QMMM: AM1         

| QMMM: *** Parameter sets in use ***
| QMMM: C : M.J.S.DEWAR et al. JACS, 107, 3902, (1985)
| QMMM: H : M.J.S.DEWAR et al. JACS, 107, 3902, (1985)
| QMMM: N : M.J.S.DEWAR et al. JACS, 107, 3902, (1985)

| QMMM: *** Diagonalization Routine Information ***
| QMMM: Pseudo diagonalizations are allowed.
| QMMM: Auto diagonalization routine selection is disabled.
| QMMM: Using internal diagonalization routine (diag_routine=1).

  QMMM: QM Region Cartesian Coordinates (*=link atom) 
  QMMM: QM_NO.   MM_NO.  ATOM         X         Y         Z
  QMMM:     1        1      C       -0.2850   -0.5612   -1.6232
  QMMM:     2        2      C        0.7028   -1.1085   -0.7747
  QMMM:     3        3      C        0.9808   -0.6371    0.4629
  QMMM:     4        4      C        0.1518    0.4441    0.8756
  QMMM:     5        5      C       -0.8396    0.9841    0.0971
  QMMM:     6        6      C       -1.0703    0.5296   -1.1593
  QMMM:     7        7      H       -0.7001   -1.1544   -2.5179
  QMMM:     8        8      H        1.2277   -2.0100   -1.1413
  QMMM:     9        9      H        1.7170   -1.0540    1.1498
  QMMM:    10       10      H       -1.4117    1.8885    0.3542
  QMMM:    11       11      H       -1.7170    1.0271   -1.9149
  QMMM:    12       12      N        0.2517    1.0399    2.1632
  QMMM:    13       13      H        1.1481    0.8698    2.5179
  QMMM:    14       14      H       -0.0044    2.0100    2.2713

--------------------------------------------------------------------------------
  RESULTS
--------------------------------------------------------------------------------

QMMM: SCF Converged to 0.1000E-07 in:    19 Cycles 
           9           1   3.1585519789933958E-015
           7           1   1.2890621729766405E-015
           8           2   3.5959669927355681E-015
          10           1   1.0686303187831814E-015
          11           2   2.2780509600480651E-015
 @@@@ Davidson subroutine Found vectors           6
  i, e0(i), ferr(i), ftol0
  1 +++    3.585800624716782     0.20E-05 0.10E-04
  2 +++    3.675966275800810     0.51E-06 0.10E-04
  3 +++    4.945085249722212     0.22E-05 0.10E-04
  4 +++    5.206861745216342     0.26E-05 0.10E-04
  5 +++    5.339071663584288     0.47E-05 0.10E-04
  6 +++    5.601647662086047     0.35E-05 0.10E-04
 -------------------------------------------------

 Frequencies (eV) and Oscillator strengths (unitless)
        Omega            fx              fy              fz          ftotal
   1     3.58580062471678        0.719259417543519E-02    0.104805169778856E-01    0.260536376396472E-02    0.202784749172855E-01
   2     3.67596627580081        0.179567854107853E-03    0.113939112707216E-01    0.735238062842863E-01    0.850972854091157E-01
   3     4.94508524972221        0.160572481272124E-02    0.144587197160131E-02    0.742243125035855E-02    0.104740280346811E-01
   4     5.20686174521634        0.152714311885555        0.772618918508576E-01    0.281143516822791E-01    0.258090555418691    
   5     5.33907166358429        0.276382445935943E-02    0.589111140841445E-01    0.255285526907164        0.316960465450668    
   6     5.60164766208605        0.576514574436883E-03    0.194489358408091E-02    0.451236501143217E-02    0.703377316994997E-02

 Frequencies (eV) and Transition Dipole Moments (AU)
        Omega            fx              fy              fz          ftotal
   1     3.58580062471678       -0.286134846955435        0.345397608353306        0.172211503114694        0.230829460303416    
   2     3.67596627580081        0.446528907452078E-01    0.355690036278658        0.903543933316352        0.944900921992600    
   3     4.94508524972221        0.115125017745586       -0.109244371489470        0.247518259657672        0.864533912770134E-01
   4     5.20686174521634         1.09413998398731       -0.778243833785448        0.469458336813029         2.02319689938808    
   5     5.33907166358429        0.145359491573225        0.671099299088421         1.39701562699417         2.42315631309330    
   6     5.60164766208605       -0.648139207079489E-01    0.119044975475897        0.181328162072415        0.512524528641530E-01

 Total energy of the ground state (eV,AU)
           0  -1071.2706620053932       -39.368456294256347     
 Total energies of excited states (eV,AU)
           1  -1067.6848613806765       -39.236680600044934     
           2  -1067.5946957295923       -39.233367074696169     
           3  -1066.3255767556709       -39.186727829705077     
           4  -1066.0638002601768       -39.177107724453215     
           5  -1065.9315903418089       -39.172249101345599     
           6  -1065.6690143433073       -39.162599614910874     
 Ground State Molecular Dipole Moment (A.U.)
                         dx              dy              dz          ftotal
                     0.4559770      0.3834716     -0.2918924E-01  0.5965044    
          35          18       94480059675040
          35          18       94480059675040
          35          18       94480059675040
          35          18       94480059675040
          35          18       94480059675040
          35          18       94480059675040

 Frequencies (eV) Unrelaxed Difference Dipole Moments (AU)
        Omega            dx              dy              dz          ftotal
   1   3.585801     -0.1041584E-01  0.2055731      0.3868659      0.4382169    
   2   3.675966      0.9300039E-01  0.7828938E-01  0.3884612      0.4070386    
   3   4.945085     -0.3024337     -0.4992771     -0.2314984      0.6279612    
   4   5.206862     -0.5628170E-02  0.3675822E-01  0.2371257      0.2400238    
   5   5.339072     -0.2427939E-01  0.1315248      0.3838278      0.4064628    
   6   5.601648     -0.3047646E-01 -0.1090891     -0.1639398      0.1992623    
QMMM:
QMMM: SCF Energy =       22.69539875 KCal/mol,        94.95754837 KJ/mol
QMMM: SCF Energy = Heat of formation

QMMM: Mulliken Charges of state:    0
QMMM: Atomic Charges for Step       1 :
QMMM:  Atom    Element       Mulliken Charge
QMMM:     1      C              -0.227021
QMMM:     2      C              -0.119708
QMMM:     3      C              -0.149410
QMMM:     4      C               0.023800
QMMM:     5      C              -0.198384
QMMM:     6      C              -0.130738
QMMM:     7      H               0.165701
QMMM:     8      H               0.142191
QMMM:     9      H               0.169448
QMMM:    10      H               0.148902
QMMM:    11      H               0.160870
QMMM:    12      N              -0.369002
QMMM:    13      H               0.182581
QMMM:    14      H               0.200770
QMMM: Total Mulliken Charge =    0.000000

 LPRINT:           1           0

 NSTEP =        0   TIME(PS) =       0.000  TEMP(K) =   283.64  PRESS =     0.0
 Etot   =     -1682.0922  EKtot   =      3714.9690  EPtot      =     -5397.0612
 BOND   =      1174.5223  ANGLE   =      1473.7757  DIHED      =         0.0000
 1-4 NB =         0.0000  1-4 EEL =         0.0000  VDWAALS    =     -5574.7715
 EELEC  =     -2493.2830  EHBOND  =         0.0000  RESTRAINT  =         0.0000
 AM1ESCF=        22.6954
 Ewald error estimate:   0.6347E-04
 ------------------------------------------------------------------------------


--------------------------------------------------------------------------------
   5.  TIMINGS
--------------------------------------------------------------------------------

|    Read coords time           0.01 ( 2.57% of Total)
|    Fast Water setup           0.00 ( 0.01% of Total)
|                Build the list             0.06 (88.16% of List )
|                Other                      0.01 (11.84% of List )
|             List time                  0.07 (50.14% of Nonbo)
|                   Short_ene time             0.05 (99.66% of Direc)
|                   Other                      0.00 ( 0.34% of Direc)
|                Direct Ewald time          0.05 (80.51% of Ewald)
|                Adjust Ewald time          0.00 ( 0.52% of Ewald)
|                Self Ewald time            0.00 ( 0.02% of Ewald)
|                   Fill Bspline coeffs        0.00 ( 5.08% of Recip)
|                   Fill charge grid           0.00 (10.81% of Recip)
|                   Scalar sum                 0.00 (18.20% of Recip)
|                   Grad sum                   0.00 ( 8.01% of Recip)
|                   FFT time                   0.01 (57.64% of Recip)
|                   Other                      0.00 ( 0.26% of Recip)
|                Recip Ewald time           0.01 (18.89% of Ewald)
|                Force Adjust               0.00 ( 0.01% of Ewald)
|                Virial junk                0.00 ( 0.05% of Ewald)
|                Other                      0.00 ( 0.01% of Ewald)
|             Ewald time                 0.07 (49.86% of Nonbo)
|          Nonbond force              0.13 (69.62% of Force)
|             QMMM setup                 0.00 ( 0.07% of QMMM )
|             QMMM list build            0.00 ( 0.34% of QMMM )
|             QMMM prep coords           0.00 ( 0.35% of QMMM )
|                   QMMM hcore QM-QM           0.00 (40.03% of QMMM )
|                   QMMM hcore QM-MM           0.00 (59.97% of QMMM )
|                QMMM hcore calc            0.00 (22.59% of QMMM )
|                   QMMM fock build            0.00 (41.05% of QMMM )
|                   QMMM elec-energy cal       0.00 ( 0.65% of QMMM )
|                   QMMM full matrix dia       0.00 (26.81% of QMMM )
|                   QMMM pseudo matrix d       0.00 (24.89% of QMMM )
|                   QMMM density build         0.00 ( 5.66% of QMMM )
|                   Other                      0.00 ( 0.94% of QMMM )
|                QMMM scf                   0.00 (77.41% of QMMM )
|             QMMM energy                0.00 ( 4.73% of QMMM )
|             QMMM Collate Forces        0.00 ( 0.04% of QMMM )
|             Other                      0.05 (94.47% of QMMM )
|          QMMM                       0.06 (30.17% of Force)
|          Bond/Angle/Dihedral        0.00 ( 0.19% of Force)
|          Other                      0.00 ( 0.02% of Force)
|       Force time                 0.19 (99.48% of Runmd)
|       Other                      0.00 ( 0.52% of Runmd)
|    Runmd Time                 0.19 (74.88% of Total)
|    Other                      0.06 (22.55% of Total)
| Total time                 0.26 (100.0% of ALL  )

| Number of list builds   :          1

| Highest rstack allocated:     366766
| Highest istack allocated:       4394
|           Job began  at 15:04:51.354  on 02/14/2020
|           Setup done at 15:04:51.419  on 02/14/2020
|           Run   done at 15:04:51.611  on 02/14/2020
|     wallclock() was called     295 times
ASSERTion 'ier == 0' failed in src/sqm/qmmm_module.F90 at line    892.
