
          -------------------------------------------------------
          Amber 18 SANDER                              2018
          -------------------------------------------------------

| Run on 02/14/2020 at 14:48:38

|   Executable path: sander
| Working directory: /home/dustin/Documents/TestRuns/qm_mm_prop/benzene_nh2/abs/traj_2/10
|          Hostname: Unknown
  [-O]verwriting output

File Assignments:
|  MDIN: nasqm_abs_t2_10.in                                                    
| MDOUT: nasqm_abs_t2_10.out                                                   
|INPCRD: snap_10_for_absorption_t2.rst                                         
|  PARM: m1.prmtop                                                             
|RESTRT: snap_10_for_absorption_t2_back.rst                                    
|  REFC: refc                                                                  
| MDVEL: mdvel                                                                 
| MDFRC: mdfrc                                                                 
|  MDEN: mden                                                                  
| MDCRD: nasqm_abs_t2_10.nc                                                    
|MDINFO: mdinfo                                                                
|  MTMD: mtmd                                                                  
|INPDIP: inpdip                                                                
|RSTDIP: rstdip                                                                
|INPTRA: inptraj                                                               


 Here is the input file:

300K constant temp QMMMMD                                                      
 &cntrl                                                                        
  imin=0,                                                                      
  irest=0,                                                                     
  ntx=5,                                                                       
  ntb=1,                                                                       
  ntp=0,                                                                       
  ig=-1,                                                                       
  taup=2.0,                                                                    
  cut=16.0,                                                                    
  ntr=0,                                                                       
  tempi=300.0,                                                                 
  temp0=300.0,                                                                 
  ntt=3,                                                                       
  gamma_ln=2.0,                                                                
  nstlim=0,                                                                    
  dt=0.0005,                                                                   
  ntpr=1,                                                                      
  ntwx=0,                                                                      
  ntwv=0,                                                                      
  ifqnt=1                                                                      
 /                                                                             
 &qmmm                                                                         
  scfconv=1.0000E-8,                                                           
  verbosity=1,                                                                 
  qmmask=':1',                                                                 
  diag_routine=1,                                                              
  qmcharge=0,                                                                  
  qm_theory='AM1',                                                             
  qmshake=0,                                                                   
  qm_ewald=0,                                                                  
  qm_pme=0,                                                                    
  nae=1                                                                        
 /                                                                             

--------------------------------------------------------------------------------
   1.  RESOURCE   USE: 
--------------------------------------------------------------------------------

| Flags:                                                                        
 getting new box info from bottom of inpcrd
|  INFO: Old style inpcrd file read

| peek_ewald_inpcrd: Box info found
|Largest sphere to fit in unit cell has radius =    22.679
| New format PARM file being parsed.
| Version =    1.000 Date = 09/26/18 Time = 13:58:55
 NATOM  =    4394 NTYPES =       7 NBONH =     883 MBONA  =    2635
 NTHETH =    2641 MTHETA =    2636 NPHIH =      26 MPHIA  =       9
 NHPARM =       0 NPARM  =       0 NNB   =    9698 NRES   =     877
 NBONA  =    2635 NTHETA =    2636 NPHIA =       9 NUMBND =       6
 NUMANG =       7 NPTRA  =       3 NATYP =       7 NPHB   =       0
 IFBOX  =       1 NMXRS  =      14 IFCAP =       0 NEXTRA =       0
 NCOPY  =       0


|     Memory Use     Allocated
|     Real              369502
|     Hollerith          14061
|     Integer           159675
|     Max Pairs        8541936
|     nblistReal         52728
|     nblist Int        151766
|       Total            37937 kbytes

| Note: 1-4 EEL scale factors are being read from the topology file.

| Note: 1-4 VDW scale factors are being read from the topology file.
| Duplicated    0 dihedrals
| Duplicated    0 dihedrals
LOADING THE QUANTUM ATOMS AS GROUPS
     Mask :1; matches    14 atoms

     BOX TYPE: RECTILINEAR
Note: ig = -1. Setting random seed to   264159 based on wallclock time in microseconds.

--------------------------------------------------------------------------------
   2.  CONTROL  DATA  FOR  THE  RUN
--------------------------------------------------------------------------------

m1                                                                              

General flags:
     imin    =       0, nmropt  =       0

Nature and format of input:
     ntx     =       5, irest   =       0, ntrx    =       1

Nature and format of output:
     ntxo    =       2, ntpr    =       1, ntrx    =       1, ntwr    =       1
     iwrap   =       0, ntwx    =       0, ntwv    =       0, ntwe    =       0
     ioutfm  =       1, ntwprt  =       0, idecomp =       0, rbornstat=      0

Potential function:
     ntf     =       1, ntb     =       1, igb     =       0, nsnb    =      25
     ipol    =       0, gbsa    =       0, iesp    =       0
     dielc   =   1.00000, cut     =  16.00000, intdiel =   1.00000

Frozen or restrained atoms:
     ibelly  =       0, ntr     =       0

Molecular dynamics:
     nstlim  =         0, nscm    =      1000, nrespa  =         1
     t       =   0.00000, dt      =   0.00050, vlimit  =  20.00000

Langevin dynamics temperature regulation:
     ig      =  264159
     temp0   = 300.00000, tempi   = 300.00000, gamma_ln=   2.00000

Ewald parameters:
     verbose =       0, ew_type =       0, nbflag  =       1, use_pme =       1
     vdwmeth =       1, eedmeth =       1, netfrc  =       1
     Box X =   49.256   Box Y =   50.133   Box Z =   45.358
     Alpha =   90.000   Beta  =   90.000   Gamma =   90.000
     NFFT1 =   50       NFFT2 =   50       NFFT3 =   45
     Cutoff=   16.000   Tol   =0.100E-04
     Ewald Coefficient =  0.16683
     Interpolation order =    4

QMMM options:
             ifqnt = True       nquant =       14
              qmgb =        0  qmcharge =        0   adjust_q =        2
              spin =        1     qmcut =  16.0000    qmshake =        0
          qmmm_int =        1
     lnk_atomic_no =        1   lnk_dis =   1.0900 lnk_method =        1
          qm_theory =     AM1 verbosity =        1
            qmqmdx = Analytical
      tight_p_conv = False (converge density to 0.05xSqrt[SCFCRT])
           scfconv = 0.100E-07  itrmax =     1000
      printcharges = False      printdipole = False      peptide_corr = False
    qmmmrij_incore = True 
  qmqm_erep_incore = True 
       pseudo_diag = True pseudo_diag_criteria =   0.0500
      diag_routine =        1
          qm_ewald =        0 qm_pme = False 

--------------------------------------------------------------------------------
   3.  ATOMIC COORDINATES AND VELOCITIES
--------------------------------------------------------------------------------

Cpptraj Generated Restart                                                       
 begin time read from input coords =     0.000 ps

 Number of triangulated 3-point waters found:        0
 identifying link atoms
 identified link atoms

     Sum of charges from parm topology file =   0.00000100
     Forcing neutrality...
QMMM: ADJUSTING CHARGES
QMMM: ----------------------------------------------------------------------
QMMM: adjust_q = 2
QMMM: Uniformly adjusting the charge of MM atoms to conserve total charge.
QMMM:                             qm_charge =    0
QMMM: QM atom RESP charge sum (inc MM link) =    0.000
QMMM: Adjusting each MM atom resp charge by =    0.000
QMMM:          Sum of MM + QM region is now =    0.000
QMMM: ----------------------------------------------------------------------
|  # of SOLUTE  degrees of freedom (RNDFP):   13182.
|  # of SOLVENT degrees of freedom (RNDFS):       0.
|  QMSHAKE_NOSHAKEMASK_OVERLAP =      0
|  NDFMIN =   13182.     NUM_NOSHAKE =      0     CORRECTED RNDFP =   13182.
|  TOTAL # of degrees of freedom (RNDF) =   13182.
 ---------------------------------------------------
 APPROXIMATING switch and d/dx switch using CUBIC SPLINE INTERPOLATION
 using   5000.0 points per unit in tabled values
 TESTING RELATIVE ERROR over r ranging from 0.0 to cutoff
| CHECK switch(x): max rel err =   0.2738E-14   at   2.422500
| CHECK d/dx switch(x): max rel err =   0.7766E-11   at   2.666360
 ---------------------------------------------------
| Local SIZE OF NONBOND LIST =    2093430
| TOTAL SIZE OF NONBOND LIST =    2093430

QMMM: Link Atom Information
QMMM: ------------------------------------------------------------------------
QMMM: nlink =     0
QMMM: ------------------------------------------------------------------------

  QMMM: QM Region Cartesian Coordinates (*=link atom) 
  QMMM: QM_NO.   MM_NO.  ATOM         X         Y         Z
  QMMM:     1        1      C       -0.4059   -0.7433   -1.5682
  QMMM:     2        2      C        0.7156   -1.1736   -0.9264
  QMMM:     3        3      C        1.1584   -0.6625    0.2504
  QMMM:     4        4      C        0.4423    0.4903    0.7513
  QMMM:     5        5      C       -0.6882    0.9741    0.0659
  QMMM:     6        6      C       -1.0839    0.3568   -1.1006
  QMMM:     7        7      H       -0.7212   -1.2986   -2.4388
  QMMM:     8        8      H        1.3253   -1.9891   -1.2341
  QMMM:     9        9      H        1.9242   -1.2109    0.8484
  QMMM:    10       10      H       -1.2887    1.8082    0.5197
  QMMM:    11       11      H       -1.9242    0.7249   -1.6543
  QMMM:    12       12      N        0.8214    0.9912    2.0058
  QMMM:    13       13      H        1.6768    0.6821    2.4388
  QMMM:    14       14      H        0.6879    1.9891    2.0912

--------------------------------------------------------------------------------
  3.1 QM CALCULATION INFO
--------------------------------------------------------------------------------
 rnd_seed=           1
 !!!!!!-----NAESMD INPUT-----!!!!!!

 Ground state MD,      imdtype=           0
 Initial count for out files              0
 MD at constant energy
 Starting time, fs           0.0000000000000000     
 Time step, fs                        0.50000000000000000     
 Number of classical steps (CS)        20000
 Quantum steps/per CS                    0
 Displacement for deriv. [A]      1.0000000000000001E-005
 Newtonian dynamics,           therm_type=           0
 Temperature, K                  10.000000000000000     
 Bath relaxation constant       0.40000000000000002     
 Equilibrated dynamics
 Number of steps per degree K           100
 Number of steps to write data           10
 Number of steps to write coords           1
 Friction coefficient [1/ps]      2.0000000000000000     
 Seed for random generator               1
 NAESMD verbosity,            1
 MD will use analytic deriv,  ideriv=           1
 Cartesian coordinates are used
 Allocating initial naesmd_module variables
 Allocating md_module initial variables
 Allocating variables
 Allocating naesmd_module variables          14           5
 Allocating md_module variables          14
  Finish reading coordinates 

 Initial Geometry
    6        -0.405897   -0.743346   -1.568170
    6         0.715626   -1.173583   -0.926396
    6         1.158379   -0.662520    0.250405
    6         0.442284    0.490260    0.751319
    6        -0.688208    0.974116    0.065871
    6        -1.083914    0.356801   -1.100614
    1        -0.721189   -1.298589   -2.438796
    1         1.325342   -1.989123   -1.234149
    1         1.924219   -1.210856    0.848435
    1        -1.288746    1.808152    0.519666
    1        -1.924219    0.724894   -1.654283
    7         0.821360    0.991219    2.005811
    1         1.676804    0.682137    2.438796
    1         0.687927    1.989123    2.091224
 nstep successful

| QMMM: Citation for AMBER QMMM Run:
| QMMM: R.C. Walker, M.F. Crowley and D.A. Case, J. COMP. CHEM. 29:1019, 2008

QMMM: SINGLET STATE CALCULATION
QMMM: RHF CALCULATION, NO. OF DOUBLY OCCUPIED LEVELS = 18

| QMMM: *** Selected Hamiltonian *** 
| QMMM: AM1         

| QMMM: *** Parameter sets in use ***
| QMMM: C : M.J.S.DEWAR et al. JACS, 107, 3902, (1985)
| QMMM: H : M.J.S.DEWAR et al. JACS, 107, 3902, (1985)
| QMMM: N : M.J.S.DEWAR et al. JACS, 107, 3902, (1985)

| QMMM: *** Diagonalization Routine Information ***
| QMMM: Pseudo diagonalizations are allowed.
| QMMM: Auto diagonalization routine selection is disabled.
| QMMM: Using internal diagonalization routine (diag_routine=1).

  QMMM: QM Region Cartesian Coordinates (*=link atom) 
  QMMM: QM_NO.   MM_NO.  ATOM         X         Y         Z
  QMMM:     1        1      C       -0.4059   -0.7433   -1.5682
  QMMM:     2        2      C        0.7156   -1.1736   -0.9264
  QMMM:     3        3      C        1.1584   -0.6625    0.2504
  QMMM:     4        4      C        0.4423    0.4903    0.7513
  QMMM:     5        5      C       -0.6882    0.9741    0.0659
  QMMM:     6        6      C       -1.0839    0.3568   -1.1006
  QMMM:     7        7      H       -0.7212   -1.2986   -2.4388
  QMMM:     8        8      H        1.3253   -1.9891   -1.2341
  QMMM:     9        9      H        1.9242   -1.2109    0.8484
  QMMM:    10       10      H       -1.2887    1.8082    0.5197
  QMMM:    11       11      H       -1.9242    0.7249   -1.6543
  QMMM:    12       12      N        0.8214    0.9912    2.0058
  QMMM:    13       13      H        1.6768    0.6821    2.4388
  QMMM:    14       14      H        0.6879    1.9891    2.0912

--------------------------------------------------------------------------------
  RESULTS
--------------------------------------------------------------------------------

QMMM: SCF Converged to 0.1000E-07 in:    19 Cycles 
          11           1   1.3951547436861361E-015
           8           1   1.4825922607653030E-015
          10           1   1.6383650078971579E-015
          10           2   2.0584052583087764E-015
          10           2   3.5393915446060853E-015
 @@@@ Davidson subroutine Found vectors           6
  i, e0(i), ferr(i), ftol0
  1 +++    3.564632164688853     0.51E-05 0.10E-04
  2 +++    3.712343368224766     0.56E-06 0.10E-04
  3 +++    4.751605229749700     0.51E-06 0.10E-04
  4 +++    5.105642773802102     0.11E-05 0.10E-04
  5 +++    5.181974795106098     0.48E-05 0.10E-04
  6 +++    5.674975781965236     0.78E-05 0.10E-04
 -------------------------------------------------

 Frequencies (eV) and Oscillator strengths (unitless)
        Omega            fx              fy              fz          ftotal
   1     3.56463216468885        0.625852940000794E-02    0.119157311462530E-01    0.260543015669130E-02    0.207796907029523E-01
   2     3.71234336822477        0.655992689113563E-02    0.130362213669422E-01    0.579740083616628E-01    0.775701566197407E-01
   3     4.75160522974970        0.219451706881607E-03    0.591104013265152E-03    0.282004746202098E-02    0.363060318216774E-02
   4     5.10564277380210        0.990666931795950E-01    0.432040541724676E-02    0.194575063697725        0.297962162294567    
   5     5.18197479510610        0.650901121959521E-01    0.142151944813087        0.273886511858692E-01    0.234630708194908    
   6     5.67497578196524        0.672067853382434E-02    0.297621658091710E-02    0.281345932367445E-02    0.125103544384159E-01

 Frequencies (eV) and Transition Dipole Moments (AU)
        Omega            fx              fy              fz          ftotal
   1     3.56463216468885        0.267700899204342       -0.369380554982669       -0.172724283348754        0.237939443892458    
   2     3.71234336822477       -0.268563181196832       -0.378593223538473       -0.798387331943787        0.852881343012133    
   3     4.75160522974970       -0.434180533675133E-01   -0.712578673797548E-01    0.155642814432782        0.311874967062925E-01
   4     5.10564277380210       -0.889937819033421       -0.185848080849414        -1.24720952925918         2.38206044077628    
   5     5.18197479510610       -0.716029481819842         1.05815623950323        0.464471121348634         1.84812626860167    
   6     5.67497578196524       -0.219859682979146       -0.146309087621871       -0.142252319472314        0.899803517156882E-01

 Total energy of the ground state (eV,AU)
           0  -1071.3737371634575       -39.372244235062716     
 Total energies of excited states (eV,AU)
           1  -1067.8091049987686       -39.241246467124263     
           2  -1067.6613937952327       -39.235818182502250     
           3  -1066.6221319337078       -39.197626027499020     
           4  -1066.2680943896553       -39.184615392489683     
           5  -1066.1917623683514       -39.181810243472604     
           6  -1065.6987613814922       -39.163692798001016     
 Ground State Molecular Dipole Moment (A.U.)
                         dx              dy              dz          ftotal
                     0.4489286      0.4345963      0.2349730      0.6675501    
          35          18       94753256546816
          35          18       94753256546816
          35          18       94753256546816
          35          18       94753256546816
          35          18       94753256546816
          35          18       94753256546816

 Frequencies (eV) Unrelaxed Difference Dipole Moments (AU)
        Omega            dx              dy              dz          ftotal
   1   3.564632     -0.9838954E-02  0.3705172      0.5703557      0.6802099    
   2   3.712343      0.2166298     -0.1219706E-01  0.3987525      0.4539613    
   3   4.751605     -0.5515641     -0.5030646     -0.3889243      0.8417595    
   4   5.105643      0.3561973E-01  0.5024716E-01  0.3357998      0.3414016    
   5   5.181975     -0.3732678E-01  0.7496193E-01  0.1435653      0.1662034    
   6   5.674976     -0.3641831      0.5176178E-01 -0.1527304      0.3982903    
QMMM:
QMMM: SCF Energy =       20.31838253 KCal/mol,        85.01211250 KJ/mol
QMMM: SCF Energy = Heat of formation

QMMM: Mulliken Charges of state:    0
QMMM: Atomic Charges for Step       1 :
QMMM:  Atom    Element       Mulliken Charge
QMMM:     1      C              -0.197709
QMMM:     2      C              -0.130168
QMMM:     3      C              -0.198567
QMMM:     4      C               0.051207
QMMM:     5      C              -0.177813
QMMM:     6      C              -0.090682
QMMM:     7      H               0.139113
QMMM:     8      H               0.124514
QMMM:     9      H               0.162723
QMMM:    10      H               0.151165
QMMM:    11      H               0.142711
QMMM:    12      N              -0.389373
QMMM:    13      H               0.216460
QMMM:    14      H               0.196420
QMMM: Total Mulliken Charge =    0.000000

 LPRINT:           1           0

 NSTEP =        0   TIME(PS) =       0.000  TEMP(K) =   297.42  PRESS =     0.0
 Etot   =     -1687.7425  EKtot   =      3895.5345  EPtot      =     -5583.2770
 BOND   =      1015.9242  ANGLE   =      1463.8796  DIHED      =         0.0000
 1-4 NB =         0.0000  1-4 EEL =         0.0000  VDWAALS    =     -5595.1559
 EELEC  =     -2488.2432  EHBOND  =         0.0000  RESTRAINT  =         0.0000
 AM1ESCF=        20.3184
 Ewald error estimate:   0.7616E-03
 ------------------------------------------------------------------------------


--------------------------------------------------------------------------------
   5.  TIMINGS
--------------------------------------------------------------------------------

|    Read coords time           0.01 ( 2.48% of Total)
|    Fast Water setup           0.00 ( 0.01% of Total)
|                Build the list             0.08 (90.54% of List )
|                Other                      0.01 ( 9.46% of List )
|             List time                  0.08 (50.86% of Nonbo)
|                   Short_ene time             0.07 (99.73% of Direc)
|                   Other                      0.00 ( 0.27% of Direc)
|                Direct Ewald time          0.07 (82.65% of Ewald)
|                Adjust Ewald time          0.00 ( 0.42% of Ewald)
|                Self Ewald time            0.00 ( 0.02% of Ewald)
|                   Fill Bspline coeffs        0.00 ( 4.46% of Recip)
|                   Fill charge grid           0.00 ( 9.61% of Recip)
|                   Scalar sum                 0.00 (15.46% of Recip)
|                   Grad sum                   0.00 (13.74% of Recip)
|                   FFT time                   0.01 (56.50% of Recip)
|                   Other                      0.00 ( 0.23% of Recip)
|                Recip Ewald time           0.01 (16.86% of Ewald)
|                Virial junk                0.00 ( 0.04% of Ewald)
|             Ewald time                 0.08 (49.14% of Nonbo)
|          Nonbond force              0.17 (73.44% of Force)
|             QMMM setup                 0.00 ( 0.06% of QMMM )
|             QMMM list build            0.00 ( 0.34% of QMMM )
|             QMMM prep coords           0.00 ( 0.33% of QMMM )
|                   QMMM hcore QM-QM           0.00 (40.42% of QMMM )
|                   QMMM hcore QM-MM           0.00 (59.58% of QMMM )
|                QMMM hcore calc            0.00 (21.54% of QMMM )
|                   QMMM fock build            0.00 (41.10% of QMMM )
|                   QMMM elec-energy cal       0.00 ( 0.74% of QMMM )
|                   QMMM full matrix dia       0.00 (26.84% of QMMM )
|                   QMMM pseudo matrix d       0.00 (24.98% of QMMM )
|                   QMMM density build         0.00 ( 5.59% of QMMM )
|                   Other                      0.00 ( 0.74% of QMMM )
|                QMMM scf                   0.00 (78.46% of QMMM )
|             QMMM energy                0.00 ( 4.60% of QMMM )
|             QMMM Collate Forces        0.00 ( 0.04% of QMMM )
|             Other                      0.06 (94.63% of QMMM )
|          QMMM                       0.06 (26.37% of Force)
|          Bond/Angle/Dihedral        0.00 ( 0.17% of Force)
|          Other                      0.00 ( 0.02% of Force)
|       Force time                 0.23 (99.57% of Runmd)
|       Other                      0.00 ( 0.43% of Runmd)
|    Runmd Time                 0.23 (85.07% of Total)
|    Other                      0.03 (12.44% of Total)
| Total time                 0.27 (100.0% of ALL  )

| Number of list builds   :          1

| Highest rstack allocated:     366766
| Highest istack allocated:       4394
|           Job began  at 14:48:38.232  on 02/14/2020
|           Setup done at 14:48:38.272  on 02/14/2020
|           Run   done at 14:48:38.498  on 02/14/2020
|     wallclock() was called     295 times
ASSERTion 'ier == 0' failed in src/sqm/qmmm_module.F90 at line    892.
