
          -------------------------------------------------------
          Amber 18 SANDER                              2018
          -------------------------------------------------------

| Run on 02/12/2020 at 12:08:30

|   Executable path: sander
| Working directory: /home/dustin/Documents/TestRuns/qm_mm_prop/benzene_nh2/qmground/traj_4/restart_1
|          Hostname: Unknown
  [-O]verwriting output

File Assignments:
|  MDIN: nasqm_qmground_t4_r1.in                                               
| MDOUT: nasqm_qmground_t4_r1.out                                              
|INPCRD: snap_for_qmground_t4_r1.rst                                           
|  PARM: m1.prmtop                                                             
|RESTRT: snap_for_qmground_t4_r2.rst                                           
|  REFC: refc                                                                  
| MDVEL: mdvel                                                                 
| MDFRC: mdfrc                                                                 
|  MDEN: mden                                                                  
| MDCRD: nasqm_qmground_t4_r1.nc                                               
|MDINFO: mdinfo                                                                
|  MTMD: mtmd                                                                  
|INPDIP: inpdip                                                                
|RSTDIP: rstdip                                                                
|INPTRA: inptraj                                                               


 Here is the input file:

300K constant temp QMMMMD                                                      
 &cntrl                                                                        
  imin=0,                                                                      
  iwrap=1,                                                                     
  irest=0,                                                                     
  ntx=5,                                                                       
  ntb=1, ! 1-Constant Volume, 2-Pressure                                       
  ntp=0,                                                                       
  ig=-1,                                                                       
  taup=2.0,                                                                    
  cut=8.0,                                                                     
  ntr=0,                                                                       
  tempi=300.0,                                                                 
  temp0=300.0,                                                                 
  ntt=0, ! 0-Constant-Energy, 1-Weak-Coupling, 2-Anderson, 3-Langevin          
  gamma_ln=0, ! must be 0 if ntt < 3                                           
  nstlim=10,                                                                   
  dt=0.0005,                                                                   
  ntpr=1,                                                                      
  ntwx=2,                                                                      
  ntwv=-1,                                                                     
  ifqnt=1                                                                      
 /                                                                             
 &qmmm                                                                         
  scfconv=1.0000E-10,                                                          
  verbosity=1,                                                                 
  qmmask=':1',                                                                 
  diag_routine=1,                                                              
  qmcharge=0,                                                                  
  qm_theory='AM1',                                                             
  qmshake=0,                                                                   
  printdipole=1,                                                               
  qm_ewald=0,                                                                  
  qm_pme=0,                                                                    
 /                                                                             

--------------------------------------------------------------------------------
   1.  RESOURCE   USE: 
--------------------------------------------------------------------------------

| Flags:                                                                        
 getting new box info from bottom of inpcrd
|  INFO: Old style inpcrd file read

| peek_ewald_inpcrd: Box info found
|Largest sphere to fit in unit cell has radius =    22.679
| New format PARM file being parsed.
| Version =    1.000 Date = 09/26/18 Time = 13:58:55
 NATOM  =    4394 NTYPES =       7 NBONH =     883 MBONA  =    2635
 NTHETH =    2641 MTHETA =    2636 NPHIH =      26 MPHIA  =       9
 NHPARM =       0 NPARM  =       0 NNB   =    9698 NRES   =     877
 NBONA  =    2635 NTHETA =    2636 NPHIA =       9 NUMBND =       6
 NUMANG =       7 NPTRA  =       3 NATYP =       7 NPHB   =       0
 IFBOX  =       1 NMXRS  =      14 IFCAP =       0 NEXTRA =       0
 NCOPY  =       0


|     Memory Use     Allocated
|     Real              373094
|     Hollerith          14061
|     Integer           159675
|     Max Pairs        1464666
|     nblistReal         52728
|     nblist Int        368993
|       Total            11168 kbytes

| Note: 1-4 EEL scale factors are being read from the topology file.

| Note: 1-4 VDW scale factors are being read from the topology file.
| Duplicated    0 dihedrals
| Duplicated    0 dihedrals
LOADING THE QUANTUM ATOMS AS GROUPS
     Mask :1; matches    14 atoms

     BOX TYPE: RECTILINEAR
Note: ig = -1. Setting random seed to   710533 based on wallclock time in microseconds.

--------------------------------------------------------------------------------
   2.  CONTROL  DATA  FOR  THE  RUN
--------------------------------------------------------------------------------

m1                                                                              

General flags:
     imin    =       0, nmropt  =       0

Nature and format of input:
     ntx     =       5, irest   =       0, ntrx    =       1

Nature and format of output:
     ntxo    =       2, ntpr    =       1, ntrx    =       1, ntwr    =      10
     iwrap   =       1, ntwx    =       2, ntwv    =      -1, ntwe    =       0
     ioutfm  =       1, ntwprt  =       0, idecomp =       0, rbornstat=      0

Potential function:
     ntf     =       1, ntb     =       1, igb     =       0, nsnb    =      25
     ipol    =       0, gbsa    =       0, iesp    =       0
     dielc   =   1.00000, cut     =   8.00000, intdiel =   1.00000

Frozen or restrained atoms:
     ibelly  =       0, ntr     =       0

Molecular dynamics:
     nstlim  =        10, nscm    =      1000, nrespa  =         1
     t       =   0.00000, dt      =   0.00050, vlimit  =  20.00000

Initial temperature generation:
     ig      =  710533
     tempi   = 300.00000

Ewald parameters:
     verbose =       0, ew_type =       0, nbflag  =       1, use_pme =       1
     vdwmeth =       1, eedmeth =       1, netfrc  =       1
     Box X =   49.256   Box Y =   50.133   Box Z =   45.358
     Alpha =   90.000   Beta  =   90.000   Gamma =   90.000
     NFFT1 =   50       NFFT2 =   50       NFFT3 =   45
     Cutoff=    8.000   Tol   =0.100E-04
     Ewald Coefficient =  0.34864
     Interpolation order =    4

QMMM options:
             ifqnt = True       nquant =       14
              qmgb =        0  qmcharge =        0   adjust_q =        2
              spin =        1     qmcut =   8.0000    qmshake =        0
          qmmm_int =        1
     lnk_atomic_no =        1   lnk_dis =   1.0900 lnk_method =        1
          qm_theory =     AM1 verbosity =        1
            qmqmdx = Analytical
      tight_p_conv = False (converge density to 0.05xSqrt[SCFCRT])
           scfconv = 0.100E-09  itrmax =     1000
      printcharges = False      printdipole = QM         peptide_corr = False
    qmmmrij_incore = True 
  qmqm_erep_incore = True 
       pseudo_diag = True pseudo_diag_criteria =   0.0500
      diag_routine =        1
          qm_ewald =        0 qm_pme = False 

--------------------------------------------------------------------------------
   3.  ATOMIC COORDINATES AND VELOCITIES
--------------------------------------------------------------------------------

Cpptraj Generated Restart                                                       
 begin time read from input coords =     0.005 ps

 Number of triangulated 3-point waters found:        0
 identifying link atoms
 identified link atoms

     Sum of charges from parm topology file =   0.00000100
     Forcing neutrality...
QMMM: ADJUSTING CHARGES
QMMM: ----------------------------------------------------------------------
QMMM: adjust_q = 2
QMMM: Uniformly adjusting the charge of MM atoms to conserve total charge.
QMMM:                             qm_charge =    0
QMMM: QM atom RESP charge sum (inc MM link) =    0.000
QMMM: Adjusting each MM atom resp charge by =    0.000
QMMM:          Sum of MM + QM region is now =    0.000
QMMM: ----------------------------------------------------------------------
|  # of SOLUTE  degrees of freedom (RNDFP):   13182.
|  # of SOLVENT degrees of freedom (RNDFS):       0.
|  QMSHAKE_NOSHAKEMASK_OVERLAP =      0
|  NDFMIN =   13179.     NUM_NOSHAKE =      0     CORRECTED RNDFP =   13179.
|  TOTAL # of degrees of freedom (RNDF) =   13179.
 ---------------------------------------------------
 APPROXIMATING switch and d/dx switch using CUBIC SPLINE INTERPOLATION
 using   5000.0 points per unit in tabled values
 TESTING RELATIVE ERROR over r ranging from 0.0 to cutoff
| CHECK switch(x): max rel err =   0.2738E-14   at   2.422500
| CHECK d/dx switch(x): max rel err =   0.8332E-11   at   2.782960
 ---------------------------------------------------
| Local SIZE OF NONBOND LIST =     349528
| TOTAL SIZE OF NONBOND LIST =     349528

QMMM: Link Atom Information
QMMM: ------------------------------------------------------------------------
QMMM: nlink =     0
QMMM: ------------------------------------------------------------------------

  QMMM: QM Region Cartesian Coordinates (*=link atom) 
  QMMM: QM_NO.   MM_NO.  ATOM         X         Y         Z
  QMMM:     1        1      C       -0.2189   -0.3349   -1.6067
  QMMM:     2        2      C        0.9150   -0.8502   -0.9614
  QMMM:     3        3      C        1.1158   -0.6191    0.4204
  QMMM:     4        4      C        0.2995    0.2311    1.0952
  QMMM:     5        5      C       -0.8608    0.7338    0.4615
  QMMM:     6        6      C       -1.1274    0.4699   -0.8980
  QMMM:     7        7      H       -0.4064   -0.5528   -2.6818
  QMMM:     8        8      H        1.6965   -1.5117   -1.3939
  QMMM:     9        9      H        2.1393   -0.8912    0.8229
  QMMM:    10       10      H       -1.4193    1.4874    1.0651
  QMMM:    11       11      H       -2.1393    0.8789   -1.2270
  QMMM:    12       12      N        0.6612    0.5742    2.3870
  QMMM:    13       13      H        1.5876    0.3257    2.6818
  QMMM:    14       14      H        0.4178    1.5117    2.5306

--------------------------------------------------------------------------------
  3.1 QM CALCULATION INFO
--------------------------------------------------------------------------------

| QMMM: Citation for AMBER QMMM Run:
| QMMM: R.C. Walker, M.F. Crowley and D.A. Case, J. COMP. CHEM. 29:1019, 2008

QMMM: SINGLET STATE CALCULATION
QMMM: RHF CALCULATION, NO. OF DOUBLY OCCUPIED LEVELS = 18

| QMMM: *** Selected Hamiltonian *** 
| QMMM: AM1         

| QMMM: *** Parameter sets in use ***
| QMMM: C : M.J.S.DEWAR et al. JACS, 107, 3902, (1985)
| QMMM: H : M.J.S.DEWAR et al. JACS, 107, 3902, (1985)
| QMMM: N : M.J.S.DEWAR et al. JACS, 107, 3902, (1985)

| QMMM: *** Diagonalization Routine Information ***
| QMMM: Pseudo diagonalizations are allowed.
| QMMM: Auto diagonalization routine selection is disabled.
| QMMM: Using internal diagonalization routine (diag_routine=1).

| QMMM: Estimated QM Dynamic Memory Usage (per thread)
| QMMM: ---------------------------------------------------
| QMMM:              QM Atom Type Info :          800 bytes
| QMMM:         QM RESP Charge Storage :          112 bytes
| QMMM:            QM Atom Number List :           56 bytes
| QMMM:                Link Atom Pairs :            0 bytes
| QMMM:          QM Atomic Number List :           56 bytes
| QMMM:                QM-MM Pair List :        17524 bytes
| QMMM:                   QM Atom Mask :         8788 bytes
| QMMM:           QM Coordinate Arrays :       140944 bytes
| QMMM:         Scaled MM Charge Array :        35152 bytes
| QMMM:    SCF Mulliken Charge Storage :          112 bytes
| QMMM:                QM Force Arrays :       105792 bytes
| QMMM:                 Density Matrix :         5040 bytes
| QMMM:          Density Matrix Copies :         5320 bytes
| QMMM: Fock2 Density Matrix Workspace :         1792 bytes
| QMMM:                    Fock Matrix :         5040 bytes
| QMMM:           Eigen Vector Storage :         9800 bytes
| QMMM: QM-QM Elec Repulsion Integrals :        16016 bytes
| QMMM:  QM 2-Elec Repulsion Integrals :        20888 bytes
| QMMM:              1-Electron Matrix :         5040 bytes
| QMMM:       _REAL_ parameter storage :        38584 bytes
| QMMM:      integer parameter storage :          448 bytes
| QMMM:         QM-MM RIJ Eqns storage :       203280 bytes
| QMMM:          _REAL_ Scratch arrays :       164472 bytes
| QMMM:         Integer Scratch arrays :        55176 bytes
| QMMM: ---------------------------------------------------
| QMMM:        Total Dynamic Memory Usage:      0.801 Mb

--------------------------------------------------------------------------------
   4.  RESULTS
--------------------------------------------------------------------------------

QMMM: SCF Converged to 0.1000E-09 in:    22 Cycles 
QMMM:
QMMM: SCF Energy =       24.28238608 KCal/mol,       101.59750336 KJ/mol
QMMM: SCF Energy = Heat of formation

 NSTEP =        0   TIME(PS) =       0.000  TEMP(K) =   304.37  PRESS =     0.0
 Etot   =     -1765.5918  EKtot   =      3985.6461  EPtot      =     -5751.2379
 BOND   =       911.0218  ANGLE   =      1448.4055  DIHED      =         0.0000
 1-4 NB =         0.0000  1-4 EEL =         0.0000  VDWAALS    =     -5618.2256
 EELEC  =     -2516.7219  EHBOND  =         0.0000  RESTRAINT  =         0.0000
 AM1ESCF=        24.2824
 Ewald error estimate:   0.7109E-03
 ------------------------------------------------------------------------------

QMMM: SCF Converged to 0.1000E-09 in:     3 Cycles 
QMMM:
QMMM: SCF Energy =       24.28238608 KCal/mol,       101.59750336 KJ/mol
QMMM: SCF Energy = Heat of formation

 NSTEP =        1   TIME(PS) =       0.001  TEMP(K) =   304.37  PRESS =     0.0
 Etot   =     -1765.5918  EKtot   =      3985.6461  EPtot      =     -5751.2379
 BOND   =       911.0218  ANGLE   =      1448.4055  DIHED      =         0.0000
 1-4 NB =         0.0000  1-4 EEL =         0.0000  VDWAALS    =     -5618.2256
 EELEC  =     -2516.7219  EHBOND  =         0.0000  RESTRAINT  =         0.0000
 AM1ESCF=        24.2824
 Ewald error estimate:   0.7109E-03
 ------------------------------------------------------------------------------

                  X        Y        Z     TOTAL  
  QM DIPOLE (Debye)    1.204    1.203   -0.238    1.719
QMMM: SCF Converged to 0.1000E-09 in:    17 Cycles 
QMMM:
QMMM: SCF Energy =       23.47986792 KCal/mol,        98.23976740 KJ/mol
QMMM: SCF Energy = Heat of formation

 NSTEP =        2   TIME(PS) =       0.001  TEMP(K) =   299.39  PRESS =     0.0
 Etot   =     -1764.7622  EKtot   =      3920.3608  EPtot      =     -5685.1230
 BOND   =       973.4808  ANGLE   =      1451.7267  DIHED      =         0.0000
 1-4 NB =         0.0000  1-4 EEL =         0.0000  VDWAALS    =     -5616.4676
 EELEC  =     -2517.3428  EHBOND  =         0.0000  RESTRAINT  =         0.0000
 AM1ESCF=        23.4799
 Ewald error estimate:   0.7370E-03
 ------------------------------------------------------------------------------

                  X        Y        Z     TOTAL  
  QM DIPOLE (Debye)    1.241    1.175   -0.268    1.730
QMMM: SCF Converged to 0.1000E-09 in:    17 Cycles 
QMMM:
QMMM: SCF Energy =       23.03942384 KCal/mol,        96.39694934 KJ/mol
QMMM: SCF Energy = Heat of formation

 NSTEP =        3   TIME(PS) =       0.002  TEMP(K) =   293.71  PRESS =     0.0
 Etot   =     -1763.4860  EKtot   =      3845.9769  EPtot      =     -5609.4629
 BOND   =      1046.1855  ANGLE   =      1454.4396  DIHED      =         0.0000
 1-4 NB =         0.0000  1-4 EEL =         0.0000  VDWAALS    =     -5614.7907
 EELEC  =     -2518.3368  EHBOND  =         0.0000  RESTRAINT  =         0.0000
 AM1ESCF=        23.0394
 Ewald error estimate:   0.7308E-03
 ------------------------------------------------------------------------------

                  X        Y        Z     TOTAL  
  QM DIPOLE (Debye)    1.234    1.183   -0.240    1.727
QMMM: SCF Converged to 0.1000E-09 in:    17 Cycles 
QMMM:
QMMM: SCF Energy =       22.64553282 KCal/mol,        94.74890934 KJ/mol
QMMM: SCF Energy = Heat of formation

 NSTEP =        4   TIME(PS) =       0.002  TEMP(K) =   288.84  PRESS =     0.0
 Etot   =     -1762.5009  EKtot   =      3782.2744  EPtot      =     -5544.7753
 BOND   =      1109.2907  ANGLE   =      1456.3498  DIHED      =         0.0000
 1-4 NB =         0.0000  1-4 EEL =         0.0000  VDWAALS    =     -5613.4469
 EELEC  =     -2519.6144  EHBOND  =         0.0000  RESTRAINT  =         0.0000
 AM1ESCF=        22.6455
 Ewald error estimate:   0.7311E-03
 ------------------------------------------------------------------------------

                  X        Y        Z     TOTAL  
  QM DIPOLE (Debye)    1.228    1.193   -0.212    1.725
QMMM: SCF Converged to 0.1000E-09 in:    17 Cycles 
QMMM:
QMMM: SCF Energy =       22.32696074 KCal/mol,        93.41600372 KJ/mol
QMMM: SCF Energy = Heat of formation

 NSTEP =        5   TIME(PS) =       0.003  TEMP(K) =   286.09  PRESS =     0.0
 Etot   =     -1761.9367  EKtot   =      3746.1978  EPtot      =     -5508.1345
 BOND   =      1145.6712  ANGLE   =      1457.2955  DIHED      =         0.0000
 1-4 NB =         0.0000  1-4 EEL =         0.0000  VDWAALS    =     -5612.3530
 EELEC  =     -2521.0752  EHBOND  =         0.0000  RESTRAINT  =         0.0000
 AM1ESCF=        22.3270
 Ewald error estimate:   0.7074E-03
 ------------------------------------------------------------------------------

                  X        Y        Z     TOTAL  
  QM DIPOLE (Debye)    1.223    1.202   -0.184    1.725
QMMM: SCF Converged to 0.1000E-09 in:    17 Cycles 
QMMM:
QMMM: SCF Energy =       22.16411069 KCal/mol,        92.73463913 KJ/mol
QMMM: SCF Energy = Heat of formation

 NSTEP =        6   TIME(PS) =       0.003  TEMP(K) =   286.14  PRESS =     0.0
 Etot   =     -1762.0110  EKtot   =      3746.9045  EPtot      =     -5508.9155
 BOND   =      1145.9526  ANGLE   =      1457.1633  DIHED      =         0.0000
 1-4 NB =         0.0000  1-4 EEL =         0.0000  VDWAALS    =     -5611.5999
 EELEC  =     -2522.5956  EHBOND  =         0.0000  RESTRAINT  =         0.0000
 AM1ESCF=        22.1641
 Ewald error estimate:   0.6968E-03
 ------------------------------------------------------------------------------

                  X        Y        Z     TOTAL  
  QM DIPOLE (Debye)    1.218    1.212   -0.156    1.725
QMMM: SCF Converged to 0.1000E-09 in:    17 Cycles 
QMMM:
QMMM: SCF Energy =       22.27447731 KCal/mol,        93.19641308 KJ/mol
QMMM: SCF Energy = Heat of formation

 NSTEP =        7   TIME(PS) =       0.004  TEMP(K) =   288.91  PRESS =     0.0
 Etot   =     -1762.7554  EKtot   =      3783.1260  EPtot      =     -5545.8814
 BOND   =      1111.2226  ANGLE   =      1455.9039  DIHED      =         0.0000
 1-4 NB =         0.0000  1-4 EEL =         0.0000  VDWAALS    =     -5611.2326
 EELEC  =     -2524.0497  EHBOND  =         0.0000  RESTRAINT  =         0.0000
 AM1ESCF=        22.2745
 Ewald error estimate:   0.7267E-03
 ------------------------------------------------------------------------------

                  X        Y        Z     TOTAL  
  QM DIPOLE (Debye)    1.240    1.158   -0.239    1.713
QMMM: SCF Converged to 0.1000E-09 in:    16 Cycles 
QMMM:
QMMM: SCF Energy =       22.70291805 KCal/mol,        94.98900910 KJ/mol
QMMM: SCF Energy = Heat of formation

 NSTEP =        8   TIME(PS) =       0.004  TEMP(K) =   293.53  PRESS =     0.0
 Etot   =     -1763.8204  EKtot   =      3843.6249  EPtot      =     -5607.4453
 BOND   =      1052.6295  ANGLE   =      1453.5444  DIHED      =         0.0000
 1-4 NB =         0.0000  1-4 EEL =         0.0000  VDWAALS    =     -5610.9904
 EELEC  =     -2525.3318  EHBOND  =         0.0000  RESTRAINT  =         0.0000
 AM1ESCF=        22.7029
 Ewald error estimate:   0.7252E-03
 ------------------------------------------------------------------------------

                  X        Y        Z     TOTAL  
  QM DIPOLE (Debye)    1.236    1.164   -0.217    1.712
QMMM: SCF Converged to 0.1000E-09 in:    16 Cycles 
QMMM:
QMMM: SCF Energy =       23.47231084 KCal/mol,        98.20814854 KJ/mol
QMMM: SCF Energy = Heat of formation

 NSTEP =        9   TIME(PS) =       0.005  TEMP(K) =   298.64  PRESS =     0.0
 Etot   =     -1765.0675  EKtot   =      3910.5855  EPtot      =     -5675.6529
 BOND   =       988.0018  ANGLE   =      1450.1950  DIHED      =         0.0000
 1-4 NB =         0.0000  1-4 EEL =         0.0000  VDWAALS    =     -5610.9845
 EELEC  =     -2526.3375  EHBOND  =         0.0000  RESTRAINT  =         0.0000
 AM1ESCF=        23.4723
 Ewald error estimate:   0.7015E-03
 ------------------------------------------------------------------------------

                  X        Y        Z     TOTAL  
  QM DIPOLE (Debye)    1.233    1.168   -0.201    1.710
QMMM: SCF Converged to 0.1000E-09 in:    16 Cycles 
QMMM:
QMMM: SCF Energy =       24.58007857 KCal/mol,       102.84304874 KJ/mol
QMMM: SCF Energy = Heat of formation

 NSTEP =       10   TIME(PS) =       0.005  TEMP(K) =   302.79  PRESS =     0.0
 Etot   =     -1765.9721  EKtot   =      3964.9157  EPtot      =     -5730.8878
 BOND   =       936.5079  ANGLE   =      1446.0435  DIHED      =         0.0000
 1-4 NB =         0.0000  1-4 EEL =         0.0000  VDWAALS    =     -5611.0408
 EELEC  =     -2526.9784  EHBOND  =         0.0000  RESTRAINT  =         0.0000
 AM1ESCF=        24.5801
 Ewald error estimate:   0.6960E-03
 ------------------------------------------------------------------------------

                  X        Y        Z     TOTAL  
  QM DIPOLE (Debye)    1.238    1.170   -0.167    1.711

      A V E R A G E S   O V E R      10 S T E P S


 NSTEP =       10   TIME(PS) =       0.005  TEMP(K) =   294.24  PRESS =     0.0
 Etot   =     -1763.7904  EKtot   =      3852.9613  EPtot      =     -5616.7517
 BOND   =      1041.9964  ANGLE   =      1453.1067  DIHED      =         0.0000
 1-4 NB =         0.0000  1-4 EEL =         0.0000  VDWAALS    =     -5613.1132
 EELEC  =     -2521.8384  EHBOND  =         0.0000  RESTRAINT  =         0.0000
 AM1ESCF=        23.0968
 Ewald error estimate:   0.7164E-03
 ------------------------------------------------------------------------------


      R M S  F L U C T U A T I O N S


 NSTEP =       10   TIME(PS) =       0.005  TEMP(K) =     6.42  PRESS =     0.0
 Etot   =         1.4146  EKtot   =        84.0585  EPtot      =        85.4558
 BOND   =        81.7917  ANGLE   =         3.6971  DIHED      =         0.0000
 1-4 NB =         0.0000  1-4 EEL =         0.0000  VDWAALS    =         2.4505
 EELEC  =         3.5848  EHBOND  =         0.0000  RESTRAINT  =         0.0000
 AM1ESCF=         0.7996
|E(PBS) =         0.1263
 Ewald error estimate:   0.1471E-04
 ------------------------------------------------------------------------------


--------------------------------------------------------------------------------
   5.  TIMINGS
--------------------------------------------------------------------------------

|    Read coords time           0.01 ( 2.17% of Total)
|    Fast Water setup           0.00 ( 0.01% of Total)
|                Build the list             0.02 (66.69% of List )
|                Other                      0.01 (33.31% of List )
|             List time                  0.03 (12.35% of Nonbo)
|                   Short_ene time             0.09 (98.05% of Direc)
|                   Other                      0.00 ( 1.95% of Direc)
|                Direct Ewald time          0.10 (53.61% of Ewald)
|                Adjust Ewald time          0.00 ( 2.19% of Ewald)
|                Self Ewald time            0.00 ( 0.01% of Ewald)
|                   Fill Bspline coeffs        0.00 ( 2.93% of Recip)
|                   Fill charge grid           0.01 ( 8.61% of Recip)
|                   Scalar sum                 0.02 (22.04% of Recip)
|                   Grad sum                   0.01 (16.01% of Recip)
|                   FFT time                   0.04 (50.07% of Recip)
|                   Other                      0.00 ( 0.34% of Recip)
|                Recip Ewald time           0.08 (44.03% of Ewald)
|                Force Adjust               0.00 ( 0.03% of Ewald)
|                Virial junk                0.00 ( 0.12% of Ewald)
|                Other                      0.00 ( 0.01% of Ewald)
|             Ewald time                 0.18 (87.65% of Nonbo)
|          Nonbond force              0.20 (83.90% of Force)
|             QMMM setup                 0.00 ( 1.43% of QMMM )
|             QMMM list build            0.00 ( 1.58% of QMMM )
|             QMMM prep coords           0.00 ( 5.13% of QMMM )
|             QMMM RIJ Eqns Calc         0.00 ( 3.53% of QMMM )
|                   QMMM hcore QM-QM           0.00 (80.24% of QMMM )
|                   QMMM hcore QM-MM           0.00 (19.70% of QMMM )
|                   Other                      0.00 ( 0.06% of QMMM )
|                QMMM hcore calc            0.00 (13.67% of QMMM )
|                   QMMM fock build            0.01 (35.30% of QMMM )
|                   QMMM elec-energy cal       0.00 ( 0.72% of QMMM )
|                   QMMM full matrix dia       0.01 (26.16% of QMMM )
|                   QMMM pseudo matrix d       0.01 (31.49% of QMMM )
|                   QMMM density build         0.00 ( 5.65% of QMMM )
|                   Other                      0.00 ( 0.67% of QMMM )
|                QMMM scf                   0.02 (86.29% of QMMM )
|                Other                      0.00 ( 0.04% of QMMM )
|             QMMM energy                0.02 (70.58% of QMMM )
|             QMMM QM-QM force           0.00 ( 9.68% of QMMM )
|             QMMM QM-MM force           0.00 ( 7.17% of QMMM )
|             QMMM Collate Forces        0.00 ( 0.12% of QMMM )
|             Other                      0.00 ( 0.78% of QMMM )
|          QMMM                       0.04 (14.45% of Force)
|          Bond/Angle/Dihedral        0.00 ( 1.61% of Force)
|          Other                      0.00 ( 0.03% of Force)
|       Force time                 0.24 (97.66% of Runmd)
|       Verlet update time         0.01 ( 2.13% of Runmd)
|       Other                      0.00 ( 0.21% of Runmd)
|    Runmd Time                 0.25 (82.74% of Total)
|    Other                      0.05 (15.08% of Total)
| Total time                 0.30 (100.0% of ALL  )

| Number of list builds   :          1

| Highest rstack allocated:     366766
| Highest istack allocated:       4394

| Final Performance Info:
| -----------------------------------------------------
| Average timings for all steps:
|     Elapsed(s) =       0.25 Per Step(ms) =      25.02
|         ns/day =       1.73   seconds/ns =   50036.19
| -----------------------------------------------------

|           Job began  at 12:08:30.666  on 02/12/2020
|           Setup done at 12:08:30.718  on 02/12/2020
|           Run   done at 12:08:30.968  on 02/12/2020
|     wallclock() was called    2816 times
ASSERTion 'ier == 0' failed in src/sqm/qmmm_module.F90 at line    892.
