
          -------------------------------------------------------
          Amber 18 SANDER                              2018
          -------------------------------------------------------

| Run on 02/14/2020 at 14:48:39

|   Executable path: sander
| Working directory: /home/dustin/Documents/TestRuns/qm_mm_prop/benzene_nh2/abs/traj_4/6
|          Hostname: Unknown
  [-O]verwriting output

File Assignments:
|  MDIN: nasqm_abs_t4_6.in                                                     
| MDOUT: nasqm_abs_t4_6.out                                                    
|INPCRD: snap_6_for_absorption_t4.rst                                          
|  PARM: m1.prmtop                                                             
|RESTRT: snap_6_for_absorption_t4_back.rst                                     
|  REFC: refc                                                                  
| MDVEL: mdvel                                                                 
| MDFRC: mdfrc                                                                 
|  MDEN: mden                                                                  
| MDCRD: nasqm_abs_t4_6.nc                                                     
|MDINFO: mdinfo                                                                
|  MTMD: mtmd                                                                  
|INPDIP: inpdip                                                                
|RSTDIP: rstdip                                                                
|INPTRA: inptraj                                                               


 Here is the input file:

300K constant temp QMMMMD                                                      
 &cntrl                                                                        
  imin=0,                                                                      
  irest=0,                                                                     
  ntx=5,                                                                       
  ntb=1,                                                                       
  ntp=0,                                                                       
  ig=-1,                                                                       
  taup=2.0,                                                                    
  cut=16.0,                                                                    
  ntr=0,                                                                       
  tempi=300.0,                                                                 
  temp0=300.0,                                                                 
  ntt=3,                                                                       
  gamma_ln=2.0,                                                                
  nstlim=0,                                                                    
  dt=0.0005,                                                                   
  ntpr=1,                                                                      
  ntwx=0,                                                                      
  ntwv=0,                                                                      
  ifqnt=1                                                                      
 /                                                                             
 &qmmm                                                                         
  scfconv=1.0000E-8,                                                           
  verbosity=1,                                                                 
  qmmask=':1',                                                                 
  diag_routine=1,                                                              
  qmcharge=0,                                                                  
  qm_theory='AM1',                                                             
  qmshake=0,                                                                   
  qm_ewald=0,                                                                  
  qm_pme=0,                                                                    
  nae=1                                                                        
 /                                                                             

--------------------------------------------------------------------------------
   1.  RESOURCE   USE: 
--------------------------------------------------------------------------------

| Flags:                                                                        
 getting new box info from bottom of inpcrd
|  INFO: Old style inpcrd file read

| peek_ewald_inpcrd: Box info found
|Largest sphere to fit in unit cell has radius =    22.679
| New format PARM file being parsed.
| Version =    1.000 Date = 09/26/18 Time = 13:58:55
 NATOM  =    4394 NTYPES =       7 NBONH =     883 MBONA  =    2635
 NTHETH =    2641 MTHETA =    2636 NPHIH =      26 MPHIA  =       9
 NHPARM =       0 NPARM  =       0 NNB   =    9698 NRES   =     877
 NBONA  =    2635 NTHETA =    2636 NPHIA =       9 NUMBND =       6
 NUMANG =       7 NPTRA  =       3 NATYP =       7 NPHB   =       0
 IFBOX  =       1 NMXRS  =      14 IFCAP =       0 NEXTRA =       0
 NCOPY  =       0


|     Memory Use     Allocated
|     Real              369502
|     Hollerith          14061
|     Integer           159675
|     Max Pairs        8541936
|     nblistReal         52728
|     nblist Int        151766
|       Total            37937 kbytes

| Note: 1-4 EEL scale factors are being read from the topology file.

| Note: 1-4 VDW scale factors are being read from the topology file.
| Duplicated    0 dihedrals
| Duplicated    0 dihedrals
LOADING THE QUANTUM ATOMS AS GROUPS
     Mask :1; matches    14 atoms

     BOX TYPE: RECTILINEAR
Note: ig = -1. Setting random seed to   318566 based on wallclock time in microseconds.

--------------------------------------------------------------------------------
   2.  CONTROL  DATA  FOR  THE  RUN
--------------------------------------------------------------------------------

m1                                                                              

General flags:
     imin    =       0, nmropt  =       0

Nature and format of input:
     ntx     =       5, irest   =       0, ntrx    =       1

Nature and format of output:
     ntxo    =       2, ntpr    =       1, ntrx    =       1, ntwr    =       1
     iwrap   =       0, ntwx    =       0, ntwv    =       0, ntwe    =       0
     ioutfm  =       1, ntwprt  =       0, idecomp =       0, rbornstat=      0

Potential function:
     ntf     =       1, ntb     =       1, igb     =       0, nsnb    =      25
     ipol    =       0, gbsa    =       0, iesp    =       0
     dielc   =   1.00000, cut     =  16.00000, intdiel =   1.00000

Frozen or restrained atoms:
     ibelly  =       0, ntr     =       0

Molecular dynamics:
     nstlim  =         0, nscm    =      1000, nrespa  =         1
     t       =   0.00000, dt      =   0.00050, vlimit  =  20.00000

Langevin dynamics temperature regulation:
     ig      =  318566
     temp0   = 300.00000, tempi   = 300.00000, gamma_ln=   2.00000

Ewald parameters:
     verbose =       0, ew_type =       0, nbflag  =       1, use_pme =       1
     vdwmeth =       1, eedmeth =       1, netfrc  =       1
     Box X =   49.256   Box Y =   50.133   Box Z =   45.358
     Alpha =   90.000   Beta  =   90.000   Gamma =   90.000
     NFFT1 =   50       NFFT2 =   50       NFFT3 =   45
     Cutoff=   16.000   Tol   =0.100E-04
     Ewald Coefficient =  0.16683
     Interpolation order =    4

QMMM options:
             ifqnt = True       nquant =       14
              qmgb =        0  qmcharge =        0   adjust_q =        2
              spin =        1     qmcut =  16.0000    qmshake =        0
          qmmm_int =        1
     lnk_atomic_no =        1   lnk_dis =   1.0900 lnk_method =        1
          qm_theory =     AM1 verbosity =        1
            qmqmdx = Analytical
      tight_p_conv = False (converge density to 0.05xSqrt[SCFCRT])
           scfconv = 0.100E-07  itrmax =     1000
      printcharges = False      printdipole = False      peptide_corr = False
    qmmmrij_incore = True 
  qmqm_erep_incore = True 
       pseudo_diag = True pseudo_diag_criteria =   0.0500
      diag_routine =        1
          qm_ewald =        0 qm_pme = False 

--------------------------------------------------------------------------------
   3.  ATOMIC COORDINATES AND VELOCITIES
--------------------------------------------------------------------------------

Cpptraj Generated Restart                                                       
 begin time read from input coords =     0.000 ps

 Number of triangulated 3-point waters found:        0
 identifying link atoms
 identified link atoms

     Sum of charges from parm topology file =   0.00000100
     Forcing neutrality...
QMMM: ADJUSTING CHARGES
QMMM: ----------------------------------------------------------------------
QMMM: adjust_q = 2
QMMM: Uniformly adjusting the charge of MM atoms to conserve total charge.
QMMM:                             qm_charge =    0
QMMM: QM atom RESP charge sum (inc MM link) =    0.000
QMMM: Adjusting each MM atom resp charge by =    0.000
QMMM:          Sum of MM + QM region is now =    0.000
QMMM: ----------------------------------------------------------------------
|  # of SOLUTE  degrees of freedom (RNDFP):   13182.
|  # of SOLVENT degrees of freedom (RNDFS):       0.
|  QMSHAKE_NOSHAKEMASK_OVERLAP =      0
|  NDFMIN =   13182.     NUM_NOSHAKE =      0     CORRECTED RNDFP =   13182.
|  TOTAL # of degrees of freedom (RNDF) =   13182.
 ---------------------------------------------------
 APPROXIMATING switch and d/dx switch using CUBIC SPLINE INTERPOLATION
 using   5000.0 points per unit in tabled values
 TESTING RELATIVE ERROR over r ranging from 0.0 to cutoff
| CHECK switch(x): max rel err =   0.2738E-14   at   2.422500
| CHECK d/dx switch(x): max rel err =   0.7766E-11   at   2.666360
 ---------------------------------------------------
| Local SIZE OF NONBOND LIST =    2093385
| TOTAL SIZE OF NONBOND LIST =    2093385

QMMM: Link Atom Information
QMMM: ------------------------------------------------------------------------
QMMM: nlink =     0
QMMM: ------------------------------------------------------------------------

  QMMM: QM Region Cartesian Coordinates (*=link atom) 
  QMMM: QM_NO.   MM_NO.  ATOM         X         Y         Z
  QMMM:     1        1      C       -0.2492   -0.7598   -1.5144
  QMMM:     2        2      C        0.8270   -1.1684   -0.7207
  QMMM:     3        3      C        1.0848   -0.7318    0.5332
  QMMM:     4        4      C        0.2993    0.3363    1.0073
  QMMM:     5        5      C       -0.7462    0.8651    0.1744
  QMMM:     6        6      C       -0.9922    0.3482   -1.0903
  QMMM:     7        7      H       -0.3946   -1.0907   -2.5862
  QMMM:     8        8      H        1.5587   -1.9533   -1.1727
  QMMM:     9        9      H        1.8791   -1.1220    1.1962
  QMMM:    10       10      H       -1.3014    1.7905    0.5186
  QMMM:    11       11      H       -1.8791    0.7393   -1.6060
  QMMM:    12       12      N        0.6200    0.9644    2.2184
  QMMM:    13       13      H        1.5328    0.8347    2.5862
  QMMM:    14       14      H        0.4359    1.9533    2.1328

--------------------------------------------------------------------------------
  3.1 QM CALCULATION INFO
--------------------------------------------------------------------------------
 rnd_seed=           1
 !!!!!!-----NAESMD INPUT-----!!!!!!

 Ground state MD,      imdtype=           0
 Initial count for out files              0
 MD at constant energy
 Starting time, fs           0.0000000000000000     
 Time step, fs                        0.50000000000000000     
 Number of classical steps (CS)        20000
 Quantum steps/per CS                    0
 Displacement for deriv. [A]      1.0000000000000001E-005
 Newtonian dynamics,           therm_type=           0
 Temperature, K                  10.000000000000000     
 Bath relaxation constant       0.40000000000000002     
 Equilibrated dynamics
 Number of steps per degree K           100
 Number of steps to write data           10
 Number of steps to write coords           1
 Friction coefficient [1/ps]      2.0000000000000000     
 Seed for random generator               1
 NAESMD verbosity,            1
 MD will use analytic deriv,  ideriv=           1
 Cartesian coordinates are used
 Allocating initial naesmd_module variables
 Allocating md_module initial variables
 Allocating variables
 Allocating naesmd_module variables          14           5
 Allocating md_module variables          14
  Finish reading coordinates 

 Initial Geometry
    6        -0.249151   -0.759785   -1.514385
    6         0.826990   -1.168365   -0.720722
    6         1.084816   -0.731838    0.533249
    6         0.299337    0.336279    1.007338
    6        -0.746248    0.865108    0.174433
    6        -0.992245    0.348181   -1.090290
    1        -0.394630   -1.090744   -2.586205
    1         1.558743   -1.953323   -1.172651
    1         1.879068   -1.121971    1.196157
    1        -1.301355    1.790468    0.518648
    1        -1.879068    0.739279   -1.606047
    7         0.619967    0.964367    2.218403
    1         1.532805    0.834692    2.586205
    1         0.435907    1.953323    2.132784
 nstep successful

| QMMM: Citation for AMBER QMMM Run:
| QMMM: R.C. Walker, M.F. Crowley and D.A. Case, J. COMP. CHEM. 29:1019, 2008

QMMM: SINGLET STATE CALCULATION
QMMM: RHF CALCULATION, NO. OF DOUBLY OCCUPIED LEVELS = 18

| QMMM: *** Selected Hamiltonian *** 
| QMMM: AM1         

| QMMM: *** Parameter sets in use ***
| QMMM: C : M.J.S.DEWAR et al. JACS, 107, 3902, (1985)
| QMMM: H : M.J.S.DEWAR et al. JACS, 107, 3902, (1985)
| QMMM: N : M.J.S.DEWAR et al. JACS, 107, 3902, (1985)

| QMMM: *** Diagonalization Routine Information ***
| QMMM: Pseudo diagonalizations are allowed.
| QMMM: Auto diagonalization routine selection is disabled.
| QMMM: Using internal diagonalization routine (diag_routine=1).

  QMMM: QM Region Cartesian Coordinates (*=link atom) 
  QMMM: QM_NO.   MM_NO.  ATOM         X         Y         Z
  QMMM:     1        1      C       -0.2492   -0.7598   -1.5144
  QMMM:     2        2      C        0.8270   -1.1684   -0.7207
  QMMM:     3        3      C        1.0848   -0.7318    0.5332
  QMMM:     4        4      C        0.2993    0.3363    1.0073
  QMMM:     5        5      C       -0.7462    0.8651    0.1744
  QMMM:     6        6      C       -0.9922    0.3482   -1.0903
  QMMM:     7        7      H       -0.3946   -1.0907   -2.5862
  QMMM:     8        8      H        1.5587   -1.9533   -1.1727
  QMMM:     9        9      H        1.8791   -1.1220    1.1962
  QMMM:    10       10      H       -1.3014    1.7905    0.5186
  QMMM:    11       11      H       -1.8791    0.7393   -1.6060
  QMMM:    12       12      N        0.6200    0.9644    2.2184
  QMMM:    13       13      H        1.5328    0.8347    2.5862
  QMMM:    14       14      H        0.4359    1.9533    2.1328

--------------------------------------------------------------------------------
  RESULTS
--------------------------------------------------------------------------------

QMMM: SCF Converged to 0.1000E-07 in:    16 Cycles 
           8           2   2.1591073113419457E-015
           8           2   2.5817293181767953E-015
           9           3   7.8175313444894812E-015
          10           2   1.2767293732646179E-015
          10           1   1.5121096649112209E-015
 @@@@ Davidson subroutine Found vectors           6
  i, e0(i), ferr(i), ftol0
  1 +++    3.558759585674091     0.70E-05 0.10E-04
  2 +++    3.648581559179497     0.13E-05 0.10E-04
  3 +++    4.932114090985491     0.66E-05 0.10E-04
  4 +++    5.123330760746184     0.11E-05 0.10E-04
  5 +++    5.272368802946540     0.11E-05 0.10E-04
  6 +++    5.633354845251759     0.90E-05 0.10E-04
 -------------------------------------------------

 Frequencies (eV) and Oscillator strengths (unitless)
        Omega            fx              fy              fz          ftotal
   1     3.55875958567409        0.476091906935930E-02    0.521141613605038E-02    0.127340668923975E-03    0.100996758743337E-01
   2     3.64858155917950        0.845049057462795E-02    0.144882764211739E-01    0.654312356781549E-01    0.883700026739567E-01
   3     4.93211409098549        0.268082349671046E-02    0.942314838887071E-02    0.395097220171555E-01    0.516136939027367E-01
   4     5.12333076074618        0.122548246086274        0.131496756663373        0.253678679361952E-04    0.254070370617583    
   5     5.27236880294654        0.293930338529498E-01    0.202650412099284E-01    0.248764395308892        0.298422470371770    
   6     5.63335484525176        0.239653134088205E-02    0.212710594152469E-03    0.202819116108122E-03    0.281206105114264E-02

 Frequencies (eV) and Transition Dipole Moments (AU)
        Omega            fx              fy              fz          ftotal
   1     3.55875958567409       -0.233677617956969        0.244483522425551        0.382168845941093E-01    0.115837952139727    
   2     3.64858155917950       -0.307468036083983       -0.402594070903618       -0.855562171436616        0.988605208333426    
   3     4.93211409098549        0.148949344371639       -0.279255991857509       -0.571816222656961        0.427143608670738    
   4     5.12333076074618        0.988094302377041        -1.02353421658123       -0.142163081667746E-01     2.02415474632042    
   5     5.27236880294654        0.477024141941756        0.396088193459306         1.38775327968043         2.31029705425692    
   6     5.63335484525176       -0.131773792318719        0.392583505432889E-01   -0.383346878356931E-01    0.203750987208967E-01

 Total energy of the ground state (eV,AU)
           0  -1071.4753883352751       -39.375979845358877     
 Total energies of excited states (eV,AU)
           1  -1067.9166287496009       -39.245197890639695     
           2  -1067.8268067760955       -39.241896995204364     
           3  -1066.5432742442895       -39.194728061924643     
           4  -1066.3520575745288       -39.187700981492775     
           5  -1066.2030195323284       -39.182223936467047     
           6  -1065.8420334900234       -39.168957948950208     
 Ground State Molecular Dipole Moment (A.U.)
                         dx              dy              dz          ftotal
                     0.5542476      0.5930455     -0.1064128E-02  0.8117232    
          35          18       94421065261728
          35          18       94421065261728
          35          18       94421065261728
          35          18       94421065261728
          35          18       94421065261728
          35          18       94421065261728

 Frequencies (eV) Unrelaxed Difference Dipole Moments (AU)
        Omega            dx              dy              dz          ftotal
   1   3.558760      0.3025317E-01  0.1893271      0.4619143      0.5001248    
   2   3.648582      0.1001848      0.2105650      0.3648541      0.4330047    
   3   4.932114     -0.3330251     -0.2434368     -0.1778119      0.4492041    
   4   5.123331      0.1285869      0.7037836E-01  0.1103541      0.1834823    
   5   5.272369     -0.1566014E-01 -0.1010193E-01  0.3191218      0.3196655    
   6   5.633355      0.1370986     -0.2580615E-01 -0.1685943      0.2188287    
QMMM:
QMMM: SCF Energy =       17.97420486 KCal/mol,        75.20407312 KJ/mol
QMMM: SCF Energy = Heat of formation

QMMM: Mulliken Charges of state:    0
QMMM: Atomic Charges for Step       1 :
QMMM:  Atom    Element       Mulliken Charge
QMMM:     1      C              -0.215818
QMMM:     2      C              -0.137213
QMMM:     3      C              -0.162006
QMMM:     4      C               0.025752
QMMM:     5      C              -0.190171
QMMM:     6      C              -0.112892
QMMM:     7      H               0.152569
QMMM:     8      H               0.133858
QMMM:     9      H               0.166885
QMMM:    10      H               0.154546
QMMM:    11      H               0.155450
QMMM:    12      N              -0.359893
QMMM:    13      H               0.202039
QMMM:    14      H               0.186893
QMMM: Total Mulliken Charge =    0.000000

 LPRINT:           1           0

 NSTEP =        0   TIME(PS) =       0.000  TEMP(K) =   291.80  PRESS =     0.0
 Etot   =     -1709.0371  EKtot   =      3821.8735  EPtot      =     -5530.9106
 BOND   =      1020.8212  ANGLE   =      1491.5231  DIHED      =         0.0000
 1-4 NB =         0.0000  1-4 EEL =         0.0000  VDWAALS    =     -5571.2577
 EELEC  =     -2489.9714  EHBOND  =         0.0000  RESTRAINT  =         0.0000
 AM1ESCF=        17.9742
 Ewald error estimate:   0.7521E-03
 ------------------------------------------------------------------------------


--------------------------------------------------------------------------------
   5.  TIMINGS
--------------------------------------------------------------------------------

|    Read coords time           0.01 ( 2.79% of Total)
|    Fast Water setup           0.00 ( 0.01% of Total)
|                Build the list             0.06 (87.99% of List )
|                Other                      0.01 (12.01% of List )
|             List time                  0.07 (46.51% of Nonbo)
|                   Short_ene time             0.07 (99.72% of Direc)
|                   Other                      0.00 ( 0.28% of Direc)
|                Direct Ewald time          0.07 (87.19% of Ewald)
|                Adjust Ewald time          0.00 ( 0.47% of Ewald)
|                Self Ewald time            0.00 ( 0.02% of Ewald)
|                   Fill Bspline coeffs        0.00 ( 4.86% of Recip)
|                   Fill charge grid           0.00 ( 9.46% of Recip)
|                   Scalar sum                 0.00 (15.99% of Recip)
|                   Grad sum                   0.00 (10.78% of Recip)
|                   FFT time                   0.01 (58.62% of Recip)
|                   Other                      0.00 ( 0.28% of Recip)
|                Recip Ewald time           0.01 (12.26% of Ewald)
|                Force Adjust               0.00 ( 0.01% of Ewald)
|                Virial junk                0.00 ( 0.05% of Ewald)
|                Other                      0.00 ( 0.01% of Ewald)
|             Ewald time                 0.08 (53.49% of Nonbo)
|          Nonbond force              0.14 (71.14% of Force)
|             QMMM setup                 0.00 ( 0.07% of QMMM )
|             QMMM list build            0.00 ( 0.36% of QMMM )
|             QMMM prep coords           0.00 ( 0.36% of QMMM )
|                   QMMM hcore QM-QM           0.00 (40.33% of QMMM )
|                   QMMM hcore QM-MM           0.00 (59.67% of QMMM )
|                QMMM hcore calc            0.00 (24.22% of QMMM )
|                   QMMM fock build            0.00 (40.20% of QMMM )
|                   QMMM elec-energy cal       0.00 ( 0.68% of QMMM )
|                   QMMM full matrix dia       0.00 (30.11% of QMMM )
|                   QMMM pseudo matrix d       0.00 (22.24% of QMMM )
|                   QMMM density build         0.00 ( 5.38% of QMMM )
|                   Other                      0.00 ( 1.39% of QMMM )
|                QMMM scf                   0.00 (75.78% of QMMM )
|             QMMM energy                0.00 ( 4.41% of QMMM )
|             QMMM Collate Forces        0.00 ( 0.03% of QMMM )
|             Other                      0.05 (94.78% of QMMM )
|          QMMM                       0.06 (28.65% of Force)
|          Bond/Angle/Dihedral        0.00 ( 0.18% of Force)
|          Other                      0.00 ( 0.02% of Force)
|       Force time                 0.20 (99.48% of Runmd)
|       Other                      0.00 ( 0.52% of Runmd)
|    Runmd Time                 0.20 (83.25% of Total)
|    Other                      0.03 (13.95% of Total)
| Total time                 0.24 (100.0% of ALL  )

| Number of list builds   :          1

| Highest rstack allocated:     366766
| Highest istack allocated:       4394
|           Job began  at 14:48:39.286  on 02/14/2020
|           Setup done at 14:48:39.326  on 02/14/2020
|           Run   done at 14:48:39.525  on 02/14/2020
|     wallclock() was called     259 times
ASSERTion 'ier == 0' failed in src/sqm/qmmm_module.F90 at line    892.
