
          -------------------------------------------------------
          Amber 18 SANDER                              2018
          -------------------------------------------------------

| Run on 02/14/2020 at 14:48:37

|   Executable path: sander
| Working directory: /home/dustin/Documents/TestRuns/qm_mm_prop/benzene_nh2/abs/traj_1/8
|          Hostname: Unknown
  [-O]verwriting output

File Assignments:
|  MDIN: nasqm_abs_t1_8.in                                                     
| MDOUT: nasqm_abs_t1_8.out                                                    
|INPCRD: snap_8_for_absorption_t1.rst                                          
|  PARM: m1.prmtop                                                             
|RESTRT: snap_8_for_absorption_t1_back.rst                                     
|  REFC: refc                                                                  
| MDVEL: mdvel                                                                 
| MDFRC: mdfrc                                                                 
|  MDEN: mden                                                                  
| MDCRD: nasqm_abs_t1_8.nc                                                     
|MDINFO: mdinfo                                                                
|  MTMD: mtmd                                                                  
|INPDIP: inpdip                                                                
|RSTDIP: rstdip                                                                
|INPTRA: inptraj                                                               


 Here is the input file:

300K constant temp QMMMMD                                                      
 &cntrl                                                                        
  imin=0,                                                                      
  irest=0,                                                                     
  ntx=5,                                                                       
  ntb=1,                                                                       
  ntp=0,                                                                       
  ig=-1,                                                                       
  taup=2.0,                                                                    
  cut=16.0,                                                                    
  ntr=0,                                                                       
  tempi=300.0,                                                                 
  temp0=300.0,                                                                 
  ntt=3,                                                                       
  gamma_ln=2.0,                                                                
  nstlim=0,                                                                    
  dt=0.0005,                                                                   
  ntpr=1,                                                                      
  ntwx=0,                                                                      
  ntwv=0,                                                                      
  ifqnt=1                                                                      
 /                                                                             
 &qmmm                                                                         
  scfconv=1.0000E-8,                                                           
  verbosity=1,                                                                 
  qmmask=':1',                                                                 
  diag_routine=1,                                                              
  qmcharge=0,                                                                  
  qm_theory='AM1',                                                             
  qmshake=0,                                                                   
  qm_ewald=0,                                                                  
  qm_pme=0,                                                                    
  nae=1                                                                        
 /                                                                             

--------------------------------------------------------------------------------
   1.  RESOURCE   USE: 
--------------------------------------------------------------------------------

| Flags:                                                                        
 getting new box info from bottom of inpcrd
|  INFO: Old style inpcrd file read

| peek_ewald_inpcrd: Box info found
|Largest sphere to fit in unit cell has radius =    22.679
| New format PARM file being parsed.
| Version =    1.000 Date = 09/26/18 Time = 13:58:55
 NATOM  =    4394 NTYPES =       7 NBONH =     883 MBONA  =    2635
 NTHETH =    2641 MTHETA =    2636 NPHIH =      26 MPHIA  =       9
 NHPARM =       0 NPARM  =       0 NNB   =    9698 NRES   =     877
 NBONA  =    2635 NTHETA =    2636 NPHIA =       9 NUMBND =       6
 NUMANG =       7 NPTRA  =       3 NATYP =       7 NPHB   =       0
 IFBOX  =       1 NMXRS  =      14 IFCAP =       0 NEXTRA =       0
 NCOPY  =       0


|     Memory Use     Allocated
|     Real              369502
|     Hollerith          14061
|     Integer           159675
|     Max Pairs        8541936
|     nblistReal         52728
|     nblist Int        151766
|       Total            37937 kbytes

| Note: 1-4 EEL scale factors are being read from the topology file.

| Note: 1-4 VDW scale factors are being read from the topology file.
| Duplicated    0 dihedrals
| Duplicated    0 dihedrals
LOADING THE QUANTUM ATOMS AS GROUPS
     Mask :1; matches    14 atoms

     BOX TYPE: RECTILINEAR
Note: ig = -1. Setting random seed to   448148 based on wallclock time in microseconds.

--------------------------------------------------------------------------------
   2.  CONTROL  DATA  FOR  THE  RUN
--------------------------------------------------------------------------------

m1                                                                              

General flags:
     imin    =       0, nmropt  =       0

Nature and format of input:
     ntx     =       5, irest   =       0, ntrx    =       1

Nature and format of output:
     ntxo    =       2, ntpr    =       1, ntrx    =       1, ntwr    =       1
     iwrap   =       0, ntwx    =       0, ntwv    =       0, ntwe    =       0
     ioutfm  =       1, ntwprt  =       0, idecomp =       0, rbornstat=      0

Potential function:
     ntf     =       1, ntb     =       1, igb     =       0, nsnb    =      25
     ipol    =       0, gbsa    =       0, iesp    =       0
     dielc   =   1.00000, cut     =  16.00000, intdiel =   1.00000

Frozen or restrained atoms:
     ibelly  =       0, ntr     =       0

Molecular dynamics:
     nstlim  =         0, nscm    =      1000, nrespa  =         1
     t       =   0.00000, dt      =   0.00050, vlimit  =  20.00000

Langevin dynamics temperature regulation:
     ig      =  448148
     temp0   = 300.00000, tempi   = 300.00000, gamma_ln=   2.00000

Ewald parameters:
     verbose =       0, ew_type =       0, nbflag  =       1, use_pme =       1
     vdwmeth =       1, eedmeth =       1, netfrc  =       1
     Box X =   49.256   Box Y =   50.133   Box Z =   45.358
     Alpha =   90.000   Beta  =   90.000   Gamma =   90.000
     NFFT1 =   50       NFFT2 =   50       NFFT3 =   45
     Cutoff=   16.000   Tol   =0.100E-04
     Ewald Coefficient =  0.16683
     Interpolation order =    4

QMMM options:
             ifqnt = True       nquant =       14
              qmgb =        0  qmcharge =        0   adjust_q =        2
              spin =        1     qmcut =  16.0000    qmshake =        0
          qmmm_int =        1
     lnk_atomic_no =        1   lnk_dis =   1.0900 lnk_method =        1
          qm_theory =     AM1 verbosity =        1
            qmqmdx = Analytical
      tight_p_conv = False (converge density to 0.05xSqrt[SCFCRT])
           scfconv = 0.100E-07  itrmax =     1000
      printcharges = False      printdipole = False      peptide_corr = False
    qmmmrij_incore = True 
  qmqm_erep_incore = True 
       pseudo_diag = True pseudo_diag_criteria =   0.0500
      diag_routine =        1
          qm_ewald =        0 qm_pme = False 

--------------------------------------------------------------------------------
   3.  ATOMIC COORDINATES AND VELOCITIES
--------------------------------------------------------------------------------

Cpptraj Generated Restart                                                       
 begin time read from input coords =     0.000 ps

 Number of triangulated 3-point waters found:        0
 identifying link atoms
 identified link atoms

     Sum of charges from parm topology file =   0.00000100
     Forcing neutrality...
QMMM: ADJUSTING CHARGES
QMMM: ----------------------------------------------------------------------
QMMM: adjust_q = 2
QMMM: Uniformly adjusting the charge of MM atoms to conserve total charge.
QMMM:                             qm_charge =    0
QMMM: QM atom RESP charge sum (inc MM link) =    0.000
QMMM: Adjusting each MM atom resp charge by =    0.000
QMMM:          Sum of MM + QM region is now =    0.000
QMMM: ----------------------------------------------------------------------
|  # of SOLUTE  degrees of freedom (RNDFP):   13182.
|  # of SOLVENT degrees of freedom (RNDFS):       0.
|  QMSHAKE_NOSHAKEMASK_OVERLAP =      0
|  NDFMIN =   13182.     NUM_NOSHAKE =      0     CORRECTED RNDFP =   13182.
|  TOTAL # of degrees of freedom (RNDF) =   13182.
 ---------------------------------------------------
 APPROXIMATING switch and d/dx switch using CUBIC SPLINE INTERPOLATION
 using   5000.0 points per unit in tabled values
 TESTING RELATIVE ERROR over r ranging from 0.0 to cutoff
| CHECK switch(x): max rel err =   0.2738E-14   at   2.422500
| CHECK d/dx switch(x): max rel err =   0.7766E-11   at   2.666360
 ---------------------------------------------------
| Local SIZE OF NONBOND LIST =    2093653
| TOTAL SIZE OF NONBOND LIST =    2093653

QMMM: Link Atom Information
QMMM: ------------------------------------------------------------------------
QMMM: nlink =     0
QMMM: ------------------------------------------------------------------------

  QMMM: QM Region Cartesian Coordinates (*=link atom) 
  QMMM: QM_NO.   MM_NO.  ATOM         X         Y         Z
  QMMM:     1        1      C       -0.4625   -0.6627   -1.3448
  QMMM:     2        2      C        0.7099   -1.2074   -0.6991
  QMMM:     3        3      C        1.1479   -0.6976    0.5234
  QMMM:     4        4      C        0.4915    0.4427    1.0473
  QMMM:     5        5      C       -0.6585    0.9796    0.3640
  QMMM:     6        6      C       -1.0212    0.5039   -0.8588
  QMMM:     7        7      H       -0.8369   -1.0056   -2.3120
  QMMM:     8        8      H        1.2222   -2.0659   -1.2333
  QMMM:     9        9      H        1.9840   -1.1248    1.0081
  QMMM:    10       10      H       -1.0863    1.8652    0.6844
  QMMM:    11       11      H       -1.9840    0.8985   -1.3562
  QMMM:    12       12      N        0.9277    1.1317    2.1842
  QMMM:    13       13      H        1.9353    1.0853    2.3120
  QMMM:    14       14      H        0.5831    2.0659    2.2656

--------------------------------------------------------------------------------
  3.1 QM CALCULATION INFO
--------------------------------------------------------------------------------
 rnd_seed=           1
 !!!!!!-----NAESMD INPUT-----!!!!!!

 Ground state MD,      imdtype=           0
 Initial count for out files              0
 MD at constant energy
 Starting time, fs           0.0000000000000000     
 Time step, fs                        0.50000000000000000     
 Number of classical steps (CS)        20000
 Quantum steps/per CS                    0
 Displacement for deriv. [A]      1.0000000000000001E-005
 Newtonian dynamics,           therm_type=           0
 Temperature, K                  10.000000000000000     
 Bath relaxation constant       0.40000000000000002     
 Equilibrated dynamics
 Number of steps per degree K           100
 Number of steps to write data           10
 Number of steps to write coords           1
 Friction coefficient [1/ps]      2.0000000000000000     
 Seed for random generator               1
 NAESMD verbosity,            1
 MD will use analytic deriv,  ideriv=           1
 Cartesian coordinates are used
 Allocating initial naesmd_module variables
 Allocating md_module initial variables
 Allocating variables
 Allocating naesmd_module variables          14           5
 Allocating md_module variables          14
  Finish reading coordinates 

 Initial Geometry
    6        -0.462452   -0.662721   -1.344798
    6         0.709917   -1.207402   -0.699059
    6         1.147894   -0.697574    0.523372
    6         0.491526    0.442733    1.047303
    6        -0.658518    0.979619    0.363961
    6        -1.021221    0.503911   -0.858783
    1        -0.836863   -1.005561   -2.312045
    1         1.222168   -2.065936   -1.233279
    1         1.984045   -1.124825    1.008061
    1        -1.086309    1.865172    0.684428
    1        -1.984045    0.898534   -1.356219
    7         0.927658    1.131658    2.184217
    1         1.935318    1.085301    2.312045
    1         0.583099    2.065936    2.265567
 nstep successful

| QMMM: Citation for AMBER QMMM Run:
| QMMM: R.C. Walker, M.F. Crowley and D.A. Case, J. COMP. CHEM. 29:1019, 2008

QMMM: SINGLET STATE CALCULATION
QMMM: RHF CALCULATION, NO. OF DOUBLY OCCUPIED LEVELS = 18

| QMMM: *** Selected Hamiltonian *** 
| QMMM: AM1         

| QMMM: *** Parameter sets in use ***
| QMMM: C : M.J.S.DEWAR et al. JACS, 107, 3902, (1985)
| QMMM: H : M.J.S.DEWAR et al. JACS, 107, 3902, (1985)
| QMMM: N : M.J.S.DEWAR et al. JACS, 107, 3902, (1985)

| QMMM: *** Diagonalization Routine Information ***
| QMMM: Pseudo diagonalizations are allowed.
| QMMM: Auto diagonalization routine selection is disabled.
| QMMM: Using internal diagonalization routine (diag_routine=1).

  QMMM: QM Region Cartesian Coordinates (*=link atom) 
  QMMM: QM_NO.   MM_NO.  ATOM         X         Y         Z
  QMMM:     1        1      C       -0.4625   -0.6627   -1.3448
  QMMM:     2        2      C        0.7099   -1.2074   -0.6991
  QMMM:     3        3      C        1.1479   -0.6976    0.5234
  QMMM:     4        4      C        0.4915    0.4427    1.0473
  QMMM:     5        5      C       -0.6585    0.9796    0.3640
  QMMM:     6        6      C       -1.0212    0.5039   -0.8588
  QMMM:     7        7      H       -0.8369   -1.0056   -2.3120
  QMMM:     8        8      H        1.2222   -2.0659   -1.2333
  QMMM:     9        9      H        1.9840   -1.1248    1.0081
  QMMM:    10       10      H       -1.0863    1.8652    0.6844
  QMMM:    11       11      H       -1.9840    0.8985   -1.3562
  QMMM:    12       12      N        0.9277    1.1317    2.1842
  QMMM:    13       13      H        1.9353    1.0853    2.3120
  QMMM:    14       14      H        0.5831    2.0659    2.2656

--------------------------------------------------------------------------------
  RESULTS
--------------------------------------------------------------------------------

QMMM: SCF Converged to 0.1000E-07 in:    16 Cycles 
          10           1   2.8622124201987953E-015
           8           1   1.2659686667026993E-015
           8           1   1.1647414532422323E-015
          11           1   2.0020674029209984E-015
          10           1   6.3293825475901899E-015
           8           2   4.6875480927410784E-015
           8           1   3.1553400300574075E-015
           8           1   2.0507345279384415E-015
 @@@@ Davidson subroutine Found vectors           6
  i, e0(i), ferr(i), ftol0
  1 +++    3.458794832879396     0.23E-05 0.10E-04
  2 +++    3.573759305398659     0.48E-06 0.10E-04
  3 +++    4.780733447483735     0.31E-05 0.10E-04
  4 +++    5.073185169954146     0.33E-06 0.10E-04
  5 +++    5.205095546834500     0.22E-05 0.10E-04
  6 +++    5.653751428498530     0.97E-05 0.10E-04
 -------------------------------------------------

 Frequencies (eV) and Oscillator strengths (unitless)
        Omega            fx              fy              fz          ftotal
   1     3.45879483287940        0.202997638106862E-01    0.477465585513766E-03    0.109707069851467E-01    0.317479363813466E-01
   2     3.57375930539866        0.125417160065884E-01    0.180981982042662E-01    0.461198722482355E-01    0.767597864590902E-01
   3     4.78073344748374        0.578885486212110E-02    0.896763606948141E-02    0.207323237303221E-01    0.354888146619246E-01
   4     5.07318516995415        0.661750873665085E-01    0.161927777261137        0.234213017210564E-01    0.251524166348702    
   5     5.20509554683450        0.669127392789114E-01    0.719031850259011E-02    0.207759577246266        0.281862635027768    
   6     5.65375142849853        0.237494069272014E-03    0.148945749071840E-01    0.301165403383615E-02    0.181437230102922E-01

 Frequencies (eV) and Transition Dipole Moments (AU)
        Omega            fx              fy              fz          ftotal
   1     3.45879483287940        0.489445268023417       -0.750636500724363E-01    0.359812253684967        0.374656079854567    
   2     3.57375930539866        0.378474717959398        0.454648814357036        0.725775728916924        0.876699065215597    
   3     4.78073344748374        0.222315686761587       -0.276702297353667       -0.420724466304810        0.302997502488540    
   4     5.07318516995415       -0.729672446463241         1.14140918364867        0.434096415478839         2.02367650157675    
   5     5.20509554683450       -0.724371065013710       -0.237454690954799        -1.27640123534787         2.21029828368311    
   6     5.65375142849853        0.414075058202191E-01   -0.327919122845110       -0.147453548156115        0.130988081529586    

 Total energy of the ground state (eV,AU)
           0  -1071.2208618714144       -39.366626173757830     
 Total energies of excited states (eV,AU)
           1  -1067.7620670385350       -39.239517854601488     
           2  -1067.6471025660157       -39.235292989707588     
           3  -1066.4401284239307       -39.190937524327794     
           4  -1066.1476767014603       -39.180190125689336     
           5  -1066.0157663245800       -39.175342510524324     
           6  -1065.5671104429159       -39.158854717014336     
 Ground State Molecular Dipole Moment (A.U.)
                         dx              dy              dz          ftotal
                     0.4843213      0.6019460     -0.1170792      0.7814177    
          35          18       93975794221376
          35          18       93975794221376
          35          18       93975794221376
          35          18       93975794221376
          35          18       93975794221376
          35          18       93975794221376

 Frequencies (eV) Unrelaxed Difference Dipole Moments (AU)
        Omega            dx              dy              dz          ftotal
   1   3.458795      0.2405244      0.1541901      0.5077514      0.5826131    
   2   3.573759     -0.9545063E-01  0.3367156      0.2633653      0.4380063    
   3   4.780733     -0.3706482     -0.3285662     -0.1526863      0.5183135    
   4   5.073185      0.1054936     -0.6094091E-01  0.1159080      0.1681588    
   5   5.205096      0.3813626E-01  0.9710499E-01  0.3081178      0.3253004    
   6   5.653751      0.1368961     -0.3887982     -0.4660345E-02  0.4122211    
QMMM:
QMMM: SCF Energy =       23.84383964 KCal/mol,        99.76262505 KJ/mol
QMMM: SCF Energy = Heat of formation

QMMM: Mulliken Charges of state:    0
QMMM: Atomic Charges for Step       1 :
QMMM:  Atom    Element       Mulliken Charge
QMMM:     1      C              -0.225429
QMMM:     2      C              -0.122646
QMMM:     3      C              -0.165369
QMMM:     4      C               0.036070
QMMM:     5      C              -0.193984
QMMM:     6      C              -0.096876
QMMM:     7      H               0.143956
QMMM:     8      H               0.141812
QMMM:     9      H               0.155605
QMMM:    10      H               0.136798
QMMM:    11      H               0.148061
QMMM:    12      N              -0.359178
QMMM:    13      H               0.207349
QMMM:    14      H               0.193831
QMMM: Total Mulliken Charge =    0.000000

 LPRINT:           1           0

 NSTEP =        0   TIME(PS) =       0.000  TEMP(K) =   291.66  PRESS =     0.0
 Etot   =     -1784.8704  EKtot   =      3820.0801  EPtot      =     -5604.9504
 BOND   =       960.8549  ANGLE   =      1514.0972  DIHED      =         0.0000
 1-4 NB =         0.0000  1-4 EEL =         0.0000  VDWAALS    =     -5634.7795
 EELEC  =     -2468.9669  EHBOND  =         0.0000  RESTRAINT  =         0.0000
 AM1ESCF=        23.8438
 Ewald error estimate:   0.7046E-03
 ------------------------------------------------------------------------------


--------------------------------------------------------------------------------
   5.  TIMINGS
--------------------------------------------------------------------------------

|    Read coords time           0.01 ( 2.50% of Total)
|    Fast Water setup           0.00 ( 0.01% of Total)
|                Build the list             0.07 (89.79% of List )
|                Other                      0.01 (10.21% of List )
|             List time                  0.08 (54.49% of Nonbo)
|                   Short_ene time             0.05 (99.65% of Direc)
|                   Other                      0.00 ( 0.35% of Direc)
|                Direct Ewald time          0.05 (83.71% of Ewald)
|                Adjust Ewald time          0.00 ( 0.53% of Ewald)
|                Self Ewald time            0.00 ( 0.02% of Ewald)
|                   Fill Bspline coeffs        0.00 ( 4.58% of Recip)
|                   Fill charge grid           0.00 ( 9.61% of Recip)
|                   Scalar sum                 0.00 (15.16% of Recip)
|                   Grad sum                   0.00 (10.77% of Recip)
|                   FFT time                   0.01 (59.61% of Recip)
|                   Other                      0.00 ( 0.28% of Recip)
|                Recip Ewald time           0.01 (15.68% of Ewald)
|                Virial junk                0.00 ( 0.06% of Ewald)
|             Ewald time                 0.06 (45.51% of Nonbo)
|          Nonbond force              0.14 (62.61% of Force)
|             QMMM setup                 0.00 ( 0.05% of QMMM )
|             QMMM list build            0.00 ( 0.25% of QMMM )
|             QMMM prep coords           0.00 ( 0.24% of QMMM )
|                   QMMM hcore QM-QM           0.00 (40.27% of QMMM )
|                   QMMM hcore QM-MM           0.00 (59.57% of QMMM )
|                   Other                      0.00 ( 0.16% of QMMM )
|                QMMM hcore calc            0.00 (23.20% of QMMM )
|                   QMMM fock build            0.00 (39.24% of QMMM )
|                   QMMM elec-energy cal       0.00 ( 0.66% of QMMM )
|                   QMMM full matrix dia       0.00 (28.99% of QMMM )
|                   QMMM pseudo matrix d       0.00 (24.03% of QMMM )
|                   QMMM density build         0.00 ( 5.38% of QMMM )
|                   Other                      0.00 ( 1.71% of QMMM )
|                QMMM scf                   0.00 (76.80% of QMMM )
|             QMMM energy                0.00 ( 3.07% of QMMM )
|             QMMM Collate Forces        0.00 ( 0.02% of QMMM )
|             Other                      0.08 (96.36% of QMMM )
|          QMMM                       0.08 (37.20% of Force)
|          Bond/Angle/Dihedral        0.00 ( 0.17% of Force)
|          Other                      0.00 ( 0.02% of Force)
|       Force time                 0.22 (99.55% of Runmd)
|       Other                      0.00 ( 0.45% of Runmd)
|    Runmd Time                 0.23 (84.31% of Total)
|    Other                      0.04 (13.18% of Total)
| Total time                 0.27 (100.0% of ALL  )

| Number of list builds   :          1

| Highest rstack allocated:     366766
| Highest istack allocated:       4394
|           Job began  at 14:48:37.414  on 02/14/2020
|           Setup done at 14:48:37.456  on 02/14/2020
|           Run   done at 14:48:37.682  on 02/14/2020
|     wallclock() was called     259 times
ASSERTion 'ier == 0' failed in src/sqm/qmmm_module.F90 at line    892.
