
          -------------------------------------------------------
          Amber 18 SANDER                              2018
          -------------------------------------------------------

| Run on 02/12/2020 at 12:08:30

|   Executable path: sander
| Working directory: /home/dustin/Documents/TestRuns/qm_mm_prop/benzene_nh2/qmground/traj_1/restart_1
|          Hostname: Unknown
  [-O]verwriting output

File Assignments:
|  MDIN: nasqm_qmground_t1_r1.in                                               
| MDOUT: nasqm_qmground_t1_r1.out                                              
|INPCRD: snap_for_qmground_t1_r1.rst                                           
|  PARM: m1.prmtop                                                             
|RESTRT: snap_for_qmground_t1_r2.rst                                           
|  REFC: refc                                                                  
| MDVEL: mdvel                                                                 
| MDFRC: mdfrc                                                                 
|  MDEN: mden                                                                  
| MDCRD: nasqm_qmground_t1_r1.nc                                               
|MDINFO: mdinfo                                                                
|  MTMD: mtmd                                                                  
|INPDIP: inpdip                                                                
|RSTDIP: rstdip                                                                
|INPTRA: inptraj                                                               


 Here is the input file:

300K constant temp QMMMMD                                                      
 &cntrl                                                                        
  imin=0,                                                                      
  iwrap=1,                                                                     
  irest=0,                                                                     
  ntx=5,                                                                       
  ntb=1, ! 1-Constant Volume, 2-Pressure                                       
  ntp=0,                                                                       
  ig=-1,                                                                       
  taup=2.0,                                                                    
  cut=8.0,                                                                     
  ntr=0,                                                                       
  tempi=300.0,                                                                 
  temp0=300.0,                                                                 
  ntt=0, ! 0-Constant-Energy, 1-Weak-Coupling, 2-Anderson, 3-Langevin          
  gamma_ln=0, ! must be 0 if ntt < 3                                           
  nstlim=10,                                                                   
  dt=0.0005,                                                                   
  ntpr=1,                                                                      
  ntwx=2,                                                                      
  ntwv=-1,                                                                     
  ifqnt=1                                                                      
 /                                                                             
 &qmmm                                                                         
  scfconv=1.0000E-10,                                                          
  verbosity=1,                                                                 
  qmmask=':1',                                                                 
  diag_routine=1,                                                              
  qmcharge=0,                                                                  
  qm_theory='AM1',                                                             
  qmshake=0,                                                                   
  printdipole=1,                                                               
  qm_ewald=0,                                                                  
  qm_pme=0,                                                                    
 /                                                                             

--------------------------------------------------------------------------------
   1.  RESOURCE   USE: 
--------------------------------------------------------------------------------

| Flags:                                                                        
 getting new box info from bottom of inpcrd
|  INFO: Old style inpcrd file read

| peek_ewald_inpcrd: Box info found
|Largest sphere to fit in unit cell has radius =    22.679
| New format PARM file being parsed.
| Version =    1.000 Date = 09/26/18 Time = 13:58:55
 NATOM  =    4394 NTYPES =       7 NBONH =     883 MBONA  =    2635
 NTHETH =    2641 MTHETA =    2636 NPHIH =      26 MPHIA  =       9
 NHPARM =       0 NPARM  =       0 NNB   =    9698 NRES   =     877
 NBONA  =    2635 NTHETA =    2636 NPHIA =       9 NUMBND =       6
 NUMANG =       7 NPTRA  =       3 NATYP =       7 NPHB   =       0
 IFBOX  =       1 NMXRS  =      14 IFCAP =       0 NEXTRA =       0
 NCOPY  =       0


|     Memory Use     Allocated
|     Real              373094
|     Hollerith          14061
|     Integer           159675
|     Max Pairs        1464666
|     nblistReal         52728
|     nblist Int        368993
|       Total            11168 kbytes

| Note: 1-4 EEL scale factors are being read from the topology file.

| Note: 1-4 VDW scale factors are being read from the topology file.
| Duplicated    0 dihedrals
| Duplicated    0 dihedrals
LOADING THE QUANTUM ATOMS AS GROUPS
     Mask :1; matches    14 atoms

     BOX TYPE: RECTILINEAR
Note: ig = -1. Setting random seed to   727908 based on wallclock time in microseconds.

--------------------------------------------------------------------------------
   2.  CONTROL  DATA  FOR  THE  RUN
--------------------------------------------------------------------------------

m1                                                                              

General flags:
     imin    =       0, nmropt  =       0

Nature and format of input:
     ntx     =       5, irest   =       0, ntrx    =       1

Nature and format of output:
     ntxo    =       2, ntpr    =       1, ntrx    =       1, ntwr    =      10
     iwrap   =       1, ntwx    =       2, ntwv    =      -1, ntwe    =       0
     ioutfm  =       1, ntwprt  =       0, idecomp =       0, rbornstat=      0

Potential function:
     ntf     =       1, ntb     =       1, igb     =       0, nsnb    =      25
     ipol    =       0, gbsa    =       0, iesp    =       0
     dielc   =   1.00000, cut     =   8.00000, intdiel =   1.00000

Frozen or restrained atoms:
     ibelly  =       0, ntr     =       0

Molecular dynamics:
     nstlim  =        10, nscm    =      1000, nrespa  =         1
     t       =   0.00000, dt      =   0.00050, vlimit  =  20.00000

Initial temperature generation:
     ig      =  727908
     tempi   = 300.00000

Ewald parameters:
     verbose =       0, ew_type =       0, nbflag  =       1, use_pme =       1
     vdwmeth =       1, eedmeth =       1, netfrc  =       1
     Box X =   49.256   Box Y =   50.133   Box Z =   45.358
     Alpha =   90.000   Beta  =   90.000   Gamma =   90.000
     NFFT1 =   50       NFFT2 =   50       NFFT3 =   45
     Cutoff=    8.000   Tol   =0.100E-04
     Ewald Coefficient =  0.34864
     Interpolation order =    4

QMMM options:
             ifqnt = True       nquant =       14
              qmgb =        0  qmcharge =        0   adjust_q =        2
              spin =        1     qmcut =   8.0000    qmshake =        0
          qmmm_int =        1
     lnk_atomic_no =        1   lnk_dis =   1.0900 lnk_method =        1
          qm_theory =     AM1 verbosity =        1
            qmqmdx = Analytical
      tight_p_conv = False (converge density to 0.05xSqrt[SCFCRT])
           scfconv = 0.100E-09  itrmax =     1000
      printcharges = False      printdipole = QM         peptide_corr = False
    qmmmrij_incore = True 
  qmqm_erep_incore = True 
       pseudo_diag = True pseudo_diag_criteria =   0.0500
      diag_routine =        1
          qm_ewald =        0 qm_pme = False 

--------------------------------------------------------------------------------
   3.  ATOMIC COORDINATES AND VELOCITIES
--------------------------------------------------------------------------------

Cpptraj Generated Restart                                                       
 begin time read from input coords =     0.005 ps

 Number of triangulated 3-point waters found:        0
 identifying link atoms
 identified link atoms

     Sum of charges from parm topology file =   0.00000100
     Forcing neutrality...
QMMM: ADJUSTING CHARGES
QMMM: ----------------------------------------------------------------------
QMMM: adjust_q = 2
QMMM: Uniformly adjusting the charge of MM atoms to conserve total charge.
QMMM:                             qm_charge =    0
QMMM: QM atom RESP charge sum (inc MM link) =    0.000
QMMM: Adjusting each MM atom resp charge by =    0.000
QMMM:          Sum of MM + QM region is now =    0.000
QMMM: ----------------------------------------------------------------------
|  # of SOLUTE  degrees of freedom (RNDFP):   13182.
|  # of SOLVENT degrees of freedom (RNDFS):       0.
|  QMSHAKE_NOSHAKEMASK_OVERLAP =      0
|  NDFMIN =   13179.     NUM_NOSHAKE =      0     CORRECTED RNDFP =   13179.
|  TOTAL # of degrees of freedom (RNDF) =   13179.
 ---------------------------------------------------
 APPROXIMATING switch and d/dx switch using CUBIC SPLINE INTERPOLATION
 using   5000.0 points per unit in tabled values
 TESTING RELATIVE ERROR over r ranging from 0.0 to cutoff
| CHECK switch(x): max rel err =   0.2738E-14   at   2.422500
| CHECK d/dx switch(x): max rel err =   0.8332E-11   at   2.782960
 ---------------------------------------------------
| Local SIZE OF NONBOND LIST =     349562
| TOTAL SIZE OF NONBOND LIST =     349562

QMMM: Link Atom Information
QMMM: ------------------------------------------------------------------------
QMMM: nlink =     0
QMMM: ------------------------------------------------------------------------

  QMMM: QM Region Cartesian Coordinates (*=link atom) 
  QMMM: QM_NO.   MM_NO.  ATOM         X         Y         Z
  QMMM:     1        1      C       -0.3838   -0.4717   -1.3763
  QMMM:     2        2      C        0.7062   -1.0400   -0.7406
  QMMM:     3        3      C        1.1703   -0.6368    0.5288
  QMMM:     4        4      C        0.4654    0.4417    1.0896
  QMMM:     5        5      C       -0.6588    1.0612    0.4094
  QMMM:     6        6      C       -1.0376    0.5820   -0.8082
  QMMM:     7        7      H       -0.5613   -0.8497   -2.4067
  QMMM:     8        8      H        1.1771   -1.9369   -1.2151
  QMMM:     9        9      H        1.9853   -1.2332    1.0080
  QMMM:    10       10      H       -1.2744    1.8388    0.9347
  QMMM:    11       11      H       -1.9853    0.8903   -1.3120
  QMMM:    12       12      N        0.9702    1.0371    2.2638
  QMMM:    13       13      H        1.9595    1.2188    2.3053
  QMMM:    14       14      H        0.5357    1.9369    2.4067

--------------------------------------------------------------------------------
  3.1 QM CALCULATION INFO
--------------------------------------------------------------------------------

| QMMM: Citation for AMBER QMMM Run:
| QMMM: R.C. Walker, M.F. Crowley and D.A. Case, J. COMP. CHEM. 29:1019, 2008

QMMM: SINGLET STATE CALCULATION
QMMM: RHF CALCULATION, NO. OF DOUBLY OCCUPIED LEVELS = 18

| QMMM: *** Selected Hamiltonian *** 
| QMMM: AM1         

| QMMM: *** Parameter sets in use ***
| QMMM: C : M.J.S.DEWAR et al. JACS, 107, 3902, (1985)
| QMMM: H : M.J.S.DEWAR et al. JACS, 107, 3902, (1985)
| QMMM: N : M.J.S.DEWAR et al. JACS, 107, 3902, (1985)

| QMMM: *** Diagonalization Routine Information ***
| QMMM: Pseudo diagonalizations are allowed.
| QMMM: Auto diagonalization routine selection is disabled.
| QMMM: Using internal diagonalization routine (diag_routine=1).

| QMMM: Estimated QM Dynamic Memory Usage (per thread)
| QMMM: ---------------------------------------------------
| QMMM:              QM Atom Type Info :          800 bytes
| QMMM:         QM RESP Charge Storage :          112 bytes
| QMMM:            QM Atom Number List :           56 bytes
| QMMM:                Link Atom Pairs :            0 bytes
| QMMM:          QM Atomic Number List :           56 bytes
| QMMM:                QM-MM Pair List :        17524 bytes
| QMMM:                   QM Atom Mask :         8788 bytes
| QMMM:           QM Coordinate Arrays :       140944 bytes
| QMMM:         Scaled MM Charge Array :        35152 bytes
| QMMM:    SCF Mulliken Charge Storage :          112 bytes
| QMMM:                QM Force Arrays :       105792 bytes
| QMMM:                 Density Matrix :         5040 bytes
| QMMM:          Density Matrix Copies :         5320 bytes
| QMMM: Fock2 Density Matrix Workspace :         1792 bytes
| QMMM:                    Fock Matrix :         5040 bytes
| QMMM:           Eigen Vector Storage :         9800 bytes
| QMMM: QM-QM Elec Repulsion Integrals :        16016 bytes
| QMMM:  QM 2-Elec Repulsion Integrals :        20888 bytes
| QMMM:              1-Electron Matrix :         5040 bytes
| QMMM:       _REAL_ parameter storage :        38584 bytes
| QMMM:      integer parameter storage :          448 bytes
| QMMM:         QM-MM RIJ Eqns storage :       204600 bytes
| QMMM:          _REAL_ Scratch arrays :       164472 bytes
| QMMM:         Integer Scratch arrays :        55176 bytes
| QMMM: ---------------------------------------------------
| QMMM:        Total Dynamic Memory Usage:      0.803 Mb

--------------------------------------------------------------------------------
   4.  RESULTS
--------------------------------------------------------------------------------

QMMM: SCF Converged to 0.1000E-09 in:    22 Cycles 
QMMM:
QMMM: SCF Energy =       23.73938041 KCal/mol,        99.32556762 KJ/mol
QMMM: SCF Energy = Heat of formation

 NSTEP =        0   TIME(PS) =       0.000  TEMP(K) =   288.17  PRESS =     0.0
 Etot   =     -1870.7920  EKtot   =      3773.4217  EPtot      =     -5644.2137
 BOND   =      1004.5257  ANGLE   =      1466.2037  DIHED      =         0.0000
 1-4 NB =         0.0000  1-4 EEL =         0.0000  VDWAALS    =     -5636.3201
 EELEC  =     -2502.3623  EHBOND  =         0.0000  RESTRAINT  =         0.0000
 AM1ESCF=        23.7394
 Ewald error estimate:   0.4942E-03
 ------------------------------------------------------------------------------

QMMM: SCF Converged to 0.1000E-09 in:     3 Cycles 
QMMM:
QMMM: SCF Energy =       23.73938041 KCal/mol,        99.32556762 KJ/mol
QMMM: SCF Energy = Heat of formation

 NSTEP =        1   TIME(PS) =       0.001  TEMP(K) =   288.17  PRESS =     0.0
 Etot   =     -1870.7920  EKtot   =      3773.4217  EPtot      =     -5644.2137
 BOND   =      1004.5257  ANGLE   =      1466.2037  DIHED      =         0.0000
 1-4 NB =         0.0000  1-4 EEL =         0.0000  VDWAALS    =     -5636.3201
 EELEC  =     -2502.3623  EHBOND  =         0.0000  RESTRAINT  =         0.0000
 AM1ESCF=        23.7394
 Ewald error estimate:   0.4942E-03
 ------------------------------------------------------------------------------

                  X        Y        Z     TOTAL  
  QM DIPOLE (Debye)    0.848    0.985   -0.684    1.468
QMMM: SCF Converged to 0.1000E-09 in:    15 Cycles 
QMMM:
QMMM: SCF Energy =       23.77418032 KCal/mol,        99.47117044 KJ/mol
QMMM: SCF Energy = Heat of formation

 NSTEP =        2   TIME(PS) =       0.001  TEMP(K) =   290.80  PRESS =     0.0
 Etot   =     -1871.5644  EKtot   =      3807.8794  EPtot      =     -5679.4438
 BOND   =       963.3709  ANGLE   =      1471.0419  DIHED      =         0.0000
 1-4 NB =         0.0000  1-4 EEL =         0.0000  VDWAALS    =     -5637.1608
 EELEC  =     -2500.4699  EHBOND  =         0.0000  RESTRAINT  =         0.0000
 AM1ESCF=        23.7742
 Ewald error estimate:   0.4904E-03
 ------------------------------------------------------------------------------

                  X        Y        Z     TOTAL  
  QM DIPOLE (Debye)    0.838    0.983   -0.709    1.473
QMMM: SCF Converged to 0.1000E-09 in:    17 Cycles 
QMMM:
QMMM: SCF Energy =       23.70767278 KCal/mol,        99.19290293 KJ/mol
QMMM: SCF Energy = Heat of formation

 NSTEP =        3   TIME(PS) =       0.002  TEMP(K) =   293.63  PRESS =     0.0
 Etot   =     -1872.3940  EKtot   =      3845.0054  EPtot      =     -5717.3994
 BOND   =       921.2995  ANGLE   =      1474.7365  DIHED      =         0.0000
 1-4 NB =         0.0000  1-4 EEL =         0.0000  VDWAALS    =     -5638.0500
 EELEC  =     -2499.0931  EHBOND  =         0.0000  RESTRAINT  =         0.0000
 AM1ESCF=        23.7077
 Ewald error estimate:   0.4889E-03
 ------------------------------------------------------------------------------

                  X        Y        Z     TOTAL  
  QM DIPOLE (Debye)    0.830    0.983   -0.731    1.480
QMMM: SCF Converged to 0.1000E-09 in:    17 Cycles 
QMMM:
QMMM: SCF Energy =       23.44207827 KCal/mol,        98.08165547 KJ/mol
QMMM: SCF Energy = Heat of formation

 NSTEP =        4   TIME(PS) =       0.002  TEMP(K) =   295.67  PRESS =     0.0
 Etot   =     -1873.1299  EKtot   =      3871.7214  EPtot      =     -5744.8513
 BOND   =       891.6646  ANGLE   =      1477.2217  DIHED      =         0.0000
 1-4 NB =         0.0000  1-4 EEL =         0.0000  VDWAALS    =     -5638.8255
 EELEC  =     -2498.3542  EHBOND  =         0.0000  RESTRAINT  =         0.0000
 AM1ESCF=        23.4421
 Ewald error estimate:   0.4759E-03
 ------------------------------------------------------------------------------

                  X        Y        Z     TOTAL  
  QM DIPOLE (Debye)    0.881    1.022   -0.647    1.496
QMMM: SCF Converged to 0.1000E-09 in:    16 Cycles 
QMMM:
QMMM: SCF Energy =       23.30726104 KCal/mol,        97.51758020 KJ/mol
QMMM: SCF Energy = Heat of formation

 NSTEP =        5   TIME(PS) =       0.003  TEMP(K) =   296.20  PRESS =     0.0
 Etot   =     -1873.3027  EKtot   =      3878.5813  EPtot      =     -5751.8840
 BOND   =       884.0613  ANGLE   =      1478.4739  DIHED      =         0.0000
 1-4 NB =         0.0000  1-4 EEL =         0.0000  VDWAALS    =     -5639.4066
 EELEC  =     -2498.3199  EHBOND  =         0.0000  RESTRAINT  =         0.0000
 AM1ESCF=        23.3073
 Ewald error estimate:   0.4894E-03
 ------------------------------------------------------------------------------

                  X        Y        Z     TOTAL  
  QM DIPOLE (Debye)    0.877    1.027   -0.661    1.503
QMMM: SCF Converged to 0.1000E-09 in:    17 Cycles 
QMMM:
QMMM: SCF Energy =       23.19056549 KCal/mol,        97.02932601 KJ/mol
QMMM: SCF Energy = Heat of formation

 NSTEP =        6   TIME(PS) =       0.003  TEMP(K) =   294.98  PRESS =     0.0
 Etot   =     -1873.0680  EKtot   =      3862.6217  EPtot      =     -5735.6897
 BOND   =       901.4282  ANGLE   =      1478.5272  DIHED      =         0.0000
 1-4 NB =         0.0000  1-4 EEL =         0.0000  VDWAALS    =     -5639.8225
 EELEC  =     -2499.0132  EHBOND  =         0.0000  RESTRAINT  =         0.0000
 AM1ESCF=        23.1906
 Ewald error estimate:   0.5043E-03
 ------------------------------------------------------------------------------

                  X        Y        Z     TOTAL  
  QM DIPOLE (Debye)    0.876    1.033   -0.671    1.512
QMMM: SCF Converged to 0.1000E-09 in:    17 Cycles 
QMMM:
QMMM: SCF Energy =       23.09997018 KCal/mol,        96.65027522 KJ/mol
QMMM: SCF Energy = Heat of formation

 NSTEP =        7   TIME(PS) =       0.004  TEMP(K) =   292.35  PRESS =     0.0
 Etot   =     -1872.3617  EKtot   =      3828.2604  EPtot      =     -5700.6222
 BOND   =       939.1281  ANGLE   =      1477.4849  DIHED      =         0.0000
 1-4 NB =         0.0000  1-4 EEL =         0.0000  VDWAALS    =     -5639.9368
 EELEC  =     -2500.3984  EHBOND  =         0.0000  RESTRAINT  =         0.0000
 AM1ESCF=        23.1000
 Ewald error estimate:   0.5136E-03
 ------------------------------------------------------------------------------

                  X        Y        Z     TOTAL  
  QM DIPOLE (Debye)    0.880    1.041   -0.678    1.522
QMMM: SCF Converged to 0.1000E-09 in:    17 Cycles 
QMMM:
QMMM: SCF Energy =       23.01776821 KCal/mol,        96.30634217 KJ/mol
QMMM: SCF Energy = Heat of formation

 NSTEP =        8   TIME(PS) =       0.004  TEMP(K) =   289.13  PRESS =     0.0
 Etot   =     -1871.4230  EKtot   =      3785.9775  EPtot      =     -5657.4006
 BOND   =       986.2876  ANGLE   =      1475.5233  DIHED      =         0.0000
 1-4 NB =         0.0000  1-4 EEL =         0.0000  VDWAALS    =     -5639.8442
 EELEC  =     -2502.3851  EHBOND  =         0.0000  RESTRAINT  =         0.0000
 AM1ESCF=        23.0178
 Ewald error estimate:   0.5267E-03
 ------------------------------------------------------------------------------

                  X        Y        Z     TOTAL  
  QM DIPOLE (Debye)    0.887    1.049   -0.681    1.533
QMMM: SCF Converged to 0.1000E-09 in:    17 Cycles 
QMMM:
QMMM: SCF Energy =       22.90869253 KCal/mol,        95.84996955 KJ/mol
QMMM: SCF Energy = Heat of formation

 NSTEP =        9   TIME(PS) =       0.005  TEMP(K) =   286.31  PRESS =     0.0
 Etot   =     -1870.5247  EKtot   =      3749.1600  EPtot      =     -5619.6848
 BOND   =      1029.0002  ANGLE   =      1472.8835  DIHED      =         0.0000
 1-4 NB =         0.0000  1-4 EEL =         0.0000  VDWAALS    =     -5639.6391
 EELEC  =     -2504.8381  EHBOND  =         0.0000  RESTRAINT  =         0.0000
 AM1ESCF=        22.9087
 Ewald error estimate:   0.5443E-03
 ------------------------------------------------------------------------------

                  X        Y        Z     TOTAL  
  QM DIPOLE (Debye)    0.898    1.058   -0.680    1.546
QMMM: SCF Converged to 0.1000E-09 in:    19 Cycles 
QMMM:
QMMM: SCF Energy =       22.73447624 KCal/mol,        95.12104858 KJ/mol
QMMM: SCF Energy = Heat of formation

 NSTEP =       10   TIME(PS) =       0.005  TEMP(K) =   284.85  PRESS =     0.0
 Etot   =     -1870.0654  EKtot   =      3730.0564  EPtot      =     -5600.1218
 BOND   =      1054.4407  ANGLE   =      1469.8531  DIHED      =         0.0000
 1-4 NB =         0.0000  1-4 EEL =         0.0000  VDWAALS    =     -5639.5627
 EELEC  =     -2507.5874  EHBOND  =         0.0000  RESTRAINT  =         0.0000
 AM1ESCF=        22.7345
 Ewald error estimate:   0.5648E-03
 ------------------------------------------------------------------------------

                  X        Y        Z     TOTAL  
  QM DIPOLE (Debye)    0.913    1.069   -0.676    1.560

      A V E R A G E S   O V E R      10 S T E P S


 NSTEP =       10   TIME(PS) =       0.005  TEMP(K) =   291.21  PRESS =     0.0
 Etot   =     -1871.8626  EKtot   =      3813.2685  EPtot      =     -5685.1311
 BOND   =       957.5207  ANGLE   =      1474.1950  DIHED      =         0.0000
 1-4 NB =         0.0000  1-4 EEL =         0.0000  VDWAALS    =     -5638.8568
 EELEC  =     -2501.2822  EHBOND  =         0.0000  RESTRAINT  =         0.0000
 AM1ESCF=        23.2922
 Ewald error estimate:   0.5092E-03
 ------------------------------------------------------------------------------


      R M S  F L U C T U A T I O N S


 NSTEP =       10   TIME(PS) =       0.005  TEMP(K) =     3.80  PRESS =     0.0
 Etot   =         1.1006  EKtot   =        49.7453  EPtot      =        50.8382
 BOND   =        56.6604  ANGLE   =         3.9178  DIHED      =         0.0000
 1-4 NB =         0.0000  1-4 EEL =         0.0000  VDWAALS    =         1.2021
 EELEC  =         2.8899  EHBOND  =         0.0000  RESTRAINT  =         0.0000
 AM1ESCF=         0.3476
|E(PBS) =         0.0599
 Ewald error estimate:   0.2678E-04
 ------------------------------------------------------------------------------


--------------------------------------------------------------------------------
   5.  TIMINGS
--------------------------------------------------------------------------------

|    Read coords time           0.01 ( 3.65% of Total)
|    Fast Water setup           0.00 ( 0.01% of Total)
|                Build the list             0.03 (64.66% of List )
|                Other                      0.01 (35.34% of List )
|             List time                  0.04 (17.77% of Nonbo)
|                   Short_ene time             0.10 (97.99% of Direc)
|                   Other                      0.00 ( 2.01% of Direc)
|                Direct Ewald time          0.10 (53.00% of Ewald)
|                Adjust Ewald time          0.00 ( 2.12% of Ewald)
|                Self Ewald time            0.00 ( 0.02% of Ewald)
|                   Fill Bspline coeffs        0.00 ( 2.89% of Recip)
|                   Fill charge grid           0.01 ( 8.66% of Recip)
|                   Scalar sum                 0.02 (21.89% of Recip)
|                   Grad sum                   0.01 (15.60% of Recip)
|                   FFT time                   0.04 (50.62% of Recip)
|                   Other                      0.00 ( 0.33% of Recip)
|                Recip Ewald time           0.08 (44.71% of Ewald)
|                Force Adjust               0.00 ( 0.03% of Ewald)
|                Virial junk                0.00 ( 0.11% of Ewald)
|                Other                      0.00 ( 0.01% of Ewald)
|             Ewald time                 0.19 (82.22% of Nonbo)
|             Other                      0.00 ( 0.01% of Nonbo)
|          Nonbond force              0.23 (84.42% of Force)
|             QMMM setup                 0.00 ( 1.92% of QMMM )
|             QMMM list build            0.00 ( 1.64% of QMMM )
|             QMMM prep coords           0.00 ( 5.19% of QMMM )
|             QMMM RIJ Eqns Calc         0.00 ( 3.49% of QMMM )
|                   QMMM hcore QM-QM           0.00 (80.78% of QMMM )
|                   QMMM hcore QM-MM           0.00 (19.22% of QMMM )
|                QMMM hcore calc            0.00 (14.38% of QMMM )
|                   QMMM fock build            0.01 (36.48% of QMMM )
|                   QMMM elec-energy cal       0.00 ( 0.67% of QMMM )
|                   QMMM full matrix dia       0.01 (25.86% of QMMM )
|                   QMMM pseudo matrix d       0.01 (30.76% of QMMM )
|                   QMMM density build         0.00 ( 5.69% of QMMM )
|                   Other                      0.00 ( 0.53% of QMMM )
|                QMMM scf                   0.02 (85.58% of QMMM )
|                Other                      0.00 ( 0.04% of QMMM )
|             QMMM energy                0.03 (69.94% of QMMM )
|             QMMM QM-QM force           0.00 ( 9.79% of QMMM )
|             QMMM QM-MM force           0.00 ( 7.13% of QMMM )
|             QMMM Collate Forces        0.00 ( 0.15% of QMMM )
|             Other                      0.00 ( 0.76% of QMMM )
|          QMMM                       0.04 (14.00% of Force)
|          Bond/Angle/Dihedral        0.00 ( 1.54% of Force)
|          Other                      0.00 ( 0.04% of Force)
|       Force time                 0.27 (97.85% of Runmd)
|       Verlet update time         0.01 ( 1.93% of Runmd)
|       Other                      0.00 ( 0.22% of Runmd)
|    Runmd Time                 0.27 (78.20% of Total)
|    Other                      0.06 (18.14% of Total)
| Total time                 0.35 (100.0% of ALL  )

| Number of list builds   :          1

| Highest rstack allocated:     366766
| Highest istack allocated:       4394

| Final Performance Info:
| -----------------------------------------------------
| Average timings for all steps:
|     Elapsed(s) =       0.27 Per Step(ms) =      27.39
|         ns/day =       1.58   seconds/ns =   54784.80
| -----------------------------------------------------

|           Job began  at 12:08:30.666  on 02/12/2020
|           Setup done at 12:08:30.743  on 02/12/2020
|           Run   done at 12:08:31.017  on 02/12/2020
|     wallclock() was called    2840 times
ASSERTion 'ier == 0' failed in src/sqm/qmmm_module.F90 at line    892.
