
          -------------------------------------------------------
          Amber 18 SANDER                              2018
          -------------------------------------------------------

| Run on 02/14/2020 at 14:48:39

|   Executable path: sander
| Working directory: /home/dustin/Documents/TestRuns/qm_mm_prop/benzene_nh2/abs/traj_4/8
|          Hostname: Unknown
  [-O]verwriting output

File Assignments:
|  MDIN: nasqm_abs_t4_8.in                                                     
| MDOUT: nasqm_abs_t4_8.out                                                    
|INPCRD: snap_8_for_absorption_t4.rst                                          
|  PARM: m1.prmtop                                                             
|RESTRT: snap_8_for_absorption_t4_back.rst                                     
|  REFC: refc                                                                  
| MDVEL: mdvel                                                                 
| MDFRC: mdfrc                                                                 
|  MDEN: mden                                                                  
| MDCRD: nasqm_abs_t4_8.nc                                                     
|MDINFO: mdinfo                                                                
|  MTMD: mtmd                                                                  
|INPDIP: inpdip                                                                
|RSTDIP: rstdip                                                                
|INPTRA: inptraj                                                               


 Here is the input file:

300K constant temp QMMMMD                                                      
 &cntrl                                                                        
  imin=0,                                                                      
  irest=0,                                                                     
  ntx=5,                                                                       
  ntb=1,                                                                       
  ntp=0,                                                                       
  ig=-1,                                                                       
  taup=2.0,                                                                    
  cut=16.0,                                                                    
  ntr=0,                                                                       
  tempi=300.0,                                                                 
  temp0=300.0,                                                                 
  ntt=3,                                                                       
  gamma_ln=2.0,                                                                
  nstlim=0,                                                                    
  dt=0.0005,                                                                   
  ntpr=1,                                                                      
  ntwx=0,                                                                      
  ntwv=0,                                                                      
  ifqnt=1                                                                      
 /                                                                             
 &qmmm                                                                         
  scfconv=1.0000E-8,                                                           
  verbosity=1,                                                                 
  qmmask=':1',                                                                 
  diag_routine=1,                                                              
  qmcharge=0,                                                                  
  qm_theory='AM1',                                                             
  qmshake=0,                                                                   
  qm_ewald=0,                                                                  
  qm_pme=0,                                                                    
  nae=1                                                                        
 /                                                                             

--------------------------------------------------------------------------------
   1.  RESOURCE   USE: 
--------------------------------------------------------------------------------

| Flags:                                                                        
 getting new box info from bottom of inpcrd
|  INFO: Old style inpcrd file read

| peek_ewald_inpcrd: Box info found
|Largest sphere to fit in unit cell has radius =    22.679
| New format PARM file being parsed.
| Version =    1.000 Date = 09/26/18 Time = 13:58:55
 NATOM  =    4394 NTYPES =       7 NBONH =     883 MBONA  =    2635
 NTHETH =    2641 MTHETA =    2636 NPHIH =      26 MPHIA  =       9
 NHPARM =       0 NPARM  =       0 NNB   =    9698 NRES   =     877
 NBONA  =    2635 NTHETA =    2636 NPHIA =       9 NUMBND =       6
 NUMANG =       7 NPTRA  =       3 NATYP =       7 NPHB   =       0
 IFBOX  =       1 NMXRS  =      14 IFCAP =       0 NEXTRA =       0
 NCOPY  =       0


|     Memory Use     Allocated
|     Real              369502
|     Hollerith          14061
|     Integer           159675
|     Max Pairs        8541936
|     nblistReal         52728
|     nblist Int        151766
|       Total            37937 kbytes

| Note: 1-4 EEL scale factors are being read from the topology file.

| Note: 1-4 VDW scale factors are being read from the topology file.
| Duplicated    0 dihedrals
| Duplicated    0 dihedrals
LOADING THE QUANTUM ATOMS AS GROUPS
     Mask :1; matches    14 atoms

     BOX TYPE: RECTILINEAR
Note: ig = -1. Setting random seed to   671023 based on wallclock time in microseconds.

--------------------------------------------------------------------------------
   2.  CONTROL  DATA  FOR  THE  RUN
--------------------------------------------------------------------------------

m1                                                                              

General flags:
     imin    =       0, nmropt  =       0

Nature and format of input:
     ntx     =       5, irest   =       0, ntrx    =       1

Nature and format of output:
     ntxo    =       2, ntpr    =       1, ntrx    =       1, ntwr    =       1
     iwrap   =       0, ntwx    =       0, ntwv    =       0, ntwe    =       0
     ioutfm  =       1, ntwprt  =       0, idecomp =       0, rbornstat=      0

Potential function:
     ntf     =       1, ntb     =       1, igb     =       0, nsnb    =      25
     ipol    =       0, gbsa    =       0, iesp    =       0
     dielc   =   1.00000, cut     =  16.00000, intdiel =   1.00000

Frozen or restrained atoms:
     ibelly  =       0, ntr     =       0

Molecular dynamics:
     nstlim  =         0, nscm    =      1000, nrespa  =         1
     t       =   0.00000, dt      =   0.00050, vlimit  =  20.00000

Langevin dynamics temperature regulation:
     ig      =  671023
     temp0   = 300.00000, tempi   = 300.00000, gamma_ln=   2.00000

Ewald parameters:
     verbose =       0, ew_type =       0, nbflag  =       1, use_pme =       1
     vdwmeth =       1, eedmeth =       1, netfrc  =       1
     Box X =   49.256   Box Y =   50.133   Box Z =   45.358
     Alpha =   90.000   Beta  =   90.000   Gamma =   90.000
     NFFT1 =   50       NFFT2 =   50       NFFT3 =   45
     Cutoff=   16.000   Tol   =0.100E-04
     Ewald Coefficient =  0.16683
     Interpolation order =    4

QMMM options:
             ifqnt = True       nquant =       14
              qmgb =        0  qmcharge =        0   adjust_q =        2
              spin =        1     qmcut =  16.0000    qmshake =        0
          qmmm_int =        1
     lnk_atomic_no =        1   lnk_dis =   1.0900 lnk_method =        1
          qm_theory =     AM1 verbosity =        1
            qmqmdx = Analytical
      tight_p_conv = False (converge density to 0.05xSqrt[SCFCRT])
           scfconv = 0.100E-07  itrmax =     1000
      printcharges = False      printdipole = False      peptide_corr = False
    qmmmrij_incore = True 
  qmqm_erep_incore = True 
       pseudo_diag = True pseudo_diag_criteria =   0.0500
      diag_routine =        1
          qm_ewald =        0 qm_pme = False 

--------------------------------------------------------------------------------
   3.  ATOMIC COORDINATES AND VELOCITIES
--------------------------------------------------------------------------------

Cpptraj Generated Restart                                                       
 begin time read from input coords =     0.000 ps

 Number of triangulated 3-point waters found:        0
 identifying link atoms
 identified link atoms

     Sum of charges from parm topology file =   0.00000100
     Forcing neutrality...
QMMM: ADJUSTING CHARGES
QMMM: ----------------------------------------------------------------------
QMMM: adjust_q = 2
QMMM: Uniformly adjusting the charge of MM atoms to conserve total charge.
QMMM:                             qm_charge =    0
QMMM: QM atom RESP charge sum (inc MM link) =    0.000
QMMM: Adjusting each MM atom resp charge by =    0.000
QMMM:          Sum of MM + QM region is now =    0.000
QMMM: ----------------------------------------------------------------------
|  # of SOLUTE  degrees of freedom (RNDFP):   13182.
|  # of SOLVENT degrees of freedom (RNDFS):       0.
|  QMSHAKE_NOSHAKEMASK_OVERLAP =      0
|  NDFMIN =   13182.     NUM_NOSHAKE =      0     CORRECTED RNDFP =   13182.
|  TOTAL # of degrees of freedom (RNDF) =   13182.
 ---------------------------------------------------
 APPROXIMATING switch and d/dx switch using CUBIC SPLINE INTERPOLATION
 using   5000.0 points per unit in tabled values
 TESTING RELATIVE ERROR over r ranging from 0.0 to cutoff
| CHECK switch(x): max rel err =   0.2738E-14   at   2.422500
| CHECK d/dx switch(x): max rel err =   0.7766E-11   at   2.666360
 ---------------------------------------------------
| Local SIZE OF NONBOND LIST =    2093377
| TOTAL SIZE OF NONBOND LIST =    2093377

QMMM: Link Atom Information
QMMM: ------------------------------------------------------------------------
QMMM: nlink =     0
QMMM: ------------------------------------------------------------------------

  QMMM: QM Region Cartesian Coordinates (*=link atom) 
  QMMM: QM_NO.   MM_NO.  ATOM         X         Y         Z
  QMMM:     1        1      C       -0.2958   -0.7822   -1.5360
  QMMM:     2        2      C        0.7947   -1.2226   -0.7597
  QMMM:     3        3      C        1.0584   -0.7848    0.4948
  QMMM:     4        4      C        0.2656    0.3056    0.9557
  QMMM:     5        5      C       -0.7917    0.8263    0.1293
  QMMM:     6        6      C       -1.0264    0.3066   -1.1156
  QMMM:     7        7      H       -0.4396   -1.1389   -2.5724
  QMMM:     8        8      H        1.5062   -1.9441   -1.1914
  QMMM:     9        9      H        1.8630   -1.2254    1.1649
  QMMM:    10       10      H       -1.3900    1.7761    0.4964
  QMMM:    11       11      H       -1.8630    0.7057   -1.6263
  QMMM:    12       12      N        0.5768    0.9447    2.2087
  QMMM:    13       13      H        1.5134    0.8364    2.5724
  QMMM:    14       14      H        0.3456    1.9441    2.1539

--------------------------------------------------------------------------------
  3.1 QM CALCULATION INFO
--------------------------------------------------------------------------------
 rnd_seed=           1
 !!!!!!-----NAESMD INPUT-----!!!!!!

 Ground state MD,      imdtype=           0
 Initial count for out files              0
 MD at constant energy
 Starting time, fs           0.0000000000000000     
 Time step, fs                        0.50000000000000000     
 Number of classical steps (CS)        20000
 Quantum steps/per CS                    0
 Displacement for deriv. [A]      1.0000000000000001E-005
 Newtonian dynamics,           therm_type=           0
 Temperature, K                  10.000000000000000     
 Bath relaxation constant       0.40000000000000002     
 Equilibrated dynamics
 Number of steps per degree K           100
 Number of steps to write data           10
 Number of steps to write coords           1
 Friction coefficient [1/ps]      2.0000000000000000     
 Seed for random generator               1
 NAESMD verbosity,            1
 MD will use analytic deriv,  ideriv=           1
 Cartesian coordinates are used
 Allocating initial naesmd_module variables
 Allocating md_module initial variables
 Allocating variables
 Allocating naesmd_module variables          14           5
 Allocating md_module variables          14
  Finish reading coordinates 

 Initial Geometry
    6        -0.295793   -0.782186   -1.535973
    6         0.794749   -1.222606   -0.759663
    6         1.058381   -0.784757    0.494774
    6         0.265594    0.305638    0.955679
    6        -0.791730    0.826285    0.129269
    6        -1.026423    0.306556   -1.115635
    1        -0.439576   -1.138877   -2.572441
    1         1.506175   -1.944098   -1.191425
    1         1.863029   -1.225387    1.164930
    1        -1.390016    1.776067    0.496376
    1        -1.863029    0.705668   -1.626280
    7         0.576819    0.944728    2.208689
    1         1.513368    0.836423    2.572441
    1         0.345578    1.944098    2.153868
 nstep successful

| QMMM: Citation for AMBER QMMM Run:
| QMMM: R.C. Walker, M.F. Crowley and D.A. Case, J. COMP. CHEM. 29:1019, 2008

QMMM: SINGLET STATE CALCULATION
QMMM: RHF CALCULATION, NO. OF DOUBLY OCCUPIED LEVELS = 18

| QMMM: *** Selected Hamiltonian *** 
| QMMM: AM1         

| QMMM: *** Parameter sets in use ***
| QMMM: C : M.J.S.DEWAR et al. JACS, 107, 3902, (1985)
| QMMM: H : M.J.S.DEWAR et al. JACS, 107, 3902, (1985)
| QMMM: N : M.J.S.DEWAR et al. JACS, 107, 3902, (1985)

| QMMM: *** Diagonalization Routine Information ***
| QMMM: Pseudo diagonalizations are allowed.
| QMMM: Auto diagonalization routine selection is disabled.
| QMMM: Using internal diagonalization routine (diag_routine=1).

  QMMM: QM Region Cartesian Coordinates (*=link atom) 
  QMMM: QM_NO.   MM_NO.  ATOM         X         Y         Z
  QMMM:     1        1      C       -0.2958   -0.7822   -1.5360
  QMMM:     2        2      C        0.7947   -1.2226   -0.7597
  QMMM:     3        3      C        1.0584   -0.7848    0.4948
  QMMM:     4        4      C        0.2656    0.3056    0.9557
  QMMM:     5        5      C       -0.7917    0.8263    0.1293
  QMMM:     6        6      C       -1.0264    0.3066   -1.1156
  QMMM:     7        7      H       -0.4396   -1.1389   -2.5724
  QMMM:     8        8      H        1.5062   -1.9441   -1.1914
  QMMM:     9        9      H        1.8630   -1.2254    1.1649
  QMMM:    10       10      H       -1.3900    1.7761    0.4964
  QMMM:    11       11      H       -1.8630    0.7057   -1.6263
  QMMM:    12       12      N        0.5768    0.9447    2.2087
  QMMM:    13       13      H        1.5134    0.8364    2.5724
  QMMM:    14       14      H        0.3456    1.9441    2.1539

--------------------------------------------------------------------------------
  RESULTS
--------------------------------------------------------------------------------

QMMM: SCF Converged to 0.1000E-07 in:    19 Cycles 
           9           1   4.4699825980411279E-015
           9           1   1.2403781073002523E-015
           9           1   1.4108688989235979E-015
          11           2   1.3657152665713657E-015
          11           1   1.3217711972678126E-015
          11           1   1.2370475737516484E-015
          10           1   9.0971219950499241E-015
 @@@@ Davidson subroutine Found vectors           6
  i, e0(i), ferr(i), ftol0
  1 +++    3.582795355500430     0.66E-05 0.10E-04
  2 +++    3.634115622691879     0.66E-06 0.10E-04
  3 +++    4.839326980918806     0.18E-05 0.10E-04
  4 +++    5.136756055681169     0.29E-05 0.10E-04
  5 +++    5.260668114248997     0.78E-06 0.10E-04
  6 +++    5.711310679180877     0.92E-05 0.10E-04
 -------------------------------------------------

 Frequencies (eV) and Oscillator strengths (unitless)
        Omega            fx              fy              fz          ftotal
   1     3.58279535550043        0.530578888257382E-02    0.508885489963620E-02    0.186705947851260E-04    0.104133143769952E-01
   2     3.63411562269188        0.969886808922118E-02    0.124720338698723E-01    0.672171853586763E-01    0.893880873177698E-01
   3     4.83932698091881        0.412186928676660E-02    0.232150878393104E-02    0.862595865340309E-02    0.150693367241007E-01
   4     5.13675605568117        0.959762734801324E-01    0.146097025636260        0.119215252111530E-01    0.253994824327545    
   5     5.26066811424900        0.486499378700822E-01    0.715387462114394E-02    0.240685471547701        0.296489284038927    
   6     5.71131067918088        0.432923068166236E-02    0.530283574364515E-02    0.158811078969269E-02    0.112201772150002E-01

 Frequencies (eV) and Transition Dipole Moments (AU)
        Omega            fx              fy              fz          ftotal
   1     3.58279535550043       -0.245858384620706        0.240779814230842        0.145844184968909E-01    0.118633969492234    
   2     3.63411562269188       -0.330051870529923       -0.374274563773472       -0.868884067059870         1.00397520831862    
   3     4.83932698091881        0.186455700856754       -0.139930931245811       -0.269731858538908        0.127101669412157    
   4     5.13675605568117        0.873290052629443        -1.07745033061084       -0.307781479081288         2.01826416982042    
   5     5.26066811424900       -0.614386600656537       -0.235597811923897        -1.36655000596402         2.30043614284989    
   6     5.71131067918088        0.175897032883776       -0.194673679403602       -0.106535303632243        0.801873785498669E-01

 Total energy of the ground state (eV,AU)
           0  -1071.3812351912379       -39.372519782400502     
 Total energies of excited states (eV,AU)
           1  -1067.7984398357376       -39.240854529755353     
           2  -1067.7471195685459       -39.238968545412085     
           3  -1066.5419082103192       -39.194677861120525     
           4  -1066.2444791355567       -39.183747548226016     
           5  -1066.1205670769889       -39.179193865730014     
           6  -1065.6699245120572       -39.162633062983268     
 Ground State Molecular Dipole Moment (A.U.)
                         dx              dy              dz          ftotal
                     0.5454819      0.6377922      0.5623108E-01  0.8411251    
          35          18       94154606060128
          35          18       94154606060128
          35          18       94154606060128
          35          18       94154606060128
          35          18       94154606060128
          35          18       94154606060128

 Frequencies (eV) Unrelaxed Difference Dipole Moments (AU)
        Omega            dx              dy              dz          ftotal
   1   3.582795     -0.4476580E-02  0.2338195      0.4592858      0.5153980    
   2   3.634116      0.8474548E-01  0.2419740      0.4145096      0.4873925    
   3   4.839327     -0.3967220     -0.2960856     -0.1421141      0.5150256    
   4   5.136756      0.1208653      0.4306799E-01  0.1632271      0.2076207    
   5   5.260668      0.5810077E-01  0.6093043E-01  0.3442122      0.3543589    
   6   5.711311      0.1933685E-01  0.9230523E-01 -0.9949903E-01  0.1370920    
QMMM:
QMMM: SCF Energy =       20.14547051 KCal/mol,        84.28864862 KJ/mol
QMMM: SCF Energy = Heat of formation

QMMM: Mulliken Charges of state:    0
QMMM: Atomic Charges for Step       1 :
QMMM:  Atom    Element       Mulliken Charge
QMMM:     1      C              -0.214576
QMMM:     2      C              -0.140061
QMMM:     3      C              -0.158160
QMMM:     4      C               0.024974
QMMM:     5      C              -0.187210
QMMM:     6      C              -0.106631
QMMM:     7      H               0.145297
QMMM:     8      H               0.129459
QMMM:     9      H               0.173596
QMMM:    10      H               0.162704
QMMM:    11      H               0.149243
QMMM:    12      N              -0.369220
QMMM:    13      H               0.202785
QMMM:    14      H               0.187800
QMMM: Total Mulliken Charge =    0.000000

 LPRINT:           1           0

 NSTEP =        0   TIME(PS) =       0.000  TEMP(K) =   282.31  PRESS =     0.0
 Etot   =     -1751.6460  EKtot   =      3697.5480  EPtot      =     -5449.1940
 BOND   =      1109.4311  ANGLE   =      1485.6925  DIHED      =         0.0000
 1-4 NB =         0.0000  1-4 EEL =         0.0000  VDWAALS    =     -5570.1348
 EELEC  =     -2494.3283  EHBOND  =         0.0000  RESTRAINT  =         0.0000
 AM1ESCF=        20.1455
 Ewald error estimate:   0.7327E-03
 ------------------------------------------------------------------------------


--------------------------------------------------------------------------------
   5.  TIMINGS
--------------------------------------------------------------------------------

|    Read coords time           0.01 ( 2.67% of Total)
|    Fast Water setup           0.00 ( 0.01% of Total)
|                Build the list             0.05 (87.88% of List )
|                Other                      0.01 (12.12% of List )
|             List time                  0.06 (52.13% of Nonbo)
|                   Short_ene time             0.05 (99.66% of Direc)
|                   Other                      0.00 ( 0.34% of Direc)
|                Direct Ewald time          0.05 (84.89% of Ewald)
|                Adjust Ewald time          0.00 ( 0.53% of Ewald)
|                Self Ewald time            0.00 ( 0.05% of Ewald)
|                   Fill Bspline coeffs        0.00 ( 5.09% of Recip)
|                   Fill charge grid           0.00 ( 9.85% of Recip)
|                   Scalar sum                 0.00 (16.43% of Recip)
|                   Grad sum                   0.00 (10.49% of Recip)
|                   FFT time                   0.00 (57.66% of Recip)
|                   Other                      0.00 ( 0.48% of Recip)
|                Recip Ewald time           0.01 (14.48% of Ewald)
|                Force Adjust               0.00 ( 0.01% of Ewald)
|                Virial junk                0.00 ( 0.06% of Ewald)
|             Ewald time                 0.06 (47.87% of Nonbo)
|          Nonbond force              0.12 (60.12% of Force)
|             QMMM setup                 0.00 ( 0.05% of QMMM )
|             QMMM list build            0.00 ( 0.27% of QMMM )
|             QMMM prep coords           0.00 ( 0.26% of QMMM )
|                   QMMM hcore QM-QM           0.00 (41.70% of QMMM )
|                   QMMM hcore QM-MM           0.00 (58.30% of QMMM )
|                QMMM hcore calc            0.00 (22.03% of QMMM )
|                   QMMM fock build            0.00 (41.94% of QMMM )
|                   QMMM elec-energy cal       0.00 ( 0.50% of QMMM )
|                   QMMM full matrix dia       0.00 (26.44% of QMMM )
|                   QMMM pseudo matrix d       0.00 (24.48% of QMMM )
|                   QMMM density build         0.00 ( 5.67% of QMMM )
|                   Other                      0.00 ( 0.97% of QMMM )
|                QMMM scf                   0.00 (77.97% of QMMM )
|             QMMM energy                0.00 ( 3.32% of QMMM )
|             QMMM Collate Forces        0.00 ( 0.02% of QMMM )
|             Other                      0.08 (96.08% of QMMM )
|          QMMM                       0.08 (39.70% of Force)
|          Bond/Angle/Dihedral        0.00 ( 0.16% of Force)
|          Other                      0.00 ( 0.02% of Force)
|       Force time                 0.20 (99.43% of Runmd)
|       Other                      0.00 ( 0.57% of Runmd)
|    Runmd Time                 0.20 (83.29% of Total)
|    Other                      0.03 (14.03% of Total)
| Total time                 0.24 (100.0% of ALL  )

| Number of list builds   :          1

| Highest rstack allocated:     366766
| Highest istack allocated:       4394
|           Job began  at 14:48:39.638  on 02/14/2020
|           Setup done at 14:48:39.678  on 02/14/2020
|           Run   done at 14:48:39.878  on 02/14/2020
|     wallclock() was called     295 times
ASSERTion 'ier == 0' failed in src/sqm/qmmm_module.F90 at line    892.
