
          -------------------------------------------------------
          Amber 18 SANDER                              2018
          -------------------------------------------------------

| Run on 02/14/2020 at 15:04:51

|   Executable path: sander
| Working directory: /home/dustin/Documents/TestRuns/qm_mm_prop/benzene_nh2/abs/traj_3/2
|          Hostname: Unknown
  [-O]verwriting output

File Assignments:
|  MDIN: nasqm_abs_t3_2.in                                                     
| MDOUT: nasqm_abs_t3_2.out                                                    
|INPCRD: snap_2_for_absorption_t3.rst                                          
|  PARM: m1.prmtop                                                             
|RESTRT: snap_2_for_absorption_t3_back.rst                                     
|  REFC: refc                                                                  
| MDVEL: mdvel                                                                 
| MDFRC: mdfrc                                                                 
|  MDEN: mden                                                                  
| MDCRD: nasqm_abs_t3_2.nc                                                     
|MDINFO: mdinfo                                                                
|  MTMD: mtmd                                                                  
|INPDIP: inpdip                                                                
|RSTDIP: rstdip                                                                
|INPTRA: inptraj                                                               


 Here is the input file:

300K constant temp QMMMMD                                                      
 &cntrl                                                                        
  imin=0,                                                                      
  irest=0,                                                                     
  ntx=5,                                                                       
  ntb=1,                                                                       
  ntp=0,                                                                       
  ig=-1,                                                                       
  taup=2.0,                                                                    
  cut=16.0,                                                                    
  ntr=0,                                                                       
  tempi=300.0,                                                                 
  temp0=300.0,                                                                 
  ntt=3,                                                                       
  gamma_ln=2.0,                                                                
  nstlim=0,                                                                    
  dt=0.0005,                                                                   
  ntpr=1,                                                                      
  ntwx=0,                                                                      
  ntwv=0,                                                                      
  ifqnt=1,                                                                     
 /                                                                             
 &qmmm                                                                         
  scfconv=1.0000E-8,                                                           
  verbosity=1,                                                                 
  qmmask=':1',                                                                 
  diag_routine=1,                                                              
  qmcharge=0,                                                                  
  qm_theory='AM1',                                                             
  qmshake=0,                                                                   
  qm_ewald=0,                                                                  
  qm_pme=0,                                                                    
  nae=1                                                                        
 /                                                                             

--------------------------------------------------------------------------------
   1.  RESOURCE   USE: 
--------------------------------------------------------------------------------

| Flags:                                                                        
 getting new box info from bottom of inpcrd
|  INFO: Old style inpcrd file read

| peek_ewald_inpcrd: Box info found
|Largest sphere to fit in unit cell has radius =    22.679
| New format PARM file being parsed.
| Version =    1.000 Date = 09/26/18 Time = 13:58:55
 NATOM  =    4394 NTYPES =       7 NBONH =     883 MBONA  =    2635
 NTHETH =    2641 MTHETA =    2636 NPHIH =      26 MPHIA  =       9
 NHPARM =       0 NPARM  =       0 NNB   =    9698 NRES   =     877
 NBONA  =    2635 NTHETA =    2636 NPHIA =       9 NUMBND =       6
 NUMANG =       7 NPTRA  =       3 NATYP =       7 NPHB   =       0
 IFBOX  =       1 NMXRS  =      14 IFCAP =       0 NEXTRA =       0
 NCOPY  =       0


|     Memory Use     Allocated
|     Real              369502
|     Hollerith          14061
|     Integer           159675
|     Max Pairs        8541936
|     nblistReal         52728
|     nblist Int        151766
|       Total            37937 kbytes

| Note: 1-4 EEL scale factors are being read from the topology file.

| Note: 1-4 VDW scale factors are being read from the topology file.
| Duplicated    0 dihedrals
| Duplicated    0 dihedrals
LOADING THE QUANTUM ATOMS AS GROUPS
     Mask :1; matches    14 atoms

     BOX TYPE: RECTILINEAR
Note: ig = -1. Setting random seed to   660207 based on wallclock time in microseconds.

--------------------------------------------------------------------------------
   2.  CONTROL  DATA  FOR  THE  RUN
--------------------------------------------------------------------------------

m1                                                                              

General flags:
     imin    =       0, nmropt  =       0

Nature and format of input:
     ntx     =       5, irest   =       0, ntrx    =       1

Nature and format of output:
     ntxo    =       2, ntpr    =       1, ntrx    =       1, ntwr    =       1
     iwrap   =       0, ntwx    =       0, ntwv    =       0, ntwe    =       0
     ioutfm  =       1, ntwprt  =       0, idecomp =       0, rbornstat=      0

Potential function:
     ntf     =       1, ntb     =       1, igb     =       0, nsnb    =      25
     ipol    =       0, gbsa    =       0, iesp    =       0
     dielc   =   1.00000, cut     =  16.00000, intdiel =   1.00000

Frozen or restrained atoms:
     ibelly  =       0, ntr     =       0

Molecular dynamics:
     nstlim  =         0, nscm    =      1000, nrespa  =         1
     t       =   0.00000, dt      =   0.00050, vlimit  =  20.00000

Langevin dynamics temperature regulation:
     ig      =  660207
     temp0   = 300.00000, tempi   = 300.00000, gamma_ln=   2.00000

Ewald parameters:
     verbose =       0, ew_type =       0, nbflag  =       1, use_pme =       1
     vdwmeth =       1, eedmeth =       1, netfrc  =       1
     Box X =   49.256   Box Y =   50.133   Box Z =   45.358
     Alpha =   90.000   Beta  =   90.000   Gamma =   90.000
     NFFT1 =   50       NFFT2 =   50       NFFT3 =   45
     Cutoff=   16.000   Tol   =0.100E-04
     Ewald Coefficient =  0.16683
     Interpolation order =    4

QMMM options:
             ifqnt = True       nquant =       14
              qmgb =        0  qmcharge =        0   adjust_q =        2
              spin =        1     qmcut =  16.0000    qmshake =        0
          qmmm_int =        1
     lnk_atomic_no =        1   lnk_dis =   1.0900 lnk_method =        1
          qm_theory =     AM1 verbosity =        1
            qmqmdx = Analytical
      tight_p_conv = False (converge density to 0.05xSqrt[SCFCRT])
           scfconv = 0.100E-07  itrmax =     1000
      printcharges = False      printdipole = False      peptide_corr = False
    qmmmrij_incore = True 
  qmqm_erep_incore = True 
       pseudo_diag = True pseudo_diag_criteria =   0.0500
      diag_routine =        1
          qm_ewald =        0 qm_pme = False 

--------------------------------------------------------------------------------
   3.  ATOMIC COORDINATES AND VELOCITIES
--------------------------------------------------------------------------------

Cpptraj Generated Restart                                                       
 begin time read from input coords =     0.000 ps

 Number of triangulated 3-point waters found:        0
 identifying link atoms
 identified link atoms

     Sum of charges from parm topology file =   0.00000100
     Forcing neutrality...
QMMM: ADJUSTING CHARGES
QMMM: ----------------------------------------------------------------------
QMMM: adjust_q = 2
QMMM: Uniformly adjusting the charge of MM atoms to conserve total charge.
QMMM:                             qm_charge =    0
QMMM: QM atom RESP charge sum (inc MM link) =    0.000
QMMM: Adjusting each MM atom resp charge by =    0.000
QMMM:          Sum of MM + QM region is now =    0.000
QMMM: ----------------------------------------------------------------------
|  # of SOLUTE  degrees of freedom (RNDFP):   13182.
|  # of SOLVENT degrees of freedom (RNDFS):       0.
|  QMSHAKE_NOSHAKEMASK_OVERLAP =      0
|  NDFMIN =   13182.     NUM_NOSHAKE =      0     CORRECTED RNDFP =   13182.
|  TOTAL # of degrees of freedom (RNDF) =   13182.
 ---------------------------------------------------
 APPROXIMATING switch and d/dx switch using CUBIC SPLINE INTERPOLATION
 using   5000.0 points per unit in tabled values
 TESTING RELATIVE ERROR over r ranging from 0.0 to cutoff
| CHECK switch(x): max rel err =   0.2738E-14   at   2.422500
| CHECK d/dx switch(x): max rel err =   0.7766E-11   at   2.666360
 ---------------------------------------------------
| Local SIZE OF NONBOND LIST =    2094207
| TOTAL SIZE OF NONBOND LIST =    2094207

QMMM: Link Atom Information
QMMM: ------------------------------------------------------------------------
QMMM: nlink =     0
QMMM: ------------------------------------------------------------------------

  QMMM: QM Region Cartesian Coordinates (*=link atom) 
  QMMM: QM_NO.   MM_NO.  ATOM         X         Y         Z
  QMMM:     1        1      C       -0.2789   -0.5554   -1.6061
  QMMM:     2        2      C        0.7092   -1.1018   -0.7647
  QMMM:     3        3      C        0.9908   -0.6206    0.4734
  QMMM:     4        4      C        0.1604    0.4461    0.8904
  QMMM:     5        5      C       -0.8293    0.9852    0.1181
  QMMM:     6        6      C       -1.0548    0.5273   -1.1385
  QMMM:     7        7      H       -0.6756   -1.1354   -2.5151
  QMMM:     8        8      H        1.2528   -2.0105   -1.1163
  QMMM:     9        9      H        1.7365   -1.0422    1.1667
  QMMM:    10       10      H       -1.4189    1.8946    0.3949
  QMMM:    11       11      H       -1.7365    1.0203   -1.8897
  QMMM:    12       12      N        0.2610    1.0332    2.1647
  QMMM:    13       13      H        1.1493    0.9114    2.5151
  QMMM:    14       14      H       -0.0131    2.0105    2.2530

--------------------------------------------------------------------------------
  3.1 QM CALCULATION INFO
--------------------------------------------------------------------------------
 rnd_seed=           1
 !!!!!!-----NAESMD INPUT-----!!!!!!

 Ground state MD,      imdtype=           0
 Initial count for out files              0
 MD at constant energy
 Starting time, fs           0.0000000000000000     
 Time step, fs                        0.50000000000000000     
 Number of classical steps (CS)        20000
 Quantum steps/per CS                    0
 Displacement for deriv. [A]      1.0000000000000001E-005
 Newtonian dynamics,           therm_type=           0
 Temperature, K                  10.000000000000000     
 Bath relaxation constant       0.40000000000000002     
 Equilibrated dynamics
 Number of steps per degree K           100
 Number of steps to write data           10
 Number of steps to write coords           1
 Friction coefficient [1/ps]      2.0000000000000000     
 Seed for random generator               1
 NAESMD verbosity,            1
 MD will use analytic deriv,  ideriv=           1
 Cartesian coordinates are used
 Allocating initial naesmd_module variables
 Allocating md_module initial variables
 Allocating variables
 Allocating naesmd_module variables          14           5
 Allocating md_module variables          14
  Finish reading coordinates 

 Initial Geometry
    6        -0.278945   -0.555398   -1.606086
    6         0.709174   -1.101756   -0.764726
    6         0.990825   -0.620645    0.473434
    6         0.160441    0.446088    0.890357
    6        -0.829255    0.985181    0.118089
    6        -1.054799    0.527339   -1.138524
    1        -0.675647   -1.135447   -2.515111
    1         1.252788   -2.010457   -1.116317
    1         1.736510   -1.042235    1.166738
    1        -1.418897    1.894551    0.394921
    1        -1.736510    1.020335   -1.889668
    7         0.260963    1.033191    2.164662
    1         1.149344    0.911355    2.515111
    1        -0.013070    2.010457    2.252973
 nstep successful

| QMMM: Citation for AMBER QMMM Run:
| QMMM: R.C. Walker, M.F. Crowley and D.A. Case, J. COMP. CHEM. 29:1019, 2008

QMMM: SINGLET STATE CALCULATION
QMMM: RHF CALCULATION, NO. OF DOUBLY OCCUPIED LEVELS = 18

| QMMM: *** Selected Hamiltonian *** 
| QMMM: AM1         

| QMMM: *** Parameter sets in use ***
| QMMM: C : M.J.S.DEWAR et al. JACS, 107, 3902, (1985)
| QMMM: H : M.J.S.DEWAR et al. JACS, 107, 3902, (1985)
| QMMM: N : M.J.S.DEWAR et al. JACS, 107, 3902, (1985)

| QMMM: *** Diagonalization Routine Information ***
| QMMM: Pseudo diagonalizations are allowed.
| QMMM: Auto diagonalization routine selection is disabled.
| QMMM: Using internal diagonalization routine (diag_routine=1).

  QMMM: QM Region Cartesian Coordinates (*=link atom) 
  QMMM: QM_NO.   MM_NO.  ATOM         X         Y         Z
  QMMM:     1        1      C       -0.2789   -0.5554   -1.6061
  QMMM:     2        2      C        0.7092   -1.1018   -0.7647
  QMMM:     3        3      C        0.9908   -0.6206    0.4734
  QMMM:     4        4      C        0.1604    0.4461    0.8904
  QMMM:     5        5      C       -0.8293    0.9852    0.1181
  QMMM:     6        6      C       -1.0548    0.5273   -1.1385
  QMMM:     7        7      H       -0.6756   -1.1354   -2.5151
  QMMM:     8        8      H        1.2528   -2.0105   -1.1163
  QMMM:     9        9      H        1.7365   -1.0422    1.1667
  QMMM:    10       10      H       -1.4189    1.8946    0.3949
  QMMM:    11       11      H       -1.7365    1.0203   -1.8897
  QMMM:    12       12      N        0.2610    1.0332    2.1647
  QMMM:    13       13      H        1.1493    0.9114    2.5151
  QMMM:    14       14      H       -0.0131    2.0105    2.2530

--------------------------------------------------------------------------------
  RESULTS
--------------------------------------------------------------------------------

QMMM: SCF Converged to 0.1000E-07 in:    19 Cycles 
           7           1   2.6669476089341559E-015
           8           1   2.4727466710512680E-015
           8           2   2.8927547342108909E-015
          10           1   4.1977733138479079E-015
           8           2   2.2046827661019106E-015
 @@@@ Davidson subroutine Found vectors           6
  i, e0(i), ferr(i), ftol0
  1 +++    3.610229953574232     0.19E-05 0.10E-04
  2 +++    3.715603104576130     0.68E-06 0.10E-04
  3 +++    5.018097575505523     0.21E-05 0.10E-04
  4 +++    5.233780779082321     0.29E-05 0.10E-04
  5 +++    5.339034676295147     0.46E-05 0.10E-04
  6 +++    5.667307753220078     0.10E-04 0.10E-04
 -------------------------------------------------

 Frequencies (eV) and Oscillator strengths (unitless)
        Omega            fx              fy              fz          ftotal
   1     3.61022995357423        0.714916114796789E-02    0.779029657604211E-02    0.476832039947639E-03    0.154162897639576E-01
   2     3.71560310457613        0.492721754342762E-04    0.123914959967586E-01    0.728134153816980E-01    0.852541835538908E-01
   3     5.01809757550552        0.372946372486379E-02    0.576155504669342E-03    0.191091453497118E-01    0.234147645792450E-01
   4     5.23378077908232        0.150973574805707        0.924156242847925E-01    0.132538035061488E-01    0.256643002596648    
   5     5.33903467629515        0.636462250239106E-02    0.513591832763483E-01    0.267389150814709        0.325112956593448    
   6     5.66730775322008        0.663541135772794E-03    0.781933754134815E-03    0.220488786166845E-02    0.365036275157606E-02

 Frequencies (eV) and Transition Dipole Moments (AU)
        Omega            fx              fy              fz          ftotal
   1     3.61022995357423        0.284302810570468       -0.296777249544816       -0.734237099134613E-01    0.174295865123109    
   2     3.71560310457613       -0.232652247623182E-01   -0.368950628344570       -0.894359418928969        0.936544607066057    
   3     5.01809757550552       -0.174170534708793        0.684575495246765E-01   -0.394250382545924        0.190455175385278    
   4     5.23378077908232        -1.08508496947743        0.848957558315191       -0.321501898835949         2.00150179776144    
   5     5.33903467629515       -0.220585010127481       -0.626612026594600        -1.42975479794141         2.48549916080242    
   6     5.66730775322008       -0.691300020663236E-01    0.750442850516447E-01    0.126016060100983        0.262906493079769E-01

 Total energy of the ground state (eV,AU)
           0  -1071.2970323218065       -39.369425385155594     
 Total energies of excited states (eV,AU)
           1  -1067.6868023682323       -39.236751929995869     
           2  -1067.5814292172304       -39.232879539537571     
           3  -1066.2789347463008       -39.185013768102820     
           4  -1066.0632515427242       -39.177087559466138     
           5  -1065.9579976455113       -39.173219551502150     
           6  -1065.6297245685864       -39.161155742849623     
 Ground State Molecular Dipole Moment (A.U.)
                         dx              dy              dz          ftotal
                     0.4368530      0.4011290     -0.3814545E-01  0.5943063    
          35          18       94049333793184
          35          18       94049333793184
          35          18       94049333793184
          35          18       94049333793184
          35          18       94049333793184
          35          18       94049333793184

 Frequencies (eV) Unrelaxed Difference Dipole Moments (AU)
        Omega            dx              dy              dz          ftotal
   1   3.610230      0.2140006E-02  0.1947593      0.4000266      0.4449236    
   2   3.715603      0.7376155E-01  0.9928263E-01  0.3996761      0.4183763    
   3   5.018098     -0.2601352     -0.5060262     -0.2242330      0.6115663    
   4   5.233781     -0.1126154E-04  0.3498159E-01  0.2207707      0.2235250    
   5   5.339035     -0.4392623E-01  0.8448153E-01  0.3646191      0.3768471    
   6   5.667308     -0.2914091E-01 -0.1043697     -0.1402332      0.1772218    
QMMM:
QMMM: SCF Energy =       22.08727288 KCal/mol,        92.41314974 KJ/mol
QMMM: SCF Energy = Heat of formation

QMMM: Mulliken Charges of state:    0
QMMM: Atomic Charges for Step       1 :
QMMM:  Atom    Element       Mulliken Charge
QMMM:     1      C              -0.224273
QMMM:     2      C              -0.119921
QMMM:     3      C              -0.155838
QMMM:     4      C               0.024219
QMMM:     5      C              -0.200878
QMMM:     6      C              -0.130513
QMMM:     7      H               0.165377
QMMM:     8      H               0.143496
QMMM:     9      H               0.170447
QMMM:    10      H               0.150811
QMMM:    11      H               0.160618
QMMM:    12      N              -0.360243
QMMM:    13      H               0.179985
QMMM:    14      H               0.196713
QMMM: Total Mulliken Charge =    0.000000

 LPRINT:           1           0

 NSTEP =        0   TIME(PS) =       0.000  TEMP(K) =   289.92  PRESS =     0.0
 Etot   =     -1653.8936  EKtot   =      3797.2280  EPtot      =     -5451.1216
 BOND   =      1133.9250  ANGLE   =      1463.2207  DIHED      =         0.0000
 1-4 NB =         0.0000  1-4 EEL =         0.0000  VDWAALS    =     -5573.3543
 EELEC  =     -2497.0002  EHBOND  =         0.0000  RESTRAINT  =         0.0000
 AM1ESCF=        22.0873
 Ewald error estimate:   0.2052E-04
 ------------------------------------------------------------------------------


--------------------------------------------------------------------------------
   5.  TIMINGS
--------------------------------------------------------------------------------

|    Read coords time           0.01 ( 2.91% of Total)
|    Fast Water setup           0.00 ( 0.01% of Total)
|                Build the list             0.06 (88.32% of List )
|                Other                      0.01 (11.68% of List )
|             List time                  0.07 (51.48% of Nonbo)
|                   Short_ene time             0.05 (99.67% of Direc)
|                   Other                      0.00 ( 0.33% of Direc)
|                Direct Ewald time          0.05 (84.62% of Ewald)
|                Adjust Ewald time          0.00 ( 0.56% of Ewald)
|                Self Ewald time            0.00 ( 0.02% of Ewald)
|                   Fill Bspline coeffs        0.00 ( 4.76% of Recip)
|                   Fill charge grid           0.00 ( 9.16% of Recip)
|                   Scalar sum                 0.00 (15.84% of Recip)
|                   Grad sum                   0.00 (11.36% of Recip)
|                   FFT time                   0.01 (58.59% of Recip)
|                   Other                      0.00 ( 0.29% of Recip)
|                Recip Ewald time           0.01 (14.73% of Ewald)
|                Force Adjust               0.00 ( 0.01% of Ewald)
|                Virial junk                0.00 ( 0.05% of Ewald)
|             Ewald time                 0.06 (48.52% of Nonbo)
|          Nonbond force              0.13 (70.74% of Force)
|             QMMM setup                 0.00 ( 0.07% of QMMM )
|             QMMM list build            0.00 ( 0.37% of QMMM )
|             QMMM prep coords           0.00 ( 0.38% of QMMM )
|                   QMMM hcore QM-QM           0.00 (41.87% of QMMM )
|                   QMMM hcore QM-MM           0.00 (58.13% of QMMM )
|                QMMM hcore calc            0.00 (22.02% of QMMM )
|                   QMMM fock build            0.00 (40.83% of QMMM )
|                   QMMM elec-energy cal       0.00 ( 0.72% of QMMM )
|                   QMMM full matrix dia       0.00 (26.91% of QMMM )
|                   QMMM pseudo matrix d       0.00 (25.06% of QMMM )
|                   QMMM density build         0.00 ( 5.68% of QMMM )
|                   Other                      0.00 ( 0.80% of QMMM )
|                QMMM scf                   0.00 (77.98% of QMMM )
|             QMMM energy                0.00 ( 5.02% of QMMM )
|             QMMM Collate Forces        0.00 ( 0.03% of QMMM )
|             Other                      0.05 (94.13% of QMMM )
|          QMMM                       0.05 (29.04% of Force)
|          Bond/Angle/Dihedral        0.00 ( 0.19% of Force)
|          Other                      0.00 ( 0.02% of Force)
|       Force time                 0.19 (99.46% of Runmd)
|       Other                      0.00 ( 0.54% of Runmd)
|    Runmd Time                 0.19 (82.33% of Total)
|    Other                      0.03 (14.75% of Total)
| Total time                 0.23 (100.0% of ALL  )

| Number of list builds   :          1

| Highest rstack allocated:     366766
| Highest istack allocated:       4394
|           Job began  at 15:04:51.628  on 02/14/2020
|           Setup done at 15:04:51.668  on 02/14/2020
|           Run   done at 15:04:51.855  on 02/14/2020
|     wallclock() was called     295 times
ASSERTion 'ier == 0' failed in src/sqm/qmmm_module.F90 at line    892.
