
          -------------------------------------------------------
          Amber 18 SANDER                              2018
          -------------------------------------------------------

| Run on 02/14/2020 at 14:48:39

|   Executable path: sander
| Working directory: /home/dustin/Documents/TestRuns/qm_mm_prop/benzene_nh2/abs/traj_3/10
|          Hostname: Unknown
  [-O]verwriting output

File Assignments:
|  MDIN: nasqm_abs_t3_10.in                                                    
| MDOUT: nasqm_abs_t3_10.out                                                   
|INPCRD: snap_10_for_absorption_t3.rst                                         
|  PARM: m1.prmtop                                                             
|RESTRT: snap_10_for_absorption_t3_back.rst                                    
|  REFC: refc                                                                  
| MDVEL: mdvel                                                                 
| MDFRC: mdfrc                                                                 
|  MDEN: mden                                                                  
| MDCRD: nasqm_abs_t3_10.nc                                                    
|MDINFO: mdinfo                                                                
|  MTMD: mtmd                                                                  
|INPDIP: inpdip                                                                
|RSTDIP: rstdip                                                                
|INPTRA: inptraj                                                               


 Here is the input file:

300K constant temp QMMMMD                                                      
 &cntrl                                                                        
  imin=0,                                                                      
  irest=0,                                                                     
  ntx=5,                                                                       
  ntb=1,                                                                       
  ntp=0,                                                                       
  ig=-1,                                                                       
  taup=2.0,                                                                    
  cut=16.0,                                                                    
  ntr=0,                                                                       
  tempi=300.0,                                                                 
  temp0=300.0,                                                                 
  ntt=3,                                                                       
  gamma_ln=2.0,                                                                
  nstlim=0,                                                                    
  dt=0.0005,                                                                   
  ntpr=1,                                                                      
  ntwx=0,                                                                      
  ntwv=0,                                                                      
  ifqnt=1                                                                      
 /                                                                             
 &qmmm                                                                         
  scfconv=1.0000E-8,                                                           
  verbosity=1,                                                                 
  qmmask=':1',                                                                 
  diag_routine=1,                                                              
  qmcharge=0,                                                                  
  qm_theory='AM1',                                                             
  qmshake=0,                                                                   
  qm_ewald=0,                                                                  
  qm_pme=0,                                                                    
  nae=1                                                                        
 /                                                                             

--------------------------------------------------------------------------------
   1.  RESOURCE   USE: 
--------------------------------------------------------------------------------

| Flags:                                                                        
 getting new box info from bottom of inpcrd
|  INFO: Old style inpcrd file read

| peek_ewald_inpcrd: Box info found
|Largest sphere to fit in unit cell has radius =    22.679
| New format PARM file being parsed.
| Version =    1.000 Date = 09/26/18 Time = 13:58:55
 NATOM  =    4394 NTYPES =       7 NBONH =     883 MBONA  =    2635
 NTHETH =    2641 MTHETA =    2636 NPHIH =      26 MPHIA  =       9
 NHPARM =       0 NPARM  =       0 NNB   =    9698 NRES   =     877
 NBONA  =    2635 NTHETA =    2636 NPHIA =       9 NUMBND =       6
 NUMANG =       7 NPTRA  =       3 NATYP =       7 NPHB   =       0
 IFBOX  =       1 NMXRS  =      14 IFCAP =       0 NEXTRA =       0
 NCOPY  =       0


|     Memory Use     Allocated
|     Real              369502
|     Hollerith          14061
|     Integer           159675
|     Max Pairs        8541936
|     nblistReal         52728
|     nblist Int        151766
|       Total            37937 kbytes

| Note: 1-4 EEL scale factors are being read from the topology file.

| Note: 1-4 VDW scale factors are being read from the topology file.
| Duplicated    0 dihedrals
| Duplicated    0 dihedrals
LOADING THE QUANTUM ATOMS AS GROUPS
     Mask :1; matches    14 atoms

     BOX TYPE: RECTILINEAR
Note: ig = -1. Setting random seed to   250590 based on wallclock time in microseconds.

--------------------------------------------------------------------------------
   2.  CONTROL  DATA  FOR  THE  RUN
--------------------------------------------------------------------------------

m1                                                                              

General flags:
     imin    =       0, nmropt  =       0

Nature and format of input:
     ntx     =       5, irest   =       0, ntrx    =       1

Nature and format of output:
     ntxo    =       2, ntpr    =       1, ntrx    =       1, ntwr    =       1
     iwrap   =       0, ntwx    =       0, ntwv    =       0, ntwe    =       0
     ioutfm  =       1, ntwprt  =       0, idecomp =       0, rbornstat=      0

Potential function:
     ntf     =       1, ntb     =       1, igb     =       0, nsnb    =      25
     ipol    =       0, gbsa    =       0, iesp    =       0
     dielc   =   1.00000, cut     =  16.00000, intdiel =   1.00000

Frozen or restrained atoms:
     ibelly  =       0, ntr     =       0

Molecular dynamics:
     nstlim  =         0, nscm    =      1000, nrespa  =         1
     t       =   0.00000, dt      =   0.00050, vlimit  =  20.00000

Langevin dynamics temperature regulation:
     ig      =  250590
     temp0   = 300.00000, tempi   = 300.00000, gamma_ln=   2.00000

Ewald parameters:
     verbose =       0, ew_type =       0, nbflag  =       1, use_pme =       1
     vdwmeth =       1, eedmeth =       1, netfrc  =       1
     Box X =   49.256   Box Y =   50.133   Box Z =   45.358
     Alpha =   90.000   Beta  =   90.000   Gamma =   90.000
     NFFT1 =   50       NFFT2 =   50       NFFT3 =   45
     Cutoff=   16.000   Tol   =0.100E-04
     Ewald Coefficient =  0.16683
     Interpolation order =    4

QMMM options:
             ifqnt = True       nquant =       14
              qmgb =        0  qmcharge =        0   adjust_q =        2
              spin =        1     qmcut =  16.0000    qmshake =        0
          qmmm_int =        1
     lnk_atomic_no =        1   lnk_dis =   1.0900 lnk_method =        1
          qm_theory =     AM1 verbosity =        1
            qmqmdx = Analytical
      tight_p_conv = False (converge density to 0.05xSqrt[SCFCRT])
           scfconv = 0.100E-07  itrmax =     1000
      printcharges = False      printdipole = False      peptide_corr = False
    qmmmrij_incore = True 
  qmqm_erep_incore = True 
       pseudo_diag = True pseudo_diag_criteria =   0.0500
      diag_routine =        1
          qm_ewald =        0 qm_pme = False 

--------------------------------------------------------------------------------
   3.  ATOMIC COORDINATES AND VELOCITIES
--------------------------------------------------------------------------------

Cpptraj Generated Restart                                                       
 begin time read from input coords =     0.000 ps

 Number of triangulated 3-point waters found:        0
 identifying link atoms
 identified link atoms

     Sum of charges from parm topology file =   0.00000100
     Forcing neutrality...
QMMM: ADJUSTING CHARGES
QMMM: ----------------------------------------------------------------------
QMMM: adjust_q = 2
QMMM: Uniformly adjusting the charge of MM atoms to conserve total charge.
QMMM:                             qm_charge =    0
QMMM: QM atom RESP charge sum (inc MM link) =    0.000
QMMM: Adjusting each MM atom resp charge by =    0.000
QMMM:          Sum of MM + QM region is now =    0.000
QMMM: ----------------------------------------------------------------------
|  # of SOLUTE  degrees of freedom (RNDFP):   13182.
|  # of SOLVENT degrees of freedom (RNDFS):       0.
|  QMSHAKE_NOSHAKEMASK_OVERLAP =      0
|  NDFMIN =   13182.     NUM_NOSHAKE =      0     CORRECTED RNDFP =   13182.
|  TOTAL # of degrees of freedom (RNDF) =   13182.
 ---------------------------------------------------
 APPROXIMATING switch and d/dx switch using CUBIC SPLINE INTERPOLATION
 using   5000.0 points per unit in tabled values
 TESTING RELATIVE ERROR over r ranging from 0.0 to cutoff
| CHECK switch(x): max rel err =   0.2738E-14   at   2.422500
| CHECK d/dx switch(x): max rel err =   0.7766E-11   at   2.666360
 ---------------------------------------------------
| Local SIZE OF NONBOND LIST =    2093376
| TOTAL SIZE OF NONBOND LIST =    2093376

QMMM: Link Atom Information
QMMM: ------------------------------------------------------------------------
QMMM: nlink =     0
QMMM: ------------------------------------------------------------------------

  QMMM: QM Region Cartesian Coordinates (*=link atom) 
  QMMM: QM_NO.   MM_NO.  ATOM         X         Y         Z
  QMMM:     1        1      C       -0.3700   -0.6010   -1.6007
  QMMM:     2        2      C        0.6822   -1.1037   -0.8265
  QMMM:     3        3      C        1.0603   -0.6053    0.3906
  QMMM:     4        4      C        0.3216    0.5282    0.8374
  QMMM:     5        5      C       -0.8223    1.0033    0.1465
  QMMM:     6        6      C       -1.1422    0.4707   -1.1088
  QMMM:     7        7      H       -0.7295   -1.1777   -2.4646
  QMMM:     8        8      H        1.2677   -1.9823   -1.2215
  QMMM:     9        9      H        1.8917   -1.0174    0.8765
  QMMM:    10       10      H       -1.4548    1.7084    0.5391
  QMMM:    11       11      H       -1.8917    0.9955   -1.7211
  QMMM:    12       12      N        0.5724    1.0766    2.1175
  QMMM:    13       13      H        1.4704    0.7945    2.4646
  QMMM:    14       14      H        0.3256    1.9823    2.3784

--------------------------------------------------------------------------------
  3.1 QM CALCULATION INFO
--------------------------------------------------------------------------------
 rnd_seed=           1
 !!!!!!-----NAESMD INPUT-----!!!!!!

 Ground state MD,      imdtype=           0
 Initial count for out files              0
 MD at constant energy
 Starting time, fs           0.0000000000000000     
 Time step, fs                        0.50000000000000000     
 Number of classical steps (CS)        20000
 Quantum steps/per CS                    0
 Displacement for deriv. [A]      1.0000000000000001E-005
 Newtonian dynamics,           therm_type=           0
 Temperature, K                  10.000000000000000     
 Bath relaxation constant       0.40000000000000002     
 Equilibrated dynamics
 Number of steps per degree K           100
 Number of steps to write data           10
 Number of steps to write coords           1
 Friction coefficient [1/ps]      2.0000000000000000     
 Seed for random generator               1
 NAESMD verbosity,            1
 MD will use analytic deriv,  ideriv=           1
 Cartesian coordinates are used
 Allocating initial naesmd_module variables
 Allocating md_module initial variables
 Allocating variables
 Allocating naesmd_module variables          14           5
 Allocating md_module variables          14
  Finish reading coordinates 

 Initial Geometry
    6        -0.370039   -0.601005   -1.600672
    6         0.682175   -1.103711   -0.826513
    6         1.060345   -0.605273    0.390587
    6         0.321594    0.528230    0.837385
    6        -0.822340    1.003320    0.146528
    6        -1.142162    0.470675   -1.108847
    1        -0.729504   -1.177686   -2.464586
    1         1.267746   -1.982331   -1.221546
    1         1.891653   -1.017444    0.876530
    1        -1.454760    1.708404    0.539097
    1        -1.891653    0.995547   -1.721092
    7         0.572353    1.076625    2.117533
    1         1.470379    0.794549    2.464586
    1         0.325603    1.982331    2.378416
 nstep successful

| QMMM: Citation for AMBER QMMM Run:
| QMMM: R.C. Walker, M.F. Crowley and D.A. Case, J. COMP. CHEM. 29:1019, 2008

QMMM: SINGLET STATE CALCULATION
QMMM: RHF CALCULATION, NO. OF DOUBLY OCCUPIED LEVELS = 18

| QMMM: *** Selected Hamiltonian *** 
| QMMM: AM1         

| QMMM: *** Parameter sets in use ***
| QMMM: C : M.J.S.DEWAR et al. JACS, 107, 3902, (1985)
| QMMM: H : M.J.S.DEWAR et al. JACS, 107, 3902, (1985)
| QMMM: N : M.J.S.DEWAR et al. JACS, 107, 3902, (1985)

| QMMM: *** Diagonalization Routine Information ***
| QMMM: Pseudo diagonalizations are allowed.
| QMMM: Auto diagonalization routine selection is disabled.
| QMMM: Using internal diagonalization routine (diag_routine=1).

  QMMM: QM Region Cartesian Coordinates (*=link atom) 
  QMMM: QM_NO.   MM_NO.  ATOM         X         Y         Z
  QMMM:     1        1      C       -0.3700   -0.6010   -1.6007
  QMMM:     2        2      C        0.6822   -1.1037   -0.8265
  QMMM:     3        3      C        1.0603   -0.6053    0.3906
  QMMM:     4        4      C        0.3216    0.5282    0.8374
  QMMM:     5        5      C       -0.8223    1.0033    0.1465
  QMMM:     6        6      C       -1.1422    0.4707   -1.1088
  QMMM:     7        7      H       -0.7295   -1.1777   -2.4646
  QMMM:     8        8      H        1.2677   -1.9823   -1.2215
  QMMM:     9        9      H        1.8917   -1.0174    0.8765
  QMMM:    10       10      H       -1.4548    1.7084    0.5391
  QMMM:    11       11      H       -1.8917    0.9955   -1.7211
  QMMM:    12       12      N        0.5724    1.0766    2.1175
  QMMM:    13       13      H        1.4704    0.7945    2.4646
  QMMM:    14       14      H        0.3256    1.9823    2.3784

--------------------------------------------------------------------------------
  RESULTS
--------------------------------------------------------------------------------

QMMM: SCF Converged to 0.1000E-07 in:    19 Cycles 
           9           3   3.5197539327569416E-015
          11           1   5.2036689844256467E-015
          10           2   1.8983431363320258E-015
           8           2   2.3380819849649903E-015
           8           2   3.9679631108624491E-015
          11           1   2.0819527742424460E-015
 @@@@ Davidson subroutine Found vectors           6
  i, e0(i), ferr(i), ftol0
  1 +++    3.463209648071723     0.39E-05 0.10E-04
  2 +++    3.652445608402825     0.43E-06 0.10E-04
  3 +++    4.733206102994168     0.50E-06 0.10E-04
  4 +++    5.065641983997136     0.57E-06 0.10E-04
  5 +++    5.093079194027035     0.25E-05 0.10E-04
  6 +++    5.672560114763691     0.74E-05 0.10E-04
 -------------------------------------------------

 Frequencies (eV) and Oscillator strengths (unitless)
        Omega            fx              fy              fz          ftotal
   1     3.46320964807172        0.727926208841518E-02    0.896632765567363E-02    0.213166155986442E-03    0.164587559000753E-01
   2     3.65244560840283        0.421108982079840E-02    0.104957570199264E-01    0.639640477846366E-01    0.786708946253614E-01
   3     4.73320610299417        0.328875351332649E-03    0.210910604995160E-02    0.130000124487661E-02    0.373798264616086E-02
   4     5.06564198399714        0.510585532876252E-01    0.204849253227846E-01    0.256771741836850        0.328315220447260    
   5     5.09307919402703        0.107660666035776        0.132162086590559        0.626647690852972E-02    0.246089229534865    
   6     5.67256011476369        0.121748380628259E-01    0.928477045663390E-03    0.112575022903179E-01    0.243608173988071E-01

 Frequencies (eV) and Transition Dipole Moments (AU)
        Omega            fx              fy              fz          ftotal
   1     3.46320964807172        0.292904017954161       -0.325079028841031       -0.501234294576934E-01    0.193981496906519    
   2     3.65244560840283        0.216933396602091        0.342480656902031        0.845467919437450        0.879169101711257    
   3     4.73320610299417       -0.532548293055296E-01   -0.134862915215812        0.105880313511387        0.322347235341379E-01
   4     5.06564198399714        0.641413429509061        0.406275832248290         1.43839249919979         2.64544422117785    
   5     5.09307919402703        0.928879458542995        -1.02916325328699       -0.224100357637413         1.97221502071260    
   6     5.67256011476369       -0.295980490517811       -0.817366952642009E-01   -0.284611543712958        0.175289068934550    

 Total energy of the ground state (eV,AU)
           0  -1071.3435930697560       -39.371136460456817     
 Total energies of excited states (eV,AU)
           1  -1067.8803834216842       -39.243865899893969     
           2  -1067.6911474613532       -39.236911609164444     
           3  -1066.6103869667618       -39.197194408082659     
           4  -1066.2779510857588       -39.184977619257879     
           5  -1066.2505138757290       -39.183969320755729     
           6  -1065.6710329549924       -39.162673797494904     
 Ground State Molecular Dipole Moment (A.U.)
                         dx              dy              dz          ftotal
                     0.4335498      0.4788903      0.2638999      0.6978141    
          35          18       94506151166528
          35          18       94506151166528
          35          18       94506151166528
          35          18       94506151166528
          35          18       94506151166528
          35          18       94506151166528

 Frequencies (eV) Unrelaxed Difference Dipole Moments (AU)
        Omega            dx              dy              dz          ftotal
   1   3.463210      0.1058997      0.2767362      0.5147547      0.5939445    
   2   3.652446      0.5893475E-01  0.1093110      0.4457281      0.4627048    
   3   4.733206     -0.4090461     -0.5472392     -0.3695929      0.7767807    
   4   5.065642      0.5129567E-01  0.1171645      0.3662807      0.3879695    
   5   5.093079     -0.7699684E-01  0.7347147E-01  0.2079276      0.2335818    
   6   5.672560     -0.2165772      0.1834426E-01  0.6541401E-01  0.2269828    
QMMM:
QMMM: SCF Energy =       21.01353547 KCal/mol,        87.92063242 KJ/mol
QMMM: SCF Energy = Heat of formation

QMMM: Mulliken Charges of state:    0
QMMM: Atomic Charges for Step       1 :
QMMM:  Atom    Element       Mulliken Charge
QMMM:     1      C              -0.219749
QMMM:     2      C              -0.139157
QMMM:     3      C              -0.166558
QMMM:     4      C               0.072203
QMMM:     5      C              -0.185193
QMMM:     6      C              -0.111903
QMMM:     7      H               0.144210
QMMM:     8      H               0.132575
QMMM:     9      H               0.161984
QMMM:    10      H               0.142531
QMMM:    11      H               0.155375
QMMM:    12      N              -0.403230
QMMM:    13      H               0.203751
QMMM:    14      H               0.213162
QMMM: Total Mulliken Charge =    0.000000

 LPRINT:           1           0

 NSTEP =        0   TIME(PS) =       0.000  TEMP(K) =   303.05  PRESS =     0.0
 Etot   =     -1699.6745  EKtot   =      3969.2672  EPtot      =     -5668.9417
 BOND   =       897.6335  ANGLE   =      1464.1356  DIHED      =         0.0000
 1-4 NB =         0.0000  1-4 EEL =         0.0000  VDWAALS    =     -5555.7823
 EELEC  =     -2495.9420  EHBOND  =         0.0000  RESTRAINT  =         0.0000
 AM1ESCF=        21.0135
 Ewald error estimate:   0.9551E-03
 ------------------------------------------------------------------------------


--------------------------------------------------------------------------------
   5.  TIMINGS
--------------------------------------------------------------------------------

|    Read coords time           0.01 ( 2.77% of Total)
|    Fast Water setup           0.00 ( 0.01% of Total)
|                Build the list             0.06 (87.74% of List )
|                Other                      0.01 (12.26% of List )
|             List time                  0.07 (47.74% of Nonbo)
|                   Short_ene time             0.06 (99.60% of Direc)
|                   Other                      0.00 ( 0.40% of Direc)
|                Direct Ewald time          0.06 (85.51% of Ewald)
|                Adjust Ewald time          0.00 ( 0.46% of Ewald)
|                Self Ewald time            0.00 ( 0.02% of Ewald)
|                   Fill Bspline coeffs        0.00 ( 4.67% of Recip)
|                   Fill charge grid           0.00 ( 8.42% of Recip)
|                   Scalar sum                 0.00 (14.45% of Recip)
|                   Grad sum                   0.00 (18.34% of Recip)
|                   FFT time                   0.01 (53.79% of Recip)
|                   Other                      0.00 ( 0.33% of Recip)
|                Recip Ewald time           0.01 (13.96% of Ewald)
|                Virial junk                0.00 ( 0.05% of Ewald)
|                Other                      0.00 ( 0.01% of Ewald)
|             Ewald time                 0.07 (52.26% of Nonbo)
|          Nonbond force              0.14 (67.67% of Force)
|             QMMM setup                 0.00 ( 0.06% of QMMM )
|             QMMM list build            0.00 ( 0.35% of QMMM )
|             QMMM prep coords           0.00 ( 0.32% of QMMM )
|                   QMMM hcore QM-QM           0.00 (47.40% of QMMM )
|                   QMMM hcore QM-MM           0.00 (52.51% of QMMM )
|                   Other                      0.00 ( 0.09% of QMMM )
|                QMMM hcore calc            0.00 (32.70% of QMMM )
|                   QMMM fock build            0.00 (41.00% of QMMM )
|                   QMMM elec-energy cal       0.00 ( 0.79% of QMMM )
|                   QMMM full matrix dia       0.00 (27.01% of QMMM )
|                   QMMM pseudo matrix d       0.00 (24.78% of QMMM )
|                   QMMM density build         0.00 ( 5.66% of QMMM )
|                   Other                      0.00 ( 0.76% of QMMM )
|                QMMM scf                   0.00 (67.30% of QMMM )
|             QMMM energy                0.00 ( 4.74% of QMMM )
|             QMMM Collate Forces        0.00 ( 0.02% of QMMM )
|             Other                      0.06 (94.52% of QMMM )
|          QMMM                       0.07 (32.14% of Force)
|          Bond/Angle/Dihedral        0.00 ( 0.17% of Force)
|          Other                      0.00 ( 0.02% of Force)
|       Force time                 0.21 (99.53% of Runmd)
|       Other                      0.00 ( 0.47% of Runmd)
|    Runmd Time                 0.21 (83.71% of Total)
|    Other                      0.03 (13.50% of Total)
| Total time                 0.25 (100.0% of ALL  )

| Number of list builds   :          1

| Highest rstack allocated:     366766
| Highest istack allocated:       4394
|           Job began  at 14:48:39.218  on 02/14/2020
|           Setup done at 14:48:39.258  on 02/14/2020
|           Run   done at 14:48:39.468  on 02/14/2020
|     wallclock() was called     295 times
ASSERTion 'ier == 0' failed in src/sqm/qmmm_module.F90 at line    892.
