
          -------------------------------------------------------
          Amber 18 SANDER                              2018
          -------------------------------------------------------

| Run on 02/14/2020 at 14:48:38

|   Executable path: sander
| Working directory: /home/dustin/Documents/TestRuns/qm_mm_prop/benzene_nh2/abs/traj_3/9
|          Hostname: Unknown
  [-O]verwriting output

File Assignments:
|  MDIN: nasqm_abs_t3_9.in                                                     
| MDOUT: nasqm_abs_t3_9.out                                                    
|INPCRD: snap_9_for_absorption_t3.rst                                          
|  PARM: m1.prmtop                                                             
|RESTRT: snap_9_for_absorption_t3_back.rst                                     
|  REFC: refc                                                                  
| MDVEL: mdvel                                                                 
| MDFRC: mdfrc                                                                 
|  MDEN: mden                                                                  
| MDCRD: nasqm_abs_t3_9.nc                                                     
|MDINFO: mdinfo                                                                
|  MTMD: mtmd                                                                  
|INPDIP: inpdip                                                                
|RSTDIP: rstdip                                                                
|INPTRA: inptraj                                                               


 Here is the input file:

300K constant temp QMMMMD                                                      
 &cntrl                                                                        
  imin=0,                                                                      
  irest=0,                                                                     
  ntx=5,                                                                       
  ntb=1,                                                                       
  ntp=0,                                                                       
  ig=-1,                                                                       
  taup=2.0,                                                                    
  cut=16.0,                                                                    
  ntr=0,                                                                       
  tempi=300.0,                                                                 
  temp0=300.0,                                                                 
  ntt=3,                                                                       
  gamma_ln=2.0,                                                                
  nstlim=0,                                                                    
  dt=0.0005,                                                                   
  ntpr=1,                                                                      
  ntwx=0,                                                                      
  ntwv=0,                                                                      
  ifqnt=1                                                                      
 /                                                                             
 &qmmm                                                                         
  scfconv=1.0000E-8,                                                           
  verbosity=1,                                                                 
  qmmask=':1',                                                                 
  diag_routine=1,                                                              
  qmcharge=0,                                                                  
  qm_theory='AM1',                                                             
  qmshake=0,                                                                   
  qm_ewald=0,                                                                  
  qm_pme=0,                                                                    
  nae=1                                                                        
 /                                                                             

--------------------------------------------------------------------------------
   1.  RESOURCE   USE: 
--------------------------------------------------------------------------------

| Flags:                                                                        
 getting new box info from bottom of inpcrd
|  INFO: Old style inpcrd file read

| peek_ewald_inpcrd: Box info found
|Largest sphere to fit in unit cell has radius =    22.679
| New format PARM file being parsed.
| Version =    1.000 Date = 09/26/18 Time = 13:58:55
 NATOM  =    4394 NTYPES =       7 NBONH =     883 MBONA  =    2635
 NTHETH =    2641 MTHETA =    2636 NPHIH =      26 MPHIA  =       9
 NHPARM =       0 NPARM  =       0 NNB   =    9698 NRES   =     877
 NBONA  =    2635 NTHETA =    2636 NPHIA =       9 NUMBND =       6
 NUMANG =       7 NPTRA  =       3 NATYP =       7 NPHB   =       0
 IFBOX  =       1 NMXRS  =      14 IFCAP =       0 NEXTRA =       0
 NCOPY  =       0


|     Memory Use     Allocated
|     Real              369502
|     Hollerith          14061
|     Integer           159675
|     Max Pairs        8541936
|     nblistReal         52728
|     nblist Int        151766
|       Total            37937 kbytes

| Note: 1-4 EEL scale factors are being read from the topology file.

| Note: 1-4 VDW scale factors are being read from the topology file.
| Duplicated    0 dihedrals
| Duplicated    0 dihedrals
LOADING THE QUANTUM ATOMS AS GROUPS
     Mask :1; matches    14 atoms

     BOX TYPE: RECTILINEAR
Note: ig = -1. Setting random seed to   996825 based on wallclock time in microseconds.

--------------------------------------------------------------------------------
   2.  CONTROL  DATA  FOR  THE  RUN
--------------------------------------------------------------------------------

m1                                                                              

General flags:
     imin    =       0, nmropt  =       0

Nature and format of input:
     ntx     =       5, irest   =       0, ntrx    =       1

Nature and format of output:
     ntxo    =       2, ntpr    =       1, ntrx    =       1, ntwr    =       1
     iwrap   =       0, ntwx    =       0, ntwv    =       0, ntwe    =       0
     ioutfm  =       1, ntwprt  =       0, idecomp =       0, rbornstat=      0

Potential function:
     ntf     =       1, ntb     =       1, igb     =       0, nsnb    =      25
     ipol    =       0, gbsa    =       0, iesp    =       0
     dielc   =   1.00000, cut     =  16.00000, intdiel =   1.00000

Frozen or restrained atoms:
     ibelly  =       0, ntr     =       0

Molecular dynamics:
     nstlim  =         0, nscm    =      1000, nrespa  =         1
     t       =   0.00000, dt      =   0.00050, vlimit  =  20.00000

Langevin dynamics temperature regulation:
     ig      =  996825
     temp0   = 300.00000, tempi   = 300.00000, gamma_ln=   2.00000

Ewald parameters:
     verbose =       0, ew_type =       0, nbflag  =       1, use_pme =       1
     vdwmeth =       1, eedmeth =       1, netfrc  =       1
     Box X =   49.256   Box Y =   50.133   Box Z =   45.358
     Alpha =   90.000   Beta  =   90.000   Gamma =   90.000
     NFFT1 =   50       NFFT2 =   50       NFFT3 =   45
     Cutoff=   16.000   Tol   =0.100E-04
     Ewald Coefficient =  0.16683
     Interpolation order =    4

QMMM options:
             ifqnt = True       nquant =       14
              qmgb =        0  qmcharge =        0   adjust_q =        2
              spin =        1     qmcut =  16.0000    qmshake =        0
          qmmm_int =        1
     lnk_atomic_no =        1   lnk_dis =   1.0900 lnk_method =        1
          qm_theory =     AM1 verbosity =        1
            qmqmdx = Analytical
      tight_p_conv = False (converge density to 0.05xSqrt[SCFCRT])
           scfconv = 0.100E-07  itrmax =     1000
      printcharges = False      printdipole = False      peptide_corr = False
    qmmmrij_incore = True 
  qmqm_erep_incore = True 
       pseudo_diag = True pseudo_diag_criteria =   0.0500
      diag_routine =        1
          qm_ewald =        0 qm_pme = False 

--------------------------------------------------------------------------------
   3.  ATOMIC COORDINATES AND VELOCITIES
--------------------------------------------------------------------------------

Cpptraj Generated Restart                                                       
 begin time read from input coords =     0.000 ps

 Number of triangulated 3-point waters found:        0
 identifying link atoms
 identified link atoms

     Sum of charges from parm topology file =   0.00000100
     Forcing neutrality...
QMMM: ADJUSTING CHARGES
QMMM: ----------------------------------------------------------------------
QMMM: adjust_q = 2
QMMM: Uniformly adjusting the charge of MM atoms to conserve total charge.
QMMM:                             qm_charge =    0
QMMM: QM atom RESP charge sum (inc MM link) =    0.000
QMMM: Adjusting each MM atom resp charge by =    0.000
QMMM:          Sum of MM + QM region is now =    0.000
QMMM: ----------------------------------------------------------------------
|  # of SOLUTE  degrees of freedom (RNDFP):   13182.
|  # of SOLVENT degrees of freedom (RNDFS):       0.
|  QMSHAKE_NOSHAKEMASK_OVERLAP =      0
|  NDFMIN =   13182.     NUM_NOSHAKE =      0     CORRECTED RNDFP =   13182.
|  TOTAL # of degrees of freedom (RNDF) =   13182.
 ---------------------------------------------------
 APPROXIMATING switch and d/dx switch using CUBIC SPLINE INTERPOLATION
 using   5000.0 points per unit in tabled values
 TESTING RELATIVE ERROR over r ranging from 0.0 to cutoff
| CHECK switch(x): max rel err =   0.2738E-14   at   2.422500
| CHECK d/dx switch(x): max rel err =   0.7766E-11   at   2.666360
 ---------------------------------------------------
| Local SIZE OF NONBOND LIST =    2093401
| TOTAL SIZE OF NONBOND LIST =    2093401

QMMM: Link Atom Information
QMMM: ------------------------------------------------------------------------
QMMM: nlink =     0
QMMM: ------------------------------------------------------------------------

  QMMM: QM Region Cartesian Coordinates (*=link atom) 
  QMMM: QM_NO.   MM_NO.  ATOM         X         Y         Z
  QMMM:     1        1      C       -0.3684   -0.5949   -1.5984
  QMMM:     2        2      C        0.6942   -1.0995   -0.8212
  QMMM:     3        3      C        1.0760   -0.5931    0.3932
  QMMM:     4        4      C        0.3351    0.5251    0.8403
  QMMM:     5        5      C       -0.7982    0.9999    0.1474
  QMMM:     6        6      C       -1.1228    0.4749   -1.0962
  QMMM:     7        7      H       -0.7082   -1.1724   -2.4486
  QMMM:     8        8      H        1.2698   -1.9879   -1.2136
  QMMM:     9        9      H        1.9019   -1.0110    0.8888
  QMMM:    10       10      H       -1.4228    1.7108    0.5256
  QMMM:    11       11      H       -1.9019    1.0037   -1.7179
  QMMM:    12       12      N        0.5838    1.0770    2.1136
  QMMM:    13       13      H        1.4884    0.8052    2.4486
  QMMM:    14       14      H        0.3094    1.9879    2.3686

--------------------------------------------------------------------------------
  3.1 QM CALCULATION INFO
--------------------------------------------------------------------------------
 rnd_seed=           1
 !!!!!!-----NAESMD INPUT-----!!!!!!

 Ground state MD,      imdtype=           0
 Initial count for out files              0
 MD at constant energy
 Starting time, fs           0.0000000000000000     
 Time step, fs                        0.50000000000000000     
 Number of classical steps (CS)        20000
 Quantum steps/per CS                    0
 Displacement for deriv. [A]      1.0000000000000001E-005
 Newtonian dynamics,           therm_type=           0
 Temperature, K                  10.000000000000000     
 Bath relaxation constant       0.40000000000000002     
 Equilibrated dynamics
 Number of steps per degree K           100
 Number of steps to write data           10
 Number of steps to write coords           1
 Friction coefficient [1/ps]      2.0000000000000000     
 Seed for random generator               1
 NAESMD verbosity,            1
 MD will use analytic deriv,  ideriv=           1
 Cartesian coordinates are used
 Allocating initial naesmd_module variables
 Allocating md_module initial variables
 Allocating variables
 Allocating naesmd_module variables          14           5
 Allocating md_module variables          14
  Finish reading coordinates 

 Initial Geometry
    6        -0.368445   -0.594912   -1.598430
    6         0.694243   -1.099499   -0.821183
    6         1.075980   -0.593103    0.393229
    6         0.335109    0.525148    0.840337
    6        -0.798219    0.999899    0.147359
    6        -1.122762    0.474884   -1.096185
    1        -0.708228   -1.172386   -2.448565
    1         1.269786   -1.987864   -1.213555
    1         1.901876   -1.011021    0.888825
    1        -1.422803    1.710794    0.525626
    1        -1.901876    1.003675   -1.717883
    7         0.583806    1.077028    2.113597
    1         1.488364    0.805155    2.448566
    1         0.309445    1.987864    2.368628
 nstep successful

| QMMM: Citation for AMBER QMMM Run:
| QMMM: R.C. Walker, M.F. Crowley and D.A. Case, J. COMP. CHEM. 29:1019, 2008

QMMM: SINGLET STATE CALCULATION
QMMM: RHF CALCULATION, NO. OF DOUBLY OCCUPIED LEVELS = 18

| QMMM: *** Selected Hamiltonian *** 
| QMMM: AM1         

| QMMM: *** Parameter sets in use ***
| QMMM: C : M.J.S.DEWAR et al. JACS, 107, 3902, (1985)
| QMMM: H : M.J.S.DEWAR et al. JACS, 107, 3902, (1985)
| QMMM: N : M.J.S.DEWAR et al. JACS, 107, 3902, (1985)

| QMMM: *** Diagonalization Routine Information ***
| QMMM: Pseudo diagonalizations are allowed.
| QMMM: Auto diagonalization routine selection is disabled.
| QMMM: Using internal diagonalization routine (diag_routine=1).

  QMMM: QM Region Cartesian Coordinates (*=link atom) 
  QMMM: QM_NO.   MM_NO.  ATOM         X         Y         Z
  QMMM:     1        1      C       -0.3684   -0.5949   -1.5984
  QMMM:     2        2      C        0.6942   -1.0995   -0.8212
  QMMM:     3        3      C        1.0760   -0.5931    0.3932
  QMMM:     4        4      C        0.3351    0.5251    0.8403
  QMMM:     5        5      C       -0.7982    0.9999    0.1474
  QMMM:     6        6      C       -1.1228    0.4749   -1.0962
  QMMM:     7        7      H       -0.7082   -1.1724   -2.4486
  QMMM:     8        8      H        1.2698   -1.9879   -1.2136
  QMMM:     9        9      H        1.9019   -1.0110    0.8888
  QMMM:    10       10      H       -1.4228    1.7108    0.5256
  QMMM:    11       11      H       -1.9019    1.0037   -1.7179
  QMMM:    12       12      N        0.5838    1.0770    2.1136
  QMMM:    13       13      H        1.4884    0.8052    2.4486
  QMMM:    14       14      H        0.3094    1.9879    2.3686

--------------------------------------------------------------------------------
  RESULTS
--------------------------------------------------------------------------------

QMMM: SCF Converged to 0.1000E-07 in:    19 Cycles 
          10           1   2.7180999286188431E-015
          10           2   2.4213825931297672E-015
           9           1   1.0602413044735748E-015
          10           1   1.3252948543283904E-015
          10           1   2.2497940468067801E-015
          10           1   2.5275547849363048E-015
 @@@@ Davidson subroutine Found vectors           6
  i, e0(i), ferr(i), ftol0
  1 +++    3.496577760604738     0.39E-05 0.10E-04
  2 +++    3.674962229309597     0.47E-06 0.10E-04
  3 +++    4.756705832429237     0.59E-06 0.10E-04
  4 +++    5.116612248637692     0.22E-05 0.10E-04
  5 +++    5.139323857145143     0.31E-05 0.10E-04
  6 +++    5.712546646801752     0.56E-05 0.10E-04
 -------------------------------------------------

 Frequencies (eV) and Oscillator strengths (unitless)
        Omega            fx              fy              fz          ftotal
   1     3.49657776060474        0.796870881460085E-02    0.777543539782834E-02    0.927250458378734E-06    0.157450714628876E-01
   2     3.67496222930960        0.465529952019675E-02    0.102100012874681E-01    0.676502993883969E-01    0.825156001960618E-01
   3     4.75670583242924        0.455708914711919E-03    0.143225889849538E-02    0.207412509611564E-02    0.396209290932294E-02
   4     5.11661224863769        0.219493476502095E-03    0.114480787143917        0.211143713351516        0.325843993971935    
   5     5.13932385714514        0.161637287171238        0.438818181124416E-01    0.554160124454813E-01    0.260935117729161    
   6     5.71254664680175        0.938492383637965E-02    0.127886193760010E-02    0.117480250622117E-01    0.224118108361914E-01

 Frequencies (eV) and Transition Dipole Moments (AU)
        Omega            fx              fy              fz          ftotal
   1     3.49657776060474        0.304995495775524       -0.301274105441761       -0.329001573661736E-02    0.183799163256638    
   2     3.67496222930960       -0.227388458094096       -0.336749919753822       -0.866821079335031        0.916484802908164    
   3     4.75670583242924       -0.625333445861419E-01   -0.110860966325651        0.133409073596990        0.339985539577934E-01
   4     5.11661224863769       -0.418447134262748E-01    0.955643901685802         1.29783316175052         2.59937716261033    
   5     5.13932385714514         1.13302326069247       -0.590351071679800        0.663415609107335         2.07237636751094    
   6     5.71254664680175       -0.258953353095385       -0.955912176185499E-01   -0.289726750070039        0.160136109671287    

 Total energy of the ground state (eV,AU)
           0  -1071.3518526344724       -39.371439993750577     
 Total energies of excited states (eV,AU)
           1  -1067.8552748738675       -39.242943178118423     
           2  -1067.6768904051628       -39.236387672204884     
           3  -1066.5951468020432       -39.196634342564288     
           4  -1066.2352403858347       -39.183408030560180     
           5  -1066.2125287773272       -39.182573394647321     
           6  -1065.6393059876707       -39.161507853377650     
 Ground State Molecular Dipole Moment (A.U.)
                         dx              dy              dz          ftotal
                     0.4236830      0.4749901      0.2561628      0.6861066    
          35          18       94782777647712
          35          18       94782777647712
          35          18       94782777647712
          35          18       94782777647712
          35          18       94782777647712
          35          18       94782777647712

 Frequencies (eV) Unrelaxed Difference Dipole Moments (AU)
        Omega            dx              dy              dz          ftotal
   1   3.496578      0.9867746E-01  0.2652015      0.5025721      0.5767563    
   2   3.674962      0.3540248E-01  0.1408020      0.4414405      0.4647023    
   3   4.756706     -0.4049579     -0.5774331     -0.3871900      0.8045719    
   4   5.116612     -0.3060512E-01  0.1773276      0.3288587      0.3748730    
   5   5.139324      0.3174224E-01  0.1861579E-01  0.2897384      0.2920658    
   6   5.712547     -0.1852793      0.3940314E-01  0.2265091      0.2952751    
QMMM:
QMMM: SCF Energy =       20.82306165 KCal/mol,        87.12368995 KJ/mol
QMMM: SCF Energy = Heat of formation

QMMM: Mulliken Charges of state:    0
QMMM: Atomic Charges for Step       1 :
QMMM:  Atom    Element       Mulliken Charge
QMMM:     1      C              -0.218486
QMMM:     2      C              -0.140063
QMMM:     3      C              -0.169167
QMMM:     4      C               0.072677
QMMM:     5      C              -0.186788
QMMM:     6      C              -0.112658
QMMM:     7      H               0.144295
QMMM:     8      H               0.133985
QMMM:     9      H               0.162337
QMMM:    10      H               0.140514
QMMM:    11      H               0.156475
QMMM:    12      N              -0.404586
QMMM:    13      H               0.205868
QMMM:    14      H               0.215597
QMMM: Total Mulliken Charge =    0.000000

 LPRINT:           1           0

 NSTEP =        0   TIME(PS) =       0.000  TEMP(K) =   299.32  PRESS =     0.0
 Etot   =     -1737.6402  EKtot   =      3920.4038  EPtot      =     -5658.0440
 BOND   =       894.8199  ANGLE   =      1477.5131  DIHED      =         0.0000
 1-4 NB =         0.0000  1-4 EEL =         0.0000  VDWAALS    =     -5556.7425
 EELEC  =     -2494.4576  EHBOND  =         0.0000  RESTRAINT  =         0.0000
 AM1ESCF=        20.8231
 Ewald error estimate:   0.9448E-03
 ------------------------------------------------------------------------------


--------------------------------------------------------------------------------
   5.  TIMINGS
--------------------------------------------------------------------------------

|    Read coords time           0.01 ( 2.72% of Total)
|    Fast Water setup           0.00 ( 0.01% of Total)
|                Build the list             0.06 (87.96% of List )
|                Other                      0.01 (12.04% of List )
|             List time                  0.07 (51.57% of Nonbo)
|                   Short_ene time             0.06 (99.68% of Direc)
|                   Other                      0.00 ( 0.32% of Direc)
|                Direct Ewald time          0.06 (85.32% of Ewald)
|                Adjust Ewald time          0.00 ( 0.51% of Ewald)
|                Self Ewald time            0.00 ( 0.02% of Ewald)
|                   Fill Bspline coeffs        0.00 ( 4.73% of Recip)
|                   Fill charge grid           0.00 ( 9.42% of Recip)
|                   Scalar sum                 0.00 (16.25% of Recip)
|                   Grad sum                   0.00 (11.17% of Recip)
|                   FFT time                   0.01 (58.14% of Recip)
|                   Other                      0.00 ( 0.30% of Recip)
|                Recip Ewald time           0.01 (14.09% of Ewald)
|                Virial junk                0.00 ( 0.06% of Ewald)
|             Ewald time                 0.07 (48.43% of Nonbo)
|          Nonbond force              0.14 (66.91% of Force)
|             QMMM setup                 0.00 ( 0.06% of QMMM )
|             QMMM list build            0.00 ( 0.29% of QMMM )
|             QMMM prep coords           0.00 ( 0.33% of QMMM )
|                   QMMM hcore QM-QM           0.00 (39.87% of QMMM )
|                   QMMM hcore QM-MM           0.00 (60.13% of QMMM )
|                QMMM hcore calc            0.00 (22.16% of QMMM )
|                   QMMM fock build            0.00 (41.72% of QMMM )
|                   QMMM elec-energy cal       0.00 ( 0.75% of QMMM )
|                   QMMM full matrix dia       0.00 (26.46% of QMMM )
|                   QMMM pseudo matrix d       0.00 (24.65% of QMMM )
|                   QMMM density build         0.00 ( 5.68% of QMMM )
|                   Other                      0.00 ( 0.74% of QMMM )
|                QMMM scf                   0.00 (77.84% of QMMM )
|             QMMM energy                0.00 ( 4.07% of QMMM )
|             QMMM Collate Forces        0.00 ( 0.03% of QMMM )
|             Other                      0.06 (95.23% of QMMM )
|          QMMM                       0.07 (32.90% of Force)
|          Bond/Angle/Dihedral        0.00 ( 0.17% of Force)
|          Other                      0.00 ( 0.02% of Force)
|       Force time                 0.21 (99.51% of Runmd)
|       Other                      0.00 ( 0.49% of Runmd)
|    Runmd Time                 0.21 (83.63% of Total)
|    Other                      0.03 (13.64% of Total)
| Total time                 0.25 (100.0% of ALL  )

| Number of list builds   :          1

| Highest rstack allocated:     366766
| Highest istack allocated:       4394
|           Job began  at 14:48:38.964  on 02/14/2020
|           Setup done at 14:48:39.004  on 02/14/2020
|           Run   done at 14:48:39.212  on 02/14/2020
|     wallclock() was called     295 times
ASSERTion 'ier == 0' failed in src/sqm/qmmm_module.F90 at line    892.
