
          -------------------------------------------------------
          Amber 18 SANDER                              2018
          -------------------------------------------------------

| Run on 02/14/2020 at 15:04:51

|   Executable path: sander
| Working directory: /home/dustin/Documents/TestRuns/qm_mm_prop/benzene_nh2/abs/traj_2/3
|          Hostname: Unknown
  [-O]verwriting output

File Assignments:
|  MDIN: nasqm_abs_t2_3.in                                                     
| MDOUT: nasqm_abs_t2_3.out                                                    
|INPCRD: snap_3_for_absorption_t2.rst                                          
|  PARM: m1.prmtop                                                             
|RESTRT: snap_3_for_absorption_t2_back.rst                                     
|  REFC: refc                                                                  
| MDVEL: mdvel                                                                 
| MDFRC: mdfrc                                                                 
|  MDEN: mden                                                                  
| MDCRD: nasqm_abs_t2_3.nc                                                     
|MDINFO: mdinfo                                                                
|  MTMD: mtmd                                                                  
|INPDIP: inpdip                                                                
|RSTDIP: rstdip                                                                
|INPTRA: inptraj                                                               


 Here is the input file:

300K constant temp QMMMMD                                                      
 &cntrl                                                                        
  imin=0,                                                                      
  irest=0,                                                                     
  ntx=5,                                                                       
  ntb=1,                                                                       
  ntp=0,                                                                       
  ig=-1,                                                                       
  taup=2.0,                                                                    
  cut=16.0,                                                                    
  ntr=0,                                                                       
  tempi=300.0,                                                                 
  temp0=300.0,                                                                 
  ntt=3,                                                                       
  gamma_ln=2.0,                                                                
  nstlim=0,                                                                    
  dt=0.0005,                                                                   
  ntpr=1,                                                                      
  ntwx=0,                                                                      
  ntwv=0,                                                                      
  ifqnt=1,                                                                     
 /                                                                             
 &qmmm                                                                         
  scfconv=1.0000E-8,                                                           
  verbosity=1,                                                                 
  qmmask=':1',                                                                 
  diag_routine=1,                                                              
  qmcharge=0,                                                                  
  qm_theory='AM1',                                                             
  qmshake=0,                                                                   
  qm_ewald=0,                                                                  
  qm_pme=0,                                                                    
  nae=1                                                                        
 /                                                                             

--------------------------------------------------------------------------------
   1.  RESOURCE   USE: 
--------------------------------------------------------------------------------

| Flags:                                                                        
 getting new box info from bottom of inpcrd
|  INFO: Old style inpcrd file read

| peek_ewald_inpcrd: Box info found
|Largest sphere to fit in unit cell has radius =    22.679
| New format PARM file being parsed.
| Version =    1.000 Date = 09/26/18 Time = 13:58:55
 NATOM  =    4394 NTYPES =       7 NBONH =     883 MBONA  =    2635
 NTHETH =    2641 MTHETA =    2636 NPHIH =      26 MPHIA  =       9
 NHPARM =       0 NPARM  =       0 NNB   =    9698 NRES   =     877
 NBONA  =    2635 NTHETA =    2636 NPHIA =       9 NUMBND =       6
 NUMANG =       7 NPTRA  =       3 NATYP =       7 NPHB   =       0
 IFBOX  =       1 NMXRS  =      14 IFCAP =       0 NEXTRA =       0
 NCOPY  =       0


|     Memory Use     Allocated
|     Real              369502
|     Hollerith          14061
|     Integer           159675
|     Max Pairs        8541936
|     nblistReal         52728
|     nblist Int        151766
|       Total            37937 kbytes

| Note: 1-4 EEL scale factors are being read from the topology file.

| Note: 1-4 VDW scale factors are being read from the topology file.
| Duplicated    0 dihedrals
| Duplicated    0 dihedrals
LOADING THE QUANTUM ATOMS AS GROUPS
     Mask :1; matches    14 atoms

     BOX TYPE: RECTILINEAR
Note: ig = -1. Setting random seed to    77267 based on wallclock time in microseconds.

--------------------------------------------------------------------------------
   2.  CONTROL  DATA  FOR  THE  RUN
--------------------------------------------------------------------------------

m1                                                                              

General flags:
     imin    =       0, nmropt  =       0

Nature and format of input:
     ntx     =       5, irest   =       0, ntrx    =       1

Nature and format of output:
     ntxo    =       2, ntpr    =       1, ntrx    =       1, ntwr    =       1
     iwrap   =       0, ntwx    =       0, ntwv    =       0, ntwe    =       0
     ioutfm  =       1, ntwprt  =       0, idecomp =       0, rbornstat=      0

Potential function:
     ntf     =       1, ntb     =       1, igb     =       0, nsnb    =      25
     ipol    =       0, gbsa    =       0, iesp    =       0
     dielc   =   1.00000, cut     =  16.00000, intdiel =   1.00000

Frozen or restrained atoms:
     ibelly  =       0, ntr     =       0

Molecular dynamics:
     nstlim  =         0, nscm    =      1000, nrespa  =         1
     t       =   0.00000, dt      =   0.00050, vlimit  =  20.00000

Langevin dynamics temperature regulation:
     ig      =   77267
     temp0   = 300.00000, tempi   = 300.00000, gamma_ln=   2.00000

Ewald parameters:
     verbose =       0, ew_type =       0, nbflag  =       1, use_pme =       1
     vdwmeth =       1, eedmeth =       1, netfrc  =       1
     Box X =   49.256   Box Y =   50.133   Box Z =   45.358
     Alpha =   90.000   Beta  =   90.000   Gamma =   90.000
     NFFT1 =   50       NFFT2 =   50       NFFT3 =   45
     Cutoff=   16.000   Tol   =0.100E-04
     Ewald Coefficient =  0.16683
     Interpolation order =    4

QMMM options:
             ifqnt = True       nquant =       14
              qmgb =        0  qmcharge =        0   adjust_q =        2
              spin =        1     qmcut =  16.0000    qmshake =        0
          qmmm_int =        1
     lnk_atomic_no =        1   lnk_dis =   1.0900 lnk_method =        1
          qm_theory =     AM1 verbosity =        1
            qmqmdx = Analytical
      tight_p_conv = False (converge density to 0.05xSqrt[SCFCRT])
           scfconv = 0.100E-07  itrmax =     1000
      printcharges = False      printdipole = False      peptide_corr = False
    qmmmrij_incore = True 
  qmqm_erep_incore = True 
       pseudo_diag = True pseudo_diag_criteria =   0.0500
      diag_routine =        1
          qm_ewald =        0 qm_pme = False 

--------------------------------------------------------------------------------
   3.  ATOMIC COORDINATES AND VELOCITIES
--------------------------------------------------------------------------------

Cpptraj Generated Restart                                                       
 begin time read from input coords =     0.000 ps

 Number of triangulated 3-point waters found:        0
 identifying link atoms
 identified link atoms

     Sum of charges from parm topology file =   0.00000100
     Forcing neutrality...
QMMM: ADJUSTING CHARGES
QMMM: ----------------------------------------------------------------------
QMMM: adjust_q = 2
QMMM: Uniformly adjusting the charge of MM atoms to conserve total charge.
QMMM:                             qm_charge =    0
QMMM: QM atom RESP charge sum (inc MM link) =    0.000
QMMM: Adjusting each MM atom resp charge by =    0.000
QMMM:          Sum of MM + QM region is now =    0.000
QMMM: ----------------------------------------------------------------------
|  # of SOLUTE  degrees of freedom (RNDFP):   13182.
|  # of SOLVENT degrees of freedom (RNDFS):       0.
|  QMSHAKE_NOSHAKEMASK_OVERLAP =      0
|  NDFMIN =   13182.     NUM_NOSHAKE =      0     CORRECTED RNDFP =   13182.
|  TOTAL # of degrees of freedom (RNDF) =   13182.
 ---------------------------------------------------
 APPROXIMATING switch and d/dx switch using CUBIC SPLINE INTERPOLATION
 using   5000.0 points per unit in tabled values
 TESTING RELATIVE ERROR over r ranging from 0.0 to cutoff
| CHECK switch(x): max rel err =   0.2738E-14   at   2.422500
| CHECK d/dx switch(x): max rel err =   0.7766E-11   at   2.666360
 ---------------------------------------------------
| Local SIZE OF NONBOND LIST =    2093861
| TOTAL SIZE OF NONBOND LIST =    2093861

QMMM: Link Atom Information
QMMM: ------------------------------------------------------------------------
QMMM: nlink =     0
QMMM: ------------------------------------------------------------------------

  QMMM: QM Region Cartesian Coordinates (*=link atom) 
  QMMM: QM_NO.   MM_NO.  ATOM         X         Y         Z
  QMMM:     1        1      C       -0.3490   -0.8268   -1.6647
  QMMM:     2        2      C        0.7952   -1.1251   -0.9427
  QMMM:     3        3      C        1.1285   -0.5909    0.2728
  QMMM:     4        4      C        0.2606    0.3717    0.8201
  QMMM:     5        5      C       -0.8887    0.7614    0.0651
  QMMM:     6        6      C       -1.1614    0.1296   -1.1461
  QMMM:     7        7      H       -0.5958   -1.3933   -2.5443
  QMMM:     8        8      H        1.6220   -1.7847   -1.3856
  QMMM:     9        9      H        2.0484   -0.8705    0.7978
  QMMM:    10       10      H       -1.6271    1.4266    0.6570
  QMMM:    11       11      H       -2.0484    0.5323   -1.7302
  QMMM:    12       12      N        0.5098    0.8370    2.0954
  QMMM:    13       13      H        1.3757    0.5483    2.5443
  QMMM:    14       14      H        0.3032    1.7847    2.2770

--------------------------------------------------------------------------------
  3.1 QM CALCULATION INFO
--------------------------------------------------------------------------------
 rnd_seed=           1
 !!!!!!-----NAESMD INPUT-----!!!!!!

 Ground state MD,      imdtype=           0
 Initial count for out files              0
 MD at constant energy
 Starting time, fs           0.0000000000000000     
 Time step, fs                        0.50000000000000000     
 Number of classical steps (CS)        20000
 Quantum steps/per CS                    0
 Displacement for deriv. [A]      1.0000000000000001E-005
 Newtonian dynamics,           therm_type=           0
 Temperature, K                  10.000000000000000     
 Bath relaxation constant       0.40000000000000002     
 Equilibrated dynamics
 Number of steps per degree K           100
 Number of steps to write data           10
 Number of steps to write coords           1
 Friction coefficient [1/ps]      2.0000000000000000     
 Seed for random generator               1
 NAESMD verbosity,            1
 MD will use analytic deriv,  ideriv=           1
 Cartesian coordinates are used
 Allocating initial naesmd_module variables
 Allocating md_module initial variables
 Allocating variables
 Allocating naesmd_module variables          14           5
 Allocating md_module variables          14
  Finish reading coordinates 

 Initial Geometry
    6        -0.348972   -0.826811   -1.664676
    6         0.795162   -1.125111   -0.942721
    6         1.128513   -0.590908    0.272769
    6         0.260649    0.371742    0.820104
    6        -0.888674    0.761425    0.065135
    6        -1.161430    0.129583   -1.146117
    1        -0.595791   -1.393253   -2.544263
    1         1.622040   -1.784727   -1.385577
    1         2.048439   -0.870506    0.797811
    1        -1.627121    1.426603    0.656957
    1        -2.048439    0.532333   -1.730197
    7         0.509809    0.836979    2.095370
    1         1.375688    0.548306    2.544263
    1         0.303225    1.784727    2.277009
 nstep successful

| QMMM: Citation for AMBER QMMM Run:
| QMMM: R.C. Walker, M.F. Crowley and D.A. Case, J. COMP. CHEM. 29:1019, 2008

QMMM: SINGLET STATE CALCULATION
QMMM: RHF CALCULATION, NO. OF DOUBLY OCCUPIED LEVELS = 18

| QMMM: *** Selected Hamiltonian *** 
| QMMM: AM1         

| QMMM: *** Parameter sets in use ***
| QMMM: C : M.J.S.DEWAR et al. JACS, 107, 3902, (1985)
| QMMM: H : M.J.S.DEWAR et al. JACS, 107, 3902, (1985)
| QMMM: N : M.J.S.DEWAR et al. JACS, 107, 3902, (1985)

| QMMM: *** Diagonalization Routine Information ***
| QMMM: Pseudo diagonalizations are allowed.
| QMMM: Auto diagonalization routine selection is disabled.
| QMMM: Using internal diagonalization routine (diag_routine=1).

  QMMM: QM Region Cartesian Coordinates (*=link atom) 
  QMMM: QM_NO.   MM_NO.  ATOM         X         Y         Z
  QMMM:     1        1      C       -0.3490   -0.8268   -1.6647
  QMMM:     2        2      C        0.7952   -1.1251   -0.9427
  QMMM:     3        3      C        1.1285   -0.5909    0.2728
  QMMM:     4        4      C        0.2606    0.3717    0.8201
  QMMM:     5        5      C       -0.8887    0.7614    0.0651
  QMMM:     6        6      C       -1.1614    0.1296   -1.1461
  QMMM:     7        7      H       -0.5958   -1.3933   -2.5443
  QMMM:     8        8      H        1.6220   -1.7847   -1.3856
  QMMM:     9        9      H        2.0484   -0.8705    0.7978
  QMMM:    10       10      H       -1.6271    1.4266    0.6570
  QMMM:    11       11      H       -2.0484    0.5323   -1.7302
  QMMM:    12       12      N        0.5098    0.8370    2.0954
  QMMM:    13       13      H        1.3757    0.5483    2.5443
  QMMM:    14       14      H        0.3032    1.7847    2.2770

--------------------------------------------------------------------------------
  RESULTS
--------------------------------------------------------------------------------

QMMM: SCF Converged to 0.1000E-07 in:    19 Cycles 
           7           1   1.8653596733659433E-015
           8           1   1.7757673044689615E-015
          10           1   2.1262966430971031E-015
          11           1   1.9307057241477708E-015
          10           2   2.0710429898818106E-015
 @@@@ Davidson subroutine Found vectors           6
  i, e0(i), ferr(i), ftol0
  1 +++    3.577826093876119     0.24E-05 0.10E-04
  2 +++    3.740302784402897     0.63E-06 0.10E-04
  3 +++    4.843043615019493     0.23E-05 0.10E-04
  4 +++    5.063833252233661     0.29E-05 0.10E-04
  5 +++    5.132035638559874     0.77E-05 0.10E-04
  6 +++    5.718391424586737     0.93E-05 0.10E-04
 -------------------------------------------------

 Frequencies (eV) and Oscillator strengths (unitless)
        Omega            fx              fy              fz          ftotal
   1     3.57782609387612        0.725737084976785E-02    0.433343866461727E-02    0.125360658925572E-04    0.116033455802777E-01
   2     3.74030278440290        0.462969286384461E-02    0.352054176510624E-02    0.626396447936513E-01    0.707898794226021E-01
   3     4.84304361501949        0.844284637577997E-03    0.676938439076879E-03    0.118540598203836E-01    0.133752828970385E-01
   4     5.06383325223366        0.206871313451900E-02    0.113907619526641        0.183560938219112        0.299537270880272    
   5     5.13203563855987        0.160268268889409        0.248533587825450E-01    0.468483244728235E-01    0.231969952144777    
   6     5.71839142458674        0.228986392533242E-01    0.820739570116800E-02    0.227596618291400E-02    0.333820011374062E-01

 Frequencies (eV) and Transition Dipole Moments (AU)
        Omega            fx              fy              fz          ftotal
   1     3.57782609387612        0.287740561537912       -0.222345198711339        0.119589227888502E-01    0.132375033978407    
   2     3.74030278440290        0.224772798350239        0.196007375019793        0.826784460230238        0.772514245618554    
   3     4.84304361501949        0.843541193543506E-01   -0.755329488479273E-01   -0.316078830347716        0.112726670807692    
   4     5.06383325223366        0.129131287203705       -0.958203454467054        -1.21638618390770         2.41442409788902    
   5     5.13203563855987        -1.12901570614237        0.444599280215717       -0.610412252049712         1.84494810213688    
   6     5.71839142458674       -0.404286221381796        0.242039801924255        0.127457972285687        0.238276149213882    

 Total energy of the ground state (eV,AU)
           0  -1071.5097747974637       -39.377243524074068     
 Total energies of excited states (eV,AU)
           1  -1067.9319487035875       -39.245760888358518     
           2  -1067.7694720130607       -39.239789982296493     
           3  -1066.6667311824442       -39.199265019060071     
           4  -1066.4459415452300       -39.191151152517122     
           5  -1066.3777391589038       -39.188644761965719     
           6  -1065.7913833728769       -39.167096592157847     
 Ground State Molecular Dipole Moment (A.U.)
                         dx              dy              dz          ftotal
                     0.5243741      0.3673859      0.1379961      0.6549683    
          35          18       94259783647712
          35          18       94259783647712
          35          18       94259783647712
          35          18       94259783647712
          35          18       94259783647712
          35          18       94259783647712

 Frequencies (eV) Unrelaxed Difference Dipole Moments (AU)
        Omega            dx              dy              dz          ftotal
   1   3.577826      0.7456411E-01  0.2170843      0.5208150      0.5691518    
   2   3.740303     -0.2747812E-01  0.1705846      0.3356483      0.3775102    
   3   4.843044     -0.4523731     -0.4977073     -0.5506444      0.8692314    
   4   5.063833      0.5308180E-01  0.3288331E-01  0.2667300      0.2739413    
   5   5.132036      0.1719184     -0.7960470E-02  0.2170208      0.2769789    
   6   5.718391      0.5605611E-01 -0.8370839E-01 -0.2114995E-01  0.1029403    
QMMM:
QMMM: SCF Energy =       17.18121865 KCal/mol,        71.88621884 KJ/mol
QMMM: SCF Energy = Heat of formation

QMMM: Mulliken Charges of state:    0
QMMM: Atomic Charges for Step       1 :
QMMM:  Atom    Element       Mulliken Charge
QMMM:     1      C              -0.178492
QMMM:     2      C              -0.133842
QMMM:     3      C              -0.186540
QMMM:     4      C               0.030592
QMMM:     5      C              -0.188139
QMMM:     6      C              -0.124002
QMMM:     7      H               0.159652
QMMM:     8      H               0.142277
QMMM:     9      H               0.159548
QMMM:    10      H               0.148730
QMMM:    11      H               0.151620
QMMM:    12      N              -0.401917
QMMM:    13      H               0.218188
QMMM:    14      H               0.202324
QMMM: Total Mulliken Charge =    0.000000

 LPRINT:           1           0

 NSTEP =        0   TIME(PS) =       0.000  TEMP(K) =   286.11  PRESS =     0.0
 Etot   =     -1787.2352  EKtot   =      3747.3984  EPtot      =     -5534.6336
 BOND   =      1073.7480  ANGLE   =      1472.6488  DIHED      =         0.0000
 1-4 NB =         0.0000  1-4 EEL =         0.0000  VDWAALS    =     -5587.1744
 EELEC  =     -2511.0373  EHBOND  =         0.0000  RESTRAINT  =         0.0000
 AM1ESCF=        17.1812
 Ewald error estimate:   0.1928E-04
 ------------------------------------------------------------------------------


--------------------------------------------------------------------------------
   5.  TIMINGS
--------------------------------------------------------------------------------

|    Read coords time           0.01 ( 3.25% of Total)
|    Fast Water setup           0.00 ( 0.01% of Total)
|                Build the list             0.06 (88.37% of List )
|                Other                      0.01 (11.63% of List )
|             List time                  0.07 (51.50% of Nonbo)
|                   Short_ene time             0.05 (99.64% of Direc)
|                   Other                      0.00 ( 0.36% of Direc)
|                Direct Ewald time          0.05 (84.63% of Ewald)
|                Adjust Ewald time          0.00 ( 0.54% of Ewald)
|                Self Ewald time            0.00 ( 0.02% of Ewald)
|                   Fill Bspline coeffs        0.00 ( 4.80% of Recip)
|                   Fill charge grid           0.00 ( 9.36% of Recip)
|                   Scalar sum                 0.00 (15.76% of Recip)
|                   Grad sum                   0.00 (11.58% of Recip)
|                   FFT time                   0.01 (58.20% of Recip)
|                   Other                      0.00 ( 0.30% of Recip)
|                Recip Ewald time           0.01 (14.75% of Ewald)
|                Virial junk                0.00 ( 0.06% of Ewald)
|             Ewald time                 0.06 (48.50% of Nonbo)
|          Nonbond force              0.13 (70.96% of Force)
|             QMMM setup                 0.00 ( 0.07% of QMMM )
|             QMMM list build            0.00 ( 0.38% of QMMM )
|             QMMM prep coords           0.00 ( 0.40% of QMMM )
|                   QMMM hcore QM-QM           0.00 (40.76% of QMMM )
|                   QMMM hcore QM-MM           0.00 (59.24% of QMMM )
|                QMMM hcore calc            0.00 (21.64% of QMMM )
|                   QMMM fock build            0.00 (41.06% of QMMM )
|                   QMMM elec-energy cal       0.00 ( 0.63% of QMMM )
|                   QMMM full matrix dia       0.00 (26.64% of QMMM )
|                   QMMM pseudo matrix d       0.00 (25.16% of QMMM )
|                   QMMM density build         0.00 ( 5.68% of QMMM )
|                   Other                      0.00 ( 0.84% of QMMM )
|                QMMM scf                   0.00 (78.36% of QMMM )
|             QMMM energy                0.00 ( 5.14% of QMMM )
|             QMMM Collate Forces        0.00 ( 0.03% of QMMM )
|             Other                      0.05 (93.98% of QMMM )
|          QMMM                       0.05 (28.82% of Force)
|          Bond/Angle/Dihedral        0.00 ( 0.19% of Force)
|          Other                      0.00 ( 0.02% of Force)
|       Force time                 0.18 (99.48% of Runmd)
|       Other                      0.00 ( 0.52% of Runmd)
|    Runmd Time                 0.18 (81.86% of Total)
|    Other                      0.03 (14.88% of Total)
| Total time                 0.23 (100.0% of ALL  )

| Number of list builds   :          1

| Highest rstack allocated:     366766
| Highest istack allocated:       4394
|           Job began  at 15:04:51.045  on 02/14/2020
|           Setup done at 15:04:51.086  on 02/14/2020
|           Run   done at 15:04:51.270  on 02/14/2020
|     wallclock() was called     295 times
ASSERTion 'ier == 0' failed in src/sqm/qmmm_module.F90 at line    892.
