
          -------------------------------------------------------
          Amber 18 SANDER                              2018
          -------------------------------------------------------

| Run on 02/14/2020 at 15:04:50

|   Executable path: sander
| Working directory: /home/dustin/Documents/TestRuns/qm_mm_prop/benzene_nh2/abs/traj_1/5
|          Hostname: Unknown
  [-O]verwriting output

File Assignments:
|  MDIN: nasqm_abs_t1_5.in                                                     
| MDOUT: nasqm_abs_t1_5.out                                                    
|INPCRD: snap_5_for_absorption_t1.rst                                          
|  PARM: m1.prmtop                                                             
|RESTRT: snap_5_for_absorption_t1_back.rst                                     
|  REFC: refc                                                                  
| MDVEL: mdvel                                                                 
| MDFRC: mdfrc                                                                 
|  MDEN: mden                                                                  
| MDCRD: nasqm_abs_t1_5.nc                                                     
|MDINFO: mdinfo                                                                
|  MTMD: mtmd                                                                  
|INPDIP: inpdip                                                                
|RSTDIP: rstdip                                                                
|INPTRA: inptraj                                                               


 Here is the input file:

300K constant temp QMMMMD                                                      
 &cntrl                                                                        
  imin=0,                                                                      
  irest=0,                                                                     
  ntx=5,                                                                       
  ntb=1,                                                                       
  ntp=0,                                                                       
  ig=-1,                                                                       
  taup=2.0,                                                                    
  cut=16.0,                                                                    
  ntr=0,                                                                       
  tempi=300.0,                                                                 
  temp0=300.0,                                                                 
  ntt=3,                                                                       
  gamma_ln=2.0,                                                                
  nstlim=0,                                                                    
  dt=0.0005,                                                                   
  ntpr=1,                                                                      
  ntwx=0,                                                                      
  ntwv=0,                                                                      
  ifqnt=1,                                                                     
 /                                                                             
 &qmmm                                                                         
  scfconv=1.0000E-8,                                                           
  verbosity=1,                                                                 
  qmmask=':1',                                                                 
  diag_routine=1,                                                              
  qmcharge=0,                                                                  
  qm_theory='AM1',                                                             
  qmshake=0,                                                                   
  qm_ewald=0,                                                                  
  qm_pme=0,                                                                    
  nae=1                                                                        
 /                                                                             

--------------------------------------------------------------------------------
   1.  RESOURCE   USE: 
--------------------------------------------------------------------------------

| Flags:                                                                        
 getting new box info from bottom of inpcrd
|  INFO: Old style inpcrd file read

| peek_ewald_inpcrd: Box info found
|Largest sphere to fit in unit cell has radius =    22.679
| New format PARM file being parsed.
| Version =    1.000 Date = 09/26/18 Time = 13:58:55
 NATOM  =    4394 NTYPES =       7 NBONH =     883 MBONA  =    2635
 NTHETH =    2641 MTHETA =    2636 NPHIH =      26 MPHIA  =       9
 NHPARM =       0 NPARM  =       0 NNB   =    9698 NRES   =     877
 NBONA  =    2635 NTHETA =    2636 NPHIA =       9 NUMBND =       6
 NUMANG =       7 NPTRA  =       3 NATYP =       7 NPHB   =       0
 IFBOX  =       1 NMXRS  =      14 IFCAP =       0 NEXTRA =       0
 NCOPY  =       0


|     Memory Use     Allocated
|     Real              369502
|     Hollerith          14061
|     Integer           159675
|     Max Pairs        8541936
|     nblistReal         52728
|     nblist Int        151766
|       Total            37937 kbytes

| Note: 1-4 EEL scale factors are being read from the topology file.

| Note: 1-4 VDW scale factors are being read from the topology file.
| Duplicated    0 dihedrals
| Duplicated    0 dihedrals
LOADING THE QUANTUM ATOMS AS GROUPS
     Mask :1; matches    14 atoms

     BOX TYPE: RECTILINEAR
Note: ig = -1. Setting random seed to   845889 based on wallclock time in microseconds.

--------------------------------------------------------------------------------
   2.  CONTROL  DATA  FOR  THE  RUN
--------------------------------------------------------------------------------

m1                                                                              

General flags:
     imin    =       0, nmropt  =       0

Nature and format of input:
     ntx     =       5, irest   =       0, ntrx    =       1

Nature and format of output:
     ntxo    =       2, ntpr    =       1, ntrx    =       1, ntwr    =       1
     iwrap   =       0, ntwx    =       0, ntwv    =       0, ntwe    =       0
     ioutfm  =       1, ntwprt  =       0, idecomp =       0, rbornstat=      0

Potential function:
     ntf     =       1, ntb     =       1, igb     =       0, nsnb    =      25
     ipol    =       0, gbsa    =       0, iesp    =       0
     dielc   =   1.00000, cut     =  16.00000, intdiel =   1.00000

Frozen or restrained atoms:
     ibelly  =       0, ntr     =       0

Molecular dynamics:
     nstlim  =         0, nscm    =      1000, nrespa  =         1
     t       =   0.00000, dt      =   0.00050, vlimit  =  20.00000

Langevin dynamics temperature regulation:
     ig      =  845889
     temp0   = 300.00000, tempi   = 300.00000, gamma_ln=   2.00000

Ewald parameters:
     verbose =       0, ew_type =       0, nbflag  =       1, use_pme =       1
     vdwmeth =       1, eedmeth =       1, netfrc  =       1
     Box X =   49.256   Box Y =   50.133   Box Z =   45.358
     Alpha =   90.000   Beta  =   90.000   Gamma =   90.000
     NFFT1 =   50       NFFT2 =   50       NFFT3 =   45
     Cutoff=   16.000   Tol   =0.100E-04
     Ewald Coefficient =  0.16683
     Interpolation order =    4

QMMM options:
             ifqnt = True       nquant =       14
              qmgb =        0  qmcharge =        0   adjust_q =        2
              spin =        1     qmcut =  16.0000    qmshake =        0
          qmmm_int =        1
     lnk_atomic_no =        1   lnk_dis =   1.0900 lnk_method =        1
          qm_theory =     AM1 verbosity =        1
            qmqmdx = Analytical
      tight_p_conv = False (converge density to 0.05xSqrt[SCFCRT])
           scfconv = 0.100E-07  itrmax =     1000
      printcharges = False      printdipole = False      peptide_corr = False
    qmmmrij_incore = True 
  qmqm_erep_incore = True 
       pseudo_diag = True pseudo_diag_criteria =   0.0500
      diag_routine =        1
          qm_ewald =        0 qm_pme = False 

--------------------------------------------------------------------------------
   3.  ATOMIC COORDINATES AND VELOCITIES
--------------------------------------------------------------------------------

Cpptraj Generated Restart                                                       
 begin time read from input coords =     0.000 ps

 Number of triangulated 3-point waters found:        0
 identifying link atoms
 identified link atoms

     Sum of charges from parm topology file =   0.00000100
     Forcing neutrality...
QMMM: ADJUSTING CHARGES
QMMM: ----------------------------------------------------------------------
QMMM: adjust_q = 2
QMMM: Uniformly adjusting the charge of MM atoms to conserve total charge.
QMMM:                             qm_charge =    0
QMMM: QM atom RESP charge sum (inc MM link) =    0.000
QMMM: Adjusting each MM atom resp charge by =    0.000
QMMM:          Sum of MM + QM region is now =    0.000
QMMM: ----------------------------------------------------------------------
|  # of SOLUTE  degrees of freedom (RNDFP):   13182.
|  # of SOLVENT degrees of freedom (RNDFS):       0.
|  QMSHAKE_NOSHAKEMASK_OVERLAP =      0
|  NDFMIN =   13182.     NUM_NOSHAKE =      0     CORRECTED RNDFP =   13182.
|  TOTAL # of degrees of freedom (RNDF) =   13182.
 ---------------------------------------------------
 APPROXIMATING switch and d/dx switch using CUBIC SPLINE INTERPOLATION
 using   5000.0 points per unit in tabled values
 TESTING RELATIVE ERROR over r ranging from 0.0 to cutoff
| CHECK switch(x): max rel err =   0.2738E-14   at   2.422500
| CHECK d/dx switch(x): max rel err =   0.7766E-11   at   2.666360
 ---------------------------------------------------
| Local SIZE OF NONBOND LIST =    2093950
| TOTAL SIZE OF NONBOND LIST =    2093950

QMMM: Link Atom Information
QMMM: ------------------------------------------------------------------------
QMMM: nlink =     0
QMMM: ------------------------------------------------------------------------

  QMMM: QM Region Cartesian Coordinates (*=link atom) 
  QMMM: QM_NO.   MM_NO.  ATOM         X         Y         Z
  QMMM:     1        1      C       -0.3948   -0.7557   -1.3117
  QMMM:     2        2      C        0.7421   -1.2032   -0.6301
  QMMM:     3        3      C        1.1278   -0.6539    0.5893
  QMMM:     4        4      C        0.3691    0.4179    1.1218
  QMMM:     5        5      C       -0.8328    0.7817    0.4957
  QMMM:     6        6      C       -1.1564    0.2986   -0.7273
  QMMM:     7        7      H       -0.6787   -1.1104   -2.3270
  QMMM:     8        8      H        1.2872   -1.9960   -1.0930
  QMMM:     9        9      H        2.0772   -0.9449    1.0425
  QMMM:    10       10      H       -1.4545    1.5319    0.9106
  QMMM:    11       11      H       -2.0772    0.5816   -1.2052
  QMMM:    12       12      N        0.7701    1.1566    2.2576
  QMMM:    13       13      H        1.7913    1.3207    2.2452
  QMMM:    14       14      H        0.2791    1.9960    2.3270

--------------------------------------------------------------------------------
  3.1 QM CALCULATION INFO
--------------------------------------------------------------------------------
 rnd_seed=           1
 !!!!!!-----NAESMD INPUT-----!!!!!!

 Ground state MD,      imdtype=           0
 Initial count for out files              0
 MD at constant energy
 Starting time, fs           0.0000000000000000     
 Time step, fs                        0.50000000000000000     
 Number of classical steps (CS)        20000
 Quantum steps/per CS                    0
 Displacement for deriv. [A]      1.0000000000000001E-005
 Newtonian dynamics,           therm_type=           0
 Temperature, K                  10.000000000000000     
 Bath relaxation constant       0.40000000000000002     
 Equilibrated dynamics
 Number of steps per degree K           100
 Number of steps to write data           10
 Number of steps to write coords           1
 Friction coefficient [1/ps]      2.0000000000000000     
 Seed for random generator               1
 NAESMD verbosity,            1
 MD will use analytic deriv,  ideriv=           1
 Cartesian coordinates are used
 Allocating initial naesmd_module variables
 Allocating md_module initial variables
 Allocating variables
 Allocating naesmd_module variables          14           5
 Allocating md_module variables          14
  Finish reading coordinates 

 Initial Geometry
    6        -0.394766   -0.755742   -1.311740
    6         0.742113   -1.203250   -0.630147
    6         1.127817   -0.653893    0.589294
    6         0.369135    0.417882    1.121781
    6        -0.832798    0.781732    0.495694
    6        -1.156433    0.298636   -0.727326
    1        -0.678665   -1.110398   -2.327027
    1         1.287239   -1.995971   -1.093047
    1         2.077250   -0.944919    1.042544
    1        -1.454470    1.531905    0.910634
    1        -2.077250    0.581578   -1.205214
    7         0.770128    1.156646    2.257588
    1         1.791307    1.320741    2.245208
    1         0.279131    1.995971    2.327027
 nstep successful

| QMMM: Citation for AMBER QMMM Run:
| QMMM: R.C. Walker, M.F. Crowley and D.A. Case, J. COMP. CHEM. 29:1019, 2008

QMMM: SINGLET STATE CALCULATION
QMMM: RHF CALCULATION, NO. OF DOUBLY OCCUPIED LEVELS = 18

| QMMM: *** Selected Hamiltonian *** 
| QMMM: AM1         

| QMMM: *** Parameter sets in use ***
| QMMM: C : M.J.S.DEWAR et al. JACS, 107, 3902, (1985)
| QMMM: H : M.J.S.DEWAR et al. JACS, 107, 3902, (1985)
| QMMM: N : M.J.S.DEWAR et al. JACS, 107, 3902, (1985)

| QMMM: *** Diagonalization Routine Information ***
| QMMM: Pseudo diagonalizations are allowed.
| QMMM: Auto diagonalization routine selection is disabled.
| QMMM: Using internal diagonalization routine (diag_routine=1).

  QMMM: QM Region Cartesian Coordinates (*=link atom) 
  QMMM: QM_NO.   MM_NO.  ATOM         X         Y         Z
  QMMM:     1        1      C       -0.3948   -0.7557   -1.3117
  QMMM:     2        2      C        0.7421   -1.2032   -0.6301
  QMMM:     3        3      C        1.1278   -0.6539    0.5893
  QMMM:     4        4      C        0.3691    0.4179    1.1218
  QMMM:     5        5      C       -0.8328    0.7817    0.4957
  QMMM:     6        6      C       -1.1564    0.2986   -0.7273
  QMMM:     7        7      H       -0.6787   -1.1104   -2.3270
  QMMM:     8        8      H        1.2872   -1.9960   -1.0930
  QMMM:     9        9      H        2.0772   -0.9449    1.0425
  QMMM:    10       10      H       -1.4545    1.5319    0.9106
  QMMM:    11       11      H       -2.0772    0.5816   -1.2052
  QMMM:    12       12      N        0.7701    1.1566    2.2576
  QMMM:    13       13      H        1.7913    1.3207    2.2452
  QMMM:    14       14      H        0.2791    1.9960    2.3270

--------------------------------------------------------------------------------
  RESULTS
--------------------------------------------------------------------------------

QMMM: SCF Converged to 0.1000E-07 in:    19 Cycles 
           9           3   3.5848060631060719E-015
           7           1   2.5161350867414223E-015
          11           1   4.6937144925970897E-015
           8           2   2.3653056238897435E-015
           8           1   1.5846563427776572E-015
           9           1   1.5767958770271373E-015
 @@@@ Davidson subroutine Found vectors           6
  i, e0(i), ferr(i), ftol0
  1 +++    3.564968231042602     0.24E-05 0.10E-04
  2 +++    3.661225397592394     0.84E-06 0.10E-04
  3 +++    4.933655339298933     0.16E-05 0.10E-04
  4 +++    5.131079267857678     0.22E-05 0.10E-04
  5 +++    5.269556658642434     0.18E-05 0.10E-04
  6 +++    5.720878897309906     0.71E-05 0.10E-04
 -------------------------------------------------

 Frequencies (eV) and Oscillator strengths (unitless)
        Omega            fx              fy              fz          ftotal
   1     3.56496823104260        0.919145354611216E-02    0.114080114619430E-03    0.562739728278490E-02    0.149329309435165E-01
   2     3.66122539759239        0.349448730947791E-02    0.301174665171944E-01    0.470242071558680E-01    0.806361609825403E-01
   3     4.93365533929893        0.448704596873560E-02    0.866063931697390E-04    0.321982778201020E-01    0.367719301820074E-01
   4     5.13107926785768        0.158449419119645        0.997467155660614E-01    0.480452984972707E-07    0.258196182731005    
   5     5.26955665864243        0.208358962837167E-01    0.490119877246068E-01    0.228456950901927        0.298304834910251    
   6     5.72087889730991        0.219066286667721E-02    0.202804963766440E-02    0.964296427421143E-02    0.138616767785531E-01

 Frequencies (eV) and Transition Dipole Moments (AU)
        Omega            fx              fy              fz          ftotal
   1     3.56496823104260       -0.324403333802783        0.361408352085262E-01   -0.253832366443479        0.170974553206227    
   2     3.66122539759239        0.197378363133884        0.579451414433966        0.724049987171116        0.898970543845428    
   3     4.93365533929893       -0.192671242644798       -0.267677344445374E-01   -0.516122700150854        0.304221360960592    
   4     5.13107926785768         1.12269556260299       -0.890770821316829       -0.618218686958789E-03     2.05391836459226    
   5     5.26955665864243       -0.401735394635767       -0.616148167550741        -1.33025895528667         2.31061877979967    
   6     5.72087889730991       -0.125019408125073       -0.120289842252153       -0.262297978796987        0.988997282379757E-01

 Total energy of the ground state (eV,AU)
           0  -1071.4643180859230       -39.375573021347691     
 Total energies of excited states (eV,AU)
           1  -1067.8993498548803       -39.244562903203047     
           2  -1067.8030926883305       -39.241025518871780     
           3  -1066.5306627466241       -39.194264598103352     
           4  -1066.3332388180652       -39.187009405201529     
           5  -1066.1947614272806       -39.181920456815099     
           6  -1065.7434391886131       -39.165334676528403     
 Ground State Molecular Dipole Moment (A.U.)
                         dx              dy              dz          ftotal
                     0.3565619      0.5842613     -0.3098185      0.7513223    
          35          18       94310012547392
          35          18       94310012547392
          35          18       94310012547392
          35          18       94310012547392
          35          18       94310012547392
          35          18       94310012547392

 Frequencies (eV) Unrelaxed Difference Dipole Moments (AU)
        Omega            dx              dy              dz          ftotal
   1   3.564968      0.3026556      0.1255852      0.4234124      0.5353972    
   2   3.661225      0.4065145E-01  0.2746482      0.3783859      0.4693188    
   3   4.933655     -0.1512403     -0.3284558      0.1455822E-01  0.3618961    
   4   5.131079      0.2977302E-01  0.1639762      0.1749935      0.2416554    
   5   5.269557     -0.1347977E-01  0.5689860E-01  0.3830757      0.3875128    
   6   5.720879     -0.1059519      0.4822623E-01 -0.1981813E-01  0.1180861    
QMMM:
QMMM: SCF Energy =       18.22949588 KCal/mol,        76.27221075 KJ/mol
QMMM: SCF Energy = Heat of formation

QMMM: Mulliken Charges of state:    0
QMMM: Atomic Charges for Step       1 :
QMMM:  Atom    Element       Mulliken Charge
QMMM:     1      C              -0.208555
QMMM:     2      C              -0.120836
QMMM:     3      C              -0.155133
QMMM:     4      C              -0.003169
QMMM:     5      C              -0.181784
QMMM:     6      C              -0.109768
QMMM:     7      H               0.157933
QMMM:     8      H               0.137457
QMMM:     9      H               0.160214
QMMM:    10      H               0.138454
QMMM:    11      H               0.142266
QMMM:    12      N              -0.339924
QMMM:    13      H               0.203276
QMMM:    14      H               0.179569
QMMM: Total Mulliken Charge =    0.000000

 LPRINT:           1           0

 NSTEP =        0   TIME(PS) =       0.000  TEMP(K) =   285.95  PRESS =     0.0
 Etot   =     -1799.7691  EKtot   =      3745.2635  EPtot      =     -5545.0327
 BOND   =      1055.8131  ANGLE   =      1487.9066  DIHED      =         0.0000
 1-4 NB =         0.0000  1-4 EEL =         0.0000  VDWAALS    =     -5608.4503
 EELEC  =     -2498.5316  EHBOND  =         0.0000  RESTRAINT  =         0.0000
 AM1ESCF=        18.2295
 Ewald error estimate:   0.3754E-03
 ------------------------------------------------------------------------------


--------------------------------------------------------------------------------
   5.  TIMINGS
--------------------------------------------------------------------------------

|    Read coords time           0.01 ( 2.39% of Total)
|    Fast Water setup           0.00 ( 0.01% of Total)
|                Build the list             0.08 (88.58% of List )
|                Other                      0.01 (11.42% of List )
|             List time                  0.09 (55.31% of Nonbo)
|                   Short_ene time             0.06 (99.71% of Direc)
|                   Other                      0.00 ( 0.29% of Direc)
|                Direct Ewald time          0.06 (86.84% of Ewald)
|                Adjust Ewald time          0.00 ( 0.54% of Ewald)
|                Self Ewald time            0.00 ( 0.02% of Ewald)
|                   Fill Bspline coeffs        0.00 ( 4.88% of Recip)
|                   Fill charge grid           0.00 ( 9.36% of Recip)
|                   Scalar sum                 0.00 (15.97% of Recip)
|                   Grad sum                   0.00 (10.70% of Recip)
|                   FFT time                   0.01 (58.84% of Recip)
|                   Other                      0.00 ( 0.26% of Recip)
|                Recip Ewald time           0.01 (12.52% of Ewald)
|                Force Adjust               0.00 ( 0.01% of Ewald)
|                Virial junk                0.00 ( 0.06% of Ewald)
|             Ewald time                 0.07 (44.69% of Nonbo)
|          Nonbond force              0.16 (72.13% of Force)
|             QMMM setup                 0.00 ( 0.06% of QMMM )
|             QMMM list build            0.00 ( 0.31% of QMMM )
|             QMMM prep coords           0.00 ( 0.32% of QMMM )
|                   QMMM hcore QM-QM           0.00 (41.39% of QMMM )
|                   QMMM hcore QM-MM           0.00 (58.61% of QMMM )
|                QMMM hcore calc            0.00 (22.05% of QMMM )
|                   QMMM fock build            0.00 (41.01% of QMMM )
|                   QMMM elec-energy cal       0.00 ( 0.67% of QMMM )
|                   QMMM full matrix dia       0.00 (26.96% of QMMM )
|                   QMMM pseudo matrix d       0.00 (24.82% of QMMM )
|                   QMMM density build         0.00 ( 5.71% of QMMM )
|                   Other                      0.00 ( 0.83% of QMMM )
|                QMMM scf                   0.00 (77.95% of QMMM )
|             QMMM energy                0.00 ( 4.20% of QMMM )
|             QMMM Collate Forces        0.00 ( 0.02% of QMMM )
|             Other                      0.06 (95.08% of QMMM )
|          QMMM                       0.06 (27.62% of Force)
|          Bond/Angle/Dihedral        0.00 ( 0.23% of Force)
|          Other                      0.00 ( 0.02% of Force)
|       Force time                 0.23 (99.43% of Runmd)
|       Other                      0.00 ( 0.57% of Runmd)
|    Runmd Time                 0.23 (84.58% of Total)
|    Other                      0.04 (13.03% of Total)
| Total time                 0.27 (100.0% of ALL  )

| Number of list builds   :          1

| Highest rstack allocated:     366766
| Highest istack allocated:       4394
|           Job began  at 15:04:50.812  on 02/14/2020
|           Setup done at 15:04:50.853  on 02/14/2020
|           Run   done at 15:04:51.081  on 02/14/2020
|     wallclock() was called     295 times
ASSERTion 'ier == 0' failed in src/sqm/qmmm_module.F90 at line    892.
