
          -------------------------------------------------------
          Amber 18 SANDER                              2018
          -------------------------------------------------------

| Run on 02/14/2020 at 15:04:50

|   Executable path: sander
| Working directory: /home/dustin/Documents/TestRuns/qm_mm_prop/benzene_nh2/abs/traj_1/3
|          Hostname: Unknown
  [-O]verwriting output

File Assignments:
|  MDIN: nasqm_abs_t1_3.in                                                     
| MDOUT: nasqm_abs_t1_3.out                                                    
|INPCRD: snap_3_for_absorption_t1.rst                                          
|  PARM: m1.prmtop                                                             
|RESTRT: snap_3_for_absorption_t1_back.rst                                     
|  REFC: refc                                                                  
| MDVEL: mdvel                                                                 
| MDFRC: mdfrc                                                                 
|  MDEN: mden                                                                  
| MDCRD: nasqm_abs_t1_3.nc                                                     
|MDINFO: mdinfo                                                                
|  MTMD: mtmd                                                                  
|INPDIP: inpdip                                                                
|RSTDIP: rstdip                                                                
|INPTRA: inptraj                                                               


 Here is the input file:

300K constant temp QMMMMD                                                      
 &cntrl                                                                        
  imin=0,                                                                      
  irest=0,                                                                     
  ntx=5,                                                                       
  ntb=1,                                                                       
  ntp=0,                                                                       
  ig=-1,                                                                       
  taup=2.0,                                                                    
  cut=16.0,                                                                    
  ntr=0,                                                                       
  tempi=300.0,                                                                 
  temp0=300.0,                                                                 
  ntt=3,                                                                       
  gamma_ln=2.0,                                                                
  nstlim=0,                                                                    
  dt=0.0005,                                                                   
  ntpr=1,                                                                      
  ntwx=0,                                                                      
  ntwv=0,                                                                      
  ifqnt=1,                                                                     
 /                                                                             
 &qmmm                                                                         
  scfconv=1.0000E-8,                                                           
  verbosity=1,                                                                 
  qmmask=':1',                                                                 
  diag_routine=1,                                                              
  qmcharge=0,                                                                  
  qm_theory='AM1',                                                             
  qmshake=0,                                                                   
  qm_ewald=0,                                                                  
  qm_pme=0,                                                                    
  nae=1                                                                        
 /                                                                             

--------------------------------------------------------------------------------
   1.  RESOURCE   USE: 
--------------------------------------------------------------------------------

| Flags:                                                                        
 getting new box info from bottom of inpcrd
|  INFO: Old style inpcrd file read

| peek_ewald_inpcrd: Box info found
|Largest sphere to fit in unit cell has radius =    22.679
| New format PARM file being parsed.
| Version =    1.000 Date = 09/26/18 Time = 13:58:55
 NATOM  =    4394 NTYPES =       7 NBONH =     883 MBONA  =    2635
 NTHETH =    2641 MTHETA =    2636 NPHIH =      26 MPHIA  =       9
 NHPARM =       0 NPARM  =       0 NNB   =    9698 NRES   =     877
 NBONA  =    2635 NTHETA =    2636 NPHIA =       9 NUMBND =       6
 NUMANG =       7 NPTRA  =       3 NATYP =       7 NPHB   =       0
 IFBOX  =       1 NMXRS  =      14 IFCAP =       0 NEXTRA =       0
 NCOPY  =       0


|     Memory Use     Allocated
|     Real              369502
|     Hollerith          14061
|     Integer           159675
|     Max Pairs        8541936
|     nblistReal         52728
|     nblist Int        151766
|       Total            37937 kbytes

| Note: 1-4 EEL scale factors are being read from the topology file.

| Note: 1-4 VDW scale factors are being read from the topology file.
| Duplicated    0 dihedrals
| Duplicated    0 dihedrals
LOADING THE QUANTUM ATOMS AS GROUPS
     Mask :1; matches    14 atoms

     BOX TYPE: RECTILINEAR
Note: ig = -1. Setting random seed to   873313 based on wallclock time in microseconds.

--------------------------------------------------------------------------------
   2.  CONTROL  DATA  FOR  THE  RUN
--------------------------------------------------------------------------------

m1                                                                              

General flags:
     imin    =       0, nmropt  =       0

Nature and format of input:
     ntx     =       5, irest   =       0, ntrx    =       1

Nature and format of output:
     ntxo    =       2, ntpr    =       1, ntrx    =       1, ntwr    =       1
     iwrap   =       0, ntwx    =       0, ntwv    =       0, ntwe    =       0
     ioutfm  =       1, ntwprt  =       0, idecomp =       0, rbornstat=      0

Potential function:
     ntf     =       1, ntb     =       1, igb     =       0, nsnb    =      25
     ipol    =       0, gbsa    =       0, iesp    =       0
     dielc   =   1.00000, cut     =  16.00000, intdiel =   1.00000

Frozen or restrained atoms:
     ibelly  =       0, ntr     =       0

Molecular dynamics:
     nstlim  =         0, nscm    =      1000, nrespa  =         1
     t       =   0.00000, dt      =   0.00050, vlimit  =  20.00000

Langevin dynamics temperature regulation:
     ig      =  873313
     temp0   = 300.00000, tempi   = 300.00000, gamma_ln=   2.00000

Ewald parameters:
     verbose =       0, ew_type =       0, nbflag  =       1, use_pme =       1
     vdwmeth =       1, eedmeth =       1, netfrc  =       1
     Box X =   49.256   Box Y =   50.133   Box Z =   45.358
     Alpha =   90.000   Beta  =   90.000   Gamma =   90.000
     NFFT1 =   50       NFFT2 =   50       NFFT3 =   45
     Cutoff=   16.000   Tol   =0.100E-04
     Ewald Coefficient =  0.16683
     Interpolation order =    4

QMMM options:
             ifqnt = True       nquant =       14
              qmgb =        0  qmcharge =        0   adjust_q =        2
              spin =        1     qmcut =  16.0000    qmshake =        0
          qmmm_int =        1
     lnk_atomic_no =        1   lnk_dis =   1.0900 lnk_method =        1
          qm_theory =     AM1 verbosity =        1
            qmqmdx = Analytical
      tight_p_conv = False (converge density to 0.05xSqrt[SCFCRT])
           scfconv = 0.100E-07  itrmax =     1000
      printcharges = False      printdipole = False      peptide_corr = False
    qmmmrij_incore = True 
  qmqm_erep_incore = True 
       pseudo_diag = True pseudo_diag_criteria =   0.0500
      diag_routine =        1
          qm_ewald =        0 qm_pme = False 

--------------------------------------------------------------------------------
   3.  ATOMIC COORDINATES AND VELOCITIES
--------------------------------------------------------------------------------

Cpptraj Generated Restart                                                       
 begin time read from input coords =     0.000 ps

 Number of triangulated 3-point waters found:        0
 identifying link atoms
 identified link atoms

     Sum of charges from parm topology file =   0.00000100
     Forcing neutrality...
QMMM: ADJUSTING CHARGES
QMMM: ----------------------------------------------------------------------
QMMM: adjust_q = 2
QMMM: Uniformly adjusting the charge of MM atoms to conserve total charge.
QMMM:                             qm_charge =    0
QMMM: QM atom RESP charge sum (inc MM link) =    0.000
QMMM: Adjusting each MM atom resp charge by =    0.000
QMMM:          Sum of MM + QM region is now =    0.000
QMMM: ----------------------------------------------------------------------
|  # of SOLUTE  degrees of freedom (RNDFP):   13182.
|  # of SOLVENT degrees of freedom (RNDFS):       0.
|  QMSHAKE_NOSHAKEMASK_OVERLAP =      0
|  NDFMIN =   13182.     NUM_NOSHAKE =      0     CORRECTED RNDFP =   13182.
|  TOTAL # of degrees of freedom (RNDF) =   13182.
 ---------------------------------------------------
 APPROXIMATING switch and d/dx switch using CUBIC SPLINE INTERPOLATION
 using   5000.0 points per unit in tabled values
 TESTING RELATIVE ERROR over r ranging from 0.0 to cutoff
| CHECK switch(x): max rel err =   0.2738E-14   at   2.422500
| CHECK d/dx switch(x): max rel err =   0.7766E-11   at   2.666360
 ---------------------------------------------------
| Local SIZE OF NONBOND LIST =    2093916
| TOTAL SIZE OF NONBOND LIST =    2093916

QMMM: Link Atom Information
QMMM: ------------------------------------------------------------------------
QMMM: nlink =     0
QMMM: ------------------------------------------------------------------------

  QMMM: QM Region Cartesian Coordinates (*=link atom) 
  QMMM: QM_NO.   MM_NO.  ATOM         X         Y         Z
  QMMM:     1        1      C       -0.4152   -0.7438   -1.3002
  QMMM:     2        2      C        0.7266   -1.2125   -0.6329
  QMMM:     3        3      C        1.1227   -0.6586    0.5967
  QMMM:     4        4      C        0.3673    0.3989    1.1269
  QMMM:     5        5      C       -0.8415    0.7734    0.4938
  QMMM:     6        6      C       -1.1672    0.2880   -0.7211
  QMMM:     7        7      H       -0.7005   -1.1139   -2.3282
  QMMM:     8        8      H        1.2671   -2.0157   -1.0801
  QMMM:     9        9      H        2.0647   -1.0164    1.0911
  QMMM:    10       10      H       -1.4373    1.5720    0.9405
  QMMM:    11       11      H       -2.0647    0.6131   -1.2328
  QMMM:    12       12      N        0.7663    1.1464    2.2603
  QMMM:    13       13      H        1.7729    1.3706    2.2836
  QMMM:    14       14      H        0.2663    2.0157    2.3282

--------------------------------------------------------------------------------
  3.1 QM CALCULATION INFO
--------------------------------------------------------------------------------
 rnd_seed=           1
 !!!!!!-----NAESMD INPUT-----!!!!!!

 Ground state MD,      imdtype=           0
 Initial count for out files              0
 MD at constant energy
 Starting time, fs           0.0000000000000000     
 Time step, fs                        0.50000000000000000     
 Number of classical steps (CS)        20000
 Quantum steps/per CS                    0
 Displacement for deriv. [A]      1.0000000000000001E-005
 Newtonian dynamics,           therm_type=           0
 Temperature, K                  10.000000000000000     
 Bath relaxation constant       0.40000000000000002     
 Equilibrated dynamics
 Number of steps per degree K           100
 Number of steps to write data           10
 Number of steps to write coords           1
 Friction coefficient [1/ps]      2.0000000000000000     
 Seed for random generator               1
 NAESMD verbosity,            1
 MD will use analytic deriv,  ideriv=           1
 Cartesian coordinates are used
 Allocating initial naesmd_module variables
 Allocating md_module initial variables
 Allocating variables
 Allocating naesmd_module variables          14           5
 Allocating md_module variables          14
  Finish reading coordinates 

 Initial Geometry
    6        -0.415187   -0.743792   -1.300189
    6         0.726617   -1.212503   -0.632894
    6         1.122670   -0.658623    0.596675
    6         0.367320    0.398941    1.126903
    6        -0.841479    0.773401    0.493848
    6        -1.167220    0.288033   -0.721070
    1        -0.700479   -1.113874   -2.328155
    1         1.267077   -2.015654   -1.080066
    1         2.064710   -1.016424    1.091109
    1        -1.437270    1.571999    0.940543
    1        -2.064710    0.613146   -1.232825
    7         0.766347    1.146368    2.260337
    1         1.772924    1.370606    2.283643
    1         0.266252    2.015654    2.328155
 nstep successful

| QMMM: Citation for AMBER QMMM Run:
| QMMM: R.C. Walker, M.F. Crowley and D.A. Case, J. COMP. CHEM. 29:1019, 2008

QMMM: SINGLET STATE CALCULATION
QMMM: RHF CALCULATION, NO. OF DOUBLY OCCUPIED LEVELS = 18

| QMMM: *** Selected Hamiltonian *** 
| QMMM: AM1         

| QMMM: *** Parameter sets in use ***
| QMMM: C : M.J.S.DEWAR et al. JACS, 107, 3902, (1985)
| QMMM: H : M.J.S.DEWAR et al. JACS, 107, 3902, (1985)
| QMMM: N : M.J.S.DEWAR et al. JACS, 107, 3902, (1985)

| QMMM: *** Diagonalization Routine Information ***
| QMMM: Pseudo diagonalizations are allowed.
| QMMM: Auto diagonalization routine selection is disabled.
| QMMM: Using internal diagonalization routine (diag_routine=1).

  QMMM: QM Region Cartesian Coordinates (*=link atom) 
  QMMM: QM_NO.   MM_NO.  ATOM         X         Y         Z
  QMMM:     1        1      C       -0.4152   -0.7438   -1.3002
  QMMM:     2        2      C        0.7266   -1.2125   -0.6329
  QMMM:     3        3      C        1.1227   -0.6586    0.5967
  QMMM:     4        4      C        0.3673    0.3989    1.1269
  QMMM:     5        5      C       -0.8415    0.7734    0.4938
  QMMM:     6        6      C       -1.1672    0.2880   -0.7211
  QMMM:     7        7      H       -0.7005   -1.1139   -2.3282
  QMMM:     8        8      H        1.2671   -2.0157   -1.0801
  QMMM:     9        9      H        2.0647   -1.0164    1.0911
  QMMM:    10       10      H       -1.4373    1.5720    0.9405
  QMMM:    11       11      H       -2.0647    0.6131   -1.2328
  QMMM:    12       12      N        0.7663    1.1464    2.2603
  QMMM:    13       13      H        1.7729    1.3706    2.2836
  QMMM:    14       14      H        0.2663    2.0157    2.3282

--------------------------------------------------------------------------------
  RESULTS
--------------------------------------------------------------------------------

QMMM: SCF Converged to 0.1000E-07 in:    19 Cycles 
           9           3   7.6371201029878932E-015
           8           2   3.4916188863809428E-015
          10           1   3.1756349394736205E-015
          10           1   3.9942821185995347E-015
           7           1   7.4160580562816769E-015
 @@@@ Davidson subroutine Found vectors           6
  i, e0(i), ferr(i), ftol0
  1 +++    3.566284587919124     0.26E-05 0.10E-04
  2 +++    3.685992118268831     0.73E-06 0.10E-04
  3 +++    4.885908697387594     0.21E-05 0.10E-04
  4 +++    5.129592183163213     0.23E-05 0.10E-04
  5 +++    5.250757688878349     0.45E-05 0.10E-04
  6 +++    5.771844646273355     0.62E-05 0.10E-04
 -------------------------------------------------

 Frequencies (eV) and Oscillator strengths (unitless)
        Omega            fx              fy              fz          ftotal
   1     3.56628458791912        0.118050819306929E-01    0.541559138305247E-04    0.110253748311087E-01    0.228846126756321E-01
   2     3.68599211826883        0.315817170503792E-02    0.217892621271334E-01    0.394800327053711E-01    0.644274665375424E-01
   3     4.88590869738759        0.313080206828692E-04    0.515396291922370E-02    0.304500673475077E-01    0.356353382874142E-01
   4     5.12959218316321        0.139870624658802        0.118501149211101        0.375938790622784E-02    0.262131161776131    
   5     5.25075768887835        0.417237293890574E-01    0.315439996173957E-01    0.220141678412082        0.293409407418535    
   6     5.77184464627336        0.104375889848972E-02    0.175101051859533E-02    0.110740746799993E-01    0.138688440970844E-01

 Frequencies (eV) and Transition Dipole Moments (AU)
        Omega            fx              fy              fz          ftotal
   1     3.56628458791912       -0.367576338036432       -0.248963676286367E-01   -0.355230073430885        0.261920598475086    
   2     3.68599211826883        0.187008656591703        0.491207628747534        0.661199616737016        0.713442105353185    
   3     4.88590869738759        0.161724633225588E-01   -0.207500436041188       -0.504362161889900        0.297699169873457    
   4     5.12959218316321         1.05497672958355       -0.971048460397871       -0.172957019621741         2.08582514304031    
   5     5.25075768887835        0.569510340501213        0.495186086167573         1.30816097927275         2.28083643556360    
   6     5.77184464627336        0.859139766272371E-01    0.111277690426811        0.279844934274555        0.980771230057605E-01

 Total energy of the ground state (eV,AU)
           0  -1071.5403856872335       -39.378368453112799     
 Total energies of excited states (eV,AU)
           1  -1067.9741010993143       -39.247309959762902     
           2  -1067.8543935689647       -39.242910790772463     
           3  -1066.6544769898460       -39.198814685953010     
           4  -1066.4107935040704       -39.189859486301202     
           5  -1066.2896279983552       -39.185406737723923     
           6  -1065.7685410409601       -39.166257152250061     
 Ground State Molecular Dipole Moment (A.U.)
                         dx              dy              dz          ftotal
                     0.3496802      0.6107223     -0.2918016      0.7618439    
          35          18       94365010297344
          35          18       94365010297344
          35          18       94365010297344
          35          18       94365010297344
          35          18       94365010297344
          35          18       94365010297344

 Frequencies (eV) Unrelaxed Difference Dipole Moments (AU)
        Omega            dx              dy              dz          ftotal
   1   3.566285      0.3894981      0.1332370      0.4895827      0.6396500    
   2   3.685992     -0.4435621E-01  0.3229458      0.3507371      0.4788298    
   3   4.885909     -0.1792006     -0.3096888      0.2962591E-01  0.3590232    
   4   5.129592      0.1076542      0.1044158      0.2107289      0.2586479    
   5   5.250758      0.1404760E-02  0.4199354E-01  0.3660745      0.3684780    
   6   5.771845     -0.8812293E-01  0.7490394E-01 -0.6813418E-01  0.1342331    
QMMM:
QMMM: SCF Energy =       16.47530092 KCal/mol,        68.93265906 KJ/mol
QMMM: SCF Energy = Heat of formation

QMMM: Mulliken Charges of state:    0
QMMM: Atomic Charges for Step       1 :
QMMM:  Atom    Element       Mulliken Charge
QMMM:     1      C              -0.208257
QMMM:     2      C              -0.124682
QMMM:     3      C              -0.160649
QMMM:     4      C               0.003274
QMMM:     5      C              -0.180071
QMMM:     6      C              -0.108930
QMMM:     7      H               0.156698
QMMM:     8      H               0.136821
QMMM:     9      H               0.165918
QMMM:    10      H               0.141605
QMMM:    11      H               0.144885
QMMM:    12      N              -0.344080
QMMM:    13      H               0.201532
QMMM:    14      H               0.175936
QMMM: Total Mulliken Charge =    0.000000

 LPRINT:           1           0

 NSTEP =        0   TIME(PS) =       0.000  TEMP(K) =   291.83  PRESS =     0.0
 Etot   =     -1834.0321  EKtot   =      3822.2971  EPtot      =     -5656.3292
 BOND   =       919.1554  ANGLE   =      1508.9732  DIHED      =         0.0000
 1-4 NB =         0.0000  1-4 EEL =         0.0000  VDWAALS    =     -5609.2819
 EELEC  =     -2491.6512  EHBOND  =         0.0000  RESTRAINT  =         0.0000
 AM1ESCF=        16.4753
 Ewald error estimate:   0.4196E-03
 ------------------------------------------------------------------------------


--------------------------------------------------------------------------------
   5.  TIMINGS
--------------------------------------------------------------------------------

|    Read coords time           0.01 ( 4.56% of Total)
|    Fast Water setup           0.00 ( 0.01% of Total)
|                Build the list             0.08 (85.24% of List )
|                Other                      0.01 (14.76% of List )
|             List time                  0.09 (58.58% of Nonbo)
|                   Short_ene time             0.05 (99.64% of Direc)
|                   Other                      0.00 ( 0.36% of Direc)
|                Direct Ewald time          0.05 (84.67% of Ewald)
|                Adjust Ewald time          0.00 ( 0.53% of Ewald)
|                Self Ewald time            0.00 ( 0.02% of Ewald)
|                   Fill Bspline coeffs        0.00 ( 4.85% of Recip)
|                   Fill charge grid           0.00 ( 9.29% of Recip)
|                   Scalar sum                 0.00 (16.13% of Recip)
|                   Grad sum                   0.00 (11.35% of Recip)
|                   FFT time                   0.01 (58.05% of Recip)
|                   Other                      0.00 ( 0.33% of Recip)
|                Recip Ewald time           0.01 (14.71% of Ewald)
|                Virial junk                0.00 ( 0.06% of Ewald)
|             Ewald time                 0.06 (41.42% of Nonbo)
|          Nonbond force              0.15 (73.97% of Force)
|             QMMM setup                 0.00 ( 0.08% of QMMM )
|             QMMM list build            0.00 ( 0.38% of QMMM )
|             QMMM prep coords           0.00 ( 0.37% of QMMM )
|                   QMMM hcore QM-QM           0.00 (40.90% of QMMM )
|                   QMMM hcore QM-MM           0.00 (59.10% of QMMM )
|                QMMM hcore calc            0.00 (21.85% of QMMM )
|                   QMMM fock build            0.00 (41.51% of QMMM )
|                   QMMM elec-energy cal       0.00 ( 0.72% of QMMM )
|                   QMMM full matrix dia       0.00 (26.65% of QMMM )
|                   QMMM pseudo matrix d       0.00 (24.67% of QMMM )
|                   QMMM density build         0.00 ( 5.62% of QMMM )
|                   Other                      0.00 ( 0.83% of QMMM )
|                QMMM scf                   0.00 (78.15% of QMMM )
|             QMMM energy                0.00 ( 5.14% of QMMM )
|             QMMM Collate Forces        0.00 ( 0.03% of QMMM )
|             Other                      0.05 (94.01% of QMMM )
|          QMMM                       0.05 (25.84% of Force)
|          Bond/Angle/Dihedral        0.00 ( 0.17% of Force)
|          Other                      0.00 ( 0.03% of Force)
|       Force time                 0.21 (99.53% of Runmd)
|       Other                      0.00 ( 0.47% of Runmd)
|    Runmd Time                 0.21 (73.05% of Total)
|    Other                      0.06 (22.37% of Total)
| Total time                 0.28 (100.0% of ALL  )

| Number of list builds   :          1

| Highest rstack allocated:     366766
| Highest istack allocated:       4394
|           Job began  at 15:04:50.812  on 02/14/2020
|           Setup done at 15:04:50.888  on 02/14/2020
|           Run   done at 15:04:51.096  on 02/14/2020
|     wallclock() was called     295 times
ASSERTion 'ier == 0' failed in src/sqm/qmmm_module.F90 at line    892.
