
          -------------------------------------------------------
          Amber 18 SANDER                              2018
          -------------------------------------------------------

| Run on 02/14/2020 at 15:04:50

|   Executable path: sander
| Working directory: /home/dustin/Documents/TestRuns/qm_mm_prop/benzene_nh2/abs/traj_2/2
|          Hostname: Unknown
  [-O]verwriting output

File Assignments:
|  MDIN: nasqm_abs_t2_2.in                                                     
| MDOUT: nasqm_abs_t2_2.out                                                    
|INPCRD: snap_2_for_absorption_t2.rst                                          
|  PARM: m1.prmtop                                                             
|RESTRT: snap_2_for_absorption_t2_back.rst                                     
|  REFC: refc                                                                  
| MDVEL: mdvel                                                                 
| MDFRC: mdfrc                                                                 
|  MDEN: mden                                                                  
| MDCRD: nasqm_abs_t2_2.nc                                                     
|MDINFO: mdinfo                                                                
|  MTMD: mtmd                                                                  
|INPDIP: inpdip                                                                
|RSTDIP: rstdip                                                                
|INPTRA: inptraj                                                               


 Here is the input file:

300K constant temp QMMMMD                                                      
 &cntrl                                                                        
  imin=0,                                                                      
  irest=0,                                                                     
  ntx=5,                                                                       
  ntb=1,                                                                       
  ntp=0,                                                                       
  ig=-1,                                                                       
  taup=2.0,                                                                    
  cut=16.0,                                                                    
  ntr=0,                                                                       
  tempi=300.0,                                                                 
  temp0=300.0,                                                                 
  ntt=3,                                                                       
  gamma_ln=2.0,                                                                
  nstlim=0,                                                                    
  dt=0.0005,                                                                   
  ntpr=1,                                                                      
  ntwx=0,                                                                      
  ntwv=0,                                                                      
  ifqnt=1,                                                                     
 /                                                                             
 &qmmm                                                                         
  scfconv=1.0000E-8,                                                           
  verbosity=1,                                                                 
  qmmask=':1',                                                                 
  diag_routine=1,                                                              
  qmcharge=0,                                                                  
  qm_theory='AM1',                                                             
  qmshake=0,                                                                   
  qm_ewald=0,                                                                  
  qm_pme=0,                                                                    
  nae=1                                                                        
 /                                                                             

--------------------------------------------------------------------------------
   1.  RESOURCE   USE: 
--------------------------------------------------------------------------------

| Flags:                                                                        
 getting new box info from bottom of inpcrd
|  INFO: Old style inpcrd file read

| peek_ewald_inpcrd: Box info found
|Largest sphere to fit in unit cell has radius =    22.679
| New format PARM file being parsed.
| Version =    1.000 Date = 09/26/18 Time = 13:58:55
 NATOM  =    4394 NTYPES =       7 NBONH =     883 MBONA  =    2635
 NTHETH =    2641 MTHETA =    2636 NPHIH =      26 MPHIA  =       9
 NHPARM =       0 NPARM  =       0 NNB   =    9698 NRES   =     877
 NBONA  =    2635 NTHETA =    2636 NPHIA =       9 NUMBND =       6
 NUMANG =       7 NPTRA  =       3 NATYP =       7 NPHB   =       0
 IFBOX  =       1 NMXRS  =      14 IFCAP =       0 NEXTRA =       0
 NCOPY  =       0


|     Memory Use     Allocated
|     Real              369502
|     Hollerith          14061
|     Integer           159675
|     Max Pairs        8541936
|     nblistReal         52728
|     nblist Int        151766
|       Total            37937 kbytes

| Note: 1-4 EEL scale factors are being read from the topology file.

| Note: 1-4 VDW scale factors are being read from the topology file.
| Duplicated    0 dihedrals
| Duplicated    0 dihedrals
LOADING THE QUANTUM ATOMS AS GROUPS
     Mask :1; matches    14 atoms

     BOX TYPE: RECTILINEAR
Note: ig = -1. Setting random seed to   844654 based on wallclock time in microseconds.

--------------------------------------------------------------------------------
   2.  CONTROL  DATA  FOR  THE  RUN
--------------------------------------------------------------------------------

m1                                                                              

General flags:
     imin    =       0, nmropt  =       0

Nature and format of input:
     ntx     =       5, irest   =       0, ntrx    =       1

Nature and format of output:
     ntxo    =       2, ntpr    =       1, ntrx    =       1, ntwr    =       1
     iwrap   =       0, ntwx    =       0, ntwv    =       0, ntwe    =       0
     ioutfm  =       1, ntwprt  =       0, idecomp =       0, rbornstat=      0

Potential function:
     ntf     =       1, ntb     =       1, igb     =       0, nsnb    =      25
     ipol    =       0, gbsa    =       0, iesp    =       0
     dielc   =   1.00000, cut     =  16.00000, intdiel =   1.00000

Frozen or restrained atoms:
     ibelly  =       0, ntr     =       0

Molecular dynamics:
     nstlim  =         0, nscm    =      1000, nrespa  =         1
     t       =   0.00000, dt      =   0.00050, vlimit  =  20.00000

Langevin dynamics temperature regulation:
     ig      =  844654
     temp0   = 300.00000, tempi   = 300.00000, gamma_ln=   2.00000

Ewald parameters:
     verbose =       0, ew_type =       0, nbflag  =       1, use_pme =       1
     vdwmeth =       1, eedmeth =       1, netfrc  =       1
     Box X =   49.256   Box Y =   50.133   Box Z =   45.358
     Alpha =   90.000   Beta  =   90.000   Gamma =   90.000
     NFFT1 =   50       NFFT2 =   50       NFFT3 =   45
     Cutoff=   16.000   Tol   =0.100E-04
     Ewald Coefficient =  0.16683
     Interpolation order =    4

QMMM options:
             ifqnt = True       nquant =       14
              qmgb =        0  qmcharge =        0   adjust_q =        2
              spin =        1     qmcut =  16.0000    qmshake =        0
          qmmm_int =        1
     lnk_atomic_no =        1   lnk_dis =   1.0900 lnk_method =        1
          qm_theory =     AM1 verbosity =        1
            qmqmdx = Analytical
      tight_p_conv = False (converge density to 0.05xSqrt[SCFCRT])
           scfconv = 0.100E-07  itrmax =     1000
      printcharges = False      printdipole = False      peptide_corr = False
    qmmmrij_incore = True 
  qmqm_erep_incore = True 
       pseudo_diag = True pseudo_diag_criteria =   0.0500
      diag_routine =        1
          qm_ewald =        0 qm_pme = False 

--------------------------------------------------------------------------------
   3.  ATOMIC COORDINATES AND VELOCITIES
--------------------------------------------------------------------------------

Cpptraj Generated Restart                                                       
 begin time read from input coords =     0.000 ps

 Number of triangulated 3-point waters found:        0
 identifying link atoms
 identified link atoms

     Sum of charges from parm topology file =   0.00000100
     Forcing neutrality...
QMMM: ADJUSTING CHARGES
QMMM: ----------------------------------------------------------------------
QMMM: adjust_q = 2
QMMM: Uniformly adjusting the charge of MM atoms to conserve total charge.
QMMM:                             qm_charge =    0
QMMM: QM atom RESP charge sum (inc MM link) =    0.000
QMMM: Adjusting each MM atom resp charge by =    0.000
QMMM:          Sum of MM + QM region is now =    0.000
QMMM: ----------------------------------------------------------------------
|  # of SOLUTE  degrees of freedom (RNDFP):   13182.
|  # of SOLVENT degrees of freedom (RNDFS):       0.
|  QMSHAKE_NOSHAKEMASK_OVERLAP =      0
|  NDFMIN =   13182.     NUM_NOSHAKE =      0     CORRECTED RNDFP =   13182.
|  TOTAL # of degrees of freedom (RNDF) =   13182.
 ---------------------------------------------------
 APPROXIMATING switch and d/dx switch using CUBIC SPLINE INTERPOLATION
 using   5000.0 points per unit in tabled values
 TESTING RELATIVE ERROR over r ranging from 0.0 to cutoff
| CHECK switch(x): max rel err =   0.2738E-14   at   2.422500
| CHECK d/dx switch(x): max rel err =   0.7766E-11   at   2.666360
 ---------------------------------------------------
| Local SIZE OF NONBOND LIST =    2093894
| TOTAL SIZE OF NONBOND LIST =    2093894

QMMM: Link Atom Information
QMMM: ------------------------------------------------------------------------
QMMM: nlink =     0
QMMM: ------------------------------------------------------------------------

  QMMM: QM Region Cartesian Coordinates (*=link atom) 
  QMMM: QM_NO.   MM_NO.  ATOM         X         Y         Z
  QMMM:     1        1      C       -0.3533   -0.8310   -1.6396
  QMMM:     2        2      C        0.7964   -1.1335   -0.9054
  QMMM:     3        3      C        1.1213   -0.5918    0.3027
  QMMM:     4        4      C        0.2526    0.3676    0.8442
  QMMM:     5        5      C       -0.8869    0.7526    0.1020
  QMMM:     6        6      C       -1.1781    0.1296   -1.1132
  QMMM:     7        7      H       -0.6217   -1.4044   -2.5204
  QMMM:     8        8      H        1.6099   -1.7836   -1.3645
  QMMM:     9        9      H        2.0577   -0.8466    0.8229
  QMMM:    10       10      H       -1.6209    1.3988    0.6995
  QMMM:    11       11      H       -2.0577    0.5148   -1.6981
  QMMM:    12       12      N        0.5081    0.8377    2.1175
  QMMM:    13       13      H        1.3619    0.5227    2.5204
  QMMM:    14       14      H        0.3263    1.7836    2.2912

--------------------------------------------------------------------------------
  3.1 QM CALCULATION INFO
--------------------------------------------------------------------------------
 rnd_seed=           1
 !!!!!!-----NAESMD INPUT-----!!!!!!

 Ground state MD,      imdtype=           0
 Initial count for out files              0
 MD at constant energy
 Starting time, fs           0.0000000000000000     
 Time step, fs                        0.50000000000000000     
 Number of classical steps (CS)        20000
 Quantum steps/per CS                    0
 Displacement for deriv. [A]      1.0000000000000001E-005
 Newtonian dynamics,           therm_type=           0
 Temperature, K                  10.000000000000000     
 Bath relaxation constant       0.40000000000000002     
 Equilibrated dynamics
 Number of steps per degree K           100
 Number of steps to write data           10
 Number of steps to write coords           1
 Friction coefficient [1/ps]      2.0000000000000000     
 Seed for random generator               1
 NAESMD verbosity,            1
 MD will use analytic deriv,  ideriv=           1
 Cartesian coordinates are used
 Allocating initial naesmd_module variables
 Allocating md_module initial variables
 Allocating variables
 Allocating naesmd_module variables          14           5
 Allocating md_module variables          14
  Finish reading coordinates 

 Initial Geometry
    6        -0.353326   -0.830985   -1.639628
    6         0.796447   -1.133498   -0.905446
    6         1.121303   -0.591802    0.302703
    6         0.252599    0.367614    0.844171
    6        -0.886910    0.752570    0.101960
    6        -1.178054    0.129584   -1.113215
    1        -0.621684   -1.404418   -2.520417
    1         1.609899   -1.783649   -1.364539
    1         2.057696   -0.846631    0.822919
    1        -1.620900    1.398789    0.699510
    1        -2.057696    0.514787   -1.698092
    7         0.508100    0.837733    2.117547
    1         1.361875    0.522655    2.520417
    1         0.326343    1.783648    2.291171
 nstep successful

| QMMM: Citation for AMBER QMMM Run:
| QMMM: R.C. Walker, M.F. Crowley and D.A. Case, J. COMP. CHEM. 29:1019, 2008

QMMM: SINGLET STATE CALCULATION
QMMM: RHF CALCULATION, NO. OF DOUBLY OCCUPIED LEVELS = 18

| QMMM: *** Selected Hamiltonian *** 
| QMMM: AM1         

| QMMM: *** Parameter sets in use ***
| QMMM: C : M.J.S.DEWAR et al. JACS, 107, 3902, (1985)
| QMMM: H : M.J.S.DEWAR et al. JACS, 107, 3902, (1985)
| QMMM: N : M.J.S.DEWAR et al. JACS, 107, 3902, (1985)

| QMMM: *** Diagonalization Routine Information ***
| QMMM: Pseudo diagonalizations are allowed.
| QMMM: Auto diagonalization routine selection is disabled.
| QMMM: Using internal diagonalization routine (diag_routine=1).

  QMMM: QM Region Cartesian Coordinates (*=link atom) 
  QMMM: QM_NO.   MM_NO.  ATOM         X         Y         Z
  QMMM:     1        1      C       -0.3533   -0.8310   -1.6396
  QMMM:     2        2      C        0.7964   -1.1335   -0.9054
  QMMM:     3        3      C        1.1213   -0.5918    0.3027
  QMMM:     4        4      C        0.2526    0.3676    0.8442
  QMMM:     5        5      C       -0.8869    0.7526    0.1020
  QMMM:     6        6      C       -1.1781    0.1296   -1.1132
  QMMM:     7        7      H       -0.6217   -1.4044   -2.5204
  QMMM:     8        8      H        1.6099   -1.7836   -1.3645
  QMMM:     9        9      H        2.0577   -0.8466    0.8229
  QMMM:    10       10      H       -1.6209    1.3988    0.6995
  QMMM:    11       11      H       -2.0577    0.5148   -1.6981
  QMMM:    12       12      N        0.5081    0.8377    2.1175
  QMMM:    13       13      H        1.3619    0.5227    2.5204
  QMMM:    14       14      H        0.3263    1.7836    2.2912

--------------------------------------------------------------------------------
  RESULTS
--------------------------------------------------------------------------------

QMMM: SCF Converged to 0.1000E-07 in:    19 Cycles 
          10           2   1.4348467075944726E-015
           8           1   1.0556300571087224E-015
           9           3   2.7798943702528334E-015
           9           1   1.8669724240975155E-015
           8           2   3.9042120231203015E-015
 @@@@ Davidson subroutine Found vectors           6
  i, e0(i), ferr(i), ftol0
  1 +++    3.585737210632871     0.25E-05 0.10E-04
  2 +++    3.755776702091957     0.68E-06 0.10E-04
  3 +++    4.944571462177614     0.37E-05 0.10E-04
  4 +++    5.091825397021804     0.44E-05 0.10E-04
  5 +++    5.136154117757859     0.71E-05 0.10E-04
  6 +++    5.737596827832555     0.78E-05 0.10E-04
 -------------------------------------------------

 Frequencies (eV) and Oscillator strengths (unitless)
        Omega            fx              fy              fz          ftotal
   1     3.58573721063287        0.598808651151691E-02    0.462361546317196E-02    0.174172145565038E-03    0.107858741202539E-01
   2     3.75577670209196        0.458032537787870E-02    0.327895646045263E-02    0.617896268750827E-01    0.696489087134140E-01
   3     4.94457146217761        0.310136241974401E-03    0.270271660335371E-02    0.234812286821740E-01    0.264940815275021E-01
   4     5.09182539702180        0.110481922879665E-01    0.125921574300874        0.140232623518591        0.277202390107431    
   5     5.13615411775786        0.155973252780539        0.105376095484241E-01    0.793138527364758E-01    0.245824715065439    
   6     5.73759682783256        0.266171532575044E-01    0.700218305705040E-02    0.249752595003605E-03    0.338690889095584E-01

 Frequencies (eV) and Transition Dipole Moments (AU)
        Omega            fx              fy              fz          ftotal
   1     3.58573721063287       -0.261081348027558        0.229415452625001        0.445267671266424E-01    0.122777553181771    
   2     3.75577670209196       -0.223110148818451       -0.188772612208625       -0.819462240803218        0.756931601728091    
   3     4.94457146217761       -0.505979560467840E-01    0.149367794420957        0.440268001711128        0.218706804497003    
   4     5.09182539702180       -0.297597927961109         1.00469528303953         1.06025131666283         2.22210999297389    
   5     5.13615411775786         1.11333813109031       -0.289383037060220        0.793919633764375         1.95357272115441    
   6     5.73759682783256       -0.435147839011434        0.223188985769797        0.421513058068550E-01    0.240943697746494    

 Total energy of the ground state (eV,AU)
           0  -1071.5953524395768       -39.380388443264692     
 Total energies of excited states (eV,AU)
           1  -1068.0096152289439       -39.248615079477027     
           2  -1067.8395757374849       -39.242366245708659     
           3  -1066.6507809773991       -39.198678860050521     
           4  -1066.5035270425551       -39.193267379736845     
           5  -1066.4591983218190       -39.191638329892790     
           6  -1065.8577556117443       -39.169535726055258     
 Ground State Molecular Dipole Moment (A.U.)
                         dx              dy              dz          ftotal
                     0.5114359      0.3542908      0.7817884E-01  0.6270571    
          35          18       94921173451200
          35          18       94921173451200
          35          18       94921173451200
          35          18       94921173451200
          35          18       94921173451200
          35          18       94921173451200

 Frequencies (eV) Unrelaxed Difference Dipole Moments (AU)
        Omega            dx              dy              dz          ftotal
   1   3.585737      0.3745118E-01  0.2376494      0.4842666      0.5407347    
   2   3.755777      0.1004508E-01  0.1531768      0.3624035      0.3935738    
   3   4.944571     -0.3919152     -0.4482865     -0.4608029      0.7529260    
   4   5.091825      0.2739915E-01  0.2242358E-01  0.2199995      0.2228302    
   5   5.136154      0.1669265      0.3585778E-02  0.2876445      0.3325909    
   6   5.737597      0.3873709E-01 -0.6513203E-01 -0.1376631E-01  0.7702113E-01
QMMM:
QMMM: SCF Energy =       15.20771265 KCal/mol,        63.62906971 KJ/mol
QMMM: SCF Energy = Heat of formation

QMMM: Mulliken Charges of state:    0
QMMM: Atomic Charges for Step       1 :
QMMM:  Atom    Element       Mulliken Charge
QMMM:     1      C              -0.182149
QMMM:     2      C              -0.133257
QMMM:     3      C              -0.184087
QMMM:     4      C               0.024657
QMMM:     5      C              -0.184798
QMMM:     6      C              -0.124146
QMMM:     7      H               0.162104
QMMM:     8      H               0.141758
QMMM:     9      H               0.159303
QMMM:    10      H               0.147705
QMMM:    11      H               0.153382
QMMM:    12      N              -0.396061
QMMM:    13      H               0.210995
QMMM:    14      H               0.204593
QMMM: Total Mulliken Charge =    0.000000

 LPRINT:           1           0

 NSTEP =        0   TIME(PS) =       0.000  TEMP(K) =   282.57  PRESS =     0.0
 Etot   =     -1769.8382  EKtot   =      3701.0444  EPtot      =     -5470.8826
 BOND   =      1143.3112  ANGLE   =      1467.0892  DIHED      =         0.0000
 1-4 NB =         0.0000  1-4 EEL =         0.0000  VDWAALS    =     -5587.5639
 EELEC  =     -2508.9268  EHBOND  =         0.0000  RESTRAINT  =         0.0000
 AM1ESCF=        15.2077
 Ewald error estimate:   0.3001E-05
 ------------------------------------------------------------------------------


--------------------------------------------------------------------------------
   5.  TIMINGS
--------------------------------------------------------------------------------

|    Read coords time           0.01 ( 2.86% of Total)
|    Fast Water setup           0.00 ( 0.01% of Total)
|                Build the list             0.06 (87.94% of List )
|                Other                      0.01 (12.06% of List )
|             List time                  0.07 (52.16% of Nonbo)
|                   Short_ene time             0.05 (99.65% of Direc)
|                   Other                      0.00 ( 0.35% of Direc)
|                Direct Ewald time          0.05 (84.69% of Ewald)
|                Adjust Ewald time          0.00 ( 0.54% of Ewald)
|                Self Ewald time            0.00 ( 0.02% of Ewald)
|                   Fill Bspline coeffs        0.00 ( 4.81% of Recip)
|                   Fill charge grid           0.00 ( 9.25% of Recip)
|                   Scalar sum                 0.00 (16.07% of Recip)
|                   Grad sum                   0.00 (10.70% of Recip)
|                   FFT time                   0.01 (58.91% of Recip)
|                   Other                      0.00 ( 0.26% of Recip)
|                Recip Ewald time           0.01 (14.68% of Ewald)
|                Virial junk                0.00 ( 0.06% of Ewald)
|                Other                      0.00 ( 0.01% of Ewald)
|             Ewald time                 0.06 (47.84% of Nonbo)
|          Nonbond force              0.13 (70.76% of Force)
|             QMMM setup                 0.00 ( 0.08% of QMMM )
|             QMMM list build            0.00 ( 0.43% of QMMM )
|             QMMM prep coords           0.00 ( 0.35% of QMMM )
|                   QMMM hcore QM-QM           0.00 (43.93% of QMMM )
|                   QMMM hcore QM-MM           0.00 (55.94% of QMMM )
|                   Other                      0.00 ( 0.13% of QMMM )
|                QMMM hcore calc            0.00 (24.35% of QMMM )
|                   QMMM fock build            0.00 (40.90% of QMMM )
|                   QMMM elec-energy cal       0.00 ( 0.65% of QMMM )
|                   QMMM full matrix dia       0.00 (27.05% of QMMM )
|                   QMMM pseudo matrix d       0.00 (24.53% of QMMM )
|                   QMMM density build         0.00 ( 5.60% of QMMM )
|                   Other                      0.00 ( 1.27% of QMMM )
|                QMMM scf                   0.00 (75.65% of QMMM )
|             QMMM energy                0.00 ( 5.39% of QMMM )
|             QMMM Collate Forces        0.00 ( 0.03% of QMMM )
|             Other                      0.05 (93.72% of QMMM )
|          QMMM                       0.05 (29.03% of Force)
|          Bond/Angle/Dihedral        0.00 ( 0.19% of Force)
|          Other                      0.00 ( 0.02% of Force)
|       Force time                 0.19 (99.47% of Runmd)
|       Other                      0.00 ( 0.53% of Runmd)
|    Runmd Time                 0.19 (82.01% of Total)
|    Other                      0.03 (15.12% of Total)
| Total time                 0.23 (100.0% of ALL  )

| Number of list builds   :          1

| Highest rstack allocated:     366766
| Highest istack allocated:       4394
|           Job began  at 15:04:50.811  on 02/14/2020
|           Setup done at 15:04:50.852  on 02/14/2020
|           Run   done at 15:04:51.039  on 02/14/2020
|     wallclock() was called     295 times
ASSERTion 'ier == 0' failed in src/sqm/qmmm_module.F90 at line    892.
