
          -------------------------------------------------------
          Amber 18 SANDER                              2018
          -------------------------------------------------------

| Run on 02/14/2020 at 15:04:51

|   Executable path: sander
| Working directory: /home/dustin/Documents/TestRuns/qm_mm_prop/benzene_nh2/abs/traj_3/5
|          Hostname: Unknown
  [-O]verwriting output

File Assignments:
|  MDIN: nasqm_abs_t3_5.in                                                     
| MDOUT: nasqm_abs_t3_5.out                                                    
|INPCRD: snap_5_for_absorption_t3.rst                                          
|  PARM: m1.prmtop                                                             
|RESTRT: snap_5_for_absorption_t3_back.rst                                     
|  REFC: refc                                                                  
| MDVEL: mdvel                                                                 
| MDFRC: mdfrc                                                                 
|  MDEN: mden                                                                  
| MDCRD: nasqm_abs_t3_5.nc                                                     
|MDINFO: mdinfo                                                                
|  MTMD: mtmd                                                                  
|INPDIP: inpdip                                                                
|RSTDIP: rstdip                                                                
|INPTRA: inptraj                                                               


 Here is the input file:

300K constant temp QMMMMD                                                      
 &cntrl                                                                        
  imin=0,                                                                      
  irest=0,                                                                     
  ntx=5,                                                                       
  ntb=1,                                                                       
  ntp=0,                                                                       
  ig=-1,                                                                       
  taup=2.0,                                                                    
  cut=16.0,                                                                    
  ntr=0,                                                                       
  tempi=300.0,                                                                 
  temp0=300.0,                                                                 
  ntt=3,                                                                       
  gamma_ln=2.0,                                                                
  nstlim=0,                                                                    
  dt=0.0005,                                                                   
  ntpr=1,                                                                      
  ntwx=0,                                                                      
  ntwv=0,                                                                      
  ifqnt=1,                                                                     
 /                                                                             
 &qmmm                                                                         
  scfconv=1.0000E-8,                                                           
  verbosity=1,                                                                 
  qmmask=':1',                                                                 
  diag_routine=1,                                                              
  qmcharge=0,                                                                  
  qm_theory='AM1',                                                             
  qmshake=0,                                                                   
  qm_ewald=0,                                                                  
  qm_pme=0,                                                                    
  nae=1                                                                        
 /                                                                             

--------------------------------------------------------------------------------
   1.  RESOURCE   USE: 
--------------------------------------------------------------------------------

| Flags:                                                                        
 getting new box info from bottom of inpcrd
|  INFO: Old style inpcrd file read

| peek_ewald_inpcrd: Box info found
|Largest sphere to fit in unit cell has radius =    22.679
| New format PARM file being parsed.
| Version =    1.000 Date = 09/26/18 Time = 13:58:55
 NATOM  =    4394 NTYPES =       7 NBONH =     883 MBONA  =    2635
 NTHETH =    2641 MTHETA =    2636 NPHIH =      26 MPHIA  =       9
 NHPARM =       0 NPARM  =       0 NNB   =    9698 NRES   =     877
 NBONA  =    2635 NTHETA =    2636 NPHIA =       9 NUMBND =       6
 NUMANG =       7 NPTRA  =       3 NATYP =       7 NPHB   =       0
 IFBOX  =       1 NMXRS  =      14 IFCAP =       0 NEXTRA =       0
 NCOPY  =       0


|     Memory Use     Allocated
|     Real              369502
|     Hollerith          14061
|     Integer           159675
|     Max Pairs        8541936
|     nblistReal         52728
|     nblist Int        151766
|       Total            37937 kbytes

| Note: 1-4 EEL scale factors are being read from the topology file.

| Note: 1-4 VDW scale factors are being read from the topology file.
| Duplicated    0 dihedrals
| Duplicated    0 dihedrals
LOADING THE QUANTUM ATOMS AS GROUPS
     Mask :1; matches    14 atoms

     BOX TYPE: RECTILINEAR
Note: ig = -1. Setting random seed to   397909 based on wallclock time in microseconds.

--------------------------------------------------------------------------------
   2.  CONTROL  DATA  FOR  THE  RUN
--------------------------------------------------------------------------------

m1                                                                              

General flags:
     imin    =       0, nmropt  =       0

Nature and format of input:
     ntx     =       5, irest   =       0, ntrx    =       1

Nature and format of output:
     ntxo    =       2, ntpr    =       1, ntrx    =       1, ntwr    =       1
     iwrap   =       0, ntwx    =       0, ntwv    =       0, ntwe    =       0
     ioutfm  =       1, ntwprt  =       0, idecomp =       0, rbornstat=      0

Potential function:
     ntf     =       1, ntb     =       1, igb     =       0, nsnb    =      25
     ipol    =       0, gbsa    =       0, iesp    =       0
     dielc   =   1.00000, cut     =  16.00000, intdiel =   1.00000

Frozen or restrained atoms:
     ibelly  =       0, ntr     =       0

Molecular dynamics:
     nstlim  =         0, nscm    =      1000, nrespa  =         1
     t       =   0.00000, dt      =   0.00050, vlimit  =  20.00000

Langevin dynamics temperature regulation:
     ig      =  397909
     temp0   = 300.00000, tempi   = 300.00000, gamma_ln=   2.00000

Ewald parameters:
     verbose =       0, ew_type =       0, nbflag  =       1, use_pme =       1
     vdwmeth =       1, eedmeth =       1, netfrc  =       1
     Box X =   49.256   Box Y =   50.133   Box Z =   45.358
     Alpha =   90.000   Beta  =   90.000   Gamma =   90.000
     NFFT1 =   50       NFFT2 =   50       NFFT3 =   45
     Cutoff=   16.000   Tol   =0.100E-04
     Ewald Coefficient =  0.16683
     Interpolation order =    4

QMMM options:
             ifqnt = True       nquant =       14
              qmgb =        0  qmcharge =        0   adjust_q =        2
              spin =        1     qmcut =  16.0000    qmshake =        0
          qmmm_int =        1
     lnk_atomic_no =        1   lnk_dis =   1.0900 lnk_method =        1
          qm_theory =     AM1 verbosity =        1
            qmqmdx = Analytical
      tight_p_conv = False (converge density to 0.05xSqrt[SCFCRT])
           scfconv = 0.100E-07  itrmax =     1000
      printcharges = False      printdipole = False      peptide_corr = False
    qmmmrij_incore = True 
  qmqm_erep_incore = True 
       pseudo_diag = True pseudo_diag_criteria =   0.0500
      diag_routine =        1
          qm_ewald =        0 qm_pme = False 

--------------------------------------------------------------------------------
   3.  ATOMIC COORDINATES AND VELOCITIES
--------------------------------------------------------------------------------

Cpptraj Generated Restart                                                       
 begin time read from input coords =     0.000 ps

 Number of triangulated 3-point waters found:        0
 identifying link atoms
 identified link atoms

     Sum of charges from parm topology file =   0.00000100
     Forcing neutrality...
QMMM: ADJUSTING CHARGES
QMMM: ----------------------------------------------------------------------
QMMM: adjust_q = 2
QMMM: Uniformly adjusting the charge of MM atoms to conserve total charge.
QMMM:                             qm_charge =    0
QMMM: QM atom RESP charge sum (inc MM link) =    0.000
QMMM: Adjusting each MM atom resp charge by =    0.000
QMMM:          Sum of MM + QM region is now =    0.000
QMMM: ----------------------------------------------------------------------
|  # of SOLUTE  degrees of freedom (RNDFP):   13182.
|  # of SOLVENT degrees of freedom (RNDFS):       0.
|  QMSHAKE_NOSHAKEMASK_OVERLAP =      0
|  NDFMIN =   13182.     NUM_NOSHAKE =      0     CORRECTED RNDFP =   13182.
|  TOTAL # of degrees of freedom (RNDF) =   13182.
 ---------------------------------------------------
 APPROXIMATING switch and d/dx switch using CUBIC SPLINE INTERPOLATION
 using   5000.0 points per unit in tabled values
 TESTING RELATIVE ERROR over r ranging from 0.0 to cutoff
| CHECK switch(x): max rel err =   0.2738E-14   at   2.422500
| CHECK d/dx switch(x): max rel err =   0.7766E-11   at   2.666360
 ---------------------------------------------------
| Local SIZE OF NONBOND LIST =    2094163
| TOTAL SIZE OF NONBOND LIST =    2094163

QMMM: Link Atom Information
QMMM: ------------------------------------------------------------------------
QMMM: nlink =     0
QMMM: ------------------------------------------------------------------------

  QMMM: QM Region Cartesian Coordinates (*=link atom) 
  QMMM: QM_NO.   MM_NO.  ATOM         X         Y         Z
  QMMM:     1        1      C       -0.3027   -0.5686   -1.6764
  QMMM:     2        2      C        0.6848   -1.1179   -0.8221
  QMMM:     3        3      C        0.9564   -0.6598    0.4255
  QMMM:     4        4      C        0.1338    0.4490    0.8339
  QMMM:     5        5      C       -0.8654    0.9934    0.0333
  QMMM:     6        6      C       -1.1007    0.5364   -1.2291
  QMMM:     7        7      H       -0.7196   -1.1584   -2.5207
  QMMM:     8        8      H        1.1777   -2.0035   -1.2123
  QMMM:     9        9      H        1.6872   -1.0776    1.0986
  QMMM:    10       10      H       -1.4027    1.8920    0.2660
  QMMM:    11       11      H       -1.6872    1.0464   -1.9740
  QMMM:    12       12      N        0.2333    1.0575    2.1391
  QMMM:    13       13      H        1.1507    0.7914    2.5207
  QMMM:    14       14      H        0.0091    2.0035    2.2721

--------------------------------------------------------------------------------
  3.1 QM CALCULATION INFO
--------------------------------------------------------------------------------
 rnd_seed=           1
 !!!!!!-----NAESMD INPUT-----!!!!!!

 Ground state MD,      imdtype=           0
 Initial count for out files              0
 MD at constant energy
 Starting time, fs           0.0000000000000000     
 Time step, fs                        0.50000000000000000     
 Number of classical steps (CS)        20000
 Quantum steps/per CS                    0
 Displacement for deriv. [A]      1.0000000000000001E-005
 Newtonian dynamics,           therm_type=           0
 Temperature, K                  10.000000000000000     
 Bath relaxation constant       0.40000000000000002     
 Equilibrated dynamics
 Number of steps per degree K           100
 Number of steps to write data           10
 Number of steps to write coords           1
 Friction coefficient [1/ps]      2.0000000000000000     
 Seed for random generator               1
 NAESMD verbosity,            1
 MD will use analytic deriv,  ideriv=           1
 Cartesian coordinates are used
 Allocating initial naesmd_module variables
 Allocating md_module initial variables
 Allocating variables
 Allocating naesmd_module variables          14           5
 Allocating md_module variables          14
  Finish reading coordinates 

 Initial Geometry
    6        -0.302686   -0.568560   -1.676365
    6         0.684783   -1.117926   -0.822147
    6         0.956363   -0.659834    0.425451
    6         0.133754    0.449013    0.833895
    6        -0.865398    0.993429    0.033255
    6        -1.100658    0.536427   -1.229101
    1        -0.719598   -1.158384   -2.520735
    1         1.177676   -2.003523   -1.212275
    1         1.687173   -1.077593    1.098631
    1        -1.402658    1.891951    0.266031
    1        -1.687173    1.046360   -1.973976
    7         0.233312    1.057545    2.139059
    1         1.150708    0.791389    2.520735
    1         0.009087    2.003523    2.272095
 nstep successful

| QMMM: Citation for AMBER QMMM Run:
| QMMM: R.C. Walker, M.F. Crowley and D.A. Case, J. COMP. CHEM. 29:1019, 2008

QMMM: SINGLET STATE CALCULATION
QMMM: RHF CALCULATION, NO. OF DOUBLY OCCUPIED LEVELS = 18

| QMMM: *** Selected Hamiltonian *** 
| QMMM: AM1         

| QMMM: *** Parameter sets in use ***
| QMMM: C : M.J.S.DEWAR et al. JACS, 107, 3902, (1985)
| QMMM: H : M.J.S.DEWAR et al. JACS, 107, 3902, (1985)
| QMMM: N : M.J.S.DEWAR et al. JACS, 107, 3902, (1985)

| QMMM: *** Diagonalization Routine Information ***
| QMMM: Pseudo diagonalizations are allowed.
| QMMM: Auto diagonalization routine selection is disabled.
| QMMM: Using internal diagonalization routine (diag_routine=1).

  QMMM: QM Region Cartesian Coordinates (*=link atom) 
  QMMM: QM_NO.   MM_NO.  ATOM         X         Y         Z
  QMMM:     1        1      C       -0.3027   -0.5686   -1.6764
  QMMM:     2        2      C        0.6848   -1.1179   -0.8221
  QMMM:     3        3      C        0.9564   -0.6598    0.4255
  QMMM:     4        4      C        0.1338    0.4490    0.8339
  QMMM:     5        5      C       -0.8654    0.9934    0.0333
  QMMM:     6        6      C       -1.1007    0.5364   -1.2291
  QMMM:     7        7      H       -0.7196   -1.1584   -2.5207
  QMMM:     8        8      H        1.1777   -2.0035   -1.2123
  QMMM:     9        9      H        1.6872   -1.0776    1.0986
  QMMM:    10       10      H       -1.4027    1.8920    0.2660
  QMMM:    11       11      H       -1.6872    1.0464   -1.9740
  QMMM:    12       12      N        0.2333    1.0575    2.1391
  QMMM:    13       13      H        1.1507    0.7914    2.5207
  QMMM:    14       14      H        0.0091    2.0035    2.2721

--------------------------------------------------------------------------------
  RESULTS
--------------------------------------------------------------------------------

QMMM: SCF Converged to 0.1000E-07 in:    17 Cycles 
           7           1   4.5161780809184829E-015
          10           1   5.4955836431037908E-015
           8           2   2.5344547153246383E-015
           8           1   1.4079178361353639E-015
          10           1   1.9365070528035155E-015
           8           1   2.8674436956810379E-015
 @@@@ Davidson subroutine Found vectors           6
  i, e0(i), ferr(i), ftol0
  1 +++    3.513059602207487     0.22E-05 0.10E-04
  2 +++    3.600934639154060     0.44E-06 0.10E-04
  3 +++    4.795381095356142     0.19E-05 0.10E-04
  4 +++    5.128027502403580     0.24E-05 0.10E-04
  5 +++    5.283921636396920     0.45E-05 0.10E-04
  6 +++    5.556104176641109     0.65E-05 0.10E-04
 -------------------------------------------------

 Frequencies (eV) and Oscillator strengths (unitless)
        Omega            fx              fy              fz          ftotal
   1     3.51305960220749        0.688991798577051E-02    0.132041070528429E-01    0.588670346033468E-02    0.259807284989481E-01
   2     3.60093463915406        0.495934121559026E-03    0.980151681185767E-02    0.712120614172472E-01    0.815095123506639E-01
   3     4.79538109535614        0.246634530642696E-03    0.223504176751862E-02    0.183131099036905E-02    0.431298728853037E-02
   4     5.12802750240358        0.149027931692285        0.668751085456646E-01    0.411114824460980E-01    0.257014522684048    
   5     5.28392163639692        0.751525347524608E-03    0.636952552828072E-01    0.235430750016690        0.299877530647022    
   6     5.55610417664111        0.984465742767724E-04    0.237518555495058E-02    0.769422970124417E-02    0.101678618304715E-01

 Frequencies (eV) and Transition Dipole Moments (AU)
        Omega            fx              fy              fz          ftotal
   1     3.51305960220749        0.282934110776061       -0.391681267685985       -0.261525693778433        0.301861615003032    
   2     3.60093463915406        0.749765440153320E-01    0.333318998079141        0.898442322816670        0.923921644061178    
   3     4.79538109535614       -0.458180307579646E-01    0.137927956126902       -0.124850570119614        0.367110778830751E-01
   4     5.12802750240358        -1.08912996429504        0.729588734554741       -0.572041370187290         2.04573512992026    
   5     5.28392163639692       -0.761929300306424E-01   -0.701449483210790        -1.34857297221961         2.31648580148458    
   6     5.55610417664111        0.268928083221994E-01   -0.132094466140007       -0.237748850624438        0.746966870975095E-01

 Total energy of the ground state (eV,AU)
           0  -1071.1836246755888       -39.365257732552102     
 Total energies of excited states (eV,AU)
           1  -1067.6705650733813       -39.236155220634409     
           2  -1067.5826900364348       -39.232925873771769     
           3  -1066.3882435802327       -39.189030792188191     
           4  -1066.0555971731853       -39.176806266676806     
           5  -1065.8997030391920       -39.171077265017075     
           6  -1065.6275204989477       -39.161074744814002     
 Ground State Molecular Dipole Moment (A.U.)
                         dx              dy              dz          ftotal
                     0.4983148      0.3838625      0.4402503E-01  0.6305603    
          35          18       94381351027168
          35          18       94381351027168
          35          18       94381351027168
          35          18       94381351027168
          35          18       94381351027168
          35          18       94381351027168

 Frequencies (eV) Unrelaxed Difference Dipole Moments (AU)
        Omega            dx              dy              dz          ftotal
   1   3.513060     -0.5259449E-02  0.2177477      0.3864899      0.4436396    
   2   3.600935      0.1108087      0.6138941E-01  0.3790196      0.3996287    
   3   4.795381     -0.3668083     -0.4362166     -0.2311077      0.6150155    
   4   5.128028     -0.2616995E-01  0.6945875E-01  0.2438010      0.2548496    
   5   5.283922     -0.2016369E-01  0.1778499      0.3956221      0.4342281    
   6   5.556104     -0.3030067E-01 -0.9776109E-01 -0.1796053      0.2067207    
QMMM:
QMMM: SCF Energy =       24.70256661 KCal/mol,       103.35553871 KJ/mol
QMMM: SCF Energy = Heat of formation

QMMM: Mulliken Charges of state:    0
QMMM: Atomic Charges for Step       1 :
QMMM:  Atom    Element       Mulliken Charge
QMMM:     1      C              -0.228642
QMMM:     2      C              -0.118647
QMMM:     3      C              -0.145558
QMMM:     4      C               0.026523
QMMM:     5      C              -0.196257
QMMM:     6      C              -0.126328
QMMM:     7      H               0.159287
QMMM:     8      H               0.138756
QMMM:     9      H               0.167454
QMMM:    10      H               0.147117
QMMM:    11      H               0.160517
QMMM:    12      N              -0.384355
QMMM:    13      H               0.192102
QMMM:    14      H               0.208032
QMMM: Total Mulliken Charge =   -0.000000

 LPRINT:           1           0

 NSTEP =        0   TIME(PS) =       0.000  TEMP(K) =   296.35  PRESS =     0.0
 Etot   =     -1685.4920  EKtot   =      3881.4511  EPtot      =     -5566.9431
 BOND   =       993.4518  ANGLE   =      1483.2828  DIHED      =         0.0000
 1-4 NB =         0.0000  1-4 EEL =         0.0000  VDWAALS    =     -5577.4356
 EELEC  =     -2490.9446  EHBOND  =         0.0000  RESTRAINT  =         0.0000
 AM1ESCF=        24.7026
 Ewald error estimate:   0.1234E-04
 ------------------------------------------------------------------------------


--------------------------------------------------------------------------------
   5.  TIMINGS
--------------------------------------------------------------------------------

|    Read coords time           0.01 ( 2.90% of Total)
|    Fast Water setup           0.00 ( 0.01% of Total)
|                Build the list             0.07 (89.59% of List )
|                Other                      0.01 (10.41% of List )
|             List time                  0.08 (54.03% of Nonbo)
|                   Short_ene time             0.05 (99.66% of Direc)
|                   Other                      0.00 ( 0.34% of Direc)
|                Direct Ewald time          0.05 (84.91% of Ewald)
|                Adjust Ewald time          0.00 ( 0.52% of Ewald)
|                Self Ewald time            0.00 ( 0.02% of Ewald)
|                   Fill Bspline coeffs        0.00 ( 4.83% of Recip)
|                   Fill charge grid           0.00 ( 9.16% of Recip)
|                   Scalar sum                 0.00 (16.07% of Recip)
|                   Grad sum                   0.00 (10.79% of Recip)
|                   FFT time                   0.01 (58.85% of Recip)
|                   Other                      0.00 ( 0.30% of Recip)
|                Recip Ewald time           0.01 (14.48% of Ewald)
|                Virial junk                0.00 ( 0.05% of Ewald)
|                Other                      0.00 ( 0.01% of Ewald)
|             Ewald time                 0.06 (45.97% of Nonbo)
|          Nonbond force              0.14 (70.06% of Force)
|             QMMM setup                 0.00 ( 0.07% of QMMM )
|             QMMM list build            0.00 ( 0.33% of QMMM )
|             QMMM prep coords           0.00 ( 0.34% of QMMM )
|                   QMMM hcore QM-QM           0.00 (40.22% of QMMM )
|                   QMMM hcore QM-MM           0.00 (59.78% of QMMM )
|                QMMM hcore calc            0.00 (22.65% of QMMM )
|                   QMMM fock build            0.00 (38.66% of QMMM )
|                   QMMM elec-energy cal       0.00 ( 0.49% of QMMM )
|                   QMMM full matrix dia       0.00 (34.34% of QMMM )
|                   QMMM pseudo matrix d       0.00 (20.33% of QMMM )
|                   QMMM density build         0.00 ( 5.31% of QMMM )
|                   Other                      0.00 ( 0.88% of QMMM )
|                QMMM scf                   0.00 (77.35% of QMMM )
|             QMMM energy                0.00 ( 4.45% of QMMM )
|             QMMM Collate Forces        0.00 ( 0.02% of QMMM )
|             Other                      0.06 (94.79% of QMMM )
|          QMMM                       0.06 (29.73% of Force)
|          Bond/Angle/Dihedral        0.00 ( 0.18% of Force)
|          Other                      0.00 ( 0.02% of Force)
|       Force time                 0.20 (99.52% of Runmd)
|       Other                      0.00 ( 0.48% of Runmd)
|    Runmd Time                 0.20 (82.97% of Total)
|    Other                      0.03 (14.12% of Total)
| Total time                 0.24 (100.0% of ALL  )

| Number of list builds   :          1

| Highest rstack allocated:     366766
| Highest istack allocated:       4394
|           Job began  at 15:04:51.364  on 02/14/2020
|           Setup done at 15:04:51.406  on 02/14/2020
|           Run   done at 15:04:51.608  on 02/14/2020
|     wallclock() was called     271 times
ASSERTion 'ier == 0' failed in src/sqm/qmmm_module.F90 at line    892.
