
          -------------------------------------------------------
          Amber 18 SANDER                              2018
          -------------------------------------------------------

| Run on 02/14/2020 at 14:48:37

|   Executable path: sander
| Working directory: /home/dustin/Documents/TestRuns/qm_mm_prop/benzene_nh2/abs/traj_1/7
|          Hostname: Unknown
  [-O]verwriting output

File Assignments:
|  MDIN: nasqm_abs_t1_7.in                                                     
| MDOUT: nasqm_abs_t1_7.out                                                    
|INPCRD: snap_7_for_absorption_t1.rst                                          
|  PARM: m1.prmtop                                                             
|RESTRT: snap_7_for_absorption_t1_back.rst                                     
|  REFC: refc                                                                  
| MDVEL: mdvel                                                                 
| MDFRC: mdfrc                                                                 
|  MDEN: mden                                                                  
| MDCRD: nasqm_abs_t1_7.nc                                                     
|MDINFO: mdinfo                                                                
|  MTMD: mtmd                                                                  
|INPDIP: inpdip                                                                
|RSTDIP: rstdip                                                                
|INPTRA: inptraj                                                               


 Here is the input file:

300K constant temp QMMMMD                                                      
 &cntrl                                                                        
  imin=0,                                                                      
  irest=0,                                                                     
  ntx=5,                                                                       
  ntb=1,                                                                       
  ntp=0,                                                                       
  ig=-1,                                                                       
  taup=2.0,                                                                    
  cut=16.0,                                                                    
  ntr=0,                                                                       
  tempi=300.0,                                                                 
  temp0=300.0,                                                                 
  ntt=3,                                                                       
  gamma_ln=2.0,                                                                
  nstlim=0,                                                                    
  dt=0.0005,                                                                   
  ntpr=1,                                                                      
  ntwx=0,                                                                      
  ntwv=0,                                                                      
  ifqnt=1                                                                      
 /                                                                             
 &qmmm                                                                         
  scfconv=1.0000E-8,                                                           
  verbosity=1,                                                                 
  qmmask=':1',                                                                 
  diag_routine=1,                                                              
  qmcharge=0,                                                                  
  qm_theory='AM1',                                                             
  qmshake=0,                                                                   
  qm_ewald=0,                                                                  
  qm_pme=0,                                                                    
  nae=1                                                                        
 /                                                                             

--------------------------------------------------------------------------------
   1.  RESOURCE   USE: 
--------------------------------------------------------------------------------

| Flags:                                                                        
 getting new box info from bottom of inpcrd
|  INFO: Old style inpcrd file read

| peek_ewald_inpcrd: Box info found
|Largest sphere to fit in unit cell has radius =    22.679
| New format PARM file being parsed.
| Version =    1.000 Date = 09/26/18 Time = 13:58:55
 NATOM  =    4394 NTYPES =       7 NBONH =     883 MBONA  =    2635
 NTHETH =    2641 MTHETA =    2636 NPHIH =      26 MPHIA  =       9
 NHPARM =       0 NPARM  =       0 NNB   =    9698 NRES   =     877
 NBONA  =    2635 NTHETA =    2636 NPHIA =       9 NUMBND =       6
 NUMANG =       7 NPTRA  =       3 NATYP =       7 NPHB   =       0
 IFBOX  =       1 NMXRS  =      14 IFCAP =       0 NEXTRA =       0
 NCOPY  =       0


|     Memory Use     Allocated
|     Real              369502
|     Hollerith          14061
|     Integer           159675
|     Max Pairs        8541936
|     nblistReal         52728
|     nblist Int        151766
|       Total            37937 kbytes

| Note: 1-4 EEL scale factors are being read from the topology file.

| Note: 1-4 VDW scale factors are being read from the topology file.
| Duplicated    0 dihedrals
| Duplicated    0 dihedrals
LOADING THE QUANTUM ATOMS AS GROUPS
     Mask :1; matches    14 atoms

     BOX TYPE: RECTILINEAR
Note: ig = -1. Setting random seed to   185575 based on wallclock time in microseconds.

--------------------------------------------------------------------------------
   2.  CONTROL  DATA  FOR  THE  RUN
--------------------------------------------------------------------------------

m1                                                                              

General flags:
     imin    =       0, nmropt  =       0

Nature and format of input:
     ntx     =       5, irest   =       0, ntrx    =       1

Nature and format of output:
     ntxo    =       2, ntpr    =       1, ntrx    =       1, ntwr    =       1
     iwrap   =       0, ntwx    =       0, ntwv    =       0, ntwe    =       0
     ioutfm  =       1, ntwprt  =       0, idecomp =       0, rbornstat=      0

Potential function:
     ntf     =       1, ntb     =       1, igb     =       0, nsnb    =      25
     ipol    =       0, gbsa    =       0, iesp    =       0
     dielc   =   1.00000, cut     =  16.00000, intdiel =   1.00000

Frozen or restrained atoms:
     ibelly  =       0, ntr     =       0

Molecular dynamics:
     nstlim  =         0, nscm    =      1000, nrespa  =         1
     t       =   0.00000, dt      =   0.00050, vlimit  =  20.00000

Langevin dynamics temperature regulation:
     ig      =  185575
     temp0   = 300.00000, tempi   = 300.00000, gamma_ln=   2.00000

Ewald parameters:
     verbose =       0, ew_type =       0, nbflag  =       1, use_pme =       1
     vdwmeth =       1, eedmeth =       1, netfrc  =       1
     Box X =   49.256   Box Y =   50.133   Box Z =   45.358
     Alpha =   90.000   Beta  =   90.000   Gamma =   90.000
     NFFT1 =   50       NFFT2 =   50       NFFT3 =   45
     Cutoff=   16.000   Tol   =0.100E-04
     Ewald Coefficient =  0.16683
     Interpolation order =    4

QMMM options:
             ifqnt = True       nquant =       14
              qmgb =        0  qmcharge =        0   adjust_q =        2
              spin =        1     qmcut =  16.0000    qmshake =        0
          qmmm_int =        1
     lnk_atomic_no =        1   lnk_dis =   1.0900 lnk_method =        1
          qm_theory =     AM1 verbosity =        1
            qmqmdx = Analytical
      tight_p_conv = False (converge density to 0.05xSqrt[SCFCRT])
           scfconv = 0.100E-07  itrmax =     1000
      printcharges = False      printdipole = False      peptide_corr = False
    qmmmrij_incore = True 
  qmqm_erep_incore = True 
       pseudo_diag = True pseudo_diag_criteria =   0.0500
      diag_routine =        1
          qm_ewald =        0 qm_pme = False 

--------------------------------------------------------------------------------
   3.  ATOMIC COORDINATES AND VELOCITIES
--------------------------------------------------------------------------------

Cpptraj Generated Restart                                                       
 begin time read from input coords =     0.000 ps

 Number of triangulated 3-point waters found:        0
 identifying link atoms
 identified link atoms

     Sum of charges from parm topology file =   0.00000100
     Forcing neutrality...
QMMM: ADJUSTING CHARGES
QMMM: ----------------------------------------------------------------------
QMMM: adjust_q = 2
QMMM: Uniformly adjusting the charge of MM atoms to conserve total charge.
QMMM:                             qm_charge =    0
QMMM: QM atom RESP charge sum (inc MM link) =    0.000
QMMM: Adjusting each MM atom resp charge by =    0.000
QMMM:          Sum of MM + QM region is now =    0.000
QMMM: ----------------------------------------------------------------------
|  # of SOLUTE  degrees of freedom (RNDFP):   13182.
|  # of SOLVENT degrees of freedom (RNDFS):       0.
|  QMSHAKE_NOSHAKEMASK_OVERLAP =      0
|  NDFMIN =   13182.     NUM_NOSHAKE =      0     CORRECTED RNDFP =   13182.
|  TOTAL # of degrees of freedom (RNDF) =   13182.
 ---------------------------------------------------
 APPROXIMATING switch and d/dx switch using CUBIC SPLINE INTERPOLATION
 using   5000.0 points per unit in tabled values
 TESTING RELATIVE ERROR over r ranging from 0.0 to cutoff
| CHECK switch(x): max rel err =   0.2738E-14   at   2.422500
| CHECK d/dx switch(x): max rel err =   0.7766E-11   at   2.666360
 ---------------------------------------------------
| Local SIZE OF NONBOND LIST =    2093638
| TOTAL SIZE OF NONBOND LIST =    2093638

QMMM: Link Atom Information
QMMM: ------------------------------------------------------------------------
QMMM: nlink =     0
QMMM: ------------------------------------------------------------------------

  QMMM: QM Region Cartesian Coordinates (*=link atom) 
  QMMM: QM_NO.   MM_NO.  ATOM         X         Y         Z
  QMMM:     1        1      C       -0.4650   -0.6561   -1.3312
  QMMM:     2        2      C        0.6980   -1.2062   -0.6876
  QMMM:     3        3      C        1.1470   -0.6945    0.5302
  QMMM:     4        4      C        0.4840    0.4429    1.0556
  QMMM:     5        5      C       -0.6549    0.9807    0.3718
  QMMM:     6        6      C       -1.0336    0.5100   -0.8495
  QMMM:     7        7      H       -0.8320   -1.0091   -2.3035
  QMMM:     8        8      H        1.2298   -2.0515   -1.2148
  QMMM:     9        9      H        1.9846   -1.1449    1.0296
  QMMM:    10       10      H       -1.1074    1.8946    0.7059
  QMMM:    11       11      H       -1.9846    0.9076   -1.3507
  QMMM:    12       12      N        0.9191    1.1305    2.1899
  QMMM:    13       13      H        1.9053    1.1006    2.3035
  QMMM:    14       14      H        0.5672    2.0515    2.2568

--------------------------------------------------------------------------------
  3.1 QM CALCULATION INFO
--------------------------------------------------------------------------------
 rnd_seed=           1
 !!!!!!-----NAESMD INPUT-----!!!!!!

 Ground state MD,      imdtype=           0
 Initial count for out files              0
 MD at constant energy
 Starting time, fs           0.0000000000000000     
 Time step, fs                        0.50000000000000000     
 Number of classical steps (CS)        20000
 Quantum steps/per CS                    0
 Displacement for deriv. [A]      1.0000000000000001E-005
 Newtonian dynamics,           therm_type=           0
 Temperature, K                  10.000000000000000     
 Bath relaxation constant       0.40000000000000002     
 Equilibrated dynamics
 Number of steps per degree K           100
 Number of steps to write data           10
 Number of steps to write coords           1
 Friction coefficient [1/ps]      2.0000000000000000     
 Seed for random generator               1
 NAESMD verbosity,            1
 MD will use analytic deriv,  ideriv=           1
 Cartesian coordinates are used
 Allocating initial naesmd_module variables
 Allocating md_module initial variables
 Allocating variables
 Allocating naesmd_module variables          14           5
 Allocating md_module variables          14
  Finish reading coordinates 

 Initial Geometry
    6        -0.465045   -0.656105   -1.331155
    6         0.698047   -1.206156   -0.687623
    6         1.147040   -0.694477    0.530158
    6         0.484000    0.442858    1.055636
    6        -0.654920    0.980692    0.371758
    6        -1.033649    0.509954   -0.849486
    1        -0.831988   -1.009062   -2.303477
    1         1.229791   -2.051497   -1.214797
    1         1.984580   -1.144884    1.029576
    1        -1.107440    1.894627    0.705873
    1        -1.984580    0.907593   -1.350741
    7         0.919141    1.130528    2.189933
    1         1.905297    1.100565    2.303477
    1         0.567199    2.051497    2.256822
 nstep successful

| QMMM: Citation for AMBER QMMM Run:
| QMMM: R.C. Walker, M.F. Crowley and D.A. Case, J. COMP. CHEM. 29:1019, 2008

QMMM: SINGLET STATE CALCULATION
QMMM: RHF CALCULATION, NO. OF DOUBLY OCCUPIED LEVELS = 18

| QMMM: *** Selected Hamiltonian *** 
| QMMM: AM1         

| QMMM: *** Parameter sets in use ***
| QMMM: C : M.J.S.DEWAR et al. JACS, 107, 3902, (1985)
| QMMM: H : M.J.S.DEWAR et al. JACS, 107, 3902, (1985)
| QMMM: N : M.J.S.DEWAR et al. JACS, 107, 3902, (1985)

| QMMM: *** Diagonalization Routine Information ***
| QMMM: Pseudo diagonalizations are allowed.
| QMMM: Auto diagonalization routine selection is disabled.
| QMMM: Using internal diagonalization routine (diag_routine=1).

  QMMM: QM Region Cartesian Coordinates (*=link atom) 
  QMMM: QM_NO.   MM_NO.  ATOM         X         Y         Z
  QMMM:     1        1      C       -0.4650   -0.6561   -1.3312
  QMMM:     2        2      C        0.6980   -1.2062   -0.6876
  QMMM:     3        3      C        1.1470   -0.6945    0.5302
  QMMM:     4        4      C        0.4840    0.4429    1.0556
  QMMM:     5        5      C       -0.6549    0.9807    0.3718
  QMMM:     6        6      C       -1.0336    0.5100   -0.8495
  QMMM:     7        7      H       -0.8320   -1.0091   -2.3035
  QMMM:     8        8      H        1.2298   -2.0515   -1.2148
  QMMM:     9        9      H        1.9846   -1.1449    1.0296
  QMMM:    10       10      H       -1.1074    1.8946    0.7059
  QMMM:    11       11      H       -1.9846    0.9076   -1.3507
  QMMM:    12       12      N        0.9191    1.1305    2.1899
  QMMM:    13       13      H        1.9053    1.1006    2.3035
  QMMM:    14       14      H        0.5672    2.0515    2.2568

--------------------------------------------------------------------------------
  RESULTS
--------------------------------------------------------------------------------

QMMM: SCF Converged to 0.1000E-07 in:    16 Cycles 
          11           1   1.7441289298231188E-015
           9           1   1.4095712444484043E-015
          10           1   3.8045738434688836E-015
           7           1   2.5259843858520953E-015
          10           1   1.9337829948451457E-015
           9           1   1.6804591572439076E-015
 @@@@ Davidson subroutine Found vectors           6
  i, e0(i), ferr(i), ftol0
  1 +++    3.479040007444517     0.29E-05 0.10E-04
  2 +++    3.596144028532267     0.52E-06 0.10E-04
  3 +++    4.851555192590402     0.29E-05 0.10E-04
  4 +++    5.084486331130111     0.16E-05 0.10E-04
  5 +++    5.210726141124753     0.34E-05 0.10E-04
  6 +++    5.686972952919518     0.79E-05 0.10E-04
 -------------------------------------------------

 Frequencies (eV) and Oscillator strengths (unitless)
        Omega            fx              fy              fz          ftotal
   1     3.47904000744452        0.157309319460043E-01    0.103067054410356E-02    0.707739628705031E-02    0.238389987771581E-01
   2     3.59614402853227        0.128540192669623E-01    0.171517382470920E-01    0.487015562684250E-01    0.787073137824793E-01
   3     4.85155519259040        0.422162421897370E-02    0.141333495738060E-01    0.320850420502794E-01    0.504400158430591E-01
   4     5.08448633113011        0.796620723391714E-01    0.151759109123134        0.105301622581862E-01    0.241951343720491    
   5     5.21072614112475        0.639101891632785E-01    0.125261606037302E-01    0.212227771148442        0.288664120915451    
   6     5.68697295291952        0.208849977643521E-03    0.151868377006948E-01    0.191058463607141E-02    0.173062723144098E-01

 Frequencies (eV) and Transition Dipole Moments (AU)
        Omega            fx              fy              fz          ftotal
   1     3.47904000744452        0.429604238050824       -0.109964185834024        0.288156279292236        0.279685964812914    
   2     3.59614402853227        0.381963599234238        0.441221405686630        0.743487931739434        0.893346824618240    
   3     4.85155519259040       -0.188460500665848        0.344828461630571        0.519555397104441        0.424361838922082    
   4     5.08448633113011        0.799693010742204        -1.10376059282486       -0.290746859196829         1.94233009383584    
   5     5.21072614112475        0.707549729976529        0.313242661912612         1.28935653146090         2.26118785085283    
   6     5.68697295291952       -0.387166415403492E-01    0.330152155375811        0.117101808296788        0.124212257537835    

 Total energy of the ground state (eV,AU)
           0  -1071.3786581980794       -39.372425079683318     
 Total energies of excited states (eV,AU)
           1  -1067.8996181906348       -39.244572764356533     
           2  -1067.7825141695471       -39.240269272531748     
           3  -1066.5271030054889       -39.194133780077372     
           4  -1066.2941718669492       -39.185573721753727     
           5  -1066.1679320569547       -39.180934496001889     
           6  -1065.6916852451600       -39.163432754882308     
 Ground State Molecular Dipole Moment (A.U.)
                         dx              dy              dz          ftotal
                     0.4832257      0.5781268     -0.1320684      0.7649704    
          35          18       94882866938208
          35          18       94882866938208
          35          18       94882866938208
          35          18       94882866938208
          35          18       94882866938208
          35          18       94882866938208

 Frequencies (eV) Unrelaxed Difference Dipole Moments (AU)
        Omega            dx              dy              dz          ftotal
   1   3.479040      0.2213480      0.1586128      0.4953092      0.5652293    
   2   3.596144     -0.4721314E-01  0.3251980      0.2873498      0.4365235    
   3   4.851555     -0.3086488     -0.2641993     -0.1196035      0.4235213    
   4   5.084486      0.1251338     -0.7023190E-01  0.9786677E-01  0.1736919    
   5   5.210726      0.1513532E-01  0.7457836E-01  0.3205651      0.3294738    
   6   5.686973      0.1360414     -0.3788441      0.4761845E-01  0.4053365    
QMMM:
QMMM: SCF Energy =       20.20489855 KCal/mol,        84.53729553 KJ/mol
QMMM: SCF Energy = Heat of formation

QMMM: Mulliken Charges of state:    0
QMMM: Atomic Charges for Step       1 :
QMMM:  Atom    Element       Mulliken Charge
QMMM:     1      C              -0.223979
QMMM:     2      C              -0.123296
QMMM:     3      C              -0.165093
QMMM:     4      C               0.033566
QMMM:     5      C              -0.199324
QMMM:     6      C              -0.095968
QMMM:     7      H               0.142830
QMMM:     8      H               0.142268
QMMM:     9      H               0.160754
QMMM:    10      H               0.138584
QMMM:    11      H               0.148472
QMMM:    12      N              -0.351374
QMMM:    13      H               0.203839
QMMM:    14      H               0.188719
QMMM: Total Mulliken Charge =    0.000000

 LPRINT:           1           0

 NSTEP =        0   TIME(PS) =       0.000  TEMP(K) =   293.76  PRESS =     0.0
 Etot   =     -1808.9790  EKtot   =      3847.5096  EPtot      =     -5656.4886
 BOND   =       907.4507  ANGLE   =      1518.3596  DIHED      =         0.0000
 1-4 NB =         0.0000  1-4 EEL =         0.0000  VDWAALS    =     -5634.4233
 EELEC  =     -2468.0805  EHBOND  =         0.0000  RESTRAINT  =         0.0000
 AM1ESCF=        20.2049
 Ewald error estimate:   0.7205E-03
 ------------------------------------------------------------------------------


--------------------------------------------------------------------------------
   5.  TIMINGS
--------------------------------------------------------------------------------

|    Read coords time           0.01 ( 4.48% of Total)
|    Fast Water setup           0.00 ( 0.01% of Total)
|                Build the list             0.06 (82.24% of List )
|                Other                      0.01 (17.76% of List )
|             List time                  0.07 (51.05% of Nonbo)
|                   Short_ene time             0.06 (99.70% of Direc)
|                   Other                      0.00 ( 0.30% of Direc)
|                Direct Ewald time          0.06 (85.31% of Ewald)
|                Adjust Ewald time          0.00 ( 0.64% of Ewald)
|                Self Ewald time            0.00 ( 0.02% of Ewald)
|                   Fill Bspline coeffs        0.00 ( 4.79% of Recip)
|                   Fill charge grid           0.00 ( 9.30% of Recip)
|                   Scalar sum                 0.00 (15.69% of Recip)
|                   Grad sum                   0.00 (10.97% of Recip)
|                   FFT time                   0.01 (58.96% of Recip)
|                   Other                      0.00 ( 0.29% of Recip)
|                Recip Ewald time           0.01 (13.94% of Ewald)
|                Force Adjust               0.00 ( 0.01% of Ewald)
|                Virial junk                0.00 ( 0.07% of Ewald)
|                Other                      0.00 ( 0.01% of Ewald)
|             Ewald time                 0.07 (48.95% of Nonbo)
|          Nonbond force              0.14 (67.03% of Force)
|             QMMM setup                 0.00 ( 0.06% of QMMM )
|             QMMM list build            0.00 ( 0.30% of QMMM )
|             QMMM prep coords           0.00 ( 0.31% of QMMM )
|                   QMMM hcore QM-QM           0.00 (40.78% of QMMM )
|                   QMMM hcore QM-MM           0.00 (59.04% of QMMM )
|                   Other                      0.00 ( 0.18% of QMMM )
|                QMMM hcore calc            0.00 (24.08% of QMMM )
|                   QMMM fock build            0.00 (40.38% of QMMM )
|                   QMMM elec-energy cal       0.00 ( 0.62% of QMMM )
|                   QMMM full matrix dia       0.00 (30.20% of QMMM )
|                   QMMM pseudo matrix d       0.00 (22.21% of QMMM )
|                   QMMM density build         0.00 ( 5.54% of QMMM )
|                   Other                      0.00 ( 1.04% of QMMM )
|                QMMM scf                   0.00 (75.92% of QMMM )
|             QMMM energy                0.00 ( 3.77% of QMMM )
|             QMMM Collate Forces        0.00 ( 0.02% of QMMM )
|             Other                      0.06 (95.54% of QMMM )
|          QMMM                       0.07 (32.63% of Force)
|          Bond/Angle/Dihedral        0.00 ( 0.32% of Force)
|          Other                      0.00 ( 0.02% of Force)
|       Force time                 0.21 (99.24% of Runmd)
|       Other                      0.00 ( 0.76% of Runmd)
|    Runmd Time                 0.21 (73.21% of Total)
|    Other                      0.06 (22.30% of Total)
| Total time                 0.28 (100.0% of ALL  )

| Number of list builds   :          1

| Highest rstack allocated:     366766
| Highest istack allocated:       4394
|           Job began  at 14:48:37.124  on 02/14/2020
|           Setup done at 14:48:37.200  on 02/14/2020
|           Run   done at 14:48:37.407  on 02/14/2020
|     wallclock() was called     259 times
ASSERTion 'ier == 0' failed in src/sqm/qmmm_module.F90 at line    892.
