
          -------------------------------------------------------
          Amber 16 SANDER                              2016
          -------------------------------------------------------

| Run on 12/01/2018 at 08:19:47

|   Executable path: sander
| Working directory: /home/dustin/Documents/paper1/job-prep/ppv-vacuum/2
|          Hostname: Unknown
  [-O]verwriting output

File Assignments:
|  MDIN: nasqm_abs_r0_t2.in                                                    
| MDOUT: nasqm_abs_r0_t2.out                                                   
|INPCRD: ground_snap.2                                                         
|  PARM: m1.prmtop                                                             
|RESTRT: nasqm_abs_r0_t2.rst                                                   
|  REFC: refc                                                                  
| MDVEL: mdvel                                                                 
| MDFRC: mdfrc                                                                 
|  MDEN: mden                                                                  
| MDCRD: nasqm_abs_r0_t2.nc                                                    
|MDINFO: mdinfo                                                                
|  MTMD: mtmd                                                                  
|INPDIP: inpdip                                                                
|RSTDIP: rstdip                                                                
|INPTRA: inptraj                                                               


 Here is the input file:

300K constant temp QMMMMD                                                      
 &cntrl                                                                        
  imin=0,                                                                      
  iwrap=0,                                                                     
  irest=0,                                                                     
  ntx=5,                                                                       
  ntb=0,                                                                       
  ntp=0,                                                                       
  ig=1,                                                                        
  taup=2.0,                                                                    
  cut=16.0,                                                                    
  ntr=0,                                                                       
  tempi=300.0,                                                                 
  temp0=300.0,                                                                 
  ntt=3,                                                                       
  gamma_ln=2.0,                                                                
  nstlim=2,                                                                    
  dt=0.0005,                                                                   
  ntpr=1,                                                                      
  ntwx=5,                                                                      
  ntwv=-1,                                                                     
  ifqnt=1                                                                      
 /                                                                             
 &qmmm                                                                         
  scfconv=1.0000E-10,                                                          
  verbosity=1,                                                                 
  qmmask=':1',                                                                 
  diag_routine=1,                                                              
  qmcharge=0,                                                                  
  qm_theory='AM1',                                                             
  qmshake=0,                                                                   
  qm_ewald=0,                                                                  
  qm_pme=0,                                                                    
  nae=1                                                                        
 /                                                                             

--------------------------------------------------------------------------------
   1.  RESOURCE   USE: 
--------------------------------------------------------------------------------

| Flags:                                                                        
|    NONPERIODIC   ntb=0 and igb=0: Setting up nonperiodic simulation
|Largest sphere to fit in unit cell has radius =    30.138
| New format PARM file being parsed.
| Version =    1.000 Date = 11/08/18 Time = 15:28:43
 NATOM  =      40 NTYPES =       2 NBONH =      18 MBONA  =      24
 NTHETH =      36 MTHETA =      30 NPHIH =      78 MPHIA  =      40
 NHPARM =       0 NPARM  =       0 NNB   =     200 NRES   =       1
 NBONA  =      24 NTHETA =      30 NPHIA =      40 NUMBND =       7
 NUMANG =      10 NPTRA  =       4 NATYP =       4 NPHB   =       0
 IFBOX  =       0 NMXRS  =      40 IFCAP =       0 NEXTRA =       0
 NCOPY  =       0


|     Memory Use     Allocated
|     Real                6817
|     Hollerith            123
|     Integer            26883
|     Max Pairs            780
|     nblistReal           480
|     nblist Int        125216
|       Total              654 kbytes

| Note: 1-4 EEL scale factors are being read from the topology file.

| Note: 1-4 VDW scale factors are being read from the topology file.
| Duplicated    0 dihedrals
| Duplicated    0 dihedrals
LOADING THE QUANTUM ATOMS AS GROUPS
     Mask :1; matches    40 atoms

--------------------------------------------------------------------------------
   2.  CONTROL  DATA  FOR  THE  RUN
--------------------------------------------------------------------------------

m1                                                                              

General flags:
     imin    =       0, nmropt  =       0

Nature and format of input:
     ntx     =       5, irest   =       0, ntrx    =       1

Nature and format of output:
     ntxo    =       2, ntpr    =       1, ntrx    =       1, ntwr    =       2
     iwrap   =       0, ntwx    =       5, ntwv    =      -1, ntwe    =       0
     ioutfm  =       1, ntwprt  =       0, idecomp =       0, rbornstat=      0

Potential function:
     ntf     =       1, ntb     =       0, igb     =       0, nsnb    =      25
     ipol    =       0, gbsa    =       0, iesp    =       0
     dielc   =   1.00000, cut     =  16.00000, intdiel =   1.00000

Frozen or restrained atoms:
     ibelly  =       0, ntr     =       0

Molecular dynamics:
     nstlim  =         2, nscm    =      1000, nrespa  =         1
     t       =   0.00000, dt      =   0.00050, vlimit  =  20.00000

Langevin dynamics temperature regulation:
     ig      =       1
     temp0   = 300.00000, tempi   = 300.00000, gamma_ln=   2.00000

QMMM options:
             ifqnt = True       nquant =       40
              qmgb =        0  qmcharge =        0   adjust_q =        2
              spin =        1     qmcut =  16.0000    qmshake =        0
          qmmm_int =        1
     lnk_atomic_no =        1   lnk_dis =   1.0900 lnk_method =        1
          qm_theory =     AM1 verbosity =        1
            qmqmdx = Analytical
      tight_p_conv = False (converge density to 0.05xSqrt[SCFCRT])
           scfconv = 0.100E-09  itrmax =     1000
      printcharges = False      printdipole = False      peptide_corr = False
    qmmmrij_incore = True 
  qmqm_erep_incore = True 
       pseudo_diag = True pseudo_diag_criteria =   0.0500
      diag_routine =        1
          qm_ewald =        0 qm_pme = False 
|  INFO: Old style inpcrd file read


--------------------------------------------------------------------------------
   3.  ATOMIC COORDINATES AND VELOCITIES
--------------------------------------------------------------------------------

Cpptraj Generated Restart                                                       
 begin time read from input coords =     0.000 ps

 Number of triangulated 3-point waters found:        0

     Sum of charges from parm topology file =  -0.00000300
     Forcing neutrality...
|  # of SOLUTE  degrees of freedom (RNDFP):     120.
|  # of SOLVENT degrees of freedom (RNDFS):       0.
|  QMSHAKE_NOSHAKEMASK_OVERLAP =      0
|  NDFMIN =     120.     NUM_NOSHAKE =      0     CORRECTED RNDFP =     120.
|  TOTAL # of degrees of freedom (RNDF) =     120.
 ---------------------------------------------------

     eedmeth=4: Setting switch to one everywhere

 ---------------------------------------------------
| Local SIZE OF NONBOND LIST =          0
| TOTAL SIZE OF NONBOND LIST =          0

QMMM: Link Atom Information
QMMM: ------------------------------------------------------------------------
QMMM: nlink =     0
QMMM: ------------------------------------------------------------------------

  QMMM: QM Region Cartesian Coordinates (*=link atom) 
  QMMM: QM_NO.   MM_NO.  ATOM         X         Y         Z
  QMMM:     1        1      C       -1.3728    7.2007    0.0051
  QMMM:     2        2      C       -1.2016    5.7859   -0.0286
  QMMM:     3        3      C       -0.2780    8.0814    0.0115
  QMMM:     4        4      C        0.1045    5.2720   -0.0416
  QMMM:     5        5      C        0.9800    7.5576   -0.0040
  QMMM:     6        6      C        1.1760    6.1879    0.0202
  QMMM:     7        7      C        0.3915    3.8405    0.0604
  QMMM:     8        8      C       -0.4992    2.8290   -0.0093
  QMMM:     9        9      C       -0.1997    1.4222    0.0226
  QMMM:    10       10      H       -0.4451    9.1957    0.0760
  QMMM:    11       11      H       -2.3641    7.5807    0.0664
  QMMM:    12       12      H       -2.0909    5.1866   -0.0258
  QMMM:    13       13      H        1.7982    8.2446    0.0097
  QMMM:    14       14      H        2.2107    5.8689   -0.0145
  QMMM:    15       15      H        1.4487    3.5962   -0.0370
  QMMM:    16       16      H       -1.6075    3.0688    0.1151
  QMMM:    17       17      C       -1.2899    0.5608    0.0522
  QMMM:    18       18      C       -1.0984   -0.8599    0.0377
  QMMM:    19       19      C        1.1003    0.8740   -0.0019
  QMMM:    20       20      C        1.2526   -0.5246   -0.0631
  QMMM:    21       21      C        0.2162   -1.4314   -0.0107
  QMMM:    22       22      C        0.5317   -2.8331    0.0147
  QMMM:    23       23      C       -0.3572   -3.8102    0.0510
  QMMM:    24       24      C       -0.0944   -5.2657   -0.0082
  QMMM:    25       25      H        1.9843    1.5092    0.0359
  QMMM:    26       26      H       -2.3032    0.9311    0.1347
  QMMM:    27       27      H       -1.9456   -1.5437   -0.0699
  QMMM:    28       28      H        2.3134   -0.8336   -0.0084
  QMMM:    29       29      H        1.5946   -3.0593   -0.1065
  QMMM:    30       30      H       -1.4403   -3.6047   -0.0549
  QMMM:    31       31      C       -1.1666   -6.1765   -0.0433
  QMMM:    32       32      C       -1.0224   -7.5602   -0.0326
  QMMM:    33       33      C        0.2912   -8.0585   -0.0950
  QMMM:    34       34      C        1.3875   -7.2012   -0.0101
  QMMM:    35       35      C        1.2092   -5.7933   -0.0181
  QMMM:    36       36      H       -2.1789   -5.8777    0.1052
  QMMM:    37       37      H       -1.9191   -8.2370    0.0062
  QMMM:    38       38      H        0.5339   -9.1102   -0.1419
  QMMM:    39       39      H        2.3300   -7.6282    0.1182
  QMMM:    40       40      H        2.0623   -5.1257    0.0777

--------------------------------------------------------------------------------
  3.1 QM CALCULATION INFO
--------------------------------------------------------------------------------
 rnd_seed=           1
 !!!!!!-----NAESMD INPUT-----!!!!!!

 Ground state MD,      imdtype=           0
 Initial count for out files              0
 MD at constant energy
 Starting time, fs           0.0000000000000000     
 Time step, fs                        0.50000000000000000     
 Number of classical steps (CS)        20000
 Quantum steps/per CS                    0
 Displacement for deriv. [A]      1.0000000000000001E-005
 Newtonian dynamics,           therm_type=           0
 Temperature, K                  10.000000000000000     
 Bath relaxation constant       0.40000000000000002     
 Equilibrated dynamics
 Number of steps per degree K           100
 Number of steps to write data           10
 Number of steps to write coords         100
 Friction coefficient [1/ps]      2.0000000000000000     
 Seed for random generator               1
 NAESMD verbosity,            1
 MD will use analytic deriv,  ideriv=           1
 Cartesian coordinates are used
 Allocating initial naesmd_module variables
 Allocating md_module initial variables
 Allocating variables
 Allocating naesmd_module variables          40           5
 Allocating md_module variables          40
  Finish reading coordinates 
 Rescaling velocity

 Initial Geometry
    6        -1.372762    7.200697    0.005112
    6        -1.201567    5.785882   -0.028609
    6        -0.278010    8.081415    0.011523
    6         0.104498    5.272042   -0.041563
    6         0.979956    7.557650   -0.004011
    6         1.175972    6.187931    0.020156
    6         0.391508    3.840514    0.060440
    6        -0.499181    2.829037   -0.009310
    6        -0.199711    1.422242    0.022611
    1        -0.445064    9.195696    0.075951
    1        -2.364094    7.580705    0.066415
    1        -2.090893    5.186551   -0.025810
    1         1.798230    8.244599    0.009687
    1         2.210671    5.868905   -0.014477
    1         1.448713    3.596231   -0.037038
    1        -1.607491    3.068812    0.115101
    6        -1.289891    0.560786    0.052206
    6        -1.098351   -0.859935    0.037708
    6         1.100259    0.874049   -0.001908
    6         1.252550   -0.524595   -0.063087
    6         0.216195   -1.431448   -0.010679
    6         0.531745   -2.833077    0.014667
    6        -0.357249   -3.810197    0.051041
    6        -0.094371   -5.265672   -0.008187
    1         1.984264    1.509242    0.035943
    1        -2.303209    0.931095    0.134742
    1        -1.945644   -1.543739   -0.069892
    1         2.313434   -0.833644   -0.008437
    1         1.594592   -3.059254   -0.106450
    1        -1.440324   -3.604675   -0.054935
    6        -1.166641   -6.176496   -0.043275
    6        -1.022376   -7.560209   -0.032567
    6         0.291198   -8.058472   -0.094955
    6         1.387525   -7.201230   -0.010066
    6         1.209220   -5.793322   -0.018143
    1        -2.178940   -5.877666    0.105212
    1        -1.919136   -8.236987    0.006163
    1         0.533855   -9.110159   -0.141886
    1         2.329953   -7.628199    0.118188
    1         2.062306   -5.125691    0.077738
 nstep successful

| QMMM: Citation for AMBER QMMM Run:
| QMMM: R.C. Walker, M.F. Crowley and D.A. Case, J. COMP. CHEM. 29:1019, 2008

QMMM: SINGLET STATE CALCULATION
QMMM: RHF CALCULATION, NO. OF DOUBLY OCCUPIED LEVELS = 53

| QMMM: *** Selected Hamiltonian *** 
| QMMM: AM1         

| QMMM: *** Parameter sets in use ***
| QMMM: C : M.J.S.DEWAR et al. JACS, 107, 3902, (1985)
| QMMM: H : M.J.S.DEWAR et al. JACS, 107, 3902, (1985)

| QMMM: *** Diagonalization Routine Information ***
| QMMM: Pseudo diagonalizations are allowed.
| QMMM: Auto diagonalization routine selection is disabled.
| QMMM: Using internal diagonalization routine (diag_routine=1).

  QMMM: QM Region Cartesian Coordinates (*=link atom) 
  QMMM: QM_NO.   MM_NO.  ATOM         X         Y         Z
  QMMM:     1        1      C       -1.3728    7.2007    0.0051
  QMMM:     2        2      C       -1.2016    5.7859   -0.0286
  QMMM:     3        3      C       -0.2780    8.0814    0.0115
  QMMM:     4        4      C        0.1045    5.2720   -0.0416
  QMMM:     5        5      C        0.9800    7.5576   -0.0040
  QMMM:     6        6      C        1.1760    6.1879    0.0202
  QMMM:     7        7      C        0.3915    3.8405    0.0604
  QMMM:     8        8      C       -0.4992    2.8290   -0.0093
  QMMM:     9        9      C       -0.1997    1.4222    0.0226
  QMMM:    10       10      H       -0.4451    9.1957    0.0760
  QMMM:    11       11      H       -2.3641    7.5807    0.0664
  QMMM:    12       12      H       -2.0909    5.1866   -0.0258
  QMMM:    13       13      H        1.7982    8.2446    0.0097
  QMMM:    14       14      H        2.2107    5.8689   -0.0145
  QMMM:    15       15      H        1.4487    3.5962   -0.0370
  QMMM:    16       16      H       -1.6075    3.0688    0.1151
  QMMM:    17       17      C       -1.2899    0.5608    0.0522
  QMMM:    18       18      C       -1.0984   -0.8599    0.0377
  QMMM:    19       19      C        1.1003    0.8740   -0.0019
  QMMM:    20       20      C        1.2526   -0.5246   -0.0631
  QMMM:    21       21      C        0.2162   -1.4314   -0.0107
  QMMM:    22       22      C        0.5317   -2.8331    0.0147
  QMMM:    23       23      C       -0.3572   -3.8102    0.0510
  QMMM:    24       24      C       -0.0944   -5.2657   -0.0082
  QMMM:    25       25      H        1.9843    1.5092    0.0359
  QMMM:    26       26      H       -2.3032    0.9311    0.1347
  QMMM:    27       27      H       -1.9456   -1.5437   -0.0699
  QMMM:    28       28      H        2.3134   -0.8336   -0.0084
  QMMM:    29       29      H        1.5946   -3.0593   -0.1065
  QMMM:    30       30      H       -1.4403   -3.6047   -0.0549
  QMMM:    31       31      C       -1.1666   -6.1765   -0.0433
  QMMM:    32       32      C       -1.0224   -7.5602   -0.0326
  QMMM:    33       33      C        0.2912   -8.0585   -0.0950
  QMMM:    34       34      C        1.3875   -7.2012   -0.0101
  QMMM:    35       35      C        1.2092   -5.7933   -0.0181
  QMMM:    36       36      H       -2.1789   -5.8777    0.1052
  QMMM:    37       37      H       -1.9191   -8.2370    0.0062
  QMMM:    38       38      H        0.5339   -9.1102   -0.1419
  QMMM:    39       39      H        2.3300   -7.6282    0.1182
  QMMM:    40       40      H        2.0623   -5.1257    0.0777

--------------------------------------------------------------------------------
  RESULTS
--------------------------------------------------------------------------------

QMMM: SCF Converged to 0.1000E-09 in:    28 Cycles 
 @@@@ Davidson subroutine Found vectors           6
  i, e0(i), ferr(i), ftol0
  1 +++    3.073006480804186     0.57E-07 0.10E-06
  2 +++    3.574040279367360     0.24E-07 0.10E-06
  3 +++    3.740881621405864     0.17E-07 0.10E-06
  4 +++    3.771541207029800     0.48E-07 0.10E-06
  5 +++    3.788278461267764     0.14E-07 0.10E-06
  6 +++    4.008939772365252     0.33E-07 0.10E-06
 -------------------------------------------------

 Frequencies (eV) and Oscillator strengths (unitless)
        Omega            fx              fy              fz          ftotal
   1     3.07300648080419        0.101097019120517E-02     1.12475651974111        0.834931872926732E-03     1.12660242180524    
   2     3.57404027936736        0.233481107148665E-04    0.442189921924269E-04    0.136764299219550E-06    0.677038672065129E-04
   3     3.74088162140586        0.881274202870077E-03    0.172811567711264E-05    0.968698190148618E-04    0.979872137562051E-03
   4     3.77154120702980        0.479896195664757E-06    0.215392411872027E-05    0.305613788724002E-05    0.568995820162505E-05
   5     3.78827846126776        0.400502927708908E-04    0.659851065138084E-04    0.201832341027180E-05    0.108053722694971E-03
   6     4.00893977236525        0.349350050888192E-02    0.307192982919507E-01    0.124811925896660E-02    0.354609180597992E-01

 Frequencies (eV) and Transition Dipole Moments (AU)
        Omega            fx              fy              fz          ftotal
   1     3.07300648080419        0.115879998135835         3.86516967870337        0.105308838907631         14.9640547706879    
   2     3.57404027936736       -0.163292859057767E-01    0.224722077503798E-01   -0.124976308728154E-02    0.773207607143162E-03
   3     3.74088162140586       -0.980594805707785E-01   -0.434230640037455E-02   -0.325108484697905E-01    0.106914726229113E-01
   4     3.77154120702980        0.227895246901852E-02    0.482810619065837E-02    0.575106248623850E-02    0.615789534649391E-04
   5     3.78827846126776        0.207731780054033E-01   -0.266638621905289E-01    0.466332274618745E-02    0.116423305039480E-02
   6     4.00893977236525       -0.188597825871607       -0.559257635314829       -0.112728653306381        0.361045991857701    

 Total energy of the ground state (eV,AU)
           0  -3061.4485551934085       -112.50611812389872     
 Total energies of excited states (eV,AU)
           1  -3058.3755487126045       -112.39318725999824     
           2  -3057.8745149140414       -112.37477461424936     
           3  -3057.7076735720025       -112.36864331026140     
           4  -3057.6770139863788       -112.36751659168371     
           5  -3057.6602767321406       -112.36690150916037     
           6  -3057.4396154210431       -112.35879235851350     
QMMM:
QMMM: SCF Energy =      122.91148308 KCal/mol,       514.26164520 KJ/mol
QMMM: SCF Energy = Heat of formation

 NSTEP =        0   TIME(PS) =       0.000  TEMP(K) =   153.73  PRESS =     0.0
 Etot   =       141.2414  EKtot   =        18.3299  EPtot      =       122.9115
 BOND   =         0.0000  ANGLE   =         0.0000  DIHED      =         0.0000
 1-4 NB =         0.0000  1-4 EEL =         0.0000  VDWAALS    =         0.0000
 EELEC  =         0.0000  EHBOND  =         0.0000  RESTRAINT  =         0.0000
 AM1ESCF=       122.9115
 ------------------------------------------------------------------------------

QMMM: SCF Converged to 0.1000E-09 in:     3 Cycles 
  Restoring quirality in HF orbitals
 @@@@ Davidson subroutine Found vectors           6
  i, e0(i), ferr(i), ftol0
  1 +++    3.073006480055442     0.57E-07 0.10E-06
  2 +++    3.574040279887120     0.24E-07 0.10E-06
  3 +++    3.740881621151369     0.17E-07 0.10E-06
  4 +++    3.771541216501869     0.48E-07 0.10E-06
  5 +++    3.788278462498781     0.14E-07 0.10E-06
  6 +++    4.008939772848463     0.33E-07 0.10E-06
 -------------------------------------------------

 Frequencies (eV) and Oscillator strengths (unitless)
        Omega            fx              fy              fz          ftotal
   1     3.07300648005544        0.101096994566566E-02     1.12475651923558        0.834931861458691E-03     1.12660242104271    
   2     3.57404027988712        0.233481113104749E-04    0.442189908093992E-04    0.136764337918526E-06    0.677038664577926E-04
   3     3.74088162115137        0.881274196793985E-03    0.172811458094861E-05    0.968698202551119E-04    0.979872131630045E-03
   4     3.77154121650187        0.479895540437310E-06    0.215392290299932E-05    0.305613808074129E-05    0.568995652417792E-05
   5     3.78827846249878        0.400502915137135E-04    0.659851045749509E-04    0.201832380455076E-05    0.108053719893215E-03
   6     4.00893977284846        0.349350032248886E-02    0.307192983817474E-01    0.124811925344395E-02    0.354609179576802E-01

 Frequencies (eV) and Transition Dipole Moments (AU)
        Omega            fx              fy              fz          ftotal
   1     3.07300648005544        0.115879984077767         3.86516967830564        0.105308838197236         14.9640547642056    
   2     3.57404027988712       -0.163292861128687E-01    0.224722073973167E-01   -0.124976326400782E-02    0.773207598480006E-03
   3     3.74088162115137       -0.980594802360703E-01   -0.434230502333412E-02   -0.325108486790189E-01    0.106914725589140E-01
   4     3.77154121650187        0.227895091036958E-02    0.482810482205206E-02    0.575106266108277E-02    0.615789351562971E-04
   5     3.78827846249878        0.207731776759935E-01   -0.266638617944610E-01    0.466332320091920E-02    0.116423301982875E-02
   6     4.00893977284846       -0.188597820828994       -0.559257636098517       -0.112728653050188        0.361045990774456    

 Total energy of the ground state (eV,AU)
           0  -3061.4485551934122       -112.50611812389884     
 Total energies of excited states (eV,AU)
           1  -3058.3755487133567       -112.39318726002588     
           2  -3057.8745149135252       -112.37477461423039     
           3  -3057.7076735722608       -112.36864331027090     
           4  -3057.6770139769105       -112.36751659133576     
           5  -3057.6602767309132       -112.36690150911527     
           6  -3057.4396154205638       -112.35879235849588     
QMMM:
QMMM: SCF Energy =      122.91148308 KCal/mol,       514.26164520 KJ/mol
QMMM: SCF Energy = Heat of formation
 LPRINT:           1           0

 NSTEP =        1   TIME(PS) =       0.001  TEMP(K) =   154.55  PRESS =     0.0
 Etot   =       141.3387  EKtot   =        18.4273  EPtot      =       122.9115
 BOND   =         0.0000  ANGLE   =         0.0000  DIHED      =         0.0000
 1-4 NB =         0.0000  1-4 EEL =         0.0000  VDWAALS    =         0.0000
 EELEC  =         0.0000  EHBOND  =         0.0000  RESTRAINT  =         0.0000
 AM1ESCF=       122.9115
 ------------------------------------------------------------------------------

QMMM: SCF Converged to 0.1000E-09 in:    22 Cycles 
  Restoring quirality in HF orbitals
 @@@@ Davidson subroutine Found vectors           6
  i, e0(i), ferr(i), ftol0
  1 +++    3.050764743045483     0.60E-08 0.10E-06
  2 +++    3.560551428587728     0.29E-07 0.10E-06
  3 +++    3.718744314416122     0.38E-07 0.10E-06
  4 +++    3.752007854807286     0.47E-07 0.10E-06
  5 +++    3.776956361472739     0.23E-07 0.10E-06
  6 +++    3.997920957608000     0.97E-07 0.10E-06
 -------------------------------------------------

 Frequencies (eV) and Oscillator strengths (unitless)
        Omega            fx              fy              fz          ftotal
   1     3.05076474304548        0.123646713749581E-02     1.14025545295613        0.840961184097248E-03     1.14233288127772    
   2     3.56055142858773        0.196536716429408E-04    0.521176953640152E-04    0.109986237814654E-06    0.718813532447706E-04
   3     3.71874431441612        0.532001029460370E-03    0.428698995311072E-04    0.817611332309864E-04    0.656632062222464E-03
   4     3.75200785480729        0.763794956922632E-07    0.434079289266880E-05    0.278624984596234E-05    0.720342223432340E-05
   5     3.77695636147274        0.284660655635961E-04    0.521486482662883E-04    0.971310402996935E-06    0.815860242328814E-04
   6     3.99792095760800        0.331212478515166E-02    0.298940082728583E-01    0.133400991273841E-02    0.345401429707484E-01

 Frequencies (eV) and Transition Dipole Moments (AU)
        Omega            fx              fy              fz          ftotal
   1     3.05076474304548        0.128619842128621         3.90586979746612        0.106072952732909         15.2836134098487    
   2     3.56055142858773       -0.150101232678264E-01    0.244430283996079E-01   -0.112287544361315E-02    0.824026287121251E-03
   3     3.71874431441612       -0.764150882840760E-01   -0.216919760224230E-01   -0.299568630482788E-01    0.720722118491384E-02
   4     3.75200785480729       -0.911543851892974E-03    0.687185054658325E-02    0.550553086461870E-02    0.783641122297695E-04
   5     3.77695636147274        0.175393615878660E-01   -0.237395010418742E-01    0.323988114900047E-02    0.881689944486704E-03
   6     3.99792095760800       -0.183889649889507       -0.552453864448812       -0.116703389303502        0.352640356755836    

 Total energy of the ground state (eV,AU)
           0  -3061.3889403062021       -112.50392731800370     
 Total energies of excited states (eV,AU)
           1  -3058.3381755631567       -112.39181382259088     
           2  -3057.8283888776145       -112.37307951429609     
           3  -3057.6701959917859       -112.36726603509547     
           4  -3057.6369324513948       -112.36604362298010     
           5  -3057.6119839447292       -112.36512678260623     
           6  -3057.3910193485940       -112.35700648644386     
QMMM:
QMMM: SCF Energy =      124.28626199 KCal/mol,       520.01372018 KJ/mol
QMMM: SCF Energy = Heat of formation

 NSTEP =        2   TIME(PS) =       0.001  TEMP(K) =   146.00  PRESS =     0.0
 Etot   =       141.6942  EKtot   =        17.4080  EPtot      =       124.2863
 BOND   =         0.0000  ANGLE   =         0.0000  DIHED      =         0.0000
 1-4 NB =         0.0000  1-4 EEL =         0.0000  VDWAALS    =         0.0000
 EELEC  =         0.0000  EHBOND  =         0.0000  RESTRAINT  =         0.0000
 AM1ESCF=       124.2863
 ------------------------------------------------------------------------------


      A V E R A G E S   O V E R       2 S T E P S


 NSTEP =        2   TIME(PS) =       0.001  TEMP(K) =   150.28  PRESS =     0.0
 Etot   =       141.5165  EKtot   =        17.9176  EPtot      =       123.5989
 BOND   =         0.0000  ANGLE   =         0.0000  DIHED      =         0.0000
 1-4 NB =         0.0000  1-4 EEL =         0.0000  VDWAALS    =         0.0000
 EELEC  =         0.0000  EHBOND  =         0.0000  RESTRAINT  =         0.0000
 AM1ESCF=       123.5989
 ------------------------------------------------------------------------------


      R M S  F L U C T U A T I O N S


 NSTEP =        2   TIME(PS) =       0.001  TEMP(K) =     4.27  PRESS =     0.0
 Etot   =         0.1777  EKtot   =         0.5096  EPtot      =         0.6874
 BOND   =         0.0000  ANGLE   =         0.0000  DIHED      =         0.0000
 1-4 NB =         0.0000  1-4 EEL =         0.0000  VDWAALS    =         0.0000
 EELEC  =         0.0000  EHBOND  =         0.0000  RESTRAINT  =         0.0000
 AM1ESCF=         0.6874
 ------------------------------------------------------------------------------


--------------------------------------------------------------------------------
   5.  TIMINGS
--------------------------------------------------------------------------------

|    Read coords time           0.00 ( 0.01% of Total)
|                Build the list             0.00 (95.89% of List )
|                Other                      0.00 ( 4.11% of List )
|             List time                  0.00 (90.93% of Nonbo)
|             Ewald time                 0.00 ( 8.43% of Nonbo)
|             Other                      0.00 ( 0.64% of Nonbo)
|          Nonbond force              0.00 ( 0.02% of Force)
|             QMMM setup                 0.00 ( 0.01% of QMMM )
|                   QMMM hcore QM-QM           0.01 (100.0% of QMMM )
|                   QMMM hcore QM-MM           0.00 ( 0.05% of QMMM )
|                QMMM hcore calc            0.01 ( 2.53% of QMMM )
|                   QMMM fock build            0.05 (17.06% of QMMM )
|                   QMMM elec-energy cal       0.00 ( 0.34% of QMMM )
|                   QMMM full matrix dia       0.09 (30.45% of QMMM )
|                   QMMM pseudo matrix d       0.11 (38.10% of QMMM )
|                   QMMM density build         0.04 (14.03% of QMMM )
|                   Other                      0.00 ( 0.02% of QMMM )
|                QMMM scf                   0.29 (97.47% of QMMM )
|             QMMM energy                0.30 (24.06% of QMMM )
|             Other                      0.94 (75.93% of QMMM )
|          QMMM                       1.24 (100.0% of Force)
|       Force time                 1.24 (99.84% of Runmd)
|       Verlet update time         0.00 ( 0.12% of Runmd)
|       Other                      0.00 ( 0.04% of Runmd)
|    Runmd Time                 1.24 (99.84% of Total)
|    Other                      0.00 ( 0.15% of Total)
| Total time                 1.24 (100.0% of ALL  )

| Number of list builds   :          1

| Highest rstack allocated:          0
| Highest istack allocated:          0

| Final Performance Info:
| -----------------------------------------------------
| Average timings for all steps:
|     Elapsed(s) =       1.24 Per Step(ms) =     618.92
|         ns/day =       0.07   seconds/ns = 1237844.94
| -----------------------------------------------------

|           Job began  at 08:19:47.687  on 12/01/2018
|           Setup done at 08:19:47.689  on 12/01/2018
|           Run   done at 08:19:48.927  on 12/01/2018
|     wallclock() was called     769 times
ASSERTion 'ier == 0' failed in src/sqm/qmmm_module.F90 at line    892.
