
          -------------------------------------------------------
          Amber 16 SANDER                              2016
          -------------------------------------------------------

| Run on 12/01/2018 at 08:19:52

|   Executable path: sander
| Working directory: /home/dustin/Documents/paper1/job-prep/ppv-vacuum/2
|          Hostname: Unknown
  [-O]verwriting output

File Assignments:
|  MDIN: nasqm_abs_r1_t2.in                                                    
| MDOUT: nasqm_abs_r1_t2.out                                                   
|INPCRD: nasqm_abs_r0_t2.rst                                                   
|  PARM: m1.prmtop                                                             
|RESTRT: nasqm_abs_r1_t2.rst                                                   
|  REFC: refc                                                                  
| MDVEL: mdvel                                                                 
| MDFRC: mdfrc                                                                 
|  MDEN: mden                                                                  
| MDCRD: nasqm_abs_r1_t2.nc                                                    
|MDINFO: mdinfo                                                                
|  MTMD: mtmd                                                                  
|INPDIP: inpdip                                                                
|RSTDIP: rstdip                                                                
|INPTRA: inptraj                                                               


 Here is the input file:

300K constant temp QMMMMD                                                      
 &cntrl                                                                        
  imin=0,                                                                      
  iwrap=0,                                                                     
  irest=0,                                                                     
  ntx=5,                                                                       
  ntb=0,                                                                       
  ntp=0,                                                                       
  ig=1,                                                                        
  taup=2.0,                                                                    
  cut=16.0,                                                                    
  ntr=0,                                                                       
  tempi=300.0,                                                                 
  temp0=300.0,                                                                 
  ntt=3,                                                                       
  gamma_ln=2.0,                                                                
  nstlim=2,                                                                    
  dt=0.0005,                                                                   
  ntpr=1,                                                                      
  ntwx=5,                                                                      
  ntwv=-1,                                                                     
  ifqnt=1                                                                      
 /                                                                             
 &qmmm                                                                         
  scfconv=1.0000E-10,                                                          
  verbosity=1,                                                                 
  qmmask=':1',                                                                 
  diag_routine=1,                                                              
  qmcharge=0,                                                                  
  qm_theory='AM1',                                                             
  qmshake=0,                                                                   
  qm_ewald=0,                                                                  
  qm_pme=0,                                                                    
  nae=1                                                                        
 /                                                                             

--------------------------------------------------------------------------------
   1.  RESOURCE   USE: 
--------------------------------------------------------------------------------

| Flags:                                                                        
|    NONPERIODIC   ntb=0 and igb=0: Setting up nonperiodic simulation
|Largest sphere to fit in unit cell has radius =    30.151
| New format PARM file being parsed.
| Version =    1.000 Date = 11/08/18 Time = 15:28:43
 NATOM  =      40 NTYPES =       2 NBONH =      18 MBONA  =      24
 NTHETH =      36 MTHETA =      30 NPHIH =      78 MPHIA  =      40
 NHPARM =       0 NPARM  =       0 NNB   =     200 NRES   =       1
 NBONA  =      24 NTHETA =      30 NPHIA =      40 NUMBND =       7
 NUMANG =      10 NPTRA  =       4 NATYP =       4 NPHB   =       0
 IFBOX  =       0 NMXRS  =      40 IFCAP =       0 NEXTRA =       0
 NCOPY  =       0


|     Memory Use     Allocated
|     Real                6817
|     Hollerith            123
|     Integer            26883
|     Max Pairs            780
|     nblistReal           480
|     nblist Int        125216
|       Total              654 kbytes

| Note: 1-4 EEL scale factors are being read from the topology file.

| Note: 1-4 VDW scale factors are being read from the topology file.
| Duplicated    0 dihedrals
| Duplicated    0 dihedrals
LOADING THE QUANTUM ATOMS AS GROUPS
     Mask :1; matches    40 atoms

--------------------------------------------------------------------------------
   2.  CONTROL  DATA  FOR  THE  RUN
--------------------------------------------------------------------------------

m1                                                                              

General flags:
     imin    =       0, nmropt  =       0

Nature and format of input:
     ntx     =       5, irest   =       0, ntrx    =       1

Nature and format of output:
     ntxo    =       2, ntpr    =       1, ntrx    =       1, ntwr    =       2
     iwrap   =       0, ntwx    =       5, ntwv    =      -1, ntwe    =       0
     ioutfm  =       1, ntwprt  =       0, idecomp =       0, rbornstat=      0

Potential function:
     ntf     =       1, ntb     =       0, igb     =       0, nsnb    =      25
     ipol    =       0, gbsa    =       0, iesp    =       0
     dielc   =   1.00000, cut     =  16.00000, intdiel =   1.00000

Frozen or restrained atoms:
     ibelly  =       0, ntr     =       0

Molecular dynamics:
     nstlim  =         2, nscm    =      1000, nrespa  =         1
     t       =   0.00000, dt      =   0.00050, vlimit  =  20.00000

Langevin dynamics temperature regulation:
     ig      =       1
     temp0   = 300.00000, tempi   = 300.00000, gamma_ln=   2.00000

QMMM options:
             ifqnt = True       nquant =       40
              qmgb =        0  qmcharge =        0   adjust_q =        2
              spin =        1     qmcut =  16.0000    qmshake =        0
          qmmm_int =        1
     lnk_atomic_no =        1   lnk_dis =   1.0900 lnk_method =        1
          qm_theory =     AM1 verbosity =        1
            qmqmdx = Analytical
      tight_p_conv = False (converge density to 0.05xSqrt[SCFCRT])
           scfconv = 0.100E-09  itrmax =     1000
      printcharges = False      printdipole = False      peptide_corr = False
    qmmmrij_incore = True 
  qmqm_erep_incore = True 
       pseudo_diag = True pseudo_diag_criteria =   0.0500
      diag_routine =        1
          qm_ewald =        0 qm_pme = False 
|  INFO: Old style inpcrd file read


--------------------------------------------------------------------------------
   3.  ATOMIC COORDINATES AND VELOCITIES
--------------------------------------------------------------------------------

m1                                                                              
 begin time read from input coords =     0.001 ps

 Number of triangulated 3-point waters found:        0

     Sum of charges from parm topology file =  -0.00000300
     Forcing neutrality...
|  # of SOLUTE  degrees of freedom (RNDFP):     120.
|  # of SOLVENT degrees of freedom (RNDFS):       0.
|  QMSHAKE_NOSHAKEMASK_OVERLAP =      0
|  NDFMIN =     120.     NUM_NOSHAKE =      0     CORRECTED RNDFP =     120.
|  TOTAL # of degrees of freedom (RNDF) =     120.
 ---------------------------------------------------

     eedmeth=4: Setting switch to one everywhere

 ---------------------------------------------------
| Local SIZE OF NONBOND LIST =          0
| TOTAL SIZE OF NONBOND LIST =          0

QMMM: Link Atom Information
QMMM: ------------------------------------------------------------------------
QMMM: nlink =     0
QMMM: ------------------------------------------------------------------------

  QMMM: QM Region Cartesian Coordinates (*=link atom) 
  QMMM: QM_NO.   MM_NO.  ATOM         X         Y         Z
  QMMM:     1        1      C       -1.3723    7.2004    0.0069
  QMMM:     2        2      C       -1.2074    5.7839   -0.0338
  QMMM:     3        3      C       -0.2812    8.0859    0.0134
  QMMM:     4        4      C        0.1063    5.2712   -0.0445
  QMMM:     5        5      C        0.9834    7.5616   -0.0047
  QMMM:     6        6      C        1.1765    6.1880    0.0203
  QMMM:     7        7      C        0.3915    3.8423    0.0624
  QMMM:     8        8      C       -0.5000    2.8273   -0.0069
  QMMM:     9        9      C       -0.1985    1.4231    0.0245
  QMMM:    10       10      H       -0.4373    9.2071    0.0800
  QMMM:    11       11      H       -2.3558    7.5808    0.0715
  QMMM:    12       12      H       -2.0843    5.1780   -0.0329
  QMMM:    13       13      H        1.8024    8.2469    0.0077
  QMMM:    14       14      H        2.2097    5.8663   -0.0069
  QMMM:    15       15      H        1.4431    3.6004   -0.0255
  QMMM:    16       16      H       -1.6141    3.0746    0.1259
  QMMM:    17       17      C       -1.2952    0.5642    0.0597
  QMMM:    18       18      C       -1.0990   -0.8625    0.0426
  QMMM:    19       19      C        1.1010    0.8774   -0.0028
  QMMM:    20       20      C        1.2557   -0.5234   -0.0702
  QMMM:    21       21      C        0.2121   -1.4293   -0.0127
  QMMM:    22       22      C        0.5398   -2.8256    0.0158
  QMMM:    23       23      C       -0.3563   -3.8177    0.0564
  QMMM:    24       24      C       -0.0899   -5.2611   -0.0093
  QMMM:    25       25      H        1.9842    1.5138    0.0381
  QMMM:    26       26      H       -2.3046    0.9443    0.1437
  QMMM:    27       27      H       -1.9489   -1.5421   -0.0679
  QMMM:    28       28      H        2.3142   -0.8505   -0.0214
  QMMM:    29       29      H        1.5986   -3.0652   -0.1070
  QMMM:    30       30      H       -1.4362   -3.5812   -0.0465
  QMMM:    31       31      C       -1.1693   -6.1763   -0.0472
  QMMM:    32       32      C       -1.0244   -7.5639   -0.0376
  QMMM:    33       33      C        0.2886   -8.0599   -0.1071
  QMMM:    34       34      C        1.3918   -7.2012   -0.0109
  QMMM:    35       35      C        1.2132   -5.7876   -0.0199
  QMMM:    36       36      H       -2.1724   -5.8681    0.1127
  QMMM:    37       37      H       -1.9310   -8.2344    0.0048
  QMMM:    38       38      H        0.5256   -9.1087   -0.1580
  QMMM:    39       39      H        2.3232   -7.6308    0.1259
  QMMM:    40       40      H        2.0677   -5.1296    0.0863

--------------------------------------------------------------------------------
  3.1 QM CALCULATION INFO
--------------------------------------------------------------------------------
 rnd_seed=           1
 !!!!!!-----NAESMD INPUT-----!!!!!!

 Ground state MD,      imdtype=           0
 Initial count for out files              0
 MD at constant energy
 Starting time, fs           0.0000000000000000     
 Time step, fs                        0.50000000000000000     
 Number of classical steps (CS)        20000
 Quantum steps/per CS                    0
 Displacement for deriv. [A]      1.0000000000000001E-005
 Newtonian dynamics,           therm_type=           0
 Temperature, K                  10.000000000000000     
 Bath relaxation constant       0.40000000000000002     
 Equilibrated dynamics
 Number of steps per degree K           100
 Number of steps to write data           10
 Number of steps to write coords         100
 Friction coefficient [1/ps]      2.0000000000000000     
 Seed for random generator               1
 NAESMD verbosity,            1
 MD will use analytic deriv,  ideriv=           1
 Cartesian coordinates are used
 Allocating initial naesmd_module variables
 Allocating md_module initial variables
 Allocating variables
 Allocating naesmd_module variables          40           5
 Allocating md_module variables          40
  Finish reading coordinates 
 Rescaling velocity

 Initial Geometry
    6        -1.372310    7.200423    0.006886
    6        -1.207391    5.783911   -0.033804
    6        -0.281181    8.085920    0.013355
    6         0.106303    5.271221   -0.044499
    6         0.983387    7.561597   -0.004655
    6         1.176464    6.188008    0.020300
    6         0.391511    3.842287    0.062396
    6        -0.499953    2.827278   -0.006897
    6        -0.198507    1.423112    0.024489
    1        -0.437326    9.207054    0.080038
    1        -2.355753    7.580801    0.071487
    1        -2.084348    5.177965   -0.032881
    1         1.802354    8.246853    0.007693
    1         2.209738    5.866253   -0.006876
    1         1.443142    3.600385   -0.025530
    1        -1.614109    3.074627    0.125881
    6        -1.295242    0.564205    0.059695
    6        -1.098977   -0.862524    0.042629
    6         1.101038    0.877358   -0.002825
    6         1.255748   -0.523396   -0.070211
    6         0.212121   -1.429332   -0.012665
    6         0.539759   -2.825586    0.015835
    6        -0.356276   -3.817749    0.056443
    6        -0.089885   -5.261063   -0.009307
    1         1.984240    1.513812    0.038058
    1        -2.304609    0.944345    0.143684
    1        -1.948860   -1.542086   -0.067868
    1         2.314222   -0.850534   -0.021375
    1         1.598629   -3.065152   -0.106980
    1        -1.436173   -3.581155   -0.046469
    6        -1.169305   -6.176255   -0.047201
    6        -1.024447   -7.563883   -0.037640
    6         0.288581   -8.059918   -0.107094
    6         1.391845   -7.201223   -0.010854
    6         1.213212   -5.787601   -0.019897
    1        -2.172443   -5.868054    0.112688
    1        -1.930967   -8.234421    0.004780
    1         0.525616   -9.108685   -0.158001
    1         2.323225   -7.630841    0.125923
    1         2.067699   -5.129575    0.086290
 nstep successful

| QMMM: Citation for AMBER QMMM Run:
| QMMM: R.C. Walker, M.F. Crowley and D.A. Case, J. COMP. CHEM. 29:1019, 2008

QMMM: SINGLET STATE CALCULATION
QMMM: RHF CALCULATION, NO. OF DOUBLY OCCUPIED LEVELS = 53

| QMMM: *** Selected Hamiltonian *** 
| QMMM: AM1         

| QMMM: *** Parameter sets in use ***
| QMMM: C : M.J.S.DEWAR et al. JACS, 107, 3902, (1985)
| QMMM: H : M.J.S.DEWAR et al. JACS, 107, 3902, (1985)

| QMMM: *** Diagonalization Routine Information ***
| QMMM: Pseudo diagonalizations are allowed.
| QMMM: Auto diagonalization routine selection is disabled.
| QMMM: Using internal diagonalization routine (diag_routine=1).

  QMMM: QM Region Cartesian Coordinates (*=link atom) 
  QMMM: QM_NO.   MM_NO.  ATOM         X         Y         Z
  QMMM:     1        1      C       -1.3723    7.2004    0.0069
  QMMM:     2        2      C       -1.2074    5.7839   -0.0338
  QMMM:     3        3      C       -0.2812    8.0859    0.0134
  QMMM:     4        4      C        0.1063    5.2712   -0.0445
  QMMM:     5        5      C        0.9834    7.5616   -0.0047
  QMMM:     6        6      C        1.1765    6.1880    0.0203
  QMMM:     7        7      C        0.3915    3.8423    0.0624
  QMMM:     8        8      C       -0.5000    2.8273   -0.0069
  QMMM:     9        9      C       -0.1985    1.4231    0.0245
  QMMM:    10       10      H       -0.4373    9.2071    0.0800
  QMMM:    11       11      H       -2.3558    7.5808    0.0715
  QMMM:    12       12      H       -2.0843    5.1780   -0.0329
  QMMM:    13       13      H        1.8024    8.2469    0.0077
  QMMM:    14       14      H        2.2097    5.8663   -0.0069
  QMMM:    15       15      H        1.4431    3.6004   -0.0255
  QMMM:    16       16      H       -1.6141    3.0746    0.1259
  QMMM:    17       17      C       -1.2952    0.5642    0.0597
  QMMM:    18       18      C       -1.0990   -0.8625    0.0426
  QMMM:    19       19      C        1.1010    0.8774   -0.0028
  QMMM:    20       20      C        1.2557   -0.5234   -0.0702
  QMMM:    21       21      C        0.2121   -1.4293   -0.0127
  QMMM:    22       22      C        0.5398   -2.8256    0.0158
  QMMM:    23       23      C       -0.3563   -3.8177    0.0564
  QMMM:    24       24      C       -0.0899   -5.2611   -0.0093
  QMMM:    25       25      H        1.9842    1.5138    0.0381
  QMMM:    26       26      H       -2.3046    0.9443    0.1437
  QMMM:    27       27      H       -1.9489   -1.5421   -0.0679
  QMMM:    28       28      H        2.3142   -0.8505   -0.0214
  QMMM:    29       29      H        1.5986   -3.0652   -0.1070
  QMMM:    30       30      H       -1.4362   -3.5812   -0.0465
  QMMM:    31       31      C       -1.1693   -6.1763   -0.0472
  QMMM:    32       32      C       -1.0244   -7.5639   -0.0376
  QMMM:    33       33      C        0.2886   -8.0599   -0.1071
  QMMM:    34       34      C        1.3918   -7.2012   -0.0109
  QMMM:    35       35      C        1.2132   -5.7876   -0.0199
  QMMM:    36       36      H       -2.1724   -5.8681    0.1127
  QMMM:    37       37      H       -1.9310   -8.2344    0.0048
  QMMM:    38       38      H        0.5256   -9.1087   -0.1580
  QMMM:    39       39      H        2.3232   -7.6308    0.1259
  QMMM:    40       40      H        2.0677   -5.1296    0.0863

--------------------------------------------------------------------------------
  RESULTS
--------------------------------------------------------------------------------

QMMM: SCF Converged to 0.1000E-09 in:    23 Cycles 
 @@@@ Davidson subroutine Found vectors           6
  i, e0(i), ferr(i), ftol0
  1 +++    3.028071992382874     0.82E-08 0.10E-06
  2 +++    3.549135071090727     0.28E-08 0.10E-06
  3 +++    3.696750219190290     0.55E-08 0.10E-06
  4 +++    3.733317583565945     0.26E-07 0.10E-06
  5 +++    3.766654529776345     0.54E-07 0.10E-06
  6 +++    3.988017826450093     0.48E-07 0.10E-06
 -------------------------------------------------

 Frequencies (eV) and Oscillator strengths (unitless)
        Omega            fx              fy              fz          ftotal
   1     3.02807199238287        0.150863028654574E-02     1.15640685614370        0.837463145874803E-03     1.15875294957612    
   2     3.54913507109073        0.141865216885135E-04    0.628918647953144E-04    0.890886135392607E-07    0.771674750973671E-04
   3     3.69675021919029        0.265825354529702E-03    0.168088492921306E-03    0.645380844658930E-04    0.498451931916902E-03
   4     3.73331758356594        0.223340596144113E-05    0.104281744348378E-04    0.227792589845334E-05    0.149395062947323E-04
   5     3.76665452977635        0.182243617478952E-04    0.396309482251119E-04    0.373670799675925E-06    0.582289807726830E-04
   6     3.98801782645009        0.298458122851482E-02    0.285799600804592E-01    0.141097676656119E-02    0.329755180755353E-01

 Frequencies (eV) and Transition Dipole Moments (AU)
        Omega            fx              fy              fz          ftotal
   1     3.02807199238287        0.142603227640815         3.94814662675421        0.106248007988026         15.6194861060857    
   2     3.54913507109073       -0.127731420404844E-01    0.268940999485081E-01   -0.101221059440335E-02    0.887470339914154E-03
   3     3.69675021919029        0.541762810758683E-01    0.430804251320324E-01    0.266943299575332E-01    0.550357971264979E-02
   4     3.73331758356594        0.494148418783880E-02   -0.106777000804863E-01   -0.499049207924023E-02    0.163336556180437E-03
   5     3.76665452977635        0.140530085800299E-01   -0.207233699243973E-01    0.201227683836721E-02    0.630994369248038E-03
   6     3.98801782645009        0.174776966992387        0.540845606168062        0.120171761790734        0.337502210234245    

 Total energy of the ground state (eV,AU)
           0  -3061.3835817242762       -112.50373039382214     
 Total energies of excited states (eV,AU)
           1  -3058.3555097318931       -112.39245084130940     
           2  -3057.8344466531853       -112.37330213336078     
           3  -3057.6868315050860       -112.36787737870966     
           4  -3057.6502641407101       -112.36653355334667     
           5  -3057.6169271945000       -112.36530844361819     
           6  -3057.3955638978259       -112.35717349548665     
QMMM:
QMMM: SCF Energy =      124.40983625 KCal/mol,       520.53075487 KJ/mol
QMMM: SCF Energy = Heat of formation

 NSTEP =        0   TIME(PS) =       0.000  TEMP(K) =   146.32  PRESS =     0.0
 Etot   =       141.8563  EKtot   =        17.4464  EPtot      =       124.4098
 BOND   =         0.0000  ANGLE   =         0.0000  DIHED      =         0.0000
 1-4 NB =         0.0000  1-4 EEL =         0.0000  VDWAALS    =         0.0000
 EELEC  =         0.0000  EHBOND  =         0.0000  RESTRAINT  =         0.0000
 AM1ESCF=       124.4098
 ------------------------------------------------------------------------------

QMMM: SCF Converged to 0.1000E-09 in:     3 Cycles 
  Restoring quirality in HF orbitals
 @@@@ Davidson subroutine Found vectors           6
  i, e0(i), ferr(i), ftol0
  1 +++    3.028071988500947     0.82E-08 0.10E-06
  2 +++    3.549135071360637     0.28E-08 0.10E-06
  3 +++    3.696750217036912     0.55E-08 0.10E-06
  4 +++    3.733317638475770     0.26E-07 0.10E-06
  5 +++    3.766654533794191     0.54E-07 0.10E-06
  6 +++    3.988017828723024     0.48E-07 0.10E-06
 -------------------------------------------------

 Frequencies (eV) and Oscillator strengths (unitless)
        Omega            fx              fy              fz          ftotal
   1     3.02807198850095        0.150862868747058E-02     1.15640685343630        0.837463099073709E-03     1.15875294522284    
   2     3.54913507136064        0.141865258018687E-04    0.628918619178920E-04    0.890886231202742E-07    0.771674763428809E-04
   3     3.69675021703691        0.265825674951316E-03    0.168088573949935E-03    0.645380909026335E-04    0.498452339803884E-03
   4     3.73331763847577        0.223340649020772E-05    0.104281483780890E-04    0.227792617866321E-05    0.149394810469599E-04
   5     3.76665453379419        0.182243696235693E-04    0.396309258977202E-04    0.373671356442386E-06    0.582289668777319E-04
   6     3.98801782872302        0.298458045706739E-02    0.285799604435900E-01    0.141097674199712E-02    0.329755176426545E-01

 Frequencies (eV) and Transition Dipole Moments (AU)
        Omega            fx              fy              fz          ftotal
   1     3.02807198850095        0.142603152155939         3.94814662466321        0.106248005087329         15.6194860674293    
   2     3.54913507136064       -0.127731438917728E-01    0.268940993322573E-01   -0.101221064879383E-02    0.887470354170788E-03
   3     3.69675021703691        0.541763137432471E-01    0.430804355282392E-01    0.266943312964947E-01    0.550358421947653E-02
   4     3.73331763847577        0.494148473645570E-02   -0.106776866618362E-01   -0.499049234948264E-02    0.163336277739225E-03
   5     3.76665453379419        0.140530116090446E-01   -0.207233640757495E-01    0.201227833643150E-02    0.630994218003276E-03
   6     3.98801782872302        0.174776944354613        0.540845609449871        0.120171760710438        0.337502205611384    

 Total energy of the ground state (eV,AU)
           0  -3061.3835817242652       -112.50373039382174     
 Total energies of excited states (eV,AU)
           1  -3058.3555097357644       -112.39245084145166     
           2  -3057.8344466529047       -112.37330213335046     
           3  -3057.6868315072284       -112.36787737878839     
           4  -3057.6502640857893       -112.36653355132837     
           5  -3057.6169271904710       -112.36530844347013     
           6  -3057.3955638955422       -112.35717349540272     
QMMM:
QMMM: SCF Energy =      124.40983625 KCal/mol,       520.53075487 KJ/mol
QMMM: SCF Energy = Heat of formation
 LPRINT:           1           0

 NSTEP =        1   TIME(PS) =       0.001  TEMP(K) =   148.20  PRESS =     0.0
 Etot   =       142.0802  EKtot   =        17.6703  EPtot      =       124.4098
 BOND   =         0.0000  ANGLE   =         0.0000  DIHED      =         0.0000
 1-4 NB =         0.0000  1-4 EEL =         0.0000  VDWAALS    =         0.0000
 EELEC  =         0.0000  EHBOND  =         0.0000  RESTRAINT  =         0.0000
 AM1ESCF=       124.4098
 ------------------------------------------------------------------------------

QMMM: SCF Converged to 0.1000E-09 in:    24 Cycles 
  Restoring quirality in HF orbitals
 @@@@ Davidson subroutine Found vectors           6
  i, e0(i), ferr(i), ftol0
  1 +++    3.005869495782531     0.62E-08 0.10E-06
  2 +++    3.539045897095226     0.41E-07 0.10E-06
  3 +++    3.674688462305579     0.38E-07 0.10E-06
  4 +++    3.714688326803982     0.49E-07 0.10E-06
  5 +++    3.757129657530942     0.29E-07 0.10E-06
  6 +++    3.978499084540706     0.73E-07 0.10E-06
 -------------------------------------------------

 Frequencies (eV) and Oscillator strengths (unitless)
        Omega            fx              fy              fz          ftotal
   1     3.00586949578253        0.182111990760856E-02     1.17203773015551        0.833455278410034E-03     1.17469230534153    
   2     3.53904589709523        0.870963522340564E-05    0.758667993395497E-04    0.754971395535356E-07    0.846519317025088E-04
   3     3.67468846230558        0.910231587557298E-04    0.417538144476653E-03    0.467645628958527E-04    0.555325866128236E-03
   4     3.71468832680398        0.829575277603921E-05    0.213410550475789E-04    0.164170894810876E-05    0.312785167717269E-04
   5     3.75712965753094        0.105874721841077E-04    0.289737997107155E-04    0.747216459207016E-07    0.396359935407439E-04
   6     3.97849908454071        0.254876648873040E-02    0.271098729689798E-01    0.148285398246353E-02    0.311414934401737E-01

 Frequencies (eV) and Transition Dipole Moments (AU)
        Omega            fx              fy              fz          ftotal
   1     3.00586949578253        0.157255285993595         3.98939260383141        0.106384200110998         15.9513001705109    
   2     3.53904589709523       -0.100225429970832E-01    0.295803852696105E-01   -0.933132237627830E-03    0.976321296599870E-03
   3     3.67468846230558        0.317970427547345E-01    0.681018418751229E-01    0.227913063739164E-01    0.616835644096037E-02
   4     3.71468832680398        0.954745790851589E-02   -0.153132648844626E-01   -0.424725107092814E-02    0.343689175596098E-03
   5     3.75712965753094        0.107247972875894E-01   -0.177417182403032E-01    0.900982106307364E-03    0.430601611734080E-03
   6     3.97849908454071        0.161706112045027        0.527381817341848        0.123341891749140        0.319493670195765    

 Total energy of the ground state (eV,AU)
           0  -3061.4004198116345       -112.50434918189293     
 Total energies of excited states (eV,AU)
           1  -3058.3945503158520       -112.39388555578240     
           2  -3057.8613739145394       -112.37429169160160     
           3  -3057.7257313493287       -112.36930692109539     
           4  -3057.6857314848303       -112.36783695372567     
           5  -3057.6432901541034       -112.36627726415976     
           6  -3057.4219207270939       -112.35814209074263     
QMMM:
QMMM: SCF Energy =      124.02153312 KCal/mol,       518.90609457 KJ/mol
QMMM: SCF Energy = Heat of formation

 NSTEP =        2   TIME(PS) =       0.001  TEMP(K) =   155.75  PRESS =     0.0
 Etot   =       142.5918  EKtot   =        18.5703  EPtot      =       124.0215
 BOND   =         0.0000  ANGLE   =         0.0000  DIHED      =         0.0000
 1-4 NB =         0.0000  1-4 EEL =         0.0000  VDWAALS    =         0.0000
 EELEC  =         0.0000  EHBOND  =         0.0000  RESTRAINT  =         0.0000
 AM1ESCF=       124.0215
 ------------------------------------------------------------------------------


      A V E R A G E S   O V E R       2 S T E P S


 NSTEP =        2   TIME(PS) =       0.001  TEMP(K) =   151.98  PRESS =     0.0
 Etot   =       142.3360  EKtot   =        18.1203  EPtot      =       124.2157
 BOND   =         0.0000  ANGLE   =         0.0000  DIHED      =         0.0000
 1-4 NB =         0.0000  1-4 EEL =         0.0000  VDWAALS    =         0.0000
 EELEC  =         0.0000  EHBOND  =         0.0000  RESTRAINT  =         0.0000
 AM1ESCF=       124.2157
 ------------------------------------------------------------------------------


      R M S  F L U C T U A T I O N S


 NSTEP =        2   TIME(PS) =       0.001  TEMP(K) =     3.77  PRESS =     0.0
 Etot   =         0.2558  EKtot   =         0.4500  EPtot      =         0.1942
 BOND   =         0.0000  ANGLE   =         0.0000  DIHED      =         0.0000
 1-4 NB =         0.0000  1-4 EEL =         0.0000  VDWAALS    =         0.0000
 EELEC  =         0.0000  EHBOND  =         0.0000  RESTRAINT  =         0.0000
 AM1ESCF=         0.1942
 ------------------------------------------------------------------------------


--------------------------------------------------------------------------------
   5.  TIMINGS
--------------------------------------------------------------------------------

|    Read coords time           0.00 ( 0.04% of Total)
|                Build the list             0.00 (96.40% of List )
|                Other                      0.00 ( 3.60% of List )
|             List time                  0.00 (94.62% of Nonbo)
|             Ewald time                 0.00 ( 5.38% of Nonbo)
|          Nonbond force              0.00 ( 0.03% of Force)
|             QMMM setup                 0.00 ( 0.01% of QMMM )
|                   QMMM hcore QM-QM           0.01 (100.0% of QMMM )
|                   QMMM hcore QM-MM           0.00 ( 0.04% of QMMM )
|                QMMM hcore calc            0.01 ( 2.67% of QMMM )
|                   QMMM fock build            0.05 (16.99% of QMMM )
|                   QMMM elec-energy cal       0.00 ( 0.33% of QMMM )
|                   QMMM full matrix dia       0.09 (32.11% of QMMM )
|                   QMMM pseudo matrix d       0.11 (36.47% of QMMM )
|                   QMMM density build         0.04 (14.09% of QMMM )
|                   Other                      0.00 ( 0.02% of QMMM )
|                QMMM scf                   0.29 (97.33% of QMMM )
|             QMMM energy                0.30 (23.57% of QMMM )
|             Other                      0.97 (76.42% of QMMM )
|          QMMM                       1.27 (100.0% of Force)
|       Force time                 1.27 (99.85% of Runmd)
|       Verlet update time         0.00 ( 0.12% of Runmd)
|       Other                      0.00 ( 0.03% of Runmd)
|    Runmd Time                 1.27 (99.76% of Total)
|    Other                      0.00 ( 0.20% of Total)
| Total time                 1.28 (100.0% of ALL  )

| Number of list builds   :          1

| Highest rstack allocated:          0
| Highest istack allocated:          0

| Final Performance Info:
| -----------------------------------------------------
| Average timings for all steps:
|     Elapsed(s) =       1.27 Per Step(ms) =     637.09
|         ns/day =       0.07   seconds/ns = 1274176.00
| -----------------------------------------------------

|           Job began  at 08:19:52.997  on 12/01/2018
|           Setup done at 08:19:53.000  on 12/01/2018
|           Run   done at 08:19:54.274  on 12/01/2018
|     wallclock() was called     733 times
ASSERTion 'ier == 0' failed in src/sqm/qmmm_module.F90 at line    892.
