
          -------------------------------------------------------
          Amber 18 SANDER                              2018
          -------------------------------------------------------

| Run on 02/14/2020 at 14:48:39

|   Executable path: sander
| Working directory: /home/dustin/Documents/TestRuns/qm_mm_prop/benzene_nh2/abs/traj_4/10
|          Hostname: Unknown
  [-O]verwriting output

File Assignments:
|  MDIN: nasqm_abs_t4_10.in                                                    
| MDOUT: nasqm_abs_t4_10.out                                                   
|INPCRD: snap_10_for_absorption_t4.rst                                         
|  PARM: m1.prmtop                                                             
|RESTRT: snap_10_for_absorption_t4_back.rst                                    
|  REFC: refc                                                                  
| MDVEL: mdvel                                                                 
| MDFRC: mdfrc                                                                 
|  MDEN: mden                                                                  
| MDCRD: nasqm_abs_t4_10.nc                                                    
|MDINFO: mdinfo                                                                
|  MTMD: mtmd                                                                  
|INPDIP: inpdip                                                                
|RSTDIP: rstdip                                                                
|INPTRA: inptraj                                                               


 Here is the input file:

300K constant temp QMMMMD                                                      
 &cntrl                                                                        
  imin=0,                                                                      
  irest=0,                                                                     
  ntx=5,                                                                       
  ntb=1,                                                                       
  ntp=0,                                                                       
  ig=-1,                                                                       
  taup=2.0,                                                                    
  cut=16.0,                                                                    
  ntr=0,                                                                       
  tempi=300.0,                                                                 
  temp0=300.0,                                                                 
  ntt=3,                                                                       
  gamma_ln=2.0,                                                                
  nstlim=0,                                                                    
  dt=0.0005,                                                                   
  ntpr=1,                                                                      
  ntwx=0,                                                                      
  ntwv=0,                                                                      
  ifqnt=1                                                                      
 /                                                                             
 &qmmm                                                                         
  scfconv=1.0000E-8,                                                           
  verbosity=1,                                                                 
  qmmask=':1',                                                                 
  diag_routine=1,                                                              
  qmcharge=0,                                                                  
  qm_theory='AM1',                                                             
  qmshake=0,                                                                   
  qm_ewald=0,                                                                  
  qm_pme=0,                                                                    
  nae=1                                                                        
 /                                                                             

--------------------------------------------------------------------------------
   1.  RESOURCE   USE: 
--------------------------------------------------------------------------------

| Flags:                                                                        
 getting new box info from bottom of inpcrd
|  INFO: Old style inpcrd file read

| peek_ewald_inpcrd: Box info found
|Largest sphere to fit in unit cell has radius =    22.679
| New format PARM file being parsed.
| Version =    1.000 Date = 09/26/18 Time = 13:58:55
 NATOM  =    4394 NTYPES =       7 NBONH =     883 MBONA  =    2635
 NTHETH =    2641 MTHETA =    2636 NPHIH =      26 MPHIA  =       9
 NHPARM =       0 NPARM  =       0 NNB   =    9698 NRES   =     877
 NBONA  =    2635 NTHETA =    2636 NPHIA =       9 NUMBND =       6
 NUMANG =       7 NPTRA  =       3 NATYP =       7 NPHB   =       0
 IFBOX  =       1 NMXRS  =      14 IFCAP =       0 NEXTRA =       0
 NCOPY  =       0


|     Memory Use     Allocated
|     Real              369502
|     Hollerith          14061
|     Integer           159675
|     Max Pairs        8541936
|     nblistReal         52728
|     nblist Int        151766
|       Total            37937 kbytes

| Note: 1-4 EEL scale factors are being read from the topology file.

| Note: 1-4 VDW scale factors are being read from the topology file.
| Duplicated    0 dihedrals
| Duplicated    0 dihedrals
LOADING THE QUANTUM ATOMS AS GROUPS
     Mask :1; matches    14 atoms

     BOX TYPE: RECTILINEAR
Note: ig = -1. Setting random seed to   519053 based on wallclock time in microseconds.

--------------------------------------------------------------------------------
   2.  CONTROL  DATA  FOR  THE  RUN
--------------------------------------------------------------------------------

m1                                                                              

General flags:
     imin    =       0, nmropt  =       0

Nature and format of input:
     ntx     =       5, irest   =       0, ntrx    =       1

Nature and format of output:
     ntxo    =       2, ntpr    =       1, ntrx    =       1, ntwr    =       1
     iwrap   =       0, ntwx    =       0, ntwv    =       0, ntwe    =       0
     ioutfm  =       1, ntwprt  =       0, idecomp =       0, rbornstat=      0

Potential function:
     ntf     =       1, ntb     =       1, igb     =       0, nsnb    =      25
     ipol    =       0, gbsa    =       0, iesp    =       0
     dielc   =   1.00000, cut     =  16.00000, intdiel =   1.00000

Frozen or restrained atoms:
     ibelly  =       0, ntr     =       0

Molecular dynamics:
     nstlim  =         0, nscm    =      1000, nrespa  =         1
     t       =   0.00000, dt      =   0.00050, vlimit  =  20.00000

Langevin dynamics temperature regulation:
     ig      =  519053
     temp0   = 300.00000, tempi   = 300.00000, gamma_ln=   2.00000

Ewald parameters:
     verbose =       0, ew_type =       0, nbflag  =       1, use_pme =       1
     vdwmeth =       1, eedmeth =       1, netfrc  =       1
     Box X =   49.256   Box Y =   50.133   Box Z =   45.358
     Alpha =   90.000   Beta  =   90.000   Gamma =   90.000
     NFFT1 =   50       NFFT2 =   50       NFFT3 =   45
     Cutoff=   16.000   Tol   =0.100E-04
     Ewald Coefficient =  0.16683
     Interpolation order =    4

QMMM options:
             ifqnt = True       nquant =       14
              qmgb =        0  qmcharge =        0   adjust_q =        2
              spin =        1     qmcut =  16.0000    qmshake =        0
          qmmm_int =        1
     lnk_atomic_no =        1   lnk_dis =   1.0900 lnk_method =        1
          qm_theory =     AM1 verbosity =        1
            qmqmdx = Analytical
      tight_p_conv = False (converge density to 0.05xSqrt[SCFCRT])
           scfconv = 0.100E-07  itrmax =     1000
      printcharges = False      printdipole = False      peptide_corr = False
    qmmmrij_incore = True 
  qmqm_erep_incore = True 
       pseudo_diag = True pseudo_diag_criteria =   0.0500
      diag_routine =        1
          qm_ewald =        0 qm_pme = False 

--------------------------------------------------------------------------------
   3.  ATOMIC COORDINATES AND VELOCITIES
--------------------------------------------------------------------------------

Cpptraj Generated Restart                                                       
 begin time read from input coords =     0.000 ps

 Number of triangulated 3-point waters found:        0
 identifying link atoms
 identified link atoms

     Sum of charges from parm topology file =   0.00000100
     Forcing neutrality...
QMMM: ADJUSTING CHARGES
QMMM: ----------------------------------------------------------------------
QMMM: adjust_q = 2
QMMM: Uniformly adjusting the charge of MM atoms to conserve total charge.
QMMM:                             qm_charge =    0
QMMM: QM atom RESP charge sum (inc MM link) =    0.000
QMMM: Adjusting each MM atom resp charge by =    0.000
QMMM:          Sum of MM + QM region is now =    0.000
QMMM: ----------------------------------------------------------------------
|  # of SOLUTE  degrees of freedom (RNDFP):   13182.
|  # of SOLVENT degrees of freedom (RNDFS):       0.
|  QMSHAKE_NOSHAKEMASK_OVERLAP =      0
|  NDFMIN =   13182.     NUM_NOSHAKE =      0     CORRECTED RNDFP =   13182.
|  TOTAL # of degrees of freedom (RNDF) =   13182.
 ---------------------------------------------------
 APPROXIMATING switch and d/dx switch using CUBIC SPLINE INTERPOLATION
 using   5000.0 points per unit in tabled values
 TESTING RELATIVE ERROR over r ranging from 0.0 to cutoff
| CHECK switch(x): max rel err =   0.2738E-14   at   2.422500
| CHECK d/dx switch(x): max rel err =   0.7766E-11   at   2.666360
 ---------------------------------------------------
| Local SIZE OF NONBOND LIST =    2093297
| TOTAL SIZE OF NONBOND LIST =    2093297

QMMM: Link Atom Information
QMMM: ------------------------------------------------------------------------
QMMM: nlink =     0
QMMM: ------------------------------------------------------------------------

  QMMM: QM Region Cartesian Coordinates (*=link atom) 
  QMMM: QM_NO.   MM_NO.  ATOM         X         Y         Z
  QMMM:     1        1      C       -0.3075   -0.7801   -1.5545
  QMMM:     2        2      C        0.7920   -1.2563   -0.7996
  QMMM:     3        3      C        1.0621   -0.8089    0.4688
  QMMM:     4        4      C        0.2633    0.3046    0.9131
  QMMM:     5        5      C       -0.8042    0.8182    0.0995
  QMMM:     6        6      C       -1.0313    0.2871   -1.1325
  QMMM:     7        7      H       -0.4563   -1.1768   -2.5416
  QMMM:     8        8      H        1.4788   -1.9251   -1.2121
  QMMM:     9        9      H        1.8518   -1.2895    1.1083
  QMMM:    10       10      H       -1.4066    1.7167    0.4585
  QMMM:    11       11      H       -1.8518    0.7103   -1.6872
  QMMM:    12       12      N        0.5619    0.9509    2.2008
  QMMM:    13       13      H        1.5097    0.8498    2.5416
  QMMM:    14       14      H        0.2912    1.9251    2.1858

--------------------------------------------------------------------------------
  3.1 QM CALCULATION INFO
--------------------------------------------------------------------------------
 rnd_seed=           1
 !!!!!!-----NAESMD INPUT-----!!!!!!

 Ground state MD,      imdtype=           0
 Initial count for out files              0
 MD at constant energy
 Starting time, fs           0.0000000000000000     
 Time step, fs                        0.50000000000000000     
 Number of classical steps (CS)        20000
 Quantum steps/per CS                    0
 Displacement for deriv. [A]      1.0000000000000001E-005
 Newtonian dynamics,           therm_type=           0
 Temperature, K                  10.000000000000000     
 Bath relaxation constant       0.40000000000000002     
 Equilibrated dynamics
 Number of steps per degree K           100
 Number of steps to write data           10
 Number of steps to write coords           1
 Friction coefficient [1/ps]      2.0000000000000000     
 Seed for random generator               1
 NAESMD verbosity,            1
 MD will use analytic deriv,  ideriv=           1
 Cartesian coordinates are used
 Allocating initial naesmd_module variables
 Allocating md_module initial variables
 Allocating variables
 Allocating naesmd_module variables          14           5
 Allocating md_module variables          14
  Finish reading coordinates 

 Initial Geometry
    6        -0.307464   -0.780068   -1.554483
    6         0.791972   -1.256307   -0.799576
    6         1.062106   -0.808919    0.468819
    6         0.263333    0.304627    0.913097
    6        -0.804196    0.818170    0.099541
    6        -1.031276    0.287103   -1.132488
    1        -0.456338   -1.176803   -2.541553
    1         1.478787   -1.925097   -1.212070
    1         1.851787   -1.289468    1.108341
    1        -1.406632    1.716693    0.458469
    1        -1.851787    0.710299   -1.687216
    7         0.561862    0.950934    2.200846
    1         1.509658    0.849763    2.541554
    1         0.291247    1.925097    2.185759
 nstep successful

| QMMM: Citation for AMBER QMMM Run:
| QMMM: R.C. Walker, M.F. Crowley and D.A. Case, J. COMP. CHEM. 29:1019, 2008

QMMM: SINGLET STATE CALCULATION
QMMM: RHF CALCULATION, NO. OF DOUBLY OCCUPIED LEVELS = 18

| QMMM: *** Selected Hamiltonian *** 
| QMMM: AM1         

| QMMM: *** Parameter sets in use ***
| QMMM: C : M.J.S.DEWAR et al. JACS, 107, 3902, (1985)
| QMMM: H : M.J.S.DEWAR et al. JACS, 107, 3902, (1985)
| QMMM: N : M.J.S.DEWAR et al. JACS, 107, 3902, (1985)

| QMMM: *** Diagonalization Routine Information ***
| QMMM: Pseudo diagonalizations are allowed.
| QMMM: Auto diagonalization routine selection is disabled.
| QMMM: Using internal diagonalization routine (diag_routine=1).

  QMMM: QM Region Cartesian Coordinates (*=link atom) 
  QMMM: QM_NO.   MM_NO.  ATOM         X         Y         Z
  QMMM:     1        1      C       -0.3075   -0.7801   -1.5545
  QMMM:     2        2      C        0.7920   -1.2563   -0.7996
  QMMM:     3        3      C        1.0621   -0.8089    0.4688
  QMMM:     4        4      C        0.2633    0.3046    0.9131
  QMMM:     5        5      C       -0.8042    0.8182    0.0995
  QMMM:     6        6      C       -1.0313    0.2871   -1.1325
  QMMM:     7        7      H       -0.4563   -1.1768   -2.5416
  QMMM:     8        8      H        1.4788   -1.9251   -1.2121
  QMMM:     9        9      H        1.8518   -1.2895    1.1083
  QMMM:    10       10      H       -1.4066    1.7167    0.4585
  QMMM:    11       11      H       -1.8518    0.7103   -1.6872
  QMMM:    12       12      N        0.5619    0.9509    2.2008
  QMMM:    13       13      H        1.5097    0.8498    2.5416
  QMMM:    14       14      H        0.2912    1.9251    2.1858

--------------------------------------------------------------------------------
  RESULTS
--------------------------------------------------------------------------------

QMMM: SCF Converged to 0.1000E-07 in:    19 Cycles 
          11           1   1.0351691292348475E-015
           8           2   2.3430964200127358E-015
           7           1   1.2187821552770567E-015
          10           2   1.5977650246693648E-015
           9           1   1.2521179839491969E-015
           9           1   1.7161294087186807E-015
 @@@@ Davidson subroutine Found vectors           6
  i, e0(i), ferr(i), ftol0
  1 +++    3.588366566579870     0.11E-05 0.10E-04
  2 +++    3.663383838962311     0.89E-06 0.10E-04
  3 +++    4.780612906626113     0.90E-06 0.10E-04
  4 +++    5.111315724176594     0.18E-05 0.10E-04
  5 +++    5.200363633043697     0.66E-05 0.10E-04
  6 +++    5.703570212108257     0.52E-05 0.10E-04
 -------------------------------------------------

 Frequencies (eV) and Oscillator strengths (unitless)
        Omega            fx              fy              fz          ftotal
   1     3.58836656657987        0.667742519870948E-02    0.287013379516329E-02    0.111318979580830E-02    0.106607487896811E-01
   2     3.66338383896231        0.745051960871301E-02    0.105388704330918E-01    0.571239588981181E-01    0.751133489399229E-01
   3     4.78061290662611        0.426696256775639E-02    0.136096276338518E-02    0.471067366719799E-02    0.103385989983396E-01
   4     5.11131572417659        0.591008262710718E-01    0.150085518448879        0.493360448160209E-01    0.258522389535972    
   5     5.20036363304370        0.831183560816083E-01    0.617353400238515E-05    0.197046796505244        0.280171326120855    
   6     5.70357021210826        0.238208071792188E-03    0.762083954378181E-02    0.454559201620088E-02    0.124046396317749E-01

 Frequencies (eV) and Transition Dipole Moments (AU)
        Omega            fx              fy              fz          ftotal
   1     3.58836656657987       -0.275598695406369        0.180685670969822       -0.112527131960487        0.121264308030760    
   2     3.66338383896231        0.288119804106035        0.342670613743144        0.797790717358147        0.836906199744029    
   3     4.78061290662611        0.190870437545803       -0.107795932554122       -0.200549120756359        0.882714368402877E-01
   4     5.11131572417659       -0.686991659874627         1.09477301326158        0.627677922506316         2.06446506570498    
   5     5.20036363304370        0.807704790507206       -0.696099157881396E-02     1.24362337236586         2.19903457630669    
   6     5.70357021210826        0.412881936641107E-01    0.233533428452676        0.180361099067840        0.887727031978654E-01

 Total energy of the ground state (eV,AU)
           0  -1071.3217523885883       -39.370333830521652     
 Total energies of excited states (eV,AU)
           1  -1067.7333858220084       -39.238463839720524     
           2  -1067.6583685496259       -39.235707006817456     
           3  -1066.5411394819621       -39.194649610884802     
           4  -1066.2104366644116       -39.182496510943885     
           5  -1066.1213887555446       -39.179224061848934     
           6  -1065.6181821764801       -39.160731567918596     
 Ground State Molecular Dipole Moment (A.U.)
                         dx              dy              dz          ftotal
                     0.4998364      0.5833731     -0.3770810E-01  0.7691440    
          35          18       93969922732576
          35          18       93969922732576
          35          18       93969922732576
          35          18       93969922732576
          35          18       93969922732576
          35          18       93969922732576

 Frequencies (eV) Unrelaxed Difference Dipole Moments (AU)
        Omega            dx              dy              dz          ftotal
   1   3.588367      0.1286656E-01  0.2274320      0.4459023      0.5007192    
   2   3.663384      0.2440899E-01  0.2692795      0.3969351      0.4802757    
   3   4.780613     -0.3858723     -0.2956320     -0.9380629E-01  0.4950710    
   4   5.111316      0.5880720E-01  0.3579252E-01  0.2363959      0.2462162    
   5   5.200364      0.8387675E-01  0.7197384E-01  0.2701290      0.2918651    
   6   5.703570     -0.8999515E-01 -0.1702417     -0.1301917      0.2324462    
QMMM:
QMMM: SCF Energy =       21.51720342 KCal/mol,        90.02797912 KJ/mol
QMMM: SCF Energy = Heat of formation

QMMM: Mulliken Charges of state:    0
QMMM: Atomic Charges for Step       1 :
QMMM:  Atom    Element       Mulliken Charge
QMMM:     1      C              -0.204632
QMMM:     2      C              -0.140241
QMMM:     3      C              -0.152958
QMMM:     4      C               0.019178
QMMM:     5      C              -0.176297
QMMM:     6      C              -0.107210
QMMM:     7      H               0.142340
QMMM:     8      H               0.129588
QMMM:     9      H               0.172616
QMMM:    10      H               0.158253
QMMM:    11      H               0.151745
QMMM:    12      N              -0.375168
QMMM:    13      H               0.198355
QMMM:    14      H               0.184431
QMMM: Total Mulliken Charge =    0.000000

 LPRINT:           1           0

 NSTEP =        0   TIME(PS) =       0.000  TEMP(K) =   299.17  PRESS =     0.0
 Etot   =     -1742.3804  EKtot   =      3918.4508  EPtot      =     -5660.8312
 BOND   =       921.9712  ANGLE   =      1461.5461  DIHED      =         0.0000
 1-4 NB =         0.0000  1-4 EEL =         0.0000  VDWAALS    =     -5569.6403
 EELEC  =     -2496.2255  EHBOND  =         0.0000  RESTRAINT  =         0.0000
 AM1ESCF=        21.5172
 Ewald error estimate:   0.6330E-03
 ------------------------------------------------------------------------------


--------------------------------------------------------------------------------
   5.  TIMINGS
--------------------------------------------------------------------------------

|    Read coords time           0.01 ( 3.60% of Total)
|    Fast Water setup           0.00 ( 0.01% of Total)
|                Build the list             0.06 (87.92% of List )
|                Other                      0.01 (12.08% of List )
|             List time                  0.06 (51.35% of Nonbo)
|                   Short_ene time             0.05 (99.66% of Direc)
|                   Other                      0.00 ( 0.34% of Direc)
|                Direct Ewald time          0.05 (83.36% of Ewald)
|                Adjust Ewald time          0.00 ( 0.52% of Ewald)
|                Self Ewald time            0.00 ( 0.02% of Ewald)
|                   Fill Bspline coeffs        0.00 ( 4.51% of Recip)
|                   Fill charge grid           0.00 (12.73% of Recip)
|                   Scalar sum                 0.00 (15.03% of Recip)
|                   Grad sum                   0.00 (10.19% of Recip)
|                   FFT time                   0.01 (57.32% of Recip)
|                   Other                      0.00 ( 0.23% of Recip)
|                Recip Ewald time           0.01 (16.04% of Ewald)
|                Virial junk                0.00 ( 0.05% of Ewald)
|                Other                      0.00 ( 0.01% of Ewald)
|             Ewald time                 0.06 (48.65% of Nonbo)
|          Nonbond force              0.13 (63.97% of Force)
|             QMMM setup                 0.00 ( 0.08% of QMMM )
|             QMMM list build            0.00 ( 0.27% of QMMM )
|             QMMM prep coords           0.00 ( 0.30% of QMMM )
|                   QMMM hcore QM-QM           0.00 (40.50% of QMMM )
|                   QMMM hcore QM-MM           0.00 (59.50% of QMMM )
|                QMMM hcore calc            0.00 (20.93% of QMMM )
|                   QMMM fock build            0.00 (42.85% of QMMM )
|                   QMMM elec-energy cal       0.00 ( 0.67% of QMMM )
|                   QMMM full matrix dia       0.00 (26.38% of QMMM )
|                   QMMM pseudo matrix d       0.00 (24.12% of QMMM )
|                   QMMM density build         0.00 ( 5.35% of QMMM )
|                   Other                      0.00 ( 0.62% of QMMM )
|                QMMM scf                   0.00 (79.07% of QMMM )
|             QMMM energy                0.00 ( 3.77% of QMMM )
|             QMMM Collate Forces        0.00 ( 0.07% of QMMM )
|             Other                      0.07 (95.52% of QMMM )
|          QMMM                       0.07 (35.81% of Force)
|          Bond/Angle/Dihedral        0.00 ( 0.20% of Force)
|          Other                      0.00 ( 0.02% of Force)
|       Force time                 0.20 (99.47% of Runmd)
|       Other                      0.00 ( 0.53% of Runmd)
|    Runmd Time                 0.20 (77.97% of Total)
|    Other                      0.05 (18.43% of Total)
| Total time                 0.25 (100.0% of ALL  )

| Number of list builds   :          1

| Highest rstack allocated:     366766
| Highest istack allocated:       4394
|           Job began  at 14:48:39.474  on 02/14/2020
|           Setup done at 14:48:39.529  on 02/14/2020
|           Run   done at 14:48:39.726  on 02/14/2020
|     wallclock() was called     295 times
ASSERTion 'ier == 0' failed in src/sqm/qmmm_module.F90 at line    892.
