
          -------------------------------------------------------
          Amber 16 SANDER                              2016
          -------------------------------------------------------

| Run on 12/01/2018 at 08:19:46

|   Executable path: sander
| Working directory: /home/dustin/Documents/paper1/job-prep/ppv-vacuum/1
|          Hostname: Unknown
  [-O]verwriting output

File Assignments:
|  MDIN: nasqm_abs_r0_t1.in                                                    
| MDOUT: nasqm_abs_r0_t1.out                                                   
|INPCRD: ground_snap.1                                                         
|  PARM: m1.prmtop                                                             
|RESTRT: nasqm_abs_r0_t1.rst                                                   
|  REFC: refc                                                                  
| MDVEL: mdvel                                                                 
| MDFRC: mdfrc                                                                 
|  MDEN: mden                                                                  
| MDCRD: nasqm_abs_r0_t1.nc                                                    
|MDINFO: mdinfo                                                                
|  MTMD: mtmd                                                                  
|INPDIP: inpdip                                                                
|RSTDIP: rstdip                                                                
|INPTRA: inptraj                                                               


 Here is the input file:

300K constant temp QMMMMD                                                      
 &cntrl                                                                        
  imin=0,                                                                      
  iwrap=0,                                                                     
  irest=0,                                                                     
  ntx=5,                                                                       
  ntb=0,                                                                       
  ntp=0,                                                                       
  ig=1,                                                                        
  taup=2.0,                                                                    
  cut=16.0,                                                                    
  ntr=0,                                                                       
  tempi=300.0,                                                                 
  temp0=300.0,                                                                 
  ntt=3,                                                                       
  gamma_ln=2.0,                                                                
  nstlim=2,                                                                    
  dt=0.0005,                                                                   
  ntpr=1,                                                                      
  ntwx=5,                                                                      
  ntwv=-1,                                                                     
  ifqnt=1                                                                      
 /                                                                             
 &qmmm                                                                         
  scfconv=1.0000E-10,                                                          
  verbosity=1,                                                                 
  qmmask=':1',                                                                 
  diag_routine=1,                                                              
  qmcharge=0,                                                                  
  qm_theory='AM1',                                                             
  qmshake=0,                                                                   
  qm_ewald=0,                                                                  
  qm_pme=0,                                                                    
  nae=1                                                                        
 /                                                                             

--------------------------------------------------------------------------------
   1.  RESOURCE   USE: 
--------------------------------------------------------------------------------

| Flags:                                                                        
|    NONPERIODIC   ntb=0 and igb=0: Setting up nonperiodic simulation
|Largest sphere to fit in unit cell has radius =    30.055
| New format PARM file being parsed.
| Version =    1.000 Date = 11/08/18 Time = 15:28:43
 NATOM  =      40 NTYPES =       2 NBONH =      18 MBONA  =      24
 NTHETH =      36 MTHETA =      30 NPHIH =      78 MPHIA  =      40
 NHPARM =       0 NPARM  =       0 NNB   =     200 NRES   =       1
 NBONA  =      24 NTHETA =      30 NPHIA =      40 NUMBND =       7
 NUMANG =      10 NPTRA  =       4 NATYP =       4 NPHB   =       0
 IFBOX  =       0 NMXRS  =      40 IFCAP =       0 NEXTRA =       0
 NCOPY  =       0


|     Memory Use     Allocated
|     Real                6817
|     Hollerith            123
|     Integer            26883
|     Max Pairs            780
|     nblistReal           480
|     nblist Int        125216
|       Total              654 kbytes

| Note: 1-4 EEL scale factors are being read from the topology file.

| Note: 1-4 VDW scale factors are being read from the topology file.
| Duplicated    0 dihedrals
| Duplicated    0 dihedrals
LOADING THE QUANTUM ATOMS AS GROUPS
     Mask :1; matches    40 atoms

--------------------------------------------------------------------------------
   2.  CONTROL  DATA  FOR  THE  RUN
--------------------------------------------------------------------------------

m1                                                                              

General flags:
     imin    =       0, nmropt  =       0

Nature and format of input:
     ntx     =       5, irest   =       0, ntrx    =       1

Nature and format of output:
     ntxo    =       2, ntpr    =       1, ntrx    =       1, ntwr    =       2
     iwrap   =       0, ntwx    =       5, ntwv    =      -1, ntwe    =       0
     ioutfm  =       1, ntwprt  =       0, idecomp =       0, rbornstat=      0

Potential function:
     ntf     =       1, ntb     =       0, igb     =       0, nsnb    =      25
     ipol    =       0, gbsa    =       0, iesp    =       0
     dielc   =   1.00000, cut     =  16.00000, intdiel =   1.00000

Frozen or restrained atoms:
     ibelly  =       0, ntr     =       0

Molecular dynamics:
     nstlim  =         2, nscm    =      1000, nrespa  =         1
     t       =   0.00000, dt      =   0.00050, vlimit  =  20.00000

Langevin dynamics temperature regulation:
     ig      =       1
     temp0   = 300.00000, tempi   = 300.00000, gamma_ln=   2.00000

QMMM options:
             ifqnt = True       nquant =       40
              qmgb =        0  qmcharge =        0   adjust_q =        2
              spin =        1     qmcut =  16.0000    qmshake =        0
          qmmm_int =        1
     lnk_atomic_no =        1   lnk_dis =   1.0900 lnk_method =        1
          qm_theory =     AM1 verbosity =        1
            qmqmdx = Analytical
      tight_p_conv = False (converge density to 0.05xSqrt[SCFCRT])
           scfconv = 0.100E-09  itrmax =     1000
      printcharges = False      printdipole = False      peptide_corr = False
    qmmmrij_incore = True 
  qmqm_erep_incore = True 
       pseudo_diag = True pseudo_diag_criteria =   0.0500
      diag_routine =        1
          qm_ewald =        0 qm_pme = False 
|  INFO: Old style inpcrd file read


--------------------------------------------------------------------------------
   3.  ATOMIC COORDINATES AND VELOCITIES
--------------------------------------------------------------------------------

Cpptraj Generated Restart                                                       
 begin time read from input coords =     0.000 ps

 Number of triangulated 3-point waters found:        0

     Sum of charges from parm topology file =  -0.00000300
     Forcing neutrality...
|  # of SOLUTE  degrees of freedom (RNDFP):     120.
|  # of SOLVENT degrees of freedom (RNDFS):       0.
|  QMSHAKE_NOSHAKEMASK_OVERLAP =      0
|  NDFMIN =     120.     NUM_NOSHAKE =      0     CORRECTED RNDFP =     120.
|  TOTAL # of degrees of freedom (RNDF) =     120.
 ---------------------------------------------------

     eedmeth=4: Setting switch to one everywhere

 ---------------------------------------------------
| Local SIZE OF NONBOND LIST =          0
| TOTAL SIZE OF NONBOND LIST =          0

QMMM: Link Atom Information
QMMM: ------------------------------------------------------------------------
QMMM: nlink =     0
QMMM: ------------------------------------------------------------------------

  QMMM: QM Region Cartesian Coordinates (*=link atom) 
  QMMM: QM_NO.   MM_NO.  ATOM         X         Y         Z
  QMMM:     1        1      C       -1.3752    7.1934    0.0021
  QMMM:     2        2      C       -1.1801    5.8097   -0.0081
  QMMM:     3        3      C       -0.2856    8.0681    0.0042
  QMMM:     4        4      C        0.1014    5.2817   -0.0168
  QMMM:     5        5      C        0.9751    7.5437   -0.0010
  QMMM:     6        6      C        1.1772    6.1827    0.0102
  QMMM:     7        7      C        0.3906    3.8340    0.0265
  QMMM:     8        8      C       -0.4996    2.8452   -0.0072
  QMMM:     9        9      C       -0.2028    1.4102    0.0092
  QMMM:    10       10      H       -0.4584    9.0860    0.0298
  QMMM:    11       11      H       -2.4177    7.5894    0.0291
  QMMM:    12       12      H       -2.0925    5.1801   -0.0078
  QMMM:    13       13      H        1.8284    8.2384    0.0089
  QMMM:    14       14      H        2.2026    5.8314   -0.0143
  QMMM:    15       15      H        1.4558    3.5942   -0.0376
  QMMM:    16       16      H       -1.5067    3.0532    0.0400
  QMMM:    17       17      C       -1.2730    0.5262    0.0170
  QMMM:    18       18      C       -1.0897   -0.8546    0.0121
  QMMM:    19       19      C        1.0888    0.8616    0.0004
  QMMM:    20       20      C        1.2607   -0.5159   -0.0224
  QMMM:    21       21      C        0.2148   -1.4175   -0.0030
  QMMM:    22       22      C        0.5003   -2.8556    0.0065
  QMMM:    23       23      C       -0.3765   -3.8093    0.0182
  QMMM:    24       24      C       -0.1076   -5.2846   -0.0018
  QMMM:    25       25      H        1.9639    1.4997    0.0175
  QMMM:    26       26      H       -2.2977    0.8907    0.0540
  QMMM:    27       27      H       -1.9315   -1.5200   -0.0351
  QMMM:    28       28      H        2.2711   -0.8286    0.0082
  QMMM:    29       29      H        1.5628   -3.0567   -0.0570
  QMMM:    30       30      H       -1.4280   -3.6489   -0.0325
  QMMM:    31       31      C       -1.1655   -6.1761   -0.0167
  QMMM:    32       32      C       -1.0020   -7.5490   -0.0103
  QMMM:    33       33      C        0.3000   -8.0552   -0.0325
  QMMM:    34       34      C        1.3722   -7.1912   -0.0044
  QMMM:    35       35      C        1.1905   -5.8186   -0.0058
  QMMM:    36       36      H       -2.2147   -5.8355    0.0467
  QMMM:    37       37      H       -1.8226   -8.2023    0.0034
  QMMM:    38       38      H        0.5036   -9.1253   -0.0543
  QMMM:    39       39      H        2.4236   -7.6209    0.0524
  QMMM:    40       40      H        2.0422   -5.1441    0.0261

--------------------------------------------------------------------------------
  3.1 QM CALCULATION INFO
--------------------------------------------------------------------------------
 rnd_seed=           1
 !!!!!!-----NAESMD INPUT-----!!!!!!

 Ground state MD,      imdtype=           0
 Initial count for out files              0
 MD at constant energy
 Starting time, fs           0.0000000000000000     
 Time step, fs                        0.50000000000000000     
 Number of classical steps (CS)        20000
 Quantum steps/per CS                    0
 Displacement for deriv. [A]      1.0000000000000001E-005
 Newtonian dynamics,           therm_type=           0
 Temperature, K                  10.000000000000000     
 Bath relaxation constant       0.40000000000000002     
 Equilibrated dynamics
 Number of steps per degree K           100
 Number of steps to write data           10
 Number of steps to write coords         100
 Friction coefficient [1/ps]      2.0000000000000000     
 Seed for random generator               1
 NAESMD verbosity,            1
 MD will use analytic deriv,  ideriv=           1
 Cartesian coordinates are used
 Allocating initial naesmd_module variables
 Allocating md_module initial variables
 Allocating variables
 Allocating naesmd_module variables          40           5
 Allocating md_module variables          40
  Finish reading coordinates 
 Rescaling velocity

 Initial Geometry
    6        -1.375241    7.193392    0.002056
    6        -1.180111    5.809697   -0.008074
    6        -0.285570    8.068090    0.004192
    6         0.101358    5.281685   -0.016781
    6         0.975093    7.543724   -0.001050
    6         1.177242    6.182660    0.010178
    6         0.390601    3.834009    0.026538
    6        -0.499620    2.845179   -0.007169
    6        -0.202825    1.410195    0.009216
    1        -0.458381    9.085983    0.029837
    1        -2.417750    7.589389    0.029130
    1        -2.092514    5.180088   -0.007804
    1         1.828361    8.238362    0.008871
    1         2.202565    5.831366   -0.014348
    1         1.455790    3.594199   -0.037601
    1        -1.506665    3.053188    0.039958
    6        -1.273021    0.526163    0.016985
    6        -1.089716   -0.854571    0.012147
    6         1.088780    0.861602    0.000390
    6         1.260716   -0.515922   -0.022394
    6         0.214846   -1.417503   -0.003019
    6         0.500302   -2.855605    0.006507
    6        -0.376450   -3.809269    0.018235
    6        -0.107606   -5.284569   -0.001839
    1         1.963936    1.499749    0.017458
    1        -2.297670    0.890653    0.053952
    1        -1.931472   -1.520041   -0.035055
    1         2.271086   -0.828626    0.008198
    1         1.562800   -3.056725   -0.056975
    1        -1.427956   -3.648935   -0.032505
    6        -1.165534   -6.176084   -0.016702
    6        -1.002036   -7.549009   -0.010267
    6         0.300040   -8.055205   -0.032540
    6         1.372229   -7.191151   -0.004433
    6         1.190548   -5.818589   -0.005775
    1        -2.214656   -5.835479    0.046707
    1        -1.822647   -8.202308    0.003413
    1         0.503623   -9.125302   -0.054273
    1         2.423564   -7.620867    0.052395
    1         2.042212   -5.144051    0.026062
 nstep successful

| QMMM: Citation for AMBER QMMM Run:
| QMMM: R.C. Walker, M.F. Crowley and D.A. Case, J. COMP. CHEM. 29:1019, 2008

QMMM: SINGLET STATE CALCULATION
QMMM: RHF CALCULATION, NO. OF DOUBLY OCCUPIED LEVELS = 53

| QMMM: *** Selected Hamiltonian *** 
| QMMM: AM1         

| QMMM: *** Parameter sets in use ***
| QMMM: C : M.J.S.DEWAR et al. JACS, 107, 3902, (1985)
| QMMM: H : M.J.S.DEWAR et al. JACS, 107, 3902, (1985)

| QMMM: *** Diagonalization Routine Information ***
| QMMM: Pseudo diagonalizations are allowed.
| QMMM: Auto diagonalization routine selection is disabled.
| QMMM: Using internal diagonalization routine (diag_routine=1).

  QMMM: QM Region Cartesian Coordinates (*=link atom) 
  QMMM: QM_NO.   MM_NO.  ATOM         X         Y         Z
  QMMM:     1        1      C       -1.3752    7.1934    0.0021
  QMMM:     2        2      C       -1.1801    5.8097   -0.0081
  QMMM:     3        3      C       -0.2856    8.0681    0.0042
  QMMM:     4        4      C        0.1014    5.2817   -0.0168
  QMMM:     5        5      C        0.9751    7.5437   -0.0010
  QMMM:     6        6      C        1.1772    6.1827    0.0102
  QMMM:     7        7      C        0.3906    3.8340    0.0265
  QMMM:     8        8      C       -0.4996    2.8452   -0.0072
  QMMM:     9        9      C       -0.2028    1.4102    0.0092
  QMMM:    10       10      H       -0.4584    9.0860    0.0298
  QMMM:    11       11      H       -2.4177    7.5894    0.0291
  QMMM:    12       12      H       -2.0925    5.1801   -0.0078
  QMMM:    13       13      H        1.8284    8.2384    0.0089
  QMMM:    14       14      H        2.2026    5.8314   -0.0143
  QMMM:    15       15      H        1.4558    3.5942   -0.0376
  QMMM:    16       16      H       -1.5067    3.0532    0.0400
  QMMM:    17       17      C       -1.2730    0.5262    0.0170
  QMMM:    18       18      C       -1.0897   -0.8546    0.0121
  QMMM:    19       19      C        1.0888    0.8616    0.0004
  QMMM:    20       20      C        1.2607   -0.5159   -0.0224
  QMMM:    21       21      C        0.2148   -1.4175   -0.0030
  QMMM:    22       22      C        0.5003   -2.8556    0.0065
  QMMM:    23       23      C       -0.3765   -3.8093    0.0182
  QMMM:    24       24      C       -0.1076   -5.2846   -0.0018
  QMMM:    25       25      H        1.9639    1.4997    0.0175
  QMMM:    26       26      H       -2.2977    0.8907    0.0540
  QMMM:    27       27      H       -1.9315   -1.5200   -0.0351
  QMMM:    28       28      H        2.2711   -0.8286    0.0082
  QMMM:    29       29      H        1.5628   -3.0567   -0.0570
  QMMM:    30       30      H       -1.4280   -3.6489   -0.0325
  QMMM:    31       31      C       -1.1655   -6.1761   -0.0167
  QMMM:    32       32      C       -1.0020   -7.5490   -0.0103
  QMMM:    33       33      C        0.3000   -8.0552   -0.0325
  QMMM:    34       34      C        1.3722   -7.1912   -0.0044
  QMMM:    35       35      C        1.1905   -5.8186   -0.0058
  QMMM:    36       36      H       -2.2147   -5.8355    0.0467
  QMMM:    37       37      H       -1.8226   -8.2023    0.0034
  QMMM:    38       38      H        0.5036   -9.1253   -0.0543
  QMMM:    39       39      H        2.4236   -7.6209    0.0524
  QMMM:    40       40      H        2.0422   -5.1441    0.0261

--------------------------------------------------------------------------------
  RESULTS
--------------------------------------------------------------------------------

QMMM: SCF Converged to 0.1000E-09 in:    32 Cycles 
 @@@@ Davidson subroutine Found vectors           6
  i, e0(i), ferr(i), ftol0
  1 +++    3.235776658754431     0.12E-08 0.10E-06
  2 +++    3.718906278544826     0.30E-08 0.10E-06
  3 +++    3.873917659027028     0.94E-08 0.10E-06
  4 +++    3.884442870039009     0.23E-08 0.10E-06
  5 +++    3.902980087860372     0.83E-07 0.10E-06
  6 +++    4.105939002925378     0.32E-07 0.10E-06
 -------------------------------------------------

 Frequencies (eV) and Oscillator strengths (unitless)
        Omega            fx              fy              fz          ftotal
   1     3.23577665875443        0.110809417529272E-02     1.07221960711478        0.208687135819726E-03     1.07353638842589    
   2     3.71890627854483        0.683792876819348E-05    0.157124436836609E-03    0.581343985347270E-07    0.164020500003337E-03
   3     3.87391765902703        0.167498888676663E-02    0.261729283130797E-03    0.417248751516858E-04    0.197844304504911E-02
   4     3.88444287003901        0.246552698001598E-03    0.160337056977262E-03    0.964844815928072E-05    0.416538203138141E-03
   5     3.90298008786037        0.106215514965555E-04    0.808854218611301E-07    0.118261011259417E-05    0.118850470310108E-04
   6     4.10593900292538        0.889851406880458E-03    0.212329509099698E-01    0.227557134309708E-03    0.223503594511600E-01

 Frequencies (eV) and Transition Dipole Moments (AU)
        Omega            fx              fy              fz          ftotal
   1     3.23577665875443       -0.118227936442061        -3.67767752556656       -0.513073533747085E-01     13.5419222715230    
   2     3.71890627854483        0.866314755808034E-02    0.415274527346011E-01   -0.798785214208769E-03    0.180021751405604E-02
   3     3.87391765902703        0.132847019322719       -0.525136260822223E-01    0.209673416879435E-01    0.208456408846932E-01
   4     3.88444287003901       -0.508992698951581E-01    0.410462633316296E-01   -0.100689783491877E-01    0.437691573434604E-02
   5     3.90298008786037       -0.105394234569149E-01    0.919725022007269E-03   -0.351676759325707E-02    0.124292995225258E-03
   6     4.10593900292538        0.940531924612930E-01    0.459430659177110        0.475619907071221E-01    0.222184676564099    

 Total energy of the ground state (eV,AU)
           0  -3061.6311199835691       -112.51282725373603     
 Total energies of excited states (eV,AU)
           1  -3058.3953433248148       -112.39391469831359     
           2  -3057.9122137050244       -112.37616001875804     
           3  -3057.7572023245420       -112.37046345767962     
           4  -3057.7466771135300       -112.37007666345066     
           5  -3057.7281398957089       -112.36939543350991     
           6  -3057.5251809806437       -112.36193683368013     
QMMM:
QMMM: SCF Energy =      118.70135645 KCal/mol,       496.64647540 KJ/mol
QMMM: SCF Energy = Heat of formation

 NSTEP =        0   TIME(PS) =       0.000  TEMP(K) =   208.53  PRESS =     0.0
 Etot   =       143.5644  EKtot   =        24.8630  EPtot      =       118.7014
 BOND   =         0.0000  ANGLE   =         0.0000  DIHED      =         0.0000
 1-4 NB =         0.0000  1-4 EEL =         0.0000  VDWAALS    =         0.0000
 EELEC  =         0.0000  EHBOND  =         0.0000  RESTRAINT  =         0.0000
 AM1ESCF=       118.7014
 ------------------------------------------------------------------------------

QMMM: SCF Converged to 0.1000E-09 in:     3 Cycles 
  Restoring quirality in HF orbitals
 @@@@ Davidson subroutine Found vectors           6
  i, e0(i), ferr(i), ftol0
  1 +++    3.235776658749523     0.12E-08 0.10E-06
  2 +++    3.718906278600139     0.30E-08 0.10E-06
  3 +++    3.873917659025800     0.94E-08 0.10E-06
  4 +++    3.884442870062198     0.23E-08 0.10E-06
  5 +++    3.902980087867137     0.83E-07 0.10E-06
  6 +++    4.105939002928149     0.32E-07 0.10E-06
 -------------------------------------------------

 Frequencies (eV) and Oscillator strengths (unitless)
        Omega            fx              fy              fz          ftotal
   1     3.23577665874952        0.110809417268967E-02     1.07221960710783        0.208687135766306E-03     1.07353638841629    
   2     3.71890627860014        0.683792874919915E-05    0.157124436876099E-03    0.581343991328574E-07    0.164020500024431E-03
   3     3.87391765902580        0.167498888090948E-02    0.261729284602595E-03    0.417248751679129E-04    0.197844304067999E-02
   4     3.88444287006220        0.246552695991733E-03    0.160337056952525E-03    0.964844813603007E-05    0.416538201080289E-03
   5     3.90298008786714        0.106215514485142E-04    0.808854265222812E-07    0.118261011439931E-05    0.118850469894358E-04
   6     4.10593900292815        0.889851406198123E-03    0.212329509091000E-01    0.227557134298913E-03    0.223503594495970E-01

 Frequencies (eV) and Transition Dipole Moments (AU)
        Omega            fx              fy              fz          ftotal
   1     3.23577665874952       -0.118227936303285        -3.67767752555744       -0.513073533681805E-01     13.5419222714225    
   2     3.71890627860014        0.866314754598371E-02    0.415274527395108E-01   -0.798785218312080E-03    0.180021751426078E-02
   3     3.87391765902580        0.132847019090468       -0.525136262298821E-01    0.209673416920240E-01    0.208456408386651E-01
   4     3.88444287006220       -0.508992696875442E-01    0.410462633283409E-01   -0.100689783370256E-01    0.437691571269634E-02
   5     3.90298008786714       -0.105394234330708E-01    0.919725048506780E-03   -0.351676759593803E-02    0.124292994790253E-03
   6     4.10593900292815        0.940531924252014E-01    0.459430659167544        0.475619907059780E-01    0.222184676548412    

 Total energy of the ground state (eV,AU)
           0  -3061.6311199835618       -112.51282725373576     
 Total energies of excited states (eV,AU)
           1  -3058.3953433248121       -112.39391469831349     
           2  -3057.9122137049617       -112.37616001875574     
           3  -3057.7572023245361       -112.37046345767941     
           4  -3057.7466771134996       -112.37007666344955     
           5  -3057.7281398956948       -112.36939543350940     
           6  -3057.5251809806336       -112.36193683367976     
QMMM:
QMMM: SCF Energy =      118.70135645 KCal/mol,       496.64647540 KJ/mol
QMMM: SCF Energy = Heat of formation
 LPRINT:           1           0

 NSTEP =        1   TIME(PS) =       0.001  TEMP(K) =   209.28  PRESS =     0.0
 Etot   =       143.6544  EKtot   =        24.9530  EPtot      =       118.7014
 BOND   =         0.0000  ANGLE   =         0.0000  DIHED      =         0.0000
 1-4 NB =         0.0000  1-4 EEL =         0.0000  VDWAALS    =         0.0000
 EELEC  =         0.0000  EHBOND  =         0.0000  RESTRAINT  =         0.0000
 AM1ESCF=       118.7014
 ------------------------------------------------------------------------------

QMMM: SCF Converged to 0.1000E-09 in:    32 Cycles 
  Restoring quirality in HF orbitals
 @@@@ Davidson subroutine Found vectors           6
  i, e0(i), ferr(i), ftol0
  1 +++    3.232842591449049     0.13E-07 0.10E-06
  2 +++    3.707741657204109     0.20E-07 0.10E-06
  3 +++    3.872994265544827     0.40E-07 0.10E-06
  4 +++    3.882336889925196     0.24E-07 0.10E-06
  5 +++    3.900750954533609     0.22E-07 0.10E-06
  6 +++    4.100893049513289     0.20E-07 0.10E-06
 -------------------------------------------------

 Frequencies (eV) and Oscillator strengths (unitless)
        Omega            fx              fy              fz          ftotal
   1     3.23284259144905        0.889001883853000E-03     1.06221788937732        0.298000690720040E-03     1.06340489195189    
   2     3.70774165720411        0.106642288398430E-05    0.133317412768582E-03    0.829199860711823E-07    0.134466755638638E-03
   3     3.87299426554483        0.191304150469634E-02    0.187277697788255E-03    0.450928025432354E-04    0.214541200502783E-02
   4     3.88233688992520        0.611208556399339E-03    0.260094207046156E-03    0.213821034849868E-04    0.892684866930482E-03
   5     3.90075095453361        0.225403054513547E-04    0.565457540156184E-10    0.186615565305738E-05    0.244065176501661E-04
   6     4.10089304951329        0.118047744821163E-02    0.236152165178381E-01    0.317091133424363E-03    0.251127850994741E-01

 Frequencies (eV) and Transition Dipole Moments (AU)
        Omega            fx              fy              fz          ftotal
   1     3.23284259144905       -0.105944911729118        -3.66214527496895       -0.613390998146840E-01     13.4262948244647    
   2     3.70774165720411        0.342634458215939E-02    0.383097879109425E-01   -0.955423500608102E-03    0.148029252104260E-02
   3     3.87299426554483        0.141990671036301       -0.444263512921329E-01    0.217997357533127E-01    0.226102798293852E-01
   4     3.88233688992520       -0.801621110607068E-01    0.522925442798762E-01   -0.149933834016106E-01    0.938527578279959E-02
   5     3.90075095453361       -0.153577229655842E-01    0.243246685064989E-04   -0.441896806525518E-02    0.255387525138875E-03
   6     4.10089304951329        0.108395354043054        0.484816940685065        0.561789826177877E-01    0.249953096841315    

 Total energy of the ground state (eV,AU)
           0  -3061.5681704163508       -112.51051390065574     
 Total energies of excited states (eV,AU)
           1  -3058.3353278249019       -112.39170917017856     
           2  -3057.8604287591465       -112.37425695779427     
           3  -3057.6951761508058       -112.36818403867149     
           4  -3057.6858335264255       -112.36784070368375     
           5  -3057.6674194618172       -112.36716399953845     
           6  -3057.4672773668376       -112.35980891589965     
QMMM:
QMMM: SCF Energy =      120.15303642 KCal/mol,       502.72030439 KJ/mol
QMMM: SCF Energy = Heat of formation

 NSTEP =        2   TIME(PS) =       0.001  TEMP(K) =   198.13  PRESS =     0.0
 Etot   =       143.7758  EKtot   =        23.6228  EPtot      =       120.1530
 BOND   =         0.0000  ANGLE   =         0.0000  DIHED      =         0.0000
 1-4 NB =         0.0000  1-4 EEL =         0.0000  VDWAALS    =         0.0000
 EELEC  =         0.0000  EHBOND  =         0.0000  RESTRAINT  =         0.0000
 AM1ESCF=       120.1530
 ------------------------------------------------------------------------------


      A V E R A G E S   O V E R       2 S T E P S


 NSTEP =        2   TIME(PS) =       0.001  TEMP(K) =   203.70  PRESS =     0.0
 Etot   =       143.7151  EKtot   =        24.2879  EPtot      =       119.4272
 BOND   =         0.0000  ANGLE   =         0.0000  DIHED      =         0.0000
 1-4 NB =         0.0000  1-4 EEL =         0.0000  VDWAALS    =         0.0000
 EELEC  =         0.0000  EHBOND  =         0.0000  RESTRAINT  =         0.0000
 AM1ESCF=       119.4272
 ------------------------------------------------------------------------------


      R M S  F L U C T U A T I O N S


 NSTEP =        2   TIME(PS) =       0.001  TEMP(K) =     5.58  PRESS =     0.0
 Etot   =         0.0607  EKtot   =         0.6651  EPtot      =         0.7258
 BOND   =         0.0000  ANGLE   =         0.0000  DIHED      =         0.0000
 1-4 NB =         0.0000  1-4 EEL =         0.0000  VDWAALS    =         0.0000
 EELEC  =         0.0000  EHBOND  =         0.0000  RESTRAINT  =         0.0000
 AM1ESCF=         0.7258
 ------------------------------------------------------------------------------


--------------------------------------------------------------------------------
   5.  TIMINGS
--------------------------------------------------------------------------------

|    Read coords time           0.00 ( 0.02% of Total)
|                Build the list             0.00 (96.80% of List )
|                Other                      0.00 ( 3.20% of List )
|             List time                  0.00 (95.90% of Nonbo)
|             Ewald time                 0.00 ( 3.68% of Nonbo)
|             IPS excludes               0.00 ( 0.14% of Nonbo)
|             Other                      0.00 ( 0.28% of Nonbo)
|          Nonbond force              0.00 ( 0.05% of Force)
|             QMMM setup                 0.00 ( 0.01% of QMMM )
|                   QMMM hcore QM-QM           0.01 (100.0% of QMMM )
|                   QMMM hcore QM-MM           0.00 ( 0.04% of QMMM )
|                QMMM hcore calc            0.01 ( 2.24% of QMMM )
|                   QMMM fock build            0.07 (15.67% of QMMM )
|                   QMMM elec-energy cal       0.00 ( 0.31% of QMMM )
|                   QMMM full matrix dia       0.19 (45.99% of QMMM )
|                   QMMM pseudo matrix d       0.10 (25.17% of QMMM )
|                   QMMM density build         0.05 (12.84% of QMMM )
|                   Other                      0.00 ( 0.02% of QMMM )
|                QMMM scf                   0.42 (97.76% of QMMM )
|             QMMM energy                0.42 (31.12% of QMMM )
|             Other                      0.94 (68.86% of QMMM )
|          QMMM                       1.36 (100.0% of Force)
|       Force time                 1.37 (99.86% of Runmd)
|       Verlet update time         0.00 ( 0.11% of Runmd)
|       Other                      0.00 ( 0.03% of Runmd)
|    Runmd Time                 1.37 (99.69% of Total)
|    Other                      0.00 ( 0.29% of Total)
| Total time                 1.37 (100.0% of ALL  )

| Number of list builds   :          1

| Highest rstack allocated:          0
| Highest istack allocated:          0

| Final Performance Info:
| -----------------------------------------------------
| Average timings for all steps:
|     Elapsed(s) =       1.37 Per Step(ms) =     683.74
|         ns/day =       0.06   seconds/ns = 1367488.98
| -----------------------------------------------------

|           Job began  at 08:19:46.310  on 12/01/2018
|           Setup done at 08:19:46.314  on 12/01/2018
|           Run   done at 08:19:47.682  on 12/01/2018
|     wallclock() was called     937 times
ASSERTion 'ier == 0' failed in src/sqm/qmmm_module.F90 at line    892.
