
          -------------------------------------------------------
          Amber 18 SANDER                              2018
          -------------------------------------------------------

| Run on 02/14/2020 at 14:48:39

|   Executable path: sander
| Working directory: /home/dustin/Documents/TestRuns/qm_mm_prop/benzene_nh2/abs/traj_4/9
|          Hostname: Unknown
  [-O]verwriting output

File Assignments:
|  MDIN: nasqm_abs_t4_9.in                                                     
| MDOUT: nasqm_abs_t4_9.out                                                    
|INPCRD: snap_9_for_absorption_t4.rst                                          
|  PARM: m1.prmtop                                                             
|RESTRT: snap_9_for_absorption_t4_back.rst                                     
|  REFC: refc                                                                  
| MDVEL: mdvel                                                                 
| MDFRC: mdfrc                                                                 
|  MDEN: mden                                                                  
| MDCRD: nasqm_abs_t4_9.nc                                                     
|MDINFO: mdinfo                                                                
|  MTMD: mtmd                                                                  
|INPDIP: inpdip                                                                
|RSTDIP: rstdip                                                                
|INPTRA: inptraj                                                               


 Here is the input file:

300K constant temp QMMMMD                                                      
 &cntrl                                                                        
  imin=0,                                                                      
  irest=0,                                                                     
  ntx=5,                                                                       
  ntb=1,                                                                       
  ntp=0,                                                                       
  ig=-1,                                                                       
  taup=2.0,                                                                    
  cut=16.0,                                                                    
  ntr=0,                                                                       
  tempi=300.0,                                                                 
  temp0=300.0,                                                                 
  ntt=3,                                                                       
  gamma_ln=2.0,                                                                
  nstlim=0,                                                                    
  dt=0.0005,                                                                   
  ntpr=1,                                                                      
  ntwx=0,                                                                      
  ntwv=0,                                                                      
  ifqnt=1                                                                      
 /                                                                             
 &qmmm                                                                         
  scfconv=1.0000E-8,                                                           
  verbosity=1,                                                                 
  qmmask=':1',                                                                 
  diag_routine=1,                                                              
  qmcharge=0,                                                                  
  qm_theory='AM1',                                                             
  qmshake=0,                                                                   
  qm_ewald=0,                                                                  
  qm_pme=0,                                                                    
  nae=1                                                                        
 /                                                                             

--------------------------------------------------------------------------------
   1.  RESOURCE   USE: 
--------------------------------------------------------------------------------

| Flags:                                                                        
 getting new box info from bottom of inpcrd
|  INFO: Old style inpcrd file read

| peek_ewald_inpcrd: Box info found
|Largest sphere to fit in unit cell has radius =    22.679
| New format PARM file being parsed.
| Version =    1.000 Date = 09/26/18 Time = 13:58:55
 NATOM  =    4394 NTYPES =       7 NBONH =     883 MBONA  =    2635
 NTHETH =    2641 MTHETA =    2636 NPHIH =      26 MPHIA  =       9
 NHPARM =       0 NPARM  =       0 NNB   =    9698 NRES   =     877
 NBONA  =    2635 NTHETA =    2636 NPHIA =       9 NUMBND =       6
 NUMANG =       7 NPTRA  =       3 NATYP =       7 NPHB   =       0
 IFBOX  =       1 NMXRS  =      14 IFCAP =       0 NEXTRA =       0
 NCOPY  =       0


|     Memory Use     Allocated
|     Real              369502
|     Hollerith          14061
|     Integer           159675
|     Max Pairs        8541936
|     nblistReal         52728
|     nblist Int        151766
|       Total            37937 kbytes

| Note: 1-4 EEL scale factors are being read from the topology file.

| Note: 1-4 VDW scale factors are being read from the topology file.
| Duplicated    0 dihedrals
| Duplicated    0 dihedrals
LOADING THE QUANTUM ATOMS AS GROUPS
     Mask :1; matches    14 atoms

     BOX TYPE: RECTILINEAR
Note: ig = -1. Setting random seed to   916082 based on wallclock time in microseconds.

--------------------------------------------------------------------------------
   2.  CONTROL  DATA  FOR  THE  RUN
--------------------------------------------------------------------------------

m1                                                                              

General flags:
     imin    =       0, nmropt  =       0

Nature and format of input:
     ntx     =       5, irest   =       0, ntrx    =       1

Nature and format of output:
     ntxo    =       2, ntpr    =       1, ntrx    =       1, ntwr    =       1
     iwrap   =       0, ntwx    =       0, ntwv    =       0, ntwe    =       0
     ioutfm  =       1, ntwprt  =       0, idecomp =       0, rbornstat=      0

Potential function:
     ntf     =       1, ntb     =       1, igb     =       0, nsnb    =      25
     ipol    =       0, gbsa    =       0, iesp    =       0
     dielc   =   1.00000, cut     =  16.00000, intdiel =   1.00000

Frozen or restrained atoms:
     ibelly  =       0, ntr     =       0

Molecular dynamics:
     nstlim  =         0, nscm    =      1000, nrespa  =         1
     t       =   0.00000, dt      =   0.00050, vlimit  =  20.00000

Langevin dynamics temperature regulation:
     ig      =  916082
     temp0   = 300.00000, tempi   = 300.00000, gamma_ln=   2.00000

Ewald parameters:
     verbose =       0, ew_type =       0, nbflag  =       1, use_pme =       1
     vdwmeth =       1, eedmeth =       1, netfrc  =       1
     Box X =   49.256   Box Y =   50.133   Box Z =   45.358
     Alpha =   90.000   Beta  =   90.000   Gamma =   90.000
     NFFT1 =   50       NFFT2 =   50       NFFT3 =   45
     Cutoff=   16.000   Tol   =0.100E-04
     Ewald Coefficient =  0.16683
     Interpolation order =    4

QMMM options:
             ifqnt = True       nquant =       14
              qmgb =        0  qmcharge =        0   adjust_q =        2
              spin =        1     qmcut =  16.0000    qmshake =        0
          qmmm_int =        1
     lnk_atomic_no =        1   lnk_dis =   1.0900 lnk_method =        1
          qm_theory =     AM1 verbosity =        1
            qmqmdx = Analytical
      tight_p_conv = False (converge density to 0.05xSqrt[SCFCRT])
           scfconv = 0.100E-07  itrmax =     1000
      printcharges = False      printdipole = False      peptide_corr = False
    qmmmrij_incore = True 
  qmqm_erep_incore = True 
       pseudo_diag = True pseudo_diag_criteria =   0.0500
      diag_routine =        1
          qm_ewald =        0 qm_pme = False 

--------------------------------------------------------------------------------
   3.  ATOMIC COORDINATES AND VELOCITIES
--------------------------------------------------------------------------------

Cpptraj Generated Restart                                                       
 begin time read from input coords =     0.000 ps

 Number of triangulated 3-point waters found:        0
 identifying link atoms
 identified link atoms

     Sum of charges from parm topology file =   0.00000100
     Forcing neutrality...
QMMM: ADJUSTING CHARGES
QMMM: ----------------------------------------------------------------------
QMMM: adjust_q = 2
QMMM: Uniformly adjusting the charge of MM atoms to conserve total charge.
QMMM:                             qm_charge =    0
QMMM: QM atom RESP charge sum (inc MM link) =    0.000
QMMM: Adjusting each MM atom resp charge by =    0.000
QMMM:          Sum of MM + QM region is now =    0.000
QMMM: ----------------------------------------------------------------------
|  # of SOLUTE  degrees of freedom (RNDFP):   13182.
|  # of SOLVENT degrees of freedom (RNDFS):       0.
|  QMSHAKE_NOSHAKEMASK_OVERLAP =      0
|  NDFMIN =   13182.     NUM_NOSHAKE =      0     CORRECTED RNDFP =   13182.
|  TOTAL # of degrees of freedom (RNDF) =   13182.
 ---------------------------------------------------
 APPROXIMATING switch and d/dx switch using CUBIC SPLINE INTERPOLATION
 using   5000.0 points per unit in tabled values
 TESTING RELATIVE ERROR over r ranging from 0.0 to cutoff
| CHECK switch(x): max rel err =   0.2738E-14   at   2.422500
| CHECK d/dx switch(x): max rel err =   0.7766E-11   at   2.666360
 ---------------------------------------------------
| Local SIZE OF NONBOND LIST =    2093377
| TOTAL SIZE OF NONBOND LIST =    2093377

QMMM: Link Atom Information
QMMM: ------------------------------------------------------------------------
QMMM: nlink =     0
QMMM: ------------------------------------------------------------------------

  QMMM: QM Region Cartesian Coordinates (*=link atom) 
  QMMM: QM_NO.   MM_NO.  ATOM         X         Y         Z
  QMMM:     1        1      C       -0.3068   -0.7860   -1.5475
  QMMM:     2        2      C        0.7894   -1.2445   -0.7816
  QMMM:     3        3      C        1.0560   -0.8025    0.4786
  QMMM:     4        4      C        0.2599    0.2994    0.9313
  QMMM:     5        5      C       -0.8027    0.8163    0.1106
  QMMM:     6        6      C       -1.0330    0.2919   -1.1267
  QMMM:     7        7      H       -0.4515   -1.1606   -2.5579
  QMMM:     8        8      H        1.4852   -1.9338   -1.2007
  QMMM:     9        9      H        1.8567   -1.2652    1.1379
  QMMM:    10       10      H       -1.4079    1.7494    0.4775
  QMMM:    11       11      H       -1.8567    0.7010   -1.6532
  QMMM:    12       12      N        0.5652    0.9428    2.2030
  QMMM:    13       13      H        1.5100    0.8392    2.5579
  QMMM:    14       14      H        0.3131    1.9338    2.1673

--------------------------------------------------------------------------------
  3.1 QM CALCULATION INFO
--------------------------------------------------------------------------------
 rnd_seed=           1
 !!!!!!-----NAESMD INPUT-----!!!!!!

 Ground state MD,      imdtype=           0
 Initial count for out files              0
 MD at constant energy
 Starting time, fs           0.0000000000000000     
 Time step, fs                        0.50000000000000000     
 Number of classical steps (CS)        20000
 Quantum steps/per CS                    0
 Displacement for deriv. [A]      1.0000000000000001E-005
 Newtonian dynamics,           therm_type=           0
 Temperature, K                  10.000000000000000     
 Bath relaxation constant       0.40000000000000002     
 Equilibrated dynamics
 Number of steps per degree K           100
 Number of steps to write data           10
 Number of steps to write coords           1
 Friction coefficient [1/ps]      2.0000000000000000     
 Seed for random generator               1
 NAESMD verbosity,            1
 MD will use analytic deriv,  ideriv=           1
 Cartesian coordinates are used
 Allocating initial naesmd_module variables
 Allocating md_module initial variables
 Allocating variables
 Allocating naesmd_module variables          14           5
 Allocating md_module variables          14
  Finish reading coordinates 

 Initial Geometry
    6        -0.306762   -0.786000   -1.547464
    6         0.789437   -1.244529   -0.781582
    6         1.056035   -0.802545    0.478582
    6         0.259851    0.299388    0.931271
    6        -0.802735    0.816340    0.110559
    6        -1.032956    0.291894   -1.126738
    1        -0.451535   -1.160582   -2.557852
    1         1.485232   -1.933801   -1.200714
    1         1.856704   -1.265241    1.137924
    1        -1.407893    1.749435    0.477497
    1        -1.856704    0.701007   -1.653166
    7         0.565246    0.942756    2.203009
    1         1.509952    0.839248    2.557852
    1         0.313115    1.933801    2.167255
 nstep successful

| QMMM: Citation for AMBER QMMM Run:
| QMMM: R.C. Walker, M.F. Crowley and D.A. Case, J. COMP. CHEM. 29:1019, 2008

QMMM: SINGLET STATE CALCULATION
QMMM: RHF CALCULATION, NO. OF DOUBLY OCCUPIED LEVELS = 18

| QMMM: *** Selected Hamiltonian *** 
| QMMM: AM1         

| QMMM: *** Parameter sets in use ***
| QMMM: C : M.J.S.DEWAR et al. JACS, 107, 3902, (1985)
| QMMM: H : M.J.S.DEWAR et al. JACS, 107, 3902, (1985)
| QMMM: N : M.J.S.DEWAR et al. JACS, 107, 3902, (1985)

| QMMM: *** Diagonalization Routine Information ***
| QMMM: Pseudo diagonalizations are allowed.
| QMMM: Auto diagonalization routine selection is disabled.
| QMMM: Using internal diagonalization routine (diag_routine=1).

  QMMM: QM Region Cartesian Coordinates (*=link atom) 
  QMMM: QM_NO.   MM_NO.  ATOM         X         Y         Z
  QMMM:     1        1      C       -0.3068   -0.7860   -1.5475
  QMMM:     2        2      C        0.7894   -1.2445   -0.7816
  QMMM:     3        3      C        1.0560   -0.8025    0.4786
  QMMM:     4        4      C        0.2599    0.2994    0.9313
  QMMM:     5        5      C       -0.8027    0.8163    0.1106
  QMMM:     6        6      C       -1.0330    0.2919   -1.1267
  QMMM:     7        7      H       -0.4515   -1.1606   -2.5579
  QMMM:     8        8      H        1.4852   -1.9338   -1.2007
  QMMM:     9        9      H        1.8567   -1.2652    1.1379
  QMMM:    10       10      H       -1.4079    1.7494    0.4775
  QMMM:    11       11      H       -1.8567    0.7010   -1.6532
  QMMM:    12       12      N        0.5652    0.9428    2.2030
  QMMM:    13       13      H        1.5100    0.8392    2.5579
  QMMM:    14       14      H        0.3131    1.9338    2.1673

--------------------------------------------------------------------------------
  RESULTS
--------------------------------------------------------------------------------

QMMM: SCF Converged to 0.1000E-07 in:    19 Cycles 
          10           1   5.3958463605975442E-015
          10           1   1.1824190308514296E-015
           7           1   1.6056390429470407E-015
           9           3   1.5759962779249292E-015
           8           2   1.6715686994295265E-015
           9           1   1.4685382901044597E-015
 @@@@ Davidson subroutine Found vectors           6
  i, e0(i), ferr(i), ftol0
  1 +++    3.589678066518436     0.63E-05 0.10E-04
  2 +++    3.645805641876542     0.92E-06 0.10E-04
  3 +++    4.799552256121419     0.95E-06 0.10E-04
  4 +++    5.129291110557747     0.45E-05 0.10E-04
  5 +++    5.237237848641294     0.28E-05 0.10E-04
  6 +++    5.707733972346147     0.51E-05 0.10E-04
 -------------------------------------------------

 Frequencies (eV) and Oscillator strengths (unitless)
        Omega            fx              fy              fz          ftotal
   1     3.58967806651844        0.623677888486123E-02    0.372823404802264E-02    0.321299954946041E-03    0.102863128878299E-01
   2     3.64580564187654        0.864209643536637E-02    0.117292405693192E-01    0.631271920126957E-01    0.834985290173813E-01
   3     4.79955225612142        0.428162502654667E-02    0.153536367284053E-02    0.543102426411912E-02    0.112480129635063E-01
   4     5.12929111055775        0.795938019105821E-01    0.149439018765018        0.260550052439232E-01    0.255087825919523    
   5     5.23723784864129        0.633199823954336E-01    0.212767505806294E-02    0.222345946717110        0.287793604170606    
   6     5.70773397234615        0.334348714231284E-03    0.769112150283919E-02    0.472181334450444E-02    0.127472835615749E-01

 Frequencies (eV) and Transition Dipole Moments (AU)
        Omega            fx              fy              fz          ftotal
   1     3.58967806651844        0.266301409567593       -0.205894561746223        0.604433635577910E-01    0.116962411492536    
   2     3.64580564187654       -0.311052603097202       -0.362375838257369       -0.840683496647052        0.934818711580991    
   3     4.79955225612142       -0.190820484968169        0.114268443200489        0.214912438390680        0.956570907699782E-01
   4     5.12929111055775       -0.795851416077416         1.09049674111356        0.455342251745175         2.02989918507608    
   5     5.23723784864129       -0.702490226160235       -0.128772327302246        -1.31638977998234         2.24295688297144    
   6     5.70773397234615        0.488977650554500E-01    0.234522230996697        0.183756871547396        0.911582560999724E-01

 Total energy of the ground state (eV,AU)
           0  -1071.3258683572162       -39.370485089523491     
 Total energies of excited states (eV,AU)
           1  -1067.7361902906978       -39.238566902006220     
           2  -1067.6800627153398       -39.236504252410974     
           3  -1066.5263161010948       -39.194104861884846     
           4  -1066.1965772466585       -39.181987186922022     
           5  -1066.0886305085749       -39.178020218917503     
           6  -1065.6181343848700       -39.160729811609961     
 Ground State Molecular Dipole Moment (A.U.)
                         dx              dy              dz          ftotal
                     0.5180545      0.6177816      0.1173287E-01  0.8063326    
          35          18       94907980997184
          35          18       94907980997184
          35          18       94907980997184
          35          18       94907980997184
          35          18       94907980997184
          35          18       94907980997184

 Frequencies (eV) Unrelaxed Difference Dipole Moments (AU)
        Omega            dx              dy              dz          ftotal
   1   3.589678      0.3748571E-02  0.2290067      0.4520897      0.5067970    
   2   3.645806      0.5033450E-01  0.2614340      0.4070447      0.4863812    
   3   4.799552     -0.4020524     -0.3050472     -0.1211528      0.5190163    
   4   5.129291      0.9430998E-01  0.3675021E-01  0.1964657      0.2210062    
   5   5.237238      0.7004880E-01  0.7292262E-01  0.3137943      0.3296838    
   6   5.707734     -0.4780369E-01 -0.2320847     -0.8926711E-01  0.2532136    
QMMM:
QMMM: SCF Energy =       21.42228507 KCal/mol,        89.63084073 KJ/mol
QMMM: SCF Energy = Heat of formation

QMMM: Mulliken Charges of state:    0
QMMM: Atomic Charges for Step       1 :
QMMM:  Atom    Element       Mulliken Charge
QMMM:     1      C              -0.209086
QMMM:     2      C              -0.140301
QMMM:     3      C              -0.155777
QMMM:     4      C               0.021587
QMMM:     5      C              -0.182130
QMMM:     6      C              -0.105598
QMMM:     7      H               0.143753
QMMM:     8      H               0.128637
QMMM:     9      H               0.173560
QMMM:    10      H               0.161862
QMMM:    11      H               0.149879
QMMM:    12      N              -0.372798
QMMM:    13      H               0.200420
QMMM:    14      H               0.185991
QMMM: Total Mulliken Charge =    0.000000

 LPRINT:           1           0

 NSTEP =        0   TIME(PS) =       0.000  TEMP(K) =   290.23  PRESS =     0.0
 Etot   =     -1763.3172  EKtot   =      3801.3608  EPtot      =     -5564.6781
 BOND   =      1004.9306  ANGLE   =      1474.9491  DIHED      =         0.0000
 1-4 NB =         0.0000  1-4 EEL =         0.0000  VDWAALS    =     -5570.0461
 EELEC  =     -2495.9340  EHBOND  =         0.0000  RESTRAINT  =         0.0000
 AM1ESCF=        21.4223
 Ewald error estimate:   0.6703E-03
 ------------------------------------------------------------------------------


--------------------------------------------------------------------------------
   5.  TIMINGS
--------------------------------------------------------------------------------

|    Read coords time           0.01 ( 2.81% of Total)
|    Fast Water setup           0.00 ( 0.01% of Total)
|                Build the list             0.05 (88.01% of List )
|                Other                      0.01 (11.99% of List )
|             List time                  0.06 (50.85% of Nonbo)
|                   Short_ene time             0.05 (99.66% of Direc)
|                   Other                      0.00 ( 0.34% of Direc)
|                Direct Ewald time          0.05 (84.93% of Ewald)
|                Adjust Ewald time          0.00 ( 0.53% of Ewald)
|                Self Ewald time            0.00 ( 0.02% of Ewald)
|                   Fill Bspline coeffs        0.00 ( 4.90% of Recip)
|                   Fill charge grid           0.00 ( 9.74% of Recip)
|                   Scalar sum                 0.00 (15.90% of Recip)
|                   Grad sum                   0.00 (10.45% of Recip)
|                   FFT time                   0.00 (58.74% of Recip)
|                   Other                      0.00 ( 0.27% of Recip)
|                Recip Ewald time           0.01 (14.45% of Ewald)
|                Virial junk                0.00 ( 0.06% of Ewald)
|             Ewald time                 0.06 (49.15% of Nonbo)
|          Nonbond force              0.12 (64.81% of Force)
|             QMMM setup                 0.00 ( 0.06% of QMMM )
|             QMMM list build            0.00 ( 0.31% of QMMM )
|             QMMM prep coords           0.00 ( 0.32% of QMMM )
|                   QMMM hcore QM-QM           0.00 (39.36% of QMMM )
|                   QMMM hcore QM-MM           0.00 (60.49% of QMMM )
|                   Other                      0.00 ( 0.15% of QMMM )
|                QMMM hcore calc            0.00 (24.95% of QMMM )
|                   QMMM fock build            0.00 (41.88% of QMMM )
|                   QMMM elec-energy cal       0.00 ( 0.72% of QMMM )
|                   QMMM full matrix dia       0.00 (25.79% of QMMM )
|                   QMMM pseudo matrix d       0.00 (25.01% of QMMM )
|                   QMMM density build         0.00 ( 5.54% of QMMM )
|                   Other                      0.00 ( 1.05% of QMMM )
|                QMMM scf                   0.00 (75.05% of QMMM )
|             QMMM energy                0.00 ( 4.46% of QMMM )
|             QMMM Collate Forces        0.00 ( 0.02% of QMMM )
|             Other                      0.06 (94.83% of QMMM )
|          QMMM                       0.06 (34.99% of Force)
|          Bond/Angle/Dihedral        0.00 ( 0.18% of Force)
|          Other                      0.00 ( 0.02% of Force)
|       Force time                 0.18 (99.47% of Runmd)
|       Other                      0.00 ( 0.53% of Runmd)
|    Runmd Time                 0.18 (82.29% of Total)
|    Other                      0.03 (14.89% of Total)
| Total time                 0.22 (100.0% of ALL  )

| Number of list builds   :          1

| Highest rstack allocated:     366766
| Highest istack allocated:       4394
|           Job began  at 14:48:39.884  on 02/14/2020
|           Setup done at 14:48:39.923  on 02/14/2020
|           Run   done at 14:48:40.103  on 02/14/2020
|     wallclock() was called     295 times
ASSERTion 'ier == 0' failed in src/sqm/qmmm_module.F90 at line    892.
