
          -------------------------------------------------------
          Amber 18 SANDER                              2018
          -------------------------------------------------------

| Run on 02/14/2020 at 15:04:50

|   Executable path: sander
| Working directory: /home/dustin/Documents/TestRuns/qm_mm_prop/benzene_nh2/abs/traj_1/1
|          Hostname: Unknown
  [-O]verwriting output

File Assignments:
|  MDIN: nasqm_abs_t1_1.in                                                     
| MDOUT: nasqm_abs_t1_1.out                                                    
|INPCRD: snap_1_for_absorption_t1.rst                                          
|  PARM: m1.prmtop                                                             
|RESTRT: snap_1_for_absorption_t1_back.rst                                     
|  REFC: refc                                                                  
| MDVEL: mdvel                                                                 
| MDFRC: mdfrc                                                                 
|  MDEN: mden                                                                  
| MDCRD: nasqm_abs_t1_1.nc                                                     
|MDINFO: mdinfo                                                                
|  MTMD: mtmd                                                                  
|INPDIP: inpdip                                                                
|RSTDIP: rstdip                                                                
|INPTRA: inptraj                                                               


 Here is the input file:

300K constant temp QMMMMD                                                      
 &cntrl                                                                        
  imin=0,                                                                      
  irest=0,                                                                     
  ntx=5,                                                                       
  ntb=1,                                                                       
  ntp=0,                                                                       
  ig=-1,                                                                       
  taup=2.0,                                                                    
  cut=16.0,                                                                    
  ntr=0,                                                                       
  tempi=300.0,                                                                 
  temp0=300.0,                                                                 
  ntt=3,                                                                       
  gamma_ln=2.0,                                                                
  nstlim=0,                                                                    
  dt=0.0005,                                                                   
  ntpr=1,                                                                      
  ntwx=0,                                                                      
  ntwv=0,                                                                      
  ifqnt=1,                                                                     
 /                                                                             
 &qmmm                                                                         
  scfconv=1.0000E-8,                                                           
  verbosity=1,                                                                 
  qmmask=':1',                                                                 
  diag_routine=1,                                                              
  qmcharge=0,                                                                  
  qm_theory='AM1',                                                             
  qmshake=0,                                                                   
  qm_ewald=0,                                                                  
  qm_pme=0,                                                                    
  nae=1                                                                        
 /                                                                             

--------------------------------------------------------------------------------
   1.  RESOURCE   USE: 
--------------------------------------------------------------------------------

| Flags:                                                                        
 getting new box info from bottom of inpcrd
|  INFO: Old style inpcrd file read

| peek_ewald_inpcrd: Box info found
|Largest sphere to fit in unit cell has radius =    22.679
| New format PARM file being parsed.
| Version =    1.000 Date = 09/26/18 Time = 13:58:55
 NATOM  =    4394 NTYPES =       7 NBONH =     883 MBONA  =    2635
 NTHETH =    2641 MTHETA =    2636 NPHIH =      26 MPHIA  =       9
 NHPARM =       0 NPARM  =       0 NNB   =    9698 NRES   =     877
 NBONA  =    2635 NTHETA =    2636 NPHIA =       9 NUMBND =       6
 NUMANG =       7 NPTRA  =       3 NATYP =       7 NPHB   =       0
 IFBOX  =       1 NMXRS  =      14 IFCAP =       0 NEXTRA =       0
 NCOPY  =       0


|     Memory Use     Allocated
|     Real              369502
|     Hollerith          14061
|     Integer           159675
|     Max Pairs        8541936
|     nblistReal         52728
|     nblist Int        151766
|       Total            37937 kbytes

| Note: 1-4 EEL scale factors are being read from the topology file.

| Note: 1-4 VDW scale factors are being read from the topology file.
| Duplicated    0 dihedrals
| Duplicated    0 dihedrals
LOADING THE QUANTUM ATOMS AS GROUPS
     Mask :1; matches    14 atoms

     BOX TYPE: RECTILINEAR
Note: ig = -1. Setting random seed to   873313 based on wallclock time in microseconds.

--------------------------------------------------------------------------------
   2.  CONTROL  DATA  FOR  THE  RUN
--------------------------------------------------------------------------------

m1                                                                              

General flags:
     imin    =       0, nmropt  =       0

Nature and format of input:
     ntx     =       5, irest   =       0, ntrx    =       1

Nature and format of output:
     ntxo    =       2, ntpr    =       1, ntrx    =       1, ntwr    =       1
     iwrap   =       0, ntwx    =       0, ntwv    =       0, ntwe    =       0
     ioutfm  =       1, ntwprt  =       0, idecomp =       0, rbornstat=      0

Potential function:
     ntf     =       1, ntb     =       1, igb     =       0, nsnb    =      25
     ipol    =       0, gbsa    =       0, iesp    =       0
     dielc   =   1.00000, cut     =  16.00000, intdiel =   1.00000

Frozen or restrained atoms:
     ibelly  =       0, ntr     =       0

Molecular dynamics:
     nstlim  =         0, nscm    =      1000, nrespa  =         1
     t       =   0.00000, dt      =   0.00050, vlimit  =  20.00000

Langevin dynamics temperature regulation:
     ig      =  873313
     temp0   = 300.00000, tempi   = 300.00000, gamma_ln=   2.00000

Ewald parameters:
     verbose =       0, ew_type =       0, nbflag  =       1, use_pme =       1
     vdwmeth =       1, eedmeth =       1, netfrc  =       1
     Box X =   49.256   Box Y =   50.133   Box Z =   45.358
     Alpha =   90.000   Beta  =   90.000   Gamma =   90.000
     NFFT1 =   50       NFFT2 =   50       NFFT3 =   45
     Cutoff=   16.000   Tol   =0.100E-04
     Ewald Coefficient =  0.16683
     Interpolation order =    4

QMMM options:
             ifqnt = True       nquant =       14
              qmgb =        0  qmcharge =        0   adjust_q =        2
              spin =        1     qmcut =  16.0000    qmshake =        0
          qmmm_int =        1
     lnk_atomic_no =        1   lnk_dis =   1.0900 lnk_method =        1
          qm_theory =     AM1 verbosity =        1
            qmqmdx = Analytical
      tight_p_conv = False (converge density to 0.05xSqrt[SCFCRT])
           scfconv = 0.100E-07  itrmax =     1000
      printcharges = False      printdipole = False      peptide_corr = False
    qmmmrij_incore = True 
  qmqm_erep_incore = True 
       pseudo_diag = True pseudo_diag_criteria =   0.0500
      diag_routine =        1
          qm_ewald =        0 qm_pme = False 

--------------------------------------------------------------------------------
   3.  ATOMIC COORDINATES AND VELOCITIES
--------------------------------------------------------------------------------

Cpptraj Generated Restart                                                       
 begin time read from input coords =     0.000 ps

 Number of triangulated 3-point waters found:        0
 identifying link atoms
 identified link atoms

     Sum of charges from parm topology file =   0.00000100
     Forcing neutrality...
QMMM: ADJUSTING CHARGES
QMMM: ----------------------------------------------------------------------
QMMM: adjust_q = 2
QMMM: Uniformly adjusting the charge of MM atoms to conserve total charge.
QMMM:                             qm_charge =    0
QMMM: QM atom RESP charge sum (inc MM link) =    0.000
QMMM: Adjusting each MM atom resp charge by =    0.000
QMMM:          Sum of MM + QM region is now =    0.000
QMMM: ----------------------------------------------------------------------
|  # of SOLUTE  degrees of freedom (RNDFP):   13182.
|  # of SOLVENT degrees of freedom (RNDFS):       0.
|  QMSHAKE_NOSHAKEMASK_OVERLAP =      0
|  NDFMIN =   13182.     NUM_NOSHAKE =      0     CORRECTED RNDFP =   13182.
|  TOTAL # of degrees of freedom (RNDF) =   13182.
 ---------------------------------------------------
 APPROXIMATING switch and d/dx switch using CUBIC SPLINE INTERPOLATION
 using   5000.0 points per unit in tabled values
 TESTING RELATIVE ERROR over r ranging from 0.0 to cutoff
| CHECK switch(x): max rel err =   0.2738E-14   at   2.422500
| CHECK d/dx switch(x): max rel err =   0.7766E-11   at   2.666360
 ---------------------------------------------------
| Local SIZE OF NONBOND LIST =    2093913
| TOTAL SIZE OF NONBOND LIST =    2093913

QMMM: Link Atom Information
QMMM: ------------------------------------------------------------------------
QMMM: nlink =     0
QMMM: ------------------------------------------------------------------------

  QMMM: QM Region Cartesian Coordinates (*=link atom) 
  QMMM: QM_NO.   MM_NO.  ATOM         X         Y         Z
  QMMM:     1        1      C       -0.4132   -0.7115   -1.3101
  QMMM:     2        2      C        0.7263   -1.1982   -0.6534
  QMMM:     3        3      C        1.1392   -0.6431    0.5835
  QMMM:     4        4      C        0.3877    0.4032    1.1153
  QMMM:     5        5      C       -0.8280    0.7906    0.4768
  QMMM:     6        6      C       -1.1582    0.2929   -0.7390
  QMMM:     7        7      H       -0.6882   -1.0959   -2.3121
  QMMM:     8        8      H        1.2936   -2.0461   -1.0939
  QMMM:     9        9      H        2.0481   -1.0587    1.1144
  QMMM:    10       10      H       -1.4182    1.6415    0.9632
  QMMM:    11       11      H       -2.0481    0.6791   -1.2906
  QMMM:    12       12      N        0.7860    1.1567    2.2424
  QMMM:    13       13      H        1.7408    1.4114    2.3009
  QMMM:    14       14      H        0.2713    2.0461    2.3121

--------------------------------------------------------------------------------
  3.1 QM CALCULATION INFO
--------------------------------------------------------------------------------
 rnd_seed=           1
 !!!!!!-----NAESMD INPUT-----!!!!!!

 Ground state MD,      imdtype=           0
 Initial count for out files              0
 MD at constant energy
 Starting time, fs           0.0000000000000000     
 Time step, fs                        0.50000000000000000     
 Number of classical steps (CS)        20000
 Quantum steps/per CS                    0
 Displacement for deriv. [A]      1.0000000000000001E-005
 Newtonian dynamics,           therm_type=           0
 Temperature, K                  10.000000000000000     
 Bath relaxation constant       0.40000000000000002     
 Equilibrated dynamics
 Number of steps per degree K           100
 Number of steps to write data           10
 Number of steps to write coords           1
 Friction coefficient [1/ps]      2.0000000000000000     
 Seed for random generator               1
 NAESMD verbosity,            1
 MD will use analytic deriv,  ideriv=           1
 Cartesian coordinates are used
 Allocating initial naesmd_module variables
 Allocating md_module initial variables
 Allocating variables
 Allocating naesmd_module variables          14           5
 Allocating md_module variables          14
  Finish reading coordinates 

 Initial Geometry
    6        -0.413221   -0.711459   -1.310129
    6         0.726274   -1.198203   -0.653400
    6         1.139183   -0.643062    0.583462
    6         0.387705    0.403228    1.115347
    6        -0.827982    0.790648    0.476768
    6        -1.158201    0.292926   -0.739006
    1        -0.688150   -1.095923   -2.312065
    1         1.293623   -2.046119   -1.093870
    1         2.048073   -1.058742    1.114439
    1        -1.418242    1.641511    0.963242
    1        -2.048073    0.679080   -1.290560
    7         0.785984    1.156699    2.242449
    1         1.740795    1.411416    2.300920
    1         0.271278    2.046119    2.312065
 nstep successful

| QMMM: Citation for AMBER QMMM Run:
| QMMM: R.C. Walker, M.F. Crowley and D.A. Case, J. COMP. CHEM. 29:1019, 2008

QMMM: SINGLET STATE CALCULATION
QMMM: RHF CALCULATION, NO. OF DOUBLY OCCUPIED LEVELS = 18

| QMMM: *** Selected Hamiltonian *** 
| QMMM: AM1         

| QMMM: *** Parameter sets in use ***
| QMMM: C : M.J.S.DEWAR et al. JACS, 107, 3902, (1985)
| QMMM: H : M.J.S.DEWAR et al. JACS, 107, 3902, (1985)
| QMMM: N : M.J.S.DEWAR et al. JACS, 107, 3902, (1985)

| QMMM: *** Diagonalization Routine Information ***
| QMMM: Pseudo diagonalizations are allowed.
| QMMM: Auto diagonalization routine selection is disabled.
| QMMM: Using internal diagonalization routine (diag_routine=1).

  QMMM: QM Region Cartesian Coordinates (*=link atom) 
  QMMM: QM_NO.   MM_NO.  ATOM         X         Y         Z
  QMMM:     1        1      C       -0.4132   -0.7115   -1.3101
  QMMM:     2        2      C        0.7263   -1.1982   -0.6534
  QMMM:     3        3      C        1.1392   -0.6431    0.5835
  QMMM:     4        4      C        0.3877    0.4032    1.1153
  QMMM:     5        5      C       -0.8280    0.7906    0.4768
  QMMM:     6        6      C       -1.1582    0.2929   -0.7390
  QMMM:     7        7      H       -0.6882   -1.0959   -2.3121
  QMMM:     8        8      H        1.2936   -2.0461   -1.0939
  QMMM:     9        9      H        2.0481   -1.0587    1.1144
  QMMM:    10       10      H       -1.4182    1.6415    0.9632
  QMMM:    11       11      H       -2.0481    0.6791   -1.2906
  QMMM:    12       12      N        0.7860    1.1567    2.2424
  QMMM:    13       13      H        1.7408    1.4114    2.3009
  QMMM:    14       14      H        0.2713    2.0461    2.3121

--------------------------------------------------------------------------------
  RESULTS
--------------------------------------------------------------------------------

QMMM: SCF Converged to 0.1000E-07 in:    19 Cycles 
           8           1   3.0905047401427743E-015
          10           1   7.4777152785782119E-015
           8           1   2.0153963133789921E-015
          10           1   3.4046658721476053E-015
           8           1   1.0428805171866506E-015
           8           1   3.2845904815448357E-015
 @@@@ Davidson subroutine Found vectors           6
  i, e0(i), ferr(i), ftol0
  1 +++    3.551321933413608     0.20E-05 0.10E-04
  2 +++    3.702273760971221     0.62E-06 0.10E-04
  3 +++    4.836396074087818     0.24E-05 0.10E-04
  4 +++    5.103195908568146     0.35E-05 0.10E-04
  5 +++    5.196434191684983     0.46E-05 0.10E-04
  6 +++    5.769752532635693     0.86E-05 0.10E-04
 -------------------------------------------------

 Frequencies (eV) and Oscillator strengths (unitless)
        Omega            fx              fy              fz          ftotal
   1     3.55132193341361        0.121033661386828E-01    0.173547270154174E-05    0.101505376960606E-01    0.222556393074450E-01
   2     3.70227376097122        0.365796550388987E-02    0.133015639676812E-01    0.344570330108785E-01    0.514165624824496E-01
   3     4.83639607408782        0.124575224608611E-02    0.164264788181982E-01    0.451713003866252E-01    0.628435314509095E-01
   4     5.10319590856815        0.114443036941231        0.121924017301809        0.119769208211187E-01    0.248343975064158    
   5     5.19643419168498        0.607720432361335E-01    0.195305181377621E-01    0.190044154288035        0.270346715661930    
   6     5.76975253263569        0.225844658681528E-02    0.673208027027358E-05    0.104761186022850E-01    0.127412972693706E-01

 Frequencies (eV) and Transition Dipole Moments (AU)
        Omega            fx              fy              fz          ftotal
   1     3.55132193341361        0.372974470648212       -0.446616654411658E-02    0.341562784031330        0.255795037834147    
   2     3.70227376097122       -0.200819823317864       -0.382946523758173       -0.616347611518410        0.566861019720335    
   3     4.83639607408782       -0.102535900967370        0.372333704572346        0.617435234125109        0.530372266886885    
   4     5.10319590856815        0.956741492142433       -0.987516938996900       -0.309508450573851         1.98633946856936    
   5     5.19643419168498        0.690908038540301        0.391674420109626         1.22178723733309         2.12352682239784    
   6     5.76975253263569       -0.126400083561114       -0.690108047751028E-02   -0.272234180542925        0.901360550918915E-01

 Total energy of the ground state (eV,AU)
           0  -1071.4939244166453       -39.376661033535846     
 Total energies of excited states (eV,AU)
           1  -1067.9426024832317       -39.246152407395826     
           2  -1067.7916506556742       -39.240605032081163     
           3  -1066.6575283425575       -39.198926821055863     
           4  -1066.3907285080772       -39.189122111568729     
           5  -1066.2974902249603       -39.185695669116761     
           6  -1065.7241718840096       -39.164626616403076     
 Ground State Molecular Dipole Moment (A.U.)
                         dx              dy              dz          ftotal
                     0.3413117      0.5986800     -0.2557094      0.7350502    
          35          18       94804420985312
          35          18       94804420985312
          35          18       94804420985312
          35          18       94804420985312
          35          18       94804420985312
          35          18       94804420985312

 Frequencies (eV) Unrelaxed Difference Dipole Moments (AU)
        Omega            dx              dy              dz          ftotal
   1   3.551322      0.4277461      0.1572252      0.5369222      0.7042527    
   2   3.702274     -0.8573936E-01  0.3458241      0.3232767      0.4810960    
   3   4.836396     -0.1382993     -0.2396895      0.4873108E-01  0.2809849    
   4   5.103196      0.1443344      0.1847522E-01  0.2224988      0.2658561    
   5   5.196434      0.4771033E-02  0.4951929E-02  0.3305151      0.3305866    
   6   5.769753     -0.6107354E-01  0.8859754E-01 -0.4904168E-01  0.1182565    
QMMM:
QMMM: SCF Energy =       17.54674428 KCal/mol,        73.41557808 KJ/mol
QMMM: SCF Energy = Heat of formation

QMMM: Mulliken Charges of state:    0
QMMM: Atomic Charges for Step       1 :
QMMM:  Atom    Element       Mulliken Charge
QMMM:     1      C              -0.201727
QMMM:     2      C              -0.130292
QMMM:     3      C              -0.164924
QMMM:     4      C               0.012100
QMMM:     5      C              -0.185558
QMMM:     6      C              -0.112257
QMMM:     7      H               0.151557
QMMM:     8      H               0.142557
QMMM:     9      H               0.169516
QMMM:    10      H               0.145533
QMMM:    11      H               0.148836
QMMM:    12      N              -0.345867
QMMM:    13      H               0.196879
QMMM:    14      H               0.173647
QMMM: Total Mulliken Charge =    0.000000

 LPRINT:           1           0

 NSTEP =        0   TIME(PS) =       0.000  TEMP(K) =   281.31  PRESS =     0.0
 Etot   =     -1836.2057  EKtot   =      3684.4958  EPtot      =     -5520.7014
 BOND   =      1045.0852  ANGLE   =      1517.6006  DIHED      =         0.0000
 1-4 NB =         0.0000  1-4 EEL =         0.0000  VDWAALS    =     -5607.3841
 EELEC  =     -2493.5499  EHBOND  =         0.0000  RESTRAINT  =         0.0000
 AM1ESCF=        17.5467
 Ewald error estimate:   0.4423E-03
 ------------------------------------------------------------------------------


--------------------------------------------------------------------------------
   5.  TIMINGS
--------------------------------------------------------------------------------

|    Read coords time           0.01 ( 4.39% of Total)
|    Fast Water setup           0.00 ( 0.01% of Total)
|                Build the list             0.08 (85.30% of List )
|                Other                      0.01 (14.70% of List )
|             List time                  0.09 (57.64% of Nonbo)
|                   Short_ene time             0.06 (99.68% of Direc)
|                   Other                      0.00 ( 0.32% of Direc)
|                Direct Ewald time          0.06 (85.06% of Ewald)
|                Adjust Ewald time          0.00 ( 0.51% of Ewald)
|                Self Ewald time            0.00 ( 0.02% of Ewald)
|                   Fill Bspline coeffs        0.00 ( 4.91% of Recip)
|                   Fill charge grid           0.00 ( 9.85% of Recip)
|                   Scalar sum                 0.00 (15.59% of Recip)
|                   Grad sum                   0.00 (10.72% of Recip)
|                   FFT time                   0.01 (58.66% of Recip)
|                   Other                      0.00 ( 0.27% of Recip)
|                Recip Ewald time           0.01 (14.35% of Ewald)
|                Virial junk                0.00 ( 0.05% of Ewald)
|                Other                      0.00 ( 0.01% of Ewald)
|             Ewald time                 0.07 (42.36% of Nonbo)
|          Nonbond force              0.16 (71.39% of Force)
|             QMMM setup                 0.00 ( 0.06% of QMMM )
|             QMMM list build            0.00 ( 0.33% of QMMM )
|             QMMM prep coords           0.00 ( 0.32% of QMMM )
|                   QMMM hcore QM-QM           0.00 (39.17% of QMMM )
|                   QMMM hcore QM-MM           0.00 (60.83% of QMMM )
|                QMMM hcore calc            0.00 (22.80% of QMMM )
|                   QMMM fock build            0.00 (40.77% of QMMM )
|                   QMMM elec-energy cal       0.00 ( 0.62% of QMMM )
|                   QMMM full matrix dia       0.00 (26.98% of QMMM )
|                   QMMM pseudo matrix d       0.00 (24.89% of QMMM )
|                   QMMM density build         0.00 ( 5.70% of QMMM )
|                   Other                      0.00 ( 1.05% of QMMM )
|                QMMM scf                   0.00 (77.20% of QMMM )
|             QMMM energy                0.00 ( 4.41% of QMMM )
|             QMMM Collate Forces        0.00 ( 0.03% of QMMM )
|             Other                      0.06 (94.85% of QMMM )
|          QMMM                       0.06 (28.41% of Force)
|          Bond/Angle/Dihedral        0.00 ( 0.17% of Force)
|          Other                      0.00 ( 0.02% of Force)
|       Force time                 0.22 (99.55% of Runmd)
|       Other                      0.00 ( 0.45% of Runmd)
|    Runmd Time                 0.22 (74.10% of Total)
|    Other                      0.06 (21.50% of Total)
| Total time                 0.30 (100.0% of ALL  )

| Number of list builds   :          1

| Highest rstack allocated:     366766
| Highest istack allocated:       4394
|           Job began  at 15:04:50.812  on 02/14/2020
|           Setup done at 15:04:50.888  on 02/14/2020
|           Run   done at 15:04:51.107  on 02/14/2020
|     wallclock() was called     295 times
ASSERTion 'ier == 0' failed in src/sqm/qmmm_module.F90 at line    892.
