FINAL HEAT OF FORMATION =     -3059.1681443497  time =       0.0000000000
$COEFF
     1.0000000000     0.0000000000
     0.0000000000     0.0000000000
     0.0000000000     0.0000000000
     0.0000000000     0.0000000000
     0.0000000000     0.0000000000
$ENDCOEFF
