
          -------------------------------------------------------
          Amber 18 SANDER                              2018
          -------------------------------------------------------

| Run on 02/12/2020 at 12:08:30

|   Executable path: sander
| Working directory: /home/dustin/Documents/TestRuns/qm_mm_prop/benzene_nh2/qmground/traj_2/restart_1
|          Hostname: Unknown
  [-O]verwriting output

File Assignments:
|  MDIN: nasqm_qmground_t2_r1.in                                               
| MDOUT: nasqm_qmground_t2_r1.out                                              
|INPCRD: snap_for_qmground_t2_r1.rst                                           
|  PARM: m1.prmtop                                                             
|RESTRT: snap_for_qmground_t2_r2.rst                                           
|  REFC: refc                                                                  
| MDVEL: mdvel                                                                 
| MDFRC: mdfrc                                                                 
|  MDEN: mden                                                                  
| MDCRD: nasqm_qmground_t2_r1.nc                                               
|MDINFO: mdinfo                                                                
|  MTMD: mtmd                                                                  
|INPDIP: inpdip                                                                
|RSTDIP: rstdip                                                                
|INPTRA: inptraj                                                               


 Here is the input file:

300K constant temp QMMMMD                                                      
 &cntrl                                                                        
  imin=0,                                                                      
  iwrap=1,                                                                     
  irest=0,                                                                     
  ntx=5,                                                                       
  ntb=1, ! 1-Constant Volume, 2-Pressure                                       
  ntp=0,                                                                       
  ig=-1,                                                                       
  taup=2.0,                                                                    
  cut=8.0,                                                                     
  ntr=0,                                                                       
  tempi=300.0,                                                                 
  temp0=300.0,                                                                 
  ntt=0, ! 0-Constant-Energy, 1-Weak-Coupling, 2-Anderson, 3-Langevin          
  gamma_ln=0, ! must be 0 if ntt < 3                                           
  nstlim=10,                                                                   
  dt=0.0005,                                                                   
  ntpr=1,                                                                      
  ntwx=2,                                                                      
  ntwv=-1,                                                                     
  ifqnt=1                                                                      
 /                                                                             
 &qmmm                                                                         
  scfconv=1.0000E-10,                                                          
  verbosity=1,                                                                 
  qmmask=':1',                                                                 
  diag_routine=1,                                                              
  qmcharge=0,                                                                  
  qm_theory='AM1',                                                             
  qmshake=0,                                                                   
  printdipole=1,                                                               
  qm_ewald=0,                                                                  
  qm_pme=0,                                                                    
 /                                                                             

--------------------------------------------------------------------------------
   1.  RESOURCE   USE: 
--------------------------------------------------------------------------------

| Flags:                                                                        
 getting new box info from bottom of inpcrd
|  INFO: Old style inpcrd file read

| peek_ewald_inpcrd: Box info found
|Largest sphere to fit in unit cell has radius =    22.679
| New format PARM file being parsed.
| Version =    1.000 Date = 09/26/18 Time = 13:58:55
 NATOM  =    4394 NTYPES =       7 NBONH =     883 MBONA  =    2635
 NTHETH =    2641 MTHETA =    2636 NPHIH =      26 MPHIA  =       9
 NHPARM =       0 NPARM  =       0 NNB   =    9698 NRES   =     877
 NBONA  =    2635 NTHETA =    2636 NPHIA =       9 NUMBND =       6
 NUMANG =       7 NPTRA  =       3 NATYP =       7 NPHB   =       0
 IFBOX  =       1 NMXRS  =      14 IFCAP =       0 NEXTRA =       0
 NCOPY  =       0


|     Memory Use     Allocated
|     Real              373094
|     Hollerith          14061
|     Integer           159675
|     Max Pairs        1464666
|     nblistReal         52728
|     nblist Int        368993
|       Total            11168 kbytes

| Note: 1-4 EEL scale factors are being read from the topology file.

| Note: 1-4 VDW scale factors are being read from the topology file.
| Duplicated    0 dihedrals
| Duplicated    0 dihedrals
LOADING THE QUANTUM ATOMS AS GROUPS
     Mask :1; matches    14 atoms

     BOX TYPE: RECTILINEAR
Note: ig = -1. Setting random seed to   727932 based on wallclock time in microseconds.

--------------------------------------------------------------------------------
   2.  CONTROL  DATA  FOR  THE  RUN
--------------------------------------------------------------------------------

m1                                                                              

General flags:
     imin    =       0, nmropt  =       0

Nature and format of input:
     ntx     =       5, irest   =       0, ntrx    =       1

Nature and format of output:
     ntxo    =       2, ntpr    =       1, ntrx    =       1, ntwr    =      10
     iwrap   =       1, ntwx    =       2, ntwv    =      -1, ntwe    =       0
     ioutfm  =       1, ntwprt  =       0, idecomp =       0, rbornstat=      0

Potential function:
     ntf     =       1, ntb     =       1, igb     =       0, nsnb    =      25
     ipol    =       0, gbsa    =       0, iesp    =       0
     dielc   =   1.00000, cut     =   8.00000, intdiel =   1.00000

Frozen or restrained atoms:
     ibelly  =       0, ntr     =       0

Molecular dynamics:
     nstlim  =        10, nscm    =      1000, nrespa  =         1
     t       =   0.00000, dt      =   0.00050, vlimit  =  20.00000

Initial temperature generation:
     ig      =  727932
     tempi   = 300.00000

Ewald parameters:
     verbose =       0, ew_type =       0, nbflag  =       1, use_pme =       1
     vdwmeth =       1, eedmeth =       1, netfrc  =       1
     Box X =   49.256   Box Y =   50.133   Box Z =   45.358
     Alpha =   90.000   Beta  =   90.000   Gamma =   90.000
     NFFT1 =   50       NFFT2 =   50       NFFT3 =   45
     Cutoff=    8.000   Tol   =0.100E-04
     Ewald Coefficient =  0.34864
     Interpolation order =    4

QMMM options:
             ifqnt = True       nquant =       14
              qmgb =        0  qmcharge =        0   adjust_q =        2
              spin =        1     qmcut =   8.0000    qmshake =        0
          qmmm_int =        1
     lnk_atomic_no =        1   lnk_dis =   1.0900 lnk_method =        1
          qm_theory =     AM1 verbosity =        1
            qmqmdx = Analytical
      tight_p_conv = False (converge density to 0.05xSqrt[SCFCRT])
           scfconv = 0.100E-09  itrmax =     1000
      printcharges = False      printdipole = QM         peptide_corr = False
    qmmmrij_incore = True 
  qmqm_erep_incore = True 
       pseudo_diag = True pseudo_diag_criteria =   0.0500
      diag_routine =        1
          qm_ewald =        0 qm_pme = False 

--------------------------------------------------------------------------------
   3.  ATOMIC COORDINATES AND VELOCITIES
--------------------------------------------------------------------------------

Cpptraj Generated Restart                                                       
 begin time read from input coords =     0.005 ps

 Number of triangulated 3-point waters found:        0
 identifying link atoms
 identified link atoms

     Sum of charges from parm topology file =   0.00000100
     Forcing neutrality...
QMMM: ADJUSTING CHARGES
QMMM: ----------------------------------------------------------------------
QMMM: adjust_q = 2
QMMM: Uniformly adjusting the charge of MM atoms to conserve total charge.
QMMM:                             qm_charge =    0
QMMM: QM atom RESP charge sum (inc MM link) =    0.000
QMMM: Adjusting each MM atom resp charge by =    0.000
QMMM:          Sum of MM + QM region is now =    0.000
QMMM: ----------------------------------------------------------------------
|  # of SOLUTE  degrees of freedom (RNDFP):   13182.
|  # of SOLVENT degrees of freedom (RNDFS):       0.
|  QMSHAKE_NOSHAKEMASK_OVERLAP =      0
|  NDFMIN =   13179.     NUM_NOSHAKE =      0     CORRECTED RNDFP =   13179.
|  TOTAL # of degrees of freedom (RNDF) =   13179.
 ---------------------------------------------------
 APPROXIMATING switch and d/dx switch using CUBIC SPLINE INTERPOLATION
 using   5000.0 points per unit in tabled values
 TESTING RELATIVE ERROR over r ranging from 0.0 to cutoff
| CHECK switch(x): max rel err =   0.2738E-14   at   2.422500
| CHECK d/dx switch(x): max rel err =   0.8332E-11   at   2.782960
 ---------------------------------------------------
| Local SIZE OF NONBOND LIST =     349630
| TOTAL SIZE OF NONBOND LIST =     349630

QMMM: Link Atom Information
QMMM: ------------------------------------------------------------------------
QMMM: nlink =     0
QMMM: ------------------------------------------------------------------------

  QMMM: QM Region Cartesian Coordinates (*=link atom) 
  QMMM: QM_NO.   MM_NO.  ATOM         X         Y         Z
  QMMM:     1        1      C       -0.3967   -0.4691   -1.6246
  QMMM:     2        2      C        0.7842   -0.9540   -0.9897
  QMMM:     3        3      C        1.1714   -0.5125    0.2273
  QMMM:     4        4      C        0.4419    0.4633    0.8754
  QMMM:     5        5      C       -0.7334    0.9653    0.2574
  QMMM:     6        6      C       -1.1961    0.5387   -0.9683
  QMMM:     7        7      H       -0.8400   -1.0068   -2.5019
  QMMM:     8        8      H        1.3870   -1.7797   -1.4460
  QMMM:     9        9      H        2.0890   -0.8193    0.7872
  QMMM:    10       10      H       -1.2437    1.7348    0.8741
  QMMM:    11       11      H       -2.0890    1.0476   -1.3692
  QMMM:    12       12      N        0.6715    0.8101    2.1917
  QMMM:    13       13      H        1.4785    0.2783    2.5019
  QMMM:    14       14      H        0.8004    1.7797    2.3059

--------------------------------------------------------------------------------
  3.1 QM CALCULATION INFO
--------------------------------------------------------------------------------

| QMMM: Citation for AMBER QMMM Run:
| QMMM: R.C. Walker, M.F. Crowley and D.A. Case, J. COMP. CHEM. 29:1019, 2008

QMMM: SINGLET STATE CALCULATION
QMMM: RHF CALCULATION, NO. OF DOUBLY OCCUPIED LEVELS = 18

| QMMM: *** Selected Hamiltonian *** 
| QMMM: AM1         

| QMMM: *** Parameter sets in use ***
| QMMM: C : M.J.S.DEWAR et al. JACS, 107, 3902, (1985)
| QMMM: H : M.J.S.DEWAR et al. JACS, 107, 3902, (1985)
| QMMM: N : M.J.S.DEWAR et al. JACS, 107, 3902, (1985)

| QMMM: *** Diagonalization Routine Information ***
| QMMM: Pseudo diagonalizations are allowed.
| QMMM: Auto diagonalization routine selection is disabled.
| QMMM: Using internal diagonalization routine (diag_routine=1).

| QMMM: Estimated QM Dynamic Memory Usage (per thread)
| QMMM: ---------------------------------------------------
| QMMM:              QM Atom Type Info :          800 bytes
| QMMM:         QM RESP Charge Storage :          112 bytes
| QMMM:            QM Atom Number List :           56 bytes
| QMMM:                Link Atom Pairs :            0 bytes
| QMMM:          QM Atomic Number List :           56 bytes
| QMMM:                QM-MM Pair List :        17524 bytes
| QMMM:                   QM Atom Mask :         8788 bytes
| QMMM:           QM Coordinate Arrays :       140944 bytes
| QMMM:         Scaled MM Charge Array :        35152 bytes
| QMMM:    SCF Mulliken Charge Storage :          112 bytes
| QMMM:                QM Force Arrays :       105792 bytes
| QMMM:                 Density Matrix :         5040 bytes
| QMMM:          Density Matrix Copies :         5320 bytes
| QMMM: Fock2 Density Matrix Workspace :         1792 bytes
| QMMM:                    Fock Matrix :         5040 bytes
| QMMM:           Eigen Vector Storage :         9800 bytes
| QMMM: QM-QM Elec Repulsion Integrals :        16016 bytes
| QMMM:  QM 2-Elec Repulsion Integrals :        20888 bytes
| QMMM:              1-Electron Matrix :         5040 bytes
| QMMM:       _REAL_ parameter storage :        38584 bytes
| QMMM:      integer parameter storage :          448 bytes
| QMMM:         QM-MM RIJ Eqns storage :       198000 bytes
| QMMM:          _REAL_ Scratch arrays :       164472 bytes
| QMMM:         Integer Scratch arrays :        55176 bytes
| QMMM: ---------------------------------------------------
| QMMM:        Total Dynamic Memory Usage:      0.796 Mb

--------------------------------------------------------------------------------
   4.  RESULTS
--------------------------------------------------------------------------------

QMMM: SCF Converged to 0.1000E-09 in:    22 Cycles 
QMMM:
QMMM: SCF Energy =       24.41833368 KCal/mol,       102.16630812 KJ/mol
QMMM: SCF Energy = Heat of formation

 NSTEP =        0   TIME(PS) =       0.000  TEMP(K) =   287.18  PRESS =     0.0
 Etot   =     -1829.3395  EKtot   =      3760.5645  EPtot      =     -5589.9040
 BOND   =      1049.4151  ANGLE   =      1487.8373  DIHED      =         0.0000
 1-4 NB =         0.0000  1-4 EEL =         0.0000  VDWAALS    =     -5636.6534
 EELEC  =     -2514.9213  EHBOND  =         0.0000  RESTRAINT  =         0.0000
 AM1ESCF=        24.4183
 Ewald error estimate:   0.4770E-03
 ------------------------------------------------------------------------------

QMMM: SCF Converged to 0.1000E-09 in:     3 Cycles 
QMMM:
QMMM: SCF Energy =       24.41833368 KCal/mol,       102.16630812 KJ/mol
QMMM: SCF Energy = Heat of formation

 NSTEP =        1   TIME(PS) =       0.001  TEMP(K) =   287.18  PRESS =     0.0
 Etot   =     -1829.3395  EKtot   =      3760.5645  EPtot      =     -5589.9040
 BOND   =      1049.4151  ANGLE   =      1487.8373  DIHED      =         0.0000
 1-4 NB =         0.0000  1-4 EEL =         0.0000  VDWAALS    =     -5636.6534
 EELEC  =     -2514.9213  EHBOND  =         0.0000  RESTRAINT  =         0.0000
 AM1ESCF=        24.4183
 Ewald error estimate:   0.4770E-03
 ------------------------------------------------------------------------------

                  X        Y        Z     TOTAL  
  QM DIPOLE (Debye)    1.490    0.474   -0.063    1.565
QMMM: SCF Converged to 0.1000E-09 in:    18 Cycles 
QMMM:
QMMM: SCF Energy =       23.81822970 KCal/mol,        99.65547308 KJ/mol
QMMM: SCF Energy = Heat of formation

 NSTEP =        2   TIME(PS) =       0.001  TEMP(K) =   285.85  PRESS =     0.0
 Etot   =     -1829.1776  EKtot   =      3743.1202  EPtot      =     -5572.2978
 BOND   =      1070.3887  ANGLE   =      1486.2051  DIHED      =         0.0000
 1-4 NB =         0.0000  1-4 EEL =         0.0000  VDWAALS    =     -5635.3143
 EELEC  =     -2517.3956  EHBOND  =         0.0000  RESTRAINT  =         0.0000
 AM1ESCF=        23.8182
 Ewald error estimate:   0.4659E-03
 ------------------------------------------------------------------------------

                  X        Y        Z     TOTAL  
  QM DIPOLE (Debye)    1.504    0.499   -0.045    1.585
QMMM: SCF Converged to 0.1000E-09 in:    20 Cycles 
QMMM:
QMMM: SCF Energy =       23.15769385 KCal/mol,        96.89179105 KJ/mol
QMMM: SCF Energy = Heat of formation

 NSTEP =        3   TIME(PS) =       0.002  TEMP(K) =   286.86  PRESS =     0.0
 Etot   =     -1829.5779  EKtot   =      3756.3445  EPtot      =     -5585.9224
 BOND   =      1060.9705  ANGLE   =      1483.8279  DIHED      =         0.0000
 1-4 NB =         0.0000  1-4 EEL =         0.0000  VDWAALS    =     -5634.2696
 EELEC  =     -2519.6089  EHBOND  =         0.0000  RESTRAINT  =         0.0000
 AM1ESCF=        23.1577
 Ewald error estimate:   0.4390E-03
 ------------------------------------------------------------------------------

                  X        Y        Z     TOTAL  
  QM DIPOLE (Debye)    1.514    0.525   -0.032    1.603
QMMM: SCF Converged to 0.1000E-09 in:    18 Cycles 
QMMM:
QMMM: SCF Energy =       22.45397213 KCal/mol,        93.94741940 KJ/mol
QMMM: SCF Energy = Heat of formation

 NSTEP =        4   TIME(PS) =       0.002  TEMP(K) =   289.83  PRESS =     0.0
 Etot   =     -1830.4204  EKtot   =      3795.2305  EPtot      =     -5625.6510
 BOND   =      1026.1796  ANGLE   =      1480.6446  DIHED      =         0.0000
 1-4 NB =         0.0000  1-4 EEL =         0.0000  VDWAALS    =     -5633.5325
 EELEC  =     -2521.3967  EHBOND  =         0.0000  RESTRAINT  =         0.0000
 AM1ESCF=        22.4540
 Ewald error estimate:   0.4274E-03
 ------------------------------------------------------------------------------

                  X        Y        Z     TOTAL  
  QM DIPOLE (Debye)    1.520    0.554   -0.024    1.618
QMMM: SCF Converged to 0.1000E-09 in:    18 Cycles 
QMMM:
QMMM: SCF Energy =       21.73189565 KCal/mol,        90.92625138 KJ/mol
QMMM: SCF Energy = Heat of formation

 NSTEP =        5   TIME(PS) =       0.003  TEMP(K) =   293.83  PRESS =     0.0
 Etot   =     -1831.4144  EKtot   =      3847.5943  EPtot      =     -5679.0087
 BOND   =       978.3193  ANGLE   =      1476.6036  DIHED      =         0.0000
 1-4 NB =         0.0000  1-4 EEL =         0.0000  VDWAALS    =     -5633.0377
 EELEC  =     -2522.6257  EHBOND  =         0.0000  RESTRAINT  =         0.0000
 AM1ESCF=        21.7319
 Ewald error estimate:   0.4579E-03
 ------------------------------------------------------------------------------

                  X        Y        Z     TOTAL  
  QM DIPOLE (Debye)    1.522    0.583   -0.021    1.630
QMMM: SCF Converged to 0.1000E-09 in:    18 Cycles 
QMMM:
QMMM: SCF Energy =       21.01719112 KCal/mol,        87.93592766 KJ/mol
QMMM: SCF Energy = Heat of formation

 NSTEP =        6   TIME(PS) =       0.003  TEMP(K) =   297.66  PRESS =     0.0
 Etot   =     -1832.2824  EKtot   =      3897.7770  EPtot      =     -5730.0594
 BOND   =       933.2099  ANGLE   =      1471.6824  DIHED      =         0.0000
 1-4 NB =         0.0000  1-4 EEL =         0.0000  VDWAALS    =     -5632.7504
 EELEC  =     -2523.2186  EHBOND  =         0.0000  RESTRAINT  =         0.0000
 AM1ESCF=        21.0172
 Ewald error estimate:   0.4555E-03
 ------------------------------------------------------------------------------

                  X        Y        Z     TOTAL  
  QM DIPOLE (Debye)    1.511    0.670    0.055    1.654
QMMM: SCF Converged to 0.1000E-09 in:    19 Cycles 
QMMM:
QMMM: SCF Energy =       20.36990522 KCal/mol,        85.22768345 KJ/mol
QMMM: SCF Energy = Heat of formation

 NSTEP =        7   TIME(PS) =       0.004  TEMP(K) =   300.23  PRESS =     0.0
 Etot   =     -1832.8979  EKtot   =      3931.3490  EPtot      =     -5764.2469
 BOND   =       905.3941  ANGLE   =      1465.9103  DIHED      =         0.0000
 1-4 NB =         0.0000  1-4 EEL =         0.0000  VDWAALS    =     -5632.7946
 EELEC  =     -2523.1266  EHBOND  =         0.0000  RESTRAINT  =         0.0000
 AM1ESCF=        20.3699
 Ewald error estimate:   0.4605E-03
 ------------------------------------------------------------------------------

                  X        Y        Z     TOTAL  
  QM DIPOLE (Debye)    1.503    0.699    0.049    1.658
QMMM: SCF Converged to 0.1000E-09 in:    18 Cycles 
QMMM:
QMMM: SCF Energy =       19.84194931 KCal/mol,        83.01871593 KJ/mol
QMMM: SCF Energy = Heat of formation

 NSTEP =        8   TIME(PS) =       0.004  TEMP(K) =   300.84  PRESS =     0.0
 Etot   =     -1832.9473  EKtot   =      3939.4146  EPtot      =     -5772.3619
 BOND   =       903.7507  ANGLE   =      1459.3854  DIHED      =         0.0000
 1-4 NB =         0.0000  1-4 EEL =         0.0000  VDWAALS    =     -5632.9820
 EELEC  =     -2522.3580  EHBOND  =         0.0000  RESTRAINT  =         0.0000
 AM1ESCF=        19.8419
 Ewald error estimate:   0.4623E-03
 ------------------------------------------------------------------------------

                  X        Y        Z     TOTAL  
  QM DIPOLE (Debye)    1.491    0.726    0.038    1.659
QMMM: SCF Converged to 0.1000E-09 in:    18 Cycles 
QMMM:
QMMM: SCF Energy =       19.49258693 KCal/mol,        81.55698370 KJ/mol
QMMM: SCF Energy = Heat of formation

 NSTEP =        9   TIME(PS) =       0.005  TEMP(K) =   299.45  PRESS =     0.0
 Etot   =     -1832.4028  EKtot   =      3921.2318  EPtot      =     -5753.6346
 BOND   =       928.8343  ANGLE   =      1452.2843  DIHED      =         0.0000
 1-4 NB =         0.0000  1-4 EEL =         0.0000  VDWAALS    =     -5633.2774
 EELEC  =     -2520.9684  EHBOND  =         0.0000  RESTRAINT  =         0.0000
 AM1ESCF=        19.4926
 Ewald error estimate:   0.4570E-03
 ------------------------------------------------------------------------------

                  X        Y        Z     TOTAL  
  QM DIPOLE (Debye)    1.475    0.751    0.023    1.655
QMMM: SCF Converged to 0.1000E-09 in:    18 Cycles 
QMMM:
QMMM: SCF Energy =       19.36813746 KCal/mol,        81.03628712 KJ/mol
QMMM: SCF Energy = Heat of formation

 NSTEP =       10   TIME(PS) =       0.005  TEMP(K) =   296.64  PRESS =     0.0
 Etot   =     -1831.5300  EKtot   =      3884.3590  EPtot      =     -5715.8890
 BOND   =       972.7341  ANGLE   =      1444.8571  DIHED      =         0.0000
 1-4 NB =         0.0000  1-4 EEL =         0.0000  VDWAALS    =     -5633.7934
 EELEC  =     -2519.0550  EHBOND  =         0.0000  RESTRAINT  =         0.0000
 AM1ESCF=        19.3681
 Ewald error estimate:   0.4586E-03
 ------------------------------------------------------------------------------

                  X        Y        Z     TOTAL  
  QM DIPOLE (Debye)    1.456    0.774    0.004    1.649

      A V E R A G E S   O V E R      10 S T E P S


 NSTEP =       10   TIME(PS) =       0.005  TEMP(K) =   293.84  PRESS =     0.0
 Etot   =     -1831.1990  EKtot   =      3847.6986  EPtot      =     -5678.8976
 BOND   =       982.9196  ANGLE   =      1470.9238  DIHED      =         0.0000
 1-4 NB =         0.0000  1-4 EEL =         0.0000  VDWAALS    =     -5633.8405
 EELEC  =     -2520.4675  EHBOND  =         0.0000  RESTRAINT  =         0.0000
 AM1ESCF=        21.5670
 Ewald error estimate:   0.4561E-03
 ------------------------------------------------------------------------------


      R M S  F L U C T U A T I O N S


 NSTEP =       10   TIME(PS) =       0.005  TEMP(K) =     5.63  PRESS =     0.0
 Etot   =         1.3964  EKtot   =        73.6856  EPtot      =        75.0697
 BOND   =        61.5101  ANGLE   =        14.1372  DIHED      =         0.0000
 1-4 NB =         0.0000  1-4 EEL =         0.0000  VDWAALS    =         1.1978
 EELEC  =         2.5868  EHBOND  =         0.0000  RESTRAINT  =         0.0000
 AM1ESCF=         1.7433
|E(PBS) =         0.0676
 Ewald error estimate:   0.1311E-04
 ------------------------------------------------------------------------------


--------------------------------------------------------------------------------
   5.  TIMINGS
--------------------------------------------------------------------------------

|    Read coords time           0.01 ( 3.62% of Total)
|    Fast Water setup           0.00 ( 0.01% of Total)
|                Build the list             0.03 (64.62% of List )
|                Other                      0.01 (35.38% of List )
|             List time                  0.04 (17.62% of Nonbo)
|                   Short_ene time             0.10 (97.96% of Direc)
|                   Other                      0.00 ( 2.04% of Direc)
|                Direct Ewald time          0.10 (52.89% of Ewald)
|                Adjust Ewald time          0.00 ( 2.12% of Ewald)
|                Self Ewald time            0.00 ( 0.02% of Ewald)
|                   Fill Bspline coeffs        0.00 ( 2.90% of Recip)
|                   Fill charge grid           0.01 ( 9.20% of Recip)
|                   Scalar sum                 0.02 (21.58% of Recip)
|                   Grad sum                   0.01 (15.88% of Recip)
|                   FFT time                   0.04 (50.13% of Recip)
|                   Other                      0.00 ( 0.31% of Recip)
|                Recip Ewald time           0.08 (44.83% of Ewald)
|                Force Adjust               0.00 ( 0.03% of Ewald)
|                Virial junk                0.00 ( 0.12% of Ewald)
|                Other                      0.00 ( 0.01% of Ewald)
|             Ewald time                 0.19 (82.38% of Nonbo)
|          Nonbond force              0.23 (84.26% of Force)
|             QMMM setup                 0.00 ( 1.81% of QMMM )
|             QMMM list build            0.00 ( 1.60% of QMMM )
|             QMMM prep coords           0.00 ( 5.70% of QMMM )
|             QMMM RIJ Eqns Calc         0.00 ( 3.35% of QMMM )
|                   QMMM hcore QM-QM           0.00 (80.63% of QMMM )
|                   QMMM hcore QM-MM           0.00 (19.31% of QMMM )
|                   Other                      0.00 ( 0.05% of QMMM )
|                QMMM hcore calc            0.00 (13.69% of QMMM )
|                   QMMM fock build            0.01 (37.24% of QMMM )
|                   QMMM elec-energy cal       0.00 ( 0.68% of QMMM )
|                   QMMM full matrix dia       0.01 (21.94% of QMMM )
|                   QMMM pseudo matrix d       0.01 (33.72% of QMMM )
|                   QMMM density build         0.00 ( 5.89% of QMMM )
|                   Other                      0.00 ( 0.52% of QMMM )
|                QMMM scf                   0.02 (86.28% of QMMM )
|                Other                      0.00 ( 0.03% of QMMM )
|             QMMM energy                0.03 (70.40% of QMMM )
|             QMMM QM-QM force           0.00 ( 9.47% of QMMM )
|             QMMM QM-MM force           0.00 ( 6.79% of QMMM )
|             QMMM Collate Forces        0.00 ( 0.16% of QMMM )
|             Other                      0.00 ( 0.74% of QMMM )
|          QMMM                       0.04 (14.17% of Force)
|          Bond/Angle/Dihedral        0.00 ( 1.53% of Force)
|          Other                      0.00 ( 0.04% of Force)
|       Force time                 0.27 (97.92% of Runmd)
|       Verlet update time         0.01 ( 1.87% of Runmd)
|       Other                      0.00 ( 0.21% of Runmd)
|    Runmd Time                 0.28 (78.38% of Total)
|    Other                      0.06 (17.99% of Total)
| Total time                 0.35 (100.0% of ALL  )

| Number of list builds   :          1

| Highest rstack allocated:     366766
| Highest istack allocated:       4394

| Final Performance Info:
| -----------------------------------------------------
| Average timings for all steps:
|     Elapsed(s) =       0.28 Per Step(ms) =      27.68
|         ns/day =       1.56   seconds/ns =   55351.19
| -----------------------------------------------------

|           Job began  at 12:08:30.666  on 02/12/2020
|           Setup done at 12:08:30.743  on 02/12/2020
|           Run   done at 12:08:31.019  on 02/12/2020
|     wallclock() was called    2996 times
ASSERTion 'ier == 0' failed in src/sqm/qmmm_module.F90 at line    892.
