
          -------------------------------------------------------
          Amber 18 SANDER                              2018
          -------------------------------------------------------

| Run on 02/12/2020 at 12:08:30

|   Executable path: sander
| Working directory: /home/dustin/Documents/TestRuns/qm_mm_prop/benzene_nh2/qmground/traj_3/restart_1
|          Hostname: Unknown
  [-O]verwriting output

File Assignments:
|  MDIN: nasqm_qmground_t3_r1.in                                               
| MDOUT: nasqm_qmground_t3_r1.out                                              
|INPCRD: snap_for_qmground_t3_r1.rst                                           
|  PARM: m1.prmtop                                                             
|RESTRT: snap_for_qmground_t3_r2.rst                                           
|  REFC: refc                                                                  
| MDVEL: mdvel                                                                 
| MDFRC: mdfrc                                                                 
|  MDEN: mden                                                                  
| MDCRD: nasqm_qmground_t3_r1.nc                                               
|MDINFO: mdinfo                                                                
|  MTMD: mtmd                                                                  
|INPDIP: inpdip                                                                
|RSTDIP: rstdip                                                                
|INPTRA: inptraj                                                               


 Here is the input file:

300K constant temp QMMMMD                                                      
 &cntrl                                                                        
  imin=0,                                                                      
  iwrap=1,                                                                     
  irest=0,                                                                     
  ntx=5,                                                                       
  ntb=1, ! 1-Constant Volume, 2-Pressure                                       
  ntp=0,                                                                       
  ig=-1,                                                                       
  taup=2.0,                                                                    
  cut=8.0,                                                                     
  ntr=0,                                                                       
  tempi=300.0,                                                                 
  temp0=300.0,                                                                 
  ntt=0, ! 0-Constant-Energy, 1-Weak-Coupling, 2-Anderson, 3-Langevin          
  gamma_ln=0, ! must be 0 if ntt < 3                                           
  nstlim=10,                                                                   
  dt=0.0005,                                                                   
  ntpr=1,                                                                      
  ntwx=2,                                                                      
  ntwv=-1,                                                                     
  ifqnt=1                                                                      
 /                                                                             
 &qmmm                                                                         
  scfconv=1.0000E-10,                                                          
  verbosity=1,                                                                 
  qmmask=':1',                                                                 
  diag_routine=1,                                                              
  qmcharge=0,                                                                  
  qm_theory='AM1',                                                             
  qmshake=0,                                                                   
  printdipole=1,                                                               
  qm_ewald=0,                                                                  
  qm_pme=0,                                                                    
 /                                                                             

--------------------------------------------------------------------------------
   1.  RESOURCE   USE: 
--------------------------------------------------------------------------------

| Flags:                                                                        
 getting new box info from bottom of inpcrd
|  INFO: Old style inpcrd file read

| peek_ewald_inpcrd: Box info found
|Largest sphere to fit in unit cell has radius =    22.679
| New format PARM file being parsed.
| Version =    1.000 Date = 09/26/18 Time = 13:58:55
 NATOM  =    4394 NTYPES =       7 NBONH =     883 MBONA  =    2635
 NTHETH =    2641 MTHETA =    2636 NPHIH =      26 MPHIA  =       9
 NHPARM =       0 NPARM  =       0 NNB   =    9698 NRES   =     877
 NBONA  =    2635 NTHETA =    2636 NPHIA =       9 NUMBND =       6
 NUMANG =       7 NPTRA  =       3 NATYP =       7 NPHB   =       0
 IFBOX  =       1 NMXRS  =      14 IFCAP =       0 NEXTRA =       0
 NCOPY  =       0


|     Memory Use     Allocated
|     Real              373094
|     Hollerith          14061
|     Integer           159675
|     Max Pairs        1464666
|     nblistReal         52728
|     nblist Int        368993
|       Total            11168 kbytes

| Note: 1-4 EEL scale factors are being read from the topology file.

| Note: 1-4 VDW scale factors are being read from the topology file.
| Duplicated    0 dihedrals
| Duplicated    0 dihedrals
LOADING THE QUANTUM ATOMS AS GROUPS
     Mask :1; matches    14 atoms

     BOX TYPE: RECTILINEAR
Note: ig = -1. Setting random seed to   697914 based on wallclock time in microseconds.

--------------------------------------------------------------------------------
   2.  CONTROL  DATA  FOR  THE  RUN
--------------------------------------------------------------------------------

m1                                                                              

General flags:
     imin    =       0, nmropt  =       0

Nature and format of input:
     ntx     =       5, irest   =       0, ntrx    =       1

Nature and format of output:
     ntxo    =       2, ntpr    =       1, ntrx    =       1, ntwr    =      10
     iwrap   =       1, ntwx    =       2, ntwv    =      -1, ntwe    =       0
     ioutfm  =       1, ntwprt  =       0, idecomp =       0, rbornstat=      0

Potential function:
     ntf     =       1, ntb     =       1, igb     =       0, nsnb    =      25
     ipol    =       0, gbsa    =       0, iesp    =       0
     dielc   =   1.00000, cut     =   8.00000, intdiel =   1.00000

Frozen or restrained atoms:
     ibelly  =       0, ntr     =       0

Molecular dynamics:
     nstlim  =        10, nscm    =      1000, nrespa  =         1
     t       =   0.00000, dt      =   0.00050, vlimit  =  20.00000

Initial temperature generation:
     ig      =  697914
     tempi   = 300.00000

Ewald parameters:
     verbose =       0, ew_type =       0, nbflag  =       1, use_pme =       1
     vdwmeth =       1, eedmeth =       1, netfrc  =       1
     Box X =   49.256   Box Y =   50.133   Box Z =   45.358
     Alpha =   90.000   Beta  =   90.000   Gamma =   90.000
     NFFT1 =   50       NFFT2 =   50       NFFT3 =   45
     Cutoff=    8.000   Tol   =0.100E-04
     Ewald Coefficient =  0.34864
     Interpolation order =    4

QMMM options:
             ifqnt = True       nquant =       14
              qmgb =        0  qmcharge =        0   adjust_q =        2
              spin =        1     qmcut =   8.0000    qmshake =        0
          qmmm_int =        1
     lnk_atomic_no =        1   lnk_dis =   1.0900 lnk_method =        1
          qm_theory =     AM1 verbosity =        1
            qmqmdx = Analytical
      tight_p_conv = False (converge density to 0.05xSqrt[SCFCRT])
           scfconv = 0.100E-09  itrmax =     1000
      printcharges = False      printdipole = QM         peptide_corr = False
    qmmmrij_incore = True 
  qmqm_erep_incore = True 
       pseudo_diag = True pseudo_diag_criteria =   0.0500
      diag_routine =        1
          qm_ewald =        0 qm_pme = False 

--------------------------------------------------------------------------------
   3.  ATOMIC COORDINATES AND VELOCITIES
--------------------------------------------------------------------------------

Cpptraj Generated Restart                                                       
 begin time read from input coords =     0.005 ps

 Number of triangulated 3-point waters found:        0
 identifying link atoms
 identified link atoms

     Sum of charges from parm topology file =   0.00000100
     Forcing neutrality...
QMMM: ADJUSTING CHARGES
QMMM: ----------------------------------------------------------------------
QMMM: adjust_q = 2
QMMM: Uniformly adjusting the charge of MM atoms to conserve total charge.
QMMM:                             qm_charge =    0
QMMM: QM atom RESP charge sum (inc MM link) =    0.000
QMMM: Adjusting each MM atom resp charge by =    0.000
QMMM:          Sum of MM + QM region is now =    0.000
QMMM: ----------------------------------------------------------------------
|  # of SOLUTE  degrees of freedom (RNDFP):   13182.
|  # of SOLVENT degrees of freedom (RNDFS):       0.
|  QMSHAKE_NOSHAKEMASK_OVERLAP =      0
|  NDFMIN =   13179.     NUM_NOSHAKE =      0     CORRECTED RNDFP =   13179.
|  TOTAL # of degrees of freedom (RNDF) =   13179.
 ---------------------------------------------------
 APPROXIMATING switch and d/dx switch using CUBIC SPLINE INTERPOLATION
 using   5000.0 points per unit in tabled values
 TESTING RELATIVE ERROR over r ranging from 0.0 to cutoff
| CHECK switch(x): max rel err =   0.2738E-14   at   2.422500
| CHECK d/dx switch(x): max rel err =   0.8332E-11   at   2.782960
 ---------------------------------------------------
| Local SIZE OF NONBOND LIST =     349536
| TOTAL SIZE OF NONBOND LIST =     349536

QMMM: Link Atom Information
QMMM: ------------------------------------------------------------------------
QMMM: nlink =     0
QMMM: ------------------------------------------------------------------------

  QMMM: QM Region Cartesian Coordinates (*=link atom) 
  QMMM: QM_NO.   MM_NO.  ATOM         X         Y         Z
  QMMM:     1        1      C       -0.3682   -0.3588   -1.5659
  QMMM:     2        2      C        0.7565   -0.8590   -0.9159
  QMMM:     3        3      C        1.1506   -0.5693    0.3607
  QMMM:     4        4      C        0.2309    0.2655    1.0802
  QMMM:     5        5      C       -0.8980    0.7691    0.4759
  QMMM:     6        6      C       -1.1676    0.4837   -0.8210
  QMMM:     7        7      H       -0.5717   -0.5803   -2.6356
  QMMM:     8        8      H        1.4116   -1.4802   -1.5485
  QMMM:     9        9      H        1.9852   -1.1403    0.8568
  QMMM:    10       10      H       -1.7224    1.3894    0.9342
  QMMM:    11       11      H       -1.9852    0.9446   -1.4040
  QMMM:    12       12      N        0.5423    0.6353    2.3734
  QMMM:    13       13      H        1.5118    0.6843    2.5643
  QMMM:    14       14      H        0.1117    1.4802    2.6356

--------------------------------------------------------------------------------
  3.1 QM CALCULATION INFO
--------------------------------------------------------------------------------

| QMMM: Citation for AMBER QMMM Run:
| QMMM: R.C. Walker, M.F. Crowley and D.A. Case, J. COMP. CHEM. 29:1019, 2008

QMMM: SINGLET STATE CALCULATION
QMMM: RHF CALCULATION, NO. OF DOUBLY OCCUPIED LEVELS = 18

| QMMM: *** Selected Hamiltonian *** 
| QMMM: AM1         

| QMMM: *** Parameter sets in use ***
| QMMM: C : M.J.S.DEWAR et al. JACS, 107, 3902, (1985)
| QMMM: H : M.J.S.DEWAR et al. JACS, 107, 3902, (1985)
| QMMM: N : M.J.S.DEWAR et al. JACS, 107, 3902, (1985)

| QMMM: *** Diagonalization Routine Information ***
| QMMM: Pseudo diagonalizations are allowed.
| QMMM: Auto diagonalization routine selection is disabled.
| QMMM: Using internal diagonalization routine (diag_routine=1).

| QMMM: Estimated QM Dynamic Memory Usage (per thread)
| QMMM: ---------------------------------------------------
| QMMM:              QM Atom Type Info :          800 bytes
| QMMM:         QM RESP Charge Storage :          112 bytes
| QMMM:            QM Atom Number List :           56 bytes
| QMMM:                Link Atom Pairs :            0 bytes
| QMMM:          QM Atomic Number List :           56 bytes
| QMMM:                QM-MM Pair List :        17524 bytes
| QMMM:                   QM Atom Mask :         8788 bytes
| QMMM:           QM Coordinate Arrays :       140944 bytes
| QMMM:         Scaled MM Charge Array :        35152 bytes
| QMMM:    SCF Mulliken Charge Storage :          112 bytes
| QMMM:                QM Force Arrays :       105792 bytes
| QMMM:                 Density Matrix :         5040 bytes
| QMMM:          Density Matrix Copies :         5320 bytes
| QMMM: Fock2 Density Matrix Workspace :         1792 bytes
| QMMM:                    Fock Matrix :         5040 bytes
| QMMM:           Eigen Vector Storage :         9800 bytes
| QMMM: QM-QM Elec Repulsion Integrals :        16016 bytes
| QMMM:  QM 2-Elec Repulsion Integrals :        20888 bytes
| QMMM:              1-Electron Matrix :         5040 bytes
| QMMM:       _REAL_ parameter storage :        38584 bytes
| QMMM:      integer parameter storage :          448 bytes
| QMMM:         QM-MM RIJ Eqns storage :       208560 bytes
| QMMM:          _REAL_ Scratch arrays :       164472 bytes
| QMMM:         Integer Scratch arrays :        55176 bytes
| QMMM: ---------------------------------------------------
| QMMM:        Total Dynamic Memory Usage:      0.806 Mb

--------------------------------------------------------------------------------
   4.  RESULTS
--------------------------------------------------------------------------------

QMMM: SCF Converged to 0.1000E-09 in:    22 Cycles 
QMMM:
QMMM: SCF Energy =       22.00277344 KCal/mol,        92.05960406 KJ/mol
QMMM: SCF Energy = Heat of formation

 NSTEP =        0   TIME(PS) =       0.000  TEMP(K) =   293.40  PRESS =     0.0
 Etot   =     -1769.4243  EKtot   =      3841.9735  EPtot      =     -5611.3978
 BOND   =      1044.1754  ANGLE   =      1494.3381  DIHED      =         0.0000
 1-4 NB =         0.0000  1-4 EEL =         0.0000  VDWAALS    =     -5643.9819
 EELEC  =     -2527.9321  EHBOND  =         0.0000  RESTRAINT  =         0.0000
 AM1ESCF=        22.0028
 Ewald error estimate:   0.5475E-03
 ------------------------------------------------------------------------------

QMMM: SCF Converged to 0.1000E-09 in:     3 Cycles 
QMMM:
QMMM: SCF Energy =       22.00277344 KCal/mol,        92.05960406 KJ/mol
QMMM: SCF Energy = Heat of formation

 NSTEP =        1   TIME(PS) =       0.001  TEMP(K) =   293.40  PRESS =     0.0
 Etot   =     -1769.4243  EKtot   =      3841.9735  EPtot      =     -5611.3978
 BOND   =      1044.1754  ANGLE   =      1494.3381  DIHED      =         0.0000
 1-4 NB =         0.0000  1-4 EEL =         0.0000  VDWAALS    =     -5643.9819
 EELEC  =     -2527.9321  EHBOND  =         0.0000  RESTRAINT  =         0.0000
 AM1ESCF=        22.0028
 Ewald error estimate:   0.5475E-03
 ------------------------------------------------------------------------------

                  X        Y        Z     TOTAL  
  QM DIPOLE (Debye)    0.893    1.282   -0.093    1.565
QMMM: SCF Converged to 0.1000E-09 in:    16 Cycles 
QMMM:
QMMM: SCF Energy =       22.89758335 KCal/mol,        95.80348875 KJ/mol
QMMM: SCF Energy = Heat of formation

 NSTEP =        2   TIME(PS) =       0.001  TEMP(K) =   288.14  PRESS =     0.0
 Etot   =     -1768.2100  EKtot   =      3773.0193  EPtot      =     -5541.2292
 BOND   =      1111.0112  ANGLE   =      1495.6847  DIHED      =         0.0000
 1-4 NB =         0.0000  1-4 EEL =         0.0000  VDWAALS    =     -5644.5887
 EELEC  =     -2526.2340  EHBOND  =         0.0000  RESTRAINT  =         0.0000
 AM1ESCF=        22.8976
 Ewald error estimate:   0.5736E-03
 ------------------------------------------------------------------------------

                  X        Y        Z     TOTAL  
  QM DIPOLE (Debye)    0.910    1.290   -0.072    1.580
QMMM: SCF Converged to 0.1000E-09 in:    17 Cycles 
QMMM:
QMMM: SCF Energy =       23.81190623 KCal/mol,        99.62901567 KJ/mol
QMMM: SCF Energy = Heat of formation

 NSTEP =        3   TIME(PS) =       0.002  TEMP(K) =   284.55  PRESS =     0.0
 Etot   =     -1767.2818  EKtot   =      3726.1225  EPtot      =     -5493.4044
 BOND   =      1156.1751  ANGLE   =      1496.1741  DIHED      =         0.0000
 1-4 NB =         0.0000  1-4 EEL =         0.0000  VDWAALS    =     -5645.1143
 EELEC  =     -2524.4511  EHBOND  =         0.0000  RESTRAINT  =         0.0000
 AM1ESCF=        23.8119
 Ewald error estimate:   0.5712E-03
 ------------------------------------------------------------------------------

                  X        Y        Z     TOTAL  
  QM DIPOLE (Debye)    0.957    1.239   -0.158    1.573
QMMM: SCF Converged to 0.1000E-09 in:    19 Cycles 
QMMM:
QMMM: SCF Energy =       24.51769896 KCal/mol,       102.58205244 KJ/mol
QMMM: SCF Energy = Heat of formation

 NSTEP =        4   TIME(PS) =       0.002  TEMP(K) =   283.68  PRESS =     0.0
 Etot   =     -1767.0667  EKtot   =      3714.6415  EPtot      =     -5481.7083
 BOND   =      1166.1408  ANGLE   =      1495.9197  DIHED      =         0.0000
 1-4 NB =         0.0000  1-4 EEL =         0.0000  VDWAALS    =     -5645.5710
 EELEC  =     -2522.7155  EHBOND  =         0.0000  RESTRAINT  =         0.0000
 AM1ESCF=        24.5177
 Ewald error estimate:   0.5674E-03
 ------------------------------------------------------------------------------

                  X        Y        Z     TOTAL  
  QM DIPOLE (Debye)    0.978    1.248   -0.137    1.592
QMMM: SCF Converged to 0.1000E-09 in:    17 Cycles 
QMMM:
QMMM: SCF Energy =       25.02351752 KCal/mol,       104.69839729 KJ/mol
QMMM: SCF Energy = Heat of formation

 NSTEP =        5   TIME(PS) =       0.003  TEMP(K) =   285.77  PRESS =     0.0
 Etot   =     -1767.4924  EKtot   =      3742.0101  EPtot      =     -5509.5025
 BOND   =      1137.4333  ANGLE   =      1495.0288  DIHED      =         0.0000
 1-4 NB =         0.0000  1-4 EEL =         0.0000  VDWAALS    =     -5645.8243
 EELEC  =     -2521.1639  EHBOND  =         0.0000  RESTRAINT  =         0.0000
 AM1ESCF=        25.0235
 Ewald error estimate:   0.5429E-03
 ------------------------------------------------------------------------------

                  X        Y        Z     TOTAL  
  QM DIPOLE (Debye)    1.003    1.257   -0.117    1.612
QMMM: SCF Converged to 0.1000E-09 in:    18 Cycles 
QMMM:
QMMM: SCF Energy =       25.29083199 KCal/mol,       105.81684105 KJ/mol
QMMM: SCF Energy = Heat of formation

 NSTEP =        6   TIME(PS) =       0.003  TEMP(K) =   290.25  PRESS =     0.0
 Etot   =     -1768.5231  EKtot   =      3800.7116  EPtot      =     -5569.2346
 BOND   =      1077.6713  ANGLE   =      1493.6116  DIHED      =         0.0000
 1-4 NB =         0.0000  1-4 EEL =         0.0000  VDWAALS    =     -5645.8951
 EELEC  =     -2519.9133  EHBOND  =         0.0000  RESTRAINT  =         0.0000
 AM1ESCF=        25.2908
 Ewald error estimate:   0.5240E-03
 ------------------------------------------------------------------------------

                  X        Y        Z     TOTAL  
  QM DIPOLE (Debye)    1.029    1.265   -0.098    1.633
QMMM: SCF Converged to 0.1000E-09 in:    16 Cycles 
QMMM:
QMMM: SCF Energy =       25.29025989 KCal/mol,       105.81444738 KJ/mol
QMMM: SCF Energy = Heat of formation

 NSTEP =        7   TIME(PS) =       0.004  TEMP(K) =   295.89  PRESS =     0.0
 Etot   =     -1769.8668  EKtot   =      3874.4980  EPtot      =     -5644.3648
 BOND   =      1003.3121  ANGLE   =      1491.7959  DIHED      =         0.0000
 1-4 NB =         0.0000  1-4 EEL =         0.0000  VDWAALS    =     -5645.7026
 EELEC  =     -2519.0604  EHBOND  =         0.0000  RESTRAINT  =         0.0000
 AM1ESCF=        25.2903
 Ewald error estimate:   0.5279E-03
 ------------------------------------------------------------------------------

                  X        Y        Z     TOTAL  
  QM DIPOLE (Debye)    1.056    1.270   -0.083    1.654
QMMM: SCF Converged to 0.1000E-09 in:    17 Cycles 
QMMM:
QMMM: SCF Energy =       24.99916321 KCal/mol,       104.59649886 KJ/mol
QMMM: SCF Energy = Heat of formation

 NSTEP =        8   TIME(PS) =       0.004  TEMP(K) =   301.13  PRESS =     0.0
 Etot   =     -1771.1403  EKtot   =      3943.1789  EPtot      =     -5714.3192
 BOND   =       934.7767  ANGLE   =      1489.7405  DIHED      =         0.0000
 1-4 NB =         0.0000  1-4 EEL =         0.0000  VDWAALS    =     -5645.1569
 EELEC  =     -2518.6787  EHBOND  =         0.0000  RESTRAINT  =         0.0000
 AM1ESCF=        24.9992
 Ewald error estimate:   0.5262E-03
 ------------------------------------------------------------------------------

                  X        Y        Z     TOTAL  
  QM DIPOLE (Debye)    1.085    1.273   -0.073    1.674
QMMM: SCF Converged to 0.1000E-09 in:    16 Cycles 
QMMM:
QMMM: SCF Energy =       24.40948314 KCal/mol,       102.12927745 KJ/mol
QMMM: SCF Energy = Heat of formation

 NSTEP =        9   TIME(PS) =       0.005  TEMP(K) =   304.59  PRESS =     0.0
 Etot   =     -1771.7843  EKtot   =      3988.5485  EPtot      =     -5760.3327
 BOND   =       890.4153  ANGLE   =      1487.6415  DIHED      =         0.0000
 1-4 NB =         0.0000  1-4 EEL =         0.0000  VDWAALS    =     -5644.0025
 EELEC  =     -2518.7965  EHBOND  =         0.0000  RESTRAINT  =         0.0000
 AM1ESCF=        24.4095
 Ewald error estimate:   0.5483E-03
 ------------------------------------------------------------------------------

                  X        Y        Z     TOTAL  
  QM DIPOLE (Debye)    1.112    1.272   -0.069    1.691
QMMM: SCF Converged to 0.1000E-09 in:    16 Cycles 
QMMM:
QMMM: SCF Energy =       23.53987759 KCal/mol,        98.49084786 KJ/mol
QMMM: SCF Energy = Heat of formation

 NSTEP =       10   TIME(PS) =       0.005  TEMP(K) =   305.45  PRESS =     0.0
 Etot   =     -1771.8348  EKtot   =      3999.6905  EPtot      =     -5771.5253
 BOND   =       881.1110  ANGLE   =      1485.7267  DIHED      =         0.0000
 1-4 NB =         0.0000  1-4 EEL =         0.0000  VDWAALS    =     -5642.4932
 EELEC  =     -2519.4097  EHBOND  =         0.0000  RESTRAINT  =         0.0000
 AM1ESCF=        23.5399
 Ewald error estimate:   0.5826E-03
 ------------------------------------------------------------------------------

                  X        Y        Z     TOTAL  
  QM DIPOLE (Debye)    1.138    1.268   -0.072    1.705

      A V E R A G E S   O V E R      10 S T E P S


 NSTEP =       10   TIME(PS) =       0.005  TEMP(K) =   293.28  PRESS =     0.0
 Etot   =     -1769.2625  EKtot   =      3840.4394  EPtot      =     -5609.7019
 BOND   =      1040.2222  ANGLE   =      1492.5662  DIHED      =         0.0000
 1-4 NB =         0.0000  1-4 EEL =         0.0000  VDWAALS    =     -5644.8331
 EELEC  =     -2521.8355  EHBOND  =         0.0000  RESTRAINT  =         0.0000
 AM1ESCF=        24.1783
 Ewald error estimate:   0.5512E-03
 ------------------------------------------------------------------------------


      R M S  F L U C T U A T I O N S


 NSTEP =       10   TIME(PS) =       0.005  TEMP(K) =     7.78  PRESS =     0.0
 Etot   =         1.7443  EKtot   =       101.8433  EPtot      =       103.5853
 BOND   =       102.6739  ANGLE   =         3.5199  DIHED      =         0.0000
 1-4 NB =         0.0000  1-4 EEL =         0.0000  VDWAALS    =         1.0268
 EELEC  =         3.1791  EHBOND  =         0.0000  RESTRAINT  =         0.0000
 AM1ESCF=         1.0462
|E(PBS) =         0.0468
 Ewald error estimate:   0.2038E-04
 ------------------------------------------------------------------------------


--------------------------------------------------------------------------------
   5.  TIMINGS
--------------------------------------------------------------------------------

|    Read coords time           0.01 ( 2.68% of Total)
|    Fast Water setup           0.00 ( 0.01% of Total)
|                Build the list             0.02 (66.95% of List )
|                Other                      0.01 (33.05% of List )
|             List time                  0.03 (13.09% of Nonbo)
|                   Short_ene time             0.09 (97.99% of Direc)
|                   Other                      0.00 ( 2.01% of Direc)
|                Direct Ewald time          0.09 (54.40% of Ewald)
|                Adjust Ewald time          0.00 ( 2.25% of Ewald)
|                Self Ewald time            0.00 ( 0.02% of Ewald)
|                   Fill Bspline coeffs        0.00 ( 2.90% of Recip)
|                   Fill charge grid           0.01 ( 8.92% of Recip)
|                   Scalar sum                 0.02 (22.34% of Recip)
|                   Grad sum                   0.01 (15.96% of Recip)
|                   FFT time                   0.04 (49.51% of Recip)
|                   Other                      0.00 ( 0.36% of Recip)
|                Recip Ewald time           0.07 (43.19% of Ewald)
|                Force Adjust               0.00 ( 0.03% of Ewald)
|                Virial junk                0.00 ( 0.11% of Ewald)
|                Other                      0.00 ( 0.01% of Ewald)
|             Ewald time                 0.17 (86.90% of Nonbo)
|          Nonbond force              0.19 (83.82% of Force)
|             QMMM setup                 0.00 ( 1.47% of QMMM )
|             QMMM list build            0.00 ( 1.51% of QMMM )
|             QMMM prep coords           0.00 ( 5.17% of QMMM )
|             QMMM RIJ Eqns Calc         0.00 ( 3.63% of QMMM )
|                   QMMM hcore QM-QM           0.00 (80.12% of QMMM )
|                   QMMM hcore QM-MM           0.00 (19.82% of QMMM )
|                   Other                      0.00 ( 0.06% of QMMM )
|                QMMM hcore calc            0.00 (13.64% of QMMM )
|                   QMMM fock build            0.01 (34.14% of QMMM )
|                   QMMM elec-energy cal       0.00 ( 0.74% of QMMM )
|                   QMMM full matrix dia       0.01 (26.68% of QMMM )
|                   QMMM pseudo matrix d       0.01 (32.25% of QMMM )
|                   QMMM density build         0.00 ( 5.55% of QMMM )
|                   Other                      0.00 ( 0.64% of QMMM )
|                QMMM scf                   0.02 (86.32% of QMMM )
|                Other                      0.00 ( 0.05% of QMMM )
|             QMMM energy                0.02 (70.71% of QMMM )
|             QMMM QM-QM force           0.00 ( 9.53% of QMMM )
|             QMMM QM-MM force           0.00 ( 7.13% of QMMM )
|             QMMM Collate Forces        0.00 ( 0.10% of QMMM )
|             Other                      0.00 ( 0.74% of QMMM )
|          QMMM                       0.03 (14.47% of Force)
|          Bond/Angle/Dihedral        0.00 ( 1.67% of Force)
|          Other                      0.00 ( 0.03% of Force)
|       Force time                 0.23 (97.41% of Runmd)
|       Verlet update time         0.01 ( 2.40% of Runmd)
|       Other                      0.00 ( 0.19% of Runmd)
|    Runmd Time                 0.24 (85.39% of Total)
|    Other                      0.03 (11.92% of Total)
| Total time                 0.28 (100.0% of ALL  )

| Number of list builds   :          1

| Highest rstack allocated:     366766
| Highest istack allocated:       4394

| Final Performance Info:
| -----------------------------------------------------
| Average timings for all steps:
|     Elapsed(s) =       0.24 Per Step(ms) =      23.62
|         ns/day =       1.83   seconds/ns =   47247.00
| -----------------------------------------------------

|           Job began  at 12:08:30.666  on 02/12/2020
|           Setup done at 12:08:30.706  on 02/12/2020
|           Run   done at 12:08:30.943  on 02/12/2020
|     wallclock() was called    2840 times
ASSERTion 'ier == 0' failed in src/sqm/qmmm_module.F90 at line    892.
