
          -------------------------------------------------------
          Amber 18 SANDER                              2018
          -------------------------------------------------------

| Run on 02/14/2020 at 15:04:51

|   Executable path: sander
| Working directory: /home/dustin/Documents/TestRuns/qm_mm_prop/benzene_nh2/abs/traj_1/2
|          Hostname: Unknown
  [-O]verwriting output

File Assignments:
|  MDIN: nasqm_abs_t1_2.in                                                     
| MDOUT: nasqm_abs_t1_2.out                                                    
|INPCRD: snap_2_for_absorption_t1.rst                                          
|  PARM: m1.prmtop                                                             
|RESTRT: snap_2_for_absorption_t1_back.rst                                     
|  REFC: refc                                                                  
| MDVEL: mdvel                                                                 
| MDFRC: mdfrc                                                                 
|  MDEN: mden                                                                  
| MDCRD: nasqm_abs_t1_2.nc                                                     
|MDINFO: mdinfo                                                                
|  MTMD: mtmd                                                                  
|INPDIP: inpdip                                                                
|RSTDIP: rstdip                                                                
|INPTRA: inptraj                                                               


 Here is the input file:

300K constant temp QMMMMD                                                      
 &cntrl                                                                        
  imin=0,                                                                      
  irest=0,                                                                     
  ntx=5,                                                                       
  ntb=1,                                                                       
  ntp=0,                                                                       
  ig=-1,                                                                       
  taup=2.0,                                                                    
  cut=16.0,                                                                    
  ntr=0,                                                                       
  tempi=300.0,                                                                 
  temp0=300.0,                                                                 
  ntt=3,                                                                       
  gamma_ln=2.0,                                                                
  nstlim=0,                                                                    
  dt=0.0005,                                                                   
  ntpr=1,                                                                      
  ntwx=0,                                                                      
  ntwv=0,                                                                      
  ifqnt=1,                                                                     
 /                                                                             
 &qmmm                                                                         
  scfconv=1.0000E-8,                                                           
  verbosity=1,                                                                 
  qmmask=':1',                                                                 
  diag_routine=1,                                                              
  qmcharge=0,                                                                  
  qm_theory='AM1',                                                             
  qmshake=0,                                                                   
  qm_ewald=0,                                                                  
  qm_pme=0,                                                                    
  nae=1                                                                        
 /                                                                             

--------------------------------------------------------------------------------
   1.  RESOURCE   USE: 
--------------------------------------------------------------------------------

| Flags:                                                                        
 getting new box info from bottom of inpcrd
|  INFO: Old style inpcrd file read

| peek_ewald_inpcrd: Box info found
|Largest sphere to fit in unit cell has radius =    22.679
| New format PARM file being parsed.
| Version =    1.000 Date = 09/26/18 Time = 13:58:55
 NATOM  =    4394 NTYPES =       7 NBONH =     883 MBONA  =    2635
 NTHETH =    2641 MTHETA =    2636 NPHIH =      26 MPHIA  =       9
 NHPARM =       0 NPARM  =       0 NNB   =    9698 NRES   =     877
 NBONA  =    2635 NTHETA =    2636 NPHIA =       9 NUMBND =       6
 NUMANG =       7 NPTRA  =       3 NATYP =       7 NPHB   =       0
 IFBOX  =       1 NMXRS  =      14 IFCAP =       0 NEXTRA =       0
 NCOPY  =       0


|     Memory Use     Allocated
|     Real              369502
|     Hollerith          14061
|     Integer           159675
|     Max Pairs        8541936
|     nblistReal         52728
|     nblist Int        151766
|       Total            37937 kbytes

| Note: 1-4 EEL scale factors are being read from the topology file.

| Note: 1-4 VDW scale factors are being read from the topology file.
| Duplicated    0 dihedrals
| Duplicated    0 dihedrals
LOADING THE QUANTUM ATOMS AS GROUPS
     Mask :1; matches    14 atoms

     BOX TYPE: RECTILINEAR
Note: ig = -1. Setting random seed to   146048 based on wallclock time in microseconds.

--------------------------------------------------------------------------------
   2.  CONTROL  DATA  FOR  THE  RUN
--------------------------------------------------------------------------------

m1                                                                              

General flags:
     imin    =       0, nmropt  =       0

Nature and format of input:
     ntx     =       5, irest   =       0, ntrx    =       1

Nature and format of output:
     ntxo    =       2, ntpr    =       1, ntrx    =       1, ntwr    =       1
     iwrap   =       0, ntwx    =       0, ntwv    =       0, ntwe    =       0
     ioutfm  =       1, ntwprt  =       0, idecomp =       0, rbornstat=      0

Potential function:
     ntf     =       1, ntb     =       1, igb     =       0, nsnb    =      25
     ipol    =       0, gbsa    =       0, iesp    =       0
     dielc   =   1.00000, cut     =  16.00000, intdiel =   1.00000

Frozen or restrained atoms:
     ibelly  =       0, ntr     =       0

Molecular dynamics:
     nstlim  =         0, nscm    =      1000, nrespa  =         1
     t       =   0.00000, dt      =   0.00050, vlimit  =  20.00000

Langevin dynamics temperature regulation:
     ig      =  146048
     temp0   = 300.00000, tempi   = 300.00000, gamma_ln=   2.00000

Ewald parameters:
     verbose =       0, ew_type =       0, nbflag  =       1, use_pme =       1
     vdwmeth =       1, eedmeth =       1, netfrc  =       1
     Box X =   49.256   Box Y =   50.133   Box Z =   45.358
     Alpha =   90.000   Beta  =   90.000   Gamma =   90.000
     NFFT1 =   50       NFFT2 =   50       NFFT3 =   45
     Cutoff=   16.000   Tol   =0.100E-04
     Ewald Coefficient =  0.16683
     Interpolation order =    4

QMMM options:
             ifqnt = True       nquant =       14
              qmgb =        0  qmcharge =        0   adjust_q =        2
              spin =        1     qmcut =  16.0000    qmshake =        0
          qmmm_int =        1
     lnk_atomic_no =        1   lnk_dis =   1.0900 lnk_method =        1
          qm_theory =     AM1 verbosity =        1
            qmqmdx = Analytical
      tight_p_conv = False (converge density to 0.05xSqrt[SCFCRT])
           scfconv = 0.100E-07  itrmax =     1000
      printcharges = False      printdipole = False      peptide_corr = False
    qmmmrij_incore = True 
  qmqm_erep_incore = True 
       pseudo_diag = True pseudo_diag_criteria =   0.0500
      diag_routine =        1
          qm_ewald =        0 qm_pme = False 

--------------------------------------------------------------------------------
   3.  ATOMIC COORDINATES AND VELOCITIES
--------------------------------------------------------------------------------

Cpptraj Generated Restart                                                       
 begin time read from input coords =     0.000 ps

 Number of triangulated 3-point waters found:        0
 identifying link atoms
 identified link atoms

     Sum of charges from parm topology file =   0.00000100
     Forcing neutrality...
QMMM: ADJUSTING CHARGES
QMMM: ----------------------------------------------------------------------
QMMM: adjust_q = 2
QMMM: Uniformly adjusting the charge of MM atoms to conserve total charge.
QMMM:                             qm_charge =    0
QMMM: QM atom RESP charge sum (inc MM link) =    0.000
QMMM: Adjusting each MM atom resp charge by =    0.000
QMMM:          Sum of MM + QM region is now =    0.000
QMMM: ----------------------------------------------------------------------
|  # of SOLUTE  degrees of freedom (RNDFP):   13182.
|  # of SOLVENT degrees of freedom (RNDFS):       0.
|  QMSHAKE_NOSHAKEMASK_OVERLAP =      0
|  NDFMIN =   13182.     NUM_NOSHAKE =      0     CORRECTED RNDFP =   13182.
|  TOTAL # of degrees of freedom (RNDF) =   13182.
 ---------------------------------------------------
 APPROXIMATING switch and d/dx switch using CUBIC SPLINE INTERPOLATION
 using   5000.0 points per unit in tabled values
 TESTING RELATIVE ERROR over r ranging from 0.0 to cutoff
| CHECK switch(x): max rel err =   0.2738E-14   at   2.422500
| CHECK d/dx switch(x): max rel err =   0.7766E-11   at   2.666360
 ---------------------------------------------------
| Local SIZE OF NONBOND LIST =    2093896
| TOTAL SIZE OF NONBOND LIST =    2093896

QMMM: Link Atom Information
QMMM: ------------------------------------------------------------------------
QMMM: nlink =     0
QMMM: ------------------------------------------------------------------------

  QMMM: QM Region Cartesian Coordinates (*=link atom) 
  QMMM: QM_NO.   MM_NO.  ATOM         X         Y         Z
  QMMM:     1        1      C       -0.4171   -0.7303   -1.3030
  QMMM:     2        2      C        0.7245   -1.2089   -0.6417
  QMMM:     3        3      C        1.1281   -0.6536    0.5920
  QMMM:     4        4      C        0.3749    0.3975    1.1224
  QMMM:     5        5      C       -0.8373    0.7784    0.4863
  QMMM:     6        6      C       -1.1647    0.2877   -0.7278
  QMMM:     7        7      H       -0.6981   -1.1074   -2.3219
  QMMM:     8        8      H        1.2768   -2.0323   -1.0859
  QMMM:     9        9      H        2.0580   -1.0428    1.1063
  QMMM:    10       10      H       -1.4304    1.6058    0.9542
  QMMM:    11       11      H       -2.0580    0.6425   -1.2597
  QMMM:    12       12      N        0.7737    1.1484    2.2532
  QMMM:    13       13      H        1.7550    1.3920    2.2939
  QMMM:    14       14      H        0.2663    2.0323    2.3219

--------------------------------------------------------------------------------
  3.1 QM CALCULATION INFO
--------------------------------------------------------------------------------
 rnd_seed=           1
 !!!!!!-----NAESMD INPUT-----!!!!!!

 Ground state MD,      imdtype=           0
 Initial count for out files              0
 MD at constant energy
 Starting time, fs           0.0000000000000000     
 Time step, fs                        0.50000000000000000     
 Number of classical steps (CS)        20000
 Quantum steps/per CS                    0
 Displacement for deriv. [A]      1.0000000000000001E-005
 Newtonian dynamics,           therm_type=           0
 Temperature, K                  10.000000000000000     
 Bath relaxation constant       0.40000000000000002     
 Equilibrated dynamics
 Number of steps per degree K           100
 Number of steps to write data           10
 Number of steps to write coords           1
 Friction coefficient [1/ps]      2.0000000000000000     
 Seed for random generator               1
 NAESMD verbosity,            1
 MD will use analytic deriv,  ideriv=           1
 Cartesian coordinates are used
 Allocating initial naesmd_module variables
 Allocating md_module initial variables
 Allocating variables
 Allocating naesmd_module variables          14           5
 Allocating md_module variables          14
  Finish reading coordinates 

 Initial Geometry
    6        -0.417088   -0.730345   -1.303017
    6         0.724494   -1.208874   -0.641716
    6         1.128140   -0.653618    0.591990
    6         0.374850    0.397516    1.122377
    6        -0.837304    0.778356    0.486321
    6        -1.164659    0.287664   -0.727787
    1        -0.698110   -1.107428   -2.321903
    1         1.276753   -2.032343   -1.085920
    1         2.058000   -1.042828    1.106308
    1        -1.430392    1.605755    0.954163
    1        -2.058000    0.642546   -1.259712
    7         0.773694    1.148420    2.253231
    1         1.755008    1.391987    2.293884
    1         0.266274    2.032343    2.321903
 nstep successful

| QMMM: Citation for AMBER QMMM Run:
| QMMM: R.C. Walker, M.F. Crowley and D.A. Case, J. COMP. CHEM. 29:1019, 2008

QMMM: SINGLET STATE CALCULATION
QMMM: RHF CALCULATION, NO. OF DOUBLY OCCUPIED LEVELS = 18

| QMMM: *** Selected Hamiltonian *** 
| QMMM: AM1         

| QMMM: *** Parameter sets in use ***
| QMMM: C : M.J.S.DEWAR et al. JACS, 107, 3902, (1985)
| QMMM: H : M.J.S.DEWAR et al. JACS, 107, 3902, (1985)
| QMMM: N : M.J.S.DEWAR et al. JACS, 107, 3902, (1985)

| QMMM: *** Diagonalization Routine Information ***
| QMMM: Pseudo diagonalizations are allowed.
| QMMM: Auto diagonalization routine selection is disabled.
| QMMM: Using internal diagonalization routine (diag_routine=1).

  QMMM: QM Region Cartesian Coordinates (*=link atom) 
  QMMM: QM_NO.   MM_NO.  ATOM         X         Y         Z
  QMMM:     1        1      C       -0.4171   -0.7303   -1.3030
  QMMM:     2        2      C        0.7245   -1.2089   -0.6417
  QMMM:     3        3      C        1.1281   -0.6536    0.5920
  QMMM:     4        4      C        0.3749    0.3975    1.1224
  QMMM:     5        5      C       -0.8373    0.7784    0.4863
  QMMM:     6        6      C       -1.1647    0.2877   -0.7278
  QMMM:     7        7      H       -0.6981   -1.1074   -2.3219
  QMMM:     8        8      H        1.2768   -2.0323   -1.0859
  QMMM:     9        9      H        2.0580   -1.0428    1.1063
  QMMM:    10       10      H       -1.4304    1.6058    0.9542
  QMMM:    11       11      H       -2.0580    0.6425   -1.2597
  QMMM:    12       12      N        0.7737    1.1484    2.2532
  QMMM:    13       13      H        1.7550    1.3920    2.2939
  QMMM:    14       14      H        0.2663    2.0323    2.3219

--------------------------------------------------------------------------------
  RESULTS
--------------------------------------------------------------------------------

QMMM: SCF Converged to 0.1000E-07 in:    19 Cycles 
           8           1   2.6839289254607102E-015
          11           1   3.8758872413641177E-015
           8           2   2.2084656152443483E-015
          11           1   1.2783827815776583E-015
           8           1   4.5637728622247020E-015
 @@@@ Davidson subroutine Found vectors           6
  i, e0(i), ferr(i), ftol0
  1 +++    3.561751181874998     0.20E-05 0.10E-04
  2 +++    3.698209864282894     0.60E-06 0.10E-04
  3 +++    4.862724915126919     0.27E-05 0.10E-04
  4 +++    5.120191465340392     0.21E-05 0.10E-04
  5 +++    5.227883772400205     0.58E-05 0.10E-04
  6 +++    5.774409686348267     0.80E-05 0.10E-04
 -------------------------------------------------

 Frequencies (eV) and Oscillator strengths (unitless)
        Omega            fx              fy              fz          ftotal
   1     3.56175118187500        0.121494310508531E-01    0.257483727783434E-04    0.111585050128334E-01    0.233336844364649E-01
   2     3.69820986428289        0.333340485148080E-02    0.172255839151824E-01    0.364447239554506E-01    0.570037127221137E-01
   3     4.86272491512692        0.675900051224258E-03    0.105028231434839E-01    0.363384036034704E-01    0.475171267981785E-01
   4     5.12019146534039        0.126957846318481        0.121829548721116        0.774137774817229E-02    0.256528772787770    
   5     5.22788377240021        0.516888304966347E-01    0.249958532538038E-01    0.206657374503089        0.283342058253527    
   6     5.77440968634827        0.138901110210089E-02    0.432184853377299E-03    0.105008423919416E-01    0.123220383474198E-01

 Frequencies (eV) and Transition Dipole Moments (AU)
        Omega            fx              fy              fz          ftotal
   1     3.56175118187500        0.373136062378731        0.171776657538655E-01    0.357595677286673        0.267400261662370    
   2     3.69820986428289       -0.191809139787046       -0.436025854997913       -0.634223892285738        0.629149237878579    
   3     4.86272491512692        0.753221019471310E-01   -0.296916421394215       -0.552286100552090        0.398852717198314    
   4     5.12019146534039        -1.00602254871158        0.985494623947230        0.248420294108185         2.04499366486983    
   5     5.22788377240021       -0.635267201546439       -0.441765772012604        -1.27023341836291         2.21221435180847    
   6     5.77440968634827       -0.990877813348117E-01   -0.552715974808963E-01   -0.272445297268717        0.870997779017852E-01

 Total energy of the ground state (eV,AU)
           0  -1071.5571794299781       -39.378985611549695     
 Total energies of excited states (eV,AU)
           1  -1067.9954282481031       -39.248093717738122     
           2  -1067.8589695656951       -39.243078955489068     
           3  -1066.6944545148513       -39.200283832361798     
           4  -1066.4369879646376       -39.190822114619671     
           5  -1066.3292956575779       -39.186864496779400     
           6  -1065.7827697436298       -39.166780047237339     
 Ground State Molecular Dipole Moment (A.U.)
                         dx              dy              dz          ftotal
                     0.3514320      0.6041063     -0.2797093      0.7527856    
          35          18       94786204643872
          35          18       94786204643872
          35          18       94786204643872
          35          18       94786204643872
          35          18       94786204643872
          35          18       94786204643872

 Frequencies (eV) Unrelaxed Difference Dipole Moments (AU)
        Omega            dx              dy              dz          ftotal
   1   3.561751      0.4144527      0.1438291      0.5149384      0.6764757    
   2   3.698210     -0.6917070E-01  0.3371111      0.3354009      0.4805437    
   3   4.862725     -0.1577335     -0.2764437      0.4136390E-01  0.3209547    
   4   5.120191      0.1338045      0.5905307E-01  0.2202816      0.2644143    
   5   5.227884      0.8349180E-02  0.2337650E-01  0.3489711      0.3498528    
   6   5.774410     -0.7402234E-01  0.8171700E-01 -0.6833115E-01  0.1297155    
QMMM:
QMMM: SCF Energy =       16.08802042 KCal/mol,        67.31227744 KJ/mol
QMMM: SCF Energy = Heat of formation

QMMM: Mulliken Charges of state:    0
QMMM: Atomic Charges for Step       1 :
QMMM:  Atom    Element       Mulliken Charge
QMMM:     1      C              -0.205356
QMMM:     2      C              -0.127139
QMMM:     3      C              -0.162891
QMMM:     4      C               0.007383
QMMM:     5      C              -0.182786
QMMM:     6      C              -0.110719
QMMM:     7      H               0.154647
QMMM:     8      H               0.139935
QMMM:     9      H               0.168475
QMMM:    10      H               0.143559
QMMM:    11      H               0.146429
QMMM:    12      N              -0.345442
QMMM:    13      H               0.199173
QMMM:    14      H               0.174732
QMMM: Total Mulliken Charge =    0.000000

 LPRINT:           1           0

 NSTEP =        0   TIME(PS) =       0.000  TEMP(K) =   286.32  PRESS =     0.0
 Etot   =     -1853.6208  EKtot   =      3750.1213  EPtot      =     -5603.7421
 BOND   =       964.3266  ANGLE   =      1516.1800  DIHED      =         0.0000
 1-4 NB =         0.0000  1-4 EEL =         0.0000  VDWAALS    =     -5608.7899
 EELEC  =     -2491.5468  EHBOND  =         0.0000  RESTRAINT  =         0.0000
 AM1ESCF=        16.0880
 Ewald error estimate:   0.4160E-03
 ------------------------------------------------------------------------------


--------------------------------------------------------------------------------
   5.  TIMINGS
--------------------------------------------------------------------------------

|    Read coords time           0.01 ( 2.84% of Total)
|    Fast Water setup           0.00 ( 0.01% of Total)
|                Build the list             0.06 (88.18% of List )
|                Other                      0.01 (11.82% of List )
|             List time                  0.07 (50.02% of Nonbo)
|                   Short_ene time             0.06 (99.67% of Direc)
|                   Other                      0.00 ( 0.33% of Direc)
|                Direct Ewald time          0.06 (84.73% of Ewald)
|                Adjust Ewald time          0.00 ( 0.59% of Ewald)
|                Self Ewald time            0.00 ( 0.02% of Ewald)
|                   Fill Bspline coeffs        0.00 ( 4.67% of Recip)
|                   Fill charge grid           0.00 ( 9.25% of Recip)
|                   Scalar sum                 0.00 (14.98% of Recip)
|                   Grad sum                   0.00 (11.36% of Recip)
|                   FFT time                   0.01 (59.44% of Recip)
|                   Other                      0.00 ( 0.30% of Recip)
|                Recip Ewald time           0.01 (14.57% of Ewald)
|                Force Adjust               0.00 ( 0.01% of Ewald)
|                Virial junk                0.00 ( 0.07% of Ewald)
|             Ewald time                 0.07 (49.98% of Nonbo)
|          Nonbond force              0.13 (68.82% of Force)
|             QMMM setup                 0.00 ( 0.07% of QMMM )
|             QMMM list build            0.00 ( 0.34% of QMMM )
|             QMMM prep coords           0.00 ( 0.33% of QMMM )
|                   QMMM hcore QM-QM           0.00 (40.37% of QMMM )
|                   QMMM hcore QM-MM           0.00 (59.63% of QMMM )
|                QMMM hcore calc            0.00 (21.84% of QMMM )
|                   QMMM fock build            0.00 (40.33% of QMMM )
|                   QMMM elec-energy cal       0.00 ( 0.74% of QMMM )
|                   QMMM full matrix dia       0.00 (26.76% of QMMM )
|                   QMMM pseudo matrix d       0.00 (25.18% of QMMM )
|                   QMMM density build         0.00 ( 6.10% of QMMM )
|                   Other                      0.00 ( 0.90% of QMMM )
|                QMMM scf                   0.00 (78.16% of QMMM )
|             QMMM energy                0.00 ( 4.55% of QMMM )
|             QMMM Collate Forces        0.00 ( 0.03% of QMMM )
|             Other                      0.06 (94.68% of QMMM )
|          QMMM                       0.06 (30.88% of Force)
|          Bond/Angle/Dihedral        0.00 ( 0.28% of Force)
|          Other                      0.00 ( 0.02% of Force)
|       Force time                 0.19 (99.31% of Runmd)
|       Other                      0.00 ( 0.69% of Runmd)
|    Runmd Time                 0.19 (82.60% of Total)
|    Other                      0.03 (14.54% of Total)
| Total time                 0.23 (100.0% of ALL  )

| Number of list builds   :          1

| Highest rstack allocated:     366766
| Highest istack allocated:       4394
|           Job began  at 15:04:51.113  on 02/14/2020
|           Setup done at 15:04:51.154  on 02/14/2020
|           Run   done at 15:04:51.348  on 02/14/2020
|     wallclock() was called     295 times
ASSERTion 'ier == 0' failed in src/sqm/qmmm_module.F90 at line    892.
