
          -------------------------------------------------------
          Amber 18 SANDER                              2018
          -------------------------------------------------------

| Run on 02/14/2020 at 14:48:38

|   Executable path: sander
| Working directory: /home/dustin/Documents/TestRuns/qm_mm_prop/benzene_nh2/abs/traj_3/6
|          Hostname: Unknown
  [-O]verwriting output

File Assignments:
|  MDIN: nasqm_abs_t3_6.in                                                     
| MDOUT: nasqm_abs_t3_6.out                                                    
|INPCRD: snap_6_for_absorption_t3.rst                                          
|  PARM: m1.prmtop                                                             
|RESTRT: snap_6_for_absorption_t3_back.rst                                     
|  REFC: refc                                                                  
| MDVEL: mdvel                                                                 
| MDFRC: mdfrc                                                                 
|  MDEN: mden                                                                  
| MDCRD: nasqm_abs_t3_6.nc                                                     
|MDINFO: mdinfo                                                                
|  MTMD: mtmd                                                                  
|INPDIP: inpdip                                                                
|RSTDIP: rstdip                                                                
|INPTRA: inptraj                                                               


 Here is the input file:

300K constant temp QMMMMD                                                      
 &cntrl                                                                        
  imin=0,                                                                      
  irest=0,                                                                     
  ntx=5,                                                                       
  ntb=1,                                                                       
  ntp=0,                                                                       
  ig=-1,                                                                       
  taup=2.0,                                                                    
  cut=16.0,                                                                    
  ntr=0,                                                                       
  tempi=300.0,                                                                 
  temp0=300.0,                                                                 
  ntt=3,                                                                       
  gamma_ln=2.0,                                                                
  nstlim=0,                                                                    
  dt=0.0005,                                                                   
  ntpr=1,                                                                      
  ntwx=0,                                                                      
  ntwv=0,                                                                      
  ifqnt=1                                                                      
 /                                                                             
 &qmmm                                                                         
  scfconv=1.0000E-8,                                                           
  verbosity=1,                                                                 
  qmmask=':1',                                                                 
  diag_routine=1,                                                              
  qmcharge=0,                                                                  
  qm_theory='AM1',                                                             
  qmshake=0,                                                                   
  qm_ewald=0,                                                                  
  qm_pme=0,                                                                    
  nae=1                                                                        
 /                                                                             

--------------------------------------------------------------------------------
   1.  RESOURCE   USE: 
--------------------------------------------------------------------------------

| Flags:                                                                        
 getting new box info from bottom of inpcrd
|  INFO: Old style inpcrd file read

| peek_ewald_inpcrd: Box info found
|Largest sphere to fit in unit cell has radius =    22.679
| New format PARM file being parsed.
| Version =    1.000 Date = 09/26/18 Time = 13:58:55
 NATOM  =    4394 NTYPES =       7 NBONH =     883 MBONA  =    2635
 NTHETH =    2641 MTHETA =    2636 NPHIH =      26 MPHIA  =       9
 NHPARM =       0 NPARM  =       0 NNB   =    9698 NRES   =     877
 NBONA  =    2635 NTHETA =    2636 NPHIA =       9 NUMBND =       6
 NUMANG =       7 NPTRA  =       3 NATYP =       7 NPHB   =       0
 IFBOX  =       1 NMXRS  =      14 IFCAP =       0 NEXTRA =       0
 NCOPY  =       0


|     Memory Use     Allocated
|     Real              369502
|     Hollerith          14061
|     Integer           159675
|     Max Pairs        8541936
|     nblistReal         52728
|     nblist Int        151766
|       Total            37937 kbytes

| Note: 1-4 EEL scale factors are being read from the topology file.

| Note: 1-4 VDW scale factors are being read from the topology file.
| Duplicated    0 dihedrals
| Duplicated    0 dihedrals
LOADING THE QUANTUM ATOMS AS GROUPS
     Mask :1; matches    14 atoms

     BOX TYPE: RECTILINEAR
Note: ig = -1. Setting random seed to   937941 based on wallclock time in microseconds.

--------------------------------------------------------------------------------
   2.  CONTROL  DATA  FOR  THE  RUN
--------------------------------------------------------------------------------

m1                                                                              

General flags:
     imin    =       0, nmropt  =       0

Nature and format of input:
     ntx     =       5, irest   =       0, ntrx    =       1

Nature and format of output:
     ntxo    =       2, ntpr    =       1, ntrx    =       1, ntwr    =       1
     iwrap   =       0, ntwx    =       0, ntwv    =       0, ntwe    =       0
     ioutfm  =       1, ntwprt  =       0, idecomp =       0, rbornstat=      0

Potential function:
     ntf     =       1, ntb     =       1, igb     =       0, nsnb    =      25
     ipol    =       0, gbsa    =       0, iesp    =       0
     dielc   =   1.00000, cut     =  16.00000, intdiel =   1.00000

Frozen or restrained atoms:
     ibelly  =       0, ntr     =       0

Molecular dynamics:
     nstlim  =         0, nscm    =      1000, nrespa  =         1
     t       =   0.00000, dt      =   0.00050, vlimit  =  20.00000

Langevin dynamics temperature regulation:
     ig      =  937941
     temp0   = 300.00000, tempi   = 300.00000, gamma_ln=   2.00000

Ewald parameters:
     verbose =       0, ew_type =       0, nbflag  =       1, use_pme =       1
     vdwmeth =       1, eedmeth =       1, netfrc  =       1
     Box X =   49.256   Box Y =   50.133   Box Z =   45.358
     Alpha =   90.000   Beta  =   90.000   Gamma =   90.000
     NFFT1 =   50       NFFT2 =   50       NFFT3 =   45
     Cutoff=   16.000   Tol   =0.100E-04
     Ewald Coefficient =  0.16683
     Interpolation order =    4

QMMM options:
             ifqnt = True       nquant =       14
              qmgb =        0  qmcharge =        0   adjust_q =        2
              spin =        1     qmcut =  16.0000    qmshake =        0
          qmmm_int =        1
     lnk_atomic_no =        1   lnk_dis =   1.0900 lnk_method =        1
          qm_theory =     AM1 verbosity =        1
            qmqmdx = Analytical
      tight_p_conv = False (converge density to 0.05xSqrt[SCFCRT])
           scfconv = 0.100E-07  itrmax =     1000
      printcharges = False      printdipole = False      peptide_corr = False
    qmmmrij_incore = True 
  qmqm_erep_incore = True 
       pseudo_diag = True pseudo_diag_criteria =   0.0500
      diag_routine =        1
          qm_ewald =        0 qm_pme = False 

--------------------------------------------------------------------------------
   3.  ATOMIC COORDINATES AND VELOCITIES
--------------------------------------------------------------------------------

Cpptraj Generated Restart                                                       
 begin time read from input coords =     0.000 ps

 Number of triangulated 3-point waters found:        0
 identifying link atoms
 identified link atoms

     Sum of charges from parm topology file =   0.00000100
     Forcing neutrality...
QMMM: ADJUSTING CHARGES
QMMM: ----------------------------------------------------------------------
QMMM: adjust_q = 2
QMMM: Uniformly adjusting the charge of MM atoms to conserve total charge.
QMMM:                             qm_charge =    0
QMMM: QM atom RESP charge sum (inc MM link) =    0.000
QMMM: Adjusting each MM atom resp charge by =    0.000
QMMM:          Sum of MM + QM region is now =    0.000
QMMM: ----------------------------------------------------------------------
|  # of SOLUTE  degrees of freedom (RNDFP):   13182.
|  # of SOLVENT degrees of freedom (RNDFS):       0.
|  QMSHAKE_NOSHAKEMASK_OVERLAP =      0
|  NDFMIN =   13182.     NUM_NOSHAKE =      0     CORRECTED RNDFP =   13182.
|  TOTAL # of degrees of freedom (RNDF) =   13182.
 ---------------------------------------------------
 APPROXIMATING switch and d/dx switch using CUBIC SPLINE INTERPOLATION
 using   5000.0 points per unit in tabled values
 TESTING RELATIVE ERROR over r ranging from 0.0 to cutoff
| CHECK switch(x): max rel err =   0.2738E-14   at   2.422500
| CHECK d/dx switch(x): max rel err =   0.7766E-11   at   2.666360
 ---------------------------------------------------
| Local SIZE OF NONBOND LIST =    2093406
| TOTAL SIZE OF NONBOND LIST =    2093406

QMMM: Link Atom Information
QMMM: ------------------------------------------------------------------------
QMMM: nlink =     0
QMMM: ------------------------------------------------------------------------

  QMMM: QM Region Cartesian Coordinates (*=link atom) 
  QMMM: QM_NO.   MM_NO.  ATOM         X         Y         Z
  QMMM:     1        1      C       -0.4074   -0.5896   -1.5654
  QMMM:     2        2      C        0.6844   -1.1041   -0.7963
  QMMM:     3        3      C        1.0739   -0.5640    0.4145
  QMMM:     4        4      C        0.3282    0.5102    0.8782
  QMMM:     5        5      C       -0.7665    0.9729    0.1630
  QMMM:     6        6      C       -1.1109    0.4760   -1.0481
  QMMM:     7        7      H       -0.6922   -1.1686   -2.4346
  QMMM:     8        8      H        1.2106   -1.9898   -1.1658
  QMMM:     9        9      H        1.9401   -1.0239    0.9913
  QMMM:    10       10      H       -1.4396    1.8127    0.5653
  QMMM:    11       11      H       -1.9401    0.9647   -1.6522
  QMMM:    12       12      N        0.5765    1.0629    2.1195
  QMMM:    13       13      H        1.4920    0.8429    2.4346
  QMMM:    14       14      H        0.2146    1.9898    2.3250

--------------------------------------------------------------------------------
  3.1 QM CALCULATION INFO
--------------------------------------------------------------------------------
 rnd_seed=           1
 !!!!!!-----NAESMD INPUT-----!!!!!!

 Ground state MD,      imdtype=           0
 Initial count for out files              0
 MD at constant energy
 Starting time, fs           0.0000000000000000     
 Time step, fs                        0.50000000000000000     
 Number of classical steps (CS)        20000
 Quantum steps/per CS                    0
 Displacement for deriv. [A]      1.0000000000000001E-005
 Newtonian dynamics,           therm_type=           0
 Temperature, K                  10.000000000000000     
 Bath relaxation constant       0.40000000000000002     
 Equilibrated dynamics
 Number of steps per degree K           100
 Number of steps to write data           10
 Number of steps to write coords           1
 Friction coefficient [1/ps]      2.0000000000000000     
 Seed for random generator               1
 NAESMD verbosity,            1
 MD will use analytic deriv,  ideriv=           1
 Cartesian coordinates are used
 Allocating initial naesmd_module variables
 Allocating md_module initial variables
 Allocating variables
 Allocating naesmd_module variables          14           5
 Allocating md_module variables          14
  Finish reading coordinates 

 Initial Geometry
    6        -0.407370   -0.589571   -1.565447
    6         0.684365   -1.104065   -0.796268
    6         1.073855   -0.564024    0.414492
    6         0.328208    0.510197    0.878160
    6        -0.766513    0.972923    0.162966
    6        -1.110885    0.475985   -1.048138
    1        -0.692199   -1.168638   -2.434559
    1         1.210639   -1.989763   -1.165825
    1         1.940051   -1.023861    0.991316
    1        -1.439572    1.812737    0.565321
    1        -1.940051    0.964695   -1.652210
    7         0.576533    1.062933    2.119503
    1         1.491960    0.842916    2.434559
    1         0.214604    1.989763    2.325008
 nstep successful

| QMMM: Citation for AMBER QMMM Run:
| QMMM: R.C. Walker, M.F. Crowley and D.A. Case, J. COMP. CHEM. 29:1019, 2008

QMMM: SINGLET STATE CALCULATION
QMMM: RHF CALCULATION, NO. OF DOUBLY OCCUPIED LEVELS = 18

| QMMM: *** Selected Hamiltonian *** 
| QMMM: AM1         

| QMMM: *** Parameter sets in use ***
| QMMM: C : M.J.S.DEWAR et al. JACS, 107, 3902, (1985)
| QMMM: H : M.J.S.DEWAR et al. JACS, 107, 3902, (1985)
| QMMM: N : M.J.S.DEWAR et al. JACS, 107, 3902, (1985)

| QMMM: *** Diagonalization Routine Information ***
| QMMM: Pseudo diagonalizations are allowed.
| QMMM: Auto diagonalization routine selection is disabled.
| QMMM: Using internal diagonalization routine (diag_routine=1).

  QMMM: QM Region Cartesian Coordinates (*=link atom) 
  QMMM: QM_NO.   MM_NO.  ATOM         X         Y         Z
  QMMM:     1        1      C       -0.4074   -0.5896   -1.5654
  QMMM:     2        2      C        0.6844   -1.1041   -0.7963
  QMMM:     3        3      C        1.0739   -0.5640    0.4145
  QMMM:     4        4      C        0.3282    0.5102    0.8782
  QMMM:     5        5      C       -0.7665    0.9729    0.1630
  QMMM:     6        6      C       -1.1109    0.4760   -1.0481
  QMMM:     7        7      H       -0.6922   -1.1686   -2.4346
  QMMM:     8        8      H        1.2106   -1.9898   -1.1658
  QMMM:     9        9      H        1.9401   -1.0239    0.9913
  QMMM:    10       10      H       -1.4396    1.8127    0.5653
  QMMM:    11       11      H       -1.9401    0.9647   -1.6522
  QMMM:    12       12      N        0.5765    1.0629    2.1195
  QMMM:    13       13      H        1.4920    0.8429    2.4346
  QMMM:    14       14      H        0.2146    1.9898    2.3250

--------------------------------------------------------------------------------
  RESULTS
--------------------------------------------------------------------------------

QMMM: SCF Converged to 0.1000E-07 in:    17 Cycles 
           8           2   1.1222981145629770E-015
          11           1   4.6035766344820761E-015
          11           1   3.4962538506683183E-015
          10           1   2.9290534841325266E-015
          11           1   2.0704466786869435E-015
          10           4   2.5733538563943448E-015
           8           2   4.9536897622957606E-015
 @@@@ Davidson subroutine Found vectors           6
  i, e0(i), ferr(i), ftol0
  1 +++    3.576031180189541     0.20E-05 0.10E-04
  2 +++    3.742324047867375     0.63E-06 0.10E-04
  3 +++    4.850148237233600     0.82E-06 0.10E-04
  4 +++    5.187032539974599     0.16E-05 0.10E-04
  5 +++    5.284637840357060     0.16E-05 0.10E-04
  6 +++    5.782890369879734     0.49E-05 0.10E-04
 -------------------------------------------------

 Frequencies (eV) and Oscillator strengths (unitless)
        Omega            fx              fy              fz          ftotal
   1     3.57603118018954        0.105549040345732E-01    0.491117511755399E-02    0.163603923200429E-02    0.171021183841315E-01
   2     3.74232404786737        0.498581736219548E-02    0.957905165495628E-02    0.712533268558382E-01    0.858181958729900E-01
   3     4.85014823723360        0.101012068358545E-02    0.552229699027881E-04    0.889534448930173E-02    0.996068814278997E-02
   4     5.18703253997460        0.324378390129700E-01    0.168438778185394        0.112276434006036        0.313153051204400    
   5     5.28463784035706        0.137330232819768        0.221168656192231E-02    0.166381711276833        0.305923630658523    
   6     5.78289036987973        0.995237061847859E-03    0.174875208509140E-02    0.109336241993013E-02    0.383735156686939E-02

 Frequencies (eV) and Transition Dipole Moments (AU)
        Omega            fx              fy              fz          ftotal
   1     3.57603118018954        0.347094345371323       -0.236762601891230        0.136652396015366        0.195204891579793    
   2     3.74232404786737       -0.233194621808977       -0.323229957275822       -0.881562119763543        0.936009107923152    
   3     4.85014823723360        0.921998401721135E-01   -0.215577492407551E-01   -0.273605562210207        0.838255507524539E-01
   4     5.18703253997460       -0.505228118459407         1.15128434016204        0.939952400777952         2.46422159931260    
   5     5.28463784035706         1.02990343223497       -0.130699888445723         1.13361666232146         2.36287027766194    
   6     5.78289036987973       -0.838130862590900E-01   -0.111099648643352       -0.878477482841087E-01    0.270849922355381E-01

 Total energy of the ground state (eV,AU)
           0  -1071.4735427230157       -39.375912020384156     
 Total energies of excited states (eV,AU)
           1  -1067.8975115428261       -39.244495346505822     
           2  -1067.7312186751483       -39.238384198571488     
           3  -1066.6233944857822       -39.197672425414993     
           4  -1066.2865101830412       -39.185292160166377     
           5  -1066.1889048826586       -39.181705232848678     
           6  -1065.6906523531361       -39.163394796814437     
 Ground State Molecular Dipole Moment (A.U.)
                         dx              dy              dz          ftotal
                     0.4282493      0.4879846      0.3058555      0.7176865    
          35          18       94598374994528
          35          18       94598374994528
          35          18       94598374994528
          35          18       94598374994528
          35          18       94598374994528
          35          18       94598374994528

 Frequencies (eV) Unrelaxed Difference Dipole Moments (AU)
        Omega            dx              dy              dz          ftotal
   1   3.576031      0.8183774E-01  0.2562898      0.5187990      0.5844094    
   2   3.742324     -0.1076422E-01  0.2065607      0.4131236      0.4620112    
   3   4.850148     -0.3884884     -0.6710524     -0.4865696      0.9154150    
   4   5.187033     -0.4617201E-02  0.1245291      0.3585829      0.3796189    
   5   5.284638      0.1152524      0.1682506E-01  0.3626006      0.3808483    
   6   5.782890     -0.1252728      0.7804264E-01  0.2625013      0.3011492    
QMMM:
QMMM: SCF Energy =       18.01676652 KCal/mol,        75.38215112 KJ/mol
QMMM: SCF Energy = Heat of formation

QMMM: Mulliken Charges of state:    0
QMMM: Atomic Charges for Step       1 :
QMMM:  Atom    Element       Mulliken Charge
QMMM:     1      C              -0.221705
QMMM:     2      C              -0.138038
QMMM:     3      C              -0.187674
QMMM:     4      C               0.073045
QMMM:     5      C              -0.205193
QMMM:     6      C              -0.104120
QMMM:     7      H               0.145624
QMMM:     8      H               0.135657
QMMM:     9      H               0.173781
QMMM:    10      H               0.144880
QMMM:    11      H               0.150151
QMMM:    12      N              -0.399000
QMMM:    13      H               0.214741
QMMM:    14      H               0.217851
QMMM: Total Mulliken Charge =   -0.000000

 LPRINT:           1           0

 NSTEP =        0   TIME(PS) =       0.000  TEMP(K) =   287.05  PRESS =     0.0
 Etot   =     -1703.4957  EKtot   =      3759.6592  EPtot      =     -5463.1549
 BOND   =      1084.5086  ANGLE   =      1487.7956  DIHED      =         0.0000
 1-4 NB =         0.0000  1-4 EEL =         0.0000  VDWAALS    =     -5554.1853
 EELEC  =     -2499.2906  EHBOND  =         0.0000  RESTRAINT  =         0.0000
 AM1ESCF=        18.0168
 Ewald error estimate:   0.8795E-03
 ------------------------------------------------------------------------------


--------------------------------------------------------------------------------
   5.  TIMINGS
--------------------------------------------------------------------------------

|    Read coords time           0.01 ( 3.58% of Total)
|    Fast Water setup           0.00 ( 0.01% of Total)
|                Build the list             0.06 (88.21% of List )
|                Other                      0.01 (11.79% of List )
|             List time                  0.07 (51.30% of Nonbo)
|                   Short_ene time             0.05 (99.66% of Direc)
|                   Other                      0.00 ( 0.34% of Direc)
|                Direct Ewald time          0.05 (84.78% of Ewald)
|                Adjust Ewald time          0.00 ( 0.56% of Ewald)
|                Self Ewald time            0.00 ( 0.02% of Ewald)
|                   Fill Bspline coeffs        0.00 ( 4.97% of Recip)
|                   Fill charge grid           0.00 ( 9.46% of Recip)
|                   Scalar sum                 0.00 (16.05% of Recip)
|                   Grad sum                   0.00 (10.70% of Recip)
|                   FFT time                   0.01 (58.51% of Recip)
|                   Other                      0.00 ( 0.31% of Recip)
|                Recip Ewald time           0.01 (14.57% of Ewald)
|                Force Adjust               0.00 ( 0.01% of Ewald)
|                Virial junk                0.00 ( 0.06% of Ewald)
|             Ewald time                 0.06 (48.70% of Nonbo)
|          Nonbond force              0.13 (64.20% of Force)
|             QMMM setup                 0.00 ( 0.06% of QMMM )
|             QMMM list build            0.00 ( 0.28% of QMMM )
|             QMMM prep coords           0.00 ( 0.27% of QMMM )
|                   QMMM hcore QM-QM           0.00 (41.25% of QMMM )
|                   QMMM hcore QM-MM           0.00 (58.75% of QMMM )
|                QMMM hcore calc            0.00 (22.00% of QMMM )
|                   QMMM fock build            0.00 (39.24% of QMMM )
|                   QMMM elec-energy cal       0.00 ( 0.59% of QMMM )
|                   QMMM full matrix dia       0.00 (33.06% of QMMM )
|                   QMMM pseudo matrix d       0.00 (20.45% of QMMM )
|                   QMMM density build         0.00 ( 5.32% of QMMM )
|                   Other                      0.00 ( 1.35% of QMMM )
|                QMMM scf                   0.00 (78.00% of QMMM )
|             QMMM energy                0.00 ( 3.86% of QMMM )
|             QMMM Collate Forces        0.00 ( 0.02% of QMMM )
|             Other                      0.07 (95.51% of QMMM )
|          QMMM                       0.07 (35.60% of Force)
|          Bond/Angle/Dihedral        0.00 ( 0.18% of Force)
|          Other                      0.00 ( 0.02% of Force)
|       Force time                 0.20 (99.52% of Runmd)
|       Other                      0.00 ( 0.48% of Runmd)
|    Runmd Time                 0.20 (82.68% of Total)
|    Other                      0.03 (13.73% of Total)
| Total time                 0.25 (100.0% of ALL  )

| Number of list builds   :          1

| Highest rstack allocated:     366766
| Highest istack allocated:       4394
|           Job began  at 14:48:38.905  on 02/14/2020
|           Setup done at 14:48:38.948  on 02/14/2020
|           Run   done at 14:48:39.151  on 02/14/2020
|     wallclock() was called     271 times
ASSERTion 'ier == 0' failed in src/sqm/qmmm_module.F90 at line    892.
