
          -------------------------------------------------------
          Amber 18 SANDER                              2018
          -------------------------------------------------------

| Run on 02/14/2020 at 15:04:51

|   Executable path: sander
| Working directory: /home/dustin/Documents/TestRuns/qm_mm_prop/benzene_nh2/abs/traj_2/1
|          Hostname: Unknown
  [-O]verwriting output

File Assignments:
|  MDIN: nasqm_abs_t2_1.in                                                     
| MDOUT: nasqm_abs_t2_1.out                                                    
|INPCRD: snap_1_for_absorption_t2.rst                                          
|  PARM: m1.prmtop                                                             
|RESTRT: snap_1_for_absorption_t2_back.rst                                     
|  REFC: refc                                                                  
| MDVEL: mdvel                                                                 
| MDFRC: mdfrc                                                                 
|  MDEN: mden                                                                  
| MDCRD: nasqm_abs_t2_1.nc                                                     
|MDINFO: mdinfo                                                                
|  MTMD: mtmd                                                                  
|INPDIP: inpdip                                                                
|RSTDIP: rstdip                                                                
|INPTRA: inptraj                                                               


 Here is the input file:

300K constant temp QMMMMD                                                      
 &cntrl                                                                        
  imin=0,                                                                      
  irest=0,                                                                     
  ntx=5,                                                                       
  ntb=1,                                                                       
  ntp=0,                                                                       
  ig=-1,                                                                       
  taup=2.0,                                                                    
  cut=16.0,                                                                    
  ntr=0,                                                                       
  tempi=300.0,                                                                 
  temp0=300.0,                                                                 
  ntt=3,                                                                       
  gamma_ln=2.0,                                                                
  nstlim=0,                                                                    
  dt=0.0005,                                                                   
  ntpr=1,                                                                      
  ntwx=0,                                                                      
  ntwv=0,                                                                      
  ifqnt=1,                                                                     
 /                                                                             
 &qmmm                                                                         
  scfconv=1.0000E-8,                                                           
  verbosity=1,                                                                 
  qmmask=':1',                                                                 
  diag_routine=1,                                                              
  qmcharge=0,                                                                  
  qm_theory='AM1',                                                             
  qmshake=0,                                                                   
  qm_ewald=0,                                                                  
  qm_pme=0,                                                                    
  nae=1                                                                        
 /                                                                             

--------------------------------------------------------------------------------
   1.  RESOURCE   USE: 
--------------------------------------------------------------------------------

| Flags:                                                                        
 getting new box info from bottom of inpcrd
|  INFO: Old style inpcrd file read

| peek_ewald_inpcrd: Box info found
|Largest sphere to fit in unit cell has radius =    22.679
| New format PARM file being parsed.
| Version =    1.000 Date = 09/26/18 Time = 13:58:55
 NATOM  =    4394 NTYPES =       7 NBONH =     883 MBONA  =    2635
 NTHETH =    2641 MTHETA =    2636 NPHIH =      26 MPHIA  =       9
 NHPARM =       0 NPARM  =       0 NNB   =    9698 NRES   =     877
 NBONA  =    2635 NTHETA =    2636 NPHIA =       9 NUMBND =       6
 NUMANG =       7 NPTRA  =       3 NATYP =       7 NPHB   =       0
 IFBOX  =       1 NMXRS  =      14 IFCAP =       0 NEXTRA =       0
 NCOPY  =       0


|     Memory Use     Allocated
|     Real              369502
|     Hollerith          14061
|     Integer           159675
|     Max Pairs        8541936
|     nblistReal         52728
|     nblist Int        151766
|       Total            37937 kbytes

| Note: 1-4 EEL scale factors are being read from the topology file.

| Note: 1-4 VDW scale factors are being read from the topology file.
| Duplicated    0 dihedrals
| Duplicated    0 dihedrals
LOADING THE QUANTUM ATOMS AS GROUPS
     Mask :1; matches    14 atoms

     BOX TYPE: RECTILINEAR
Note: ig = -1. Setting random seed to   130504 based on wallclock time in microseconds.

--------------------------------------------------------------------------------
   2.  CONTROL  DATA  FOR  THE  RUN
--------------------------------------------------------------------------------

m1                                                                              

General flags:
     imin    =       0, nmropt  =       0

Nature and format of input:
     ntx     =       5, irest   =       0, ntrx    =       1

Nature and format of output:
     ntxo    =       2, ntpr    =       1, ntrx    =       1, ntwr    =       1
     iwrap   =       0, ntwx    =       0, ntwv    =       0, ntwe    =       0
     ioutfm  =       1, ntwprt  =       0, idecomp =       0, rbornstat=      0

Potential function:
     ntf     =       1, ntb     =       1, igb     =       0, nsnb    =      25
     ipol    =       0, gbsa    =       0, iesp    =       0
     dielc   =   1.00000, cut     =  16.00000, intdiel =   1.00000

Frozen or restrained atoms:
     ibelly  =       0, ntr     =       0

Molecular dynamics:
     nstlim  =         0, nscm    =      1000, nrespa  =         1
     t       =   0.00000, dt      =   0.00050, vlimit  =  20.00000

Langevin dynamics temperature regulation:
     ig      =  130504
     temp0   = 300.00000, tempi   = 300.00000, gamma_ln=   2.00000

Ewald parameters:
     verbose =       0, ew_type =       0, nbflag  =       1, use_pme =       1
     vdwmeth =       1, eedmeth =       1, netfrc  =       1
     Box X =   49.256   Box Y =   50.133   Box Z =   45.358
     Alpha =   90.000   Beta  =   90.000   Gamma =   90.000
     NFFT1 =   50       NFFT2 =   50       NFFT3 =   45
     Cutoff=   16.000   Tol   =0.100E-04
     Ewald Coefficient =  0.16683
     Interpolation order =    4

QMMM options:
             ifqnt = True       nquant =       14
              qmgb =        0  qmcharge =        0   adjust_q =        2
              spin =        1     qmcut =  16.0000    qmshake =        0
          qmmm_int =        1
     lnk_atomic_no =        1   lnk_dis =   1.0900 lnk_method =        1
          qm_theory =     AM1 verbosity =        1
            qmqmdx = Analytical
      tight_p_conv = False (converge density to 0.05xSqrt[SCFCRT])
           scfconv = 0.100E-07  itrmax =     1000
      printcharges = False      printdipole = False      peptide_corr = False
    qmmmrij_incore = True 
  qmqm_erep_incore = True 
       pseudo_diag = True pseudo_diag_criteria =   0.0500
      diag_routine =        1
          qm_ewald =        0 qm_pme = False 

--------------------------------------------------------------------------------
   3.  ATOMIC COORDINATES AND VELOCITIES
--------------------------------------------------------------------------------

Cpptraj Generated Restart                                                       
 begin time read from input coords =     0.000 ps

 Number of triangulated 3-point waters found:        0
 identifying link atoms
 identified link atoms

     Sum of charges from parm topology file =   0.00000100
     Forcing neutrality...
QMMM: ADJUSTING CHARGES
QMMM: ----------------------------------------------------------------------
QMMM: adjust_q = 2
QMMM: Uniformly adjusting the charge of MM atoms to conserve total charge.
QMMM:                             qm_charge =    0
QMMM: QM atom RESP charge sum (inc MM link) =    0.000
QMMM: Adjusting each MM atom resp charge by =    0.000
QMMM:          Sum of MM + QM region is now =    0.000
QMMM: ----------------------------------------------------------------------
|  # of SOLUTE  degrees of freedom (RNDFP):   13182.
|  # of SOLVENT degrees of freedom (RNDFS):       0.
|  QMSHAKE_NOSHAKEMASK_OVERLAP =      0
|  NDFMIN =   13182.     NUM_NOSHAKE =      0     CORRECTED RNDFP =   13182.
|  TOTAL # of degrees of freedom (RNDF) =   13182.
 ---------------------------------------------------
 APPROXIMATING switch and d/dx switch using CUBIC SPLINE INTERPOLATION
 using   5000.0 points per unit in tabled values
 TESTING RELATIVE ERROR over r ranging from 0.0 to cutoff
| CHECK switch(x): max rel err =   0.2738E-14   at   2.422500
| CHECK d/dx switch(x): max rel err =   0.7766E-11   at   2.666360
 ---------------------------------------------------
| Local SIZE OF NONBOND LIST =    2093959
| TOTAL SIZE OF NONBOND LIST =    2093959

QMMM: Link Atom Information
QMMM: ------------------------------------------------------------------------
QMMM: nlink =     0
QMMM: ------------------------------------------------------------------------

  QMMM: QM Region Cartesian Coordinates (*=link atom) 
  QMMM: QM_NO.   MM_NO.  ATOM         X         Y         Z
  QMMM:     1        1      C       -0.3586   -0.8404   -1.6115
  QMMM:     2        2      C        0.7977   -1.1478   -0.8673
  QMMM:     3        3      C        1.1135   -0.5971    0.3350
  QMMM:     4        4      C        0.2424    0.3590    0.8706
  QMMM:     5        5      C       -0.8876    0.7395    0.1419
  QMMM:     6        6      C       -1.1972    0.1263   -1.0779
  QMMM:     7        7      H       -0.6498   -1.4210   -2.4988
  QMMM:     8        8      H        1.5881   -1.7842   -1.3379
  QMMM:     9        9      H        2.0638   -0.8294    0.8493
  QMMM:    10       10      H       -1.6092    1.3628    0.7302
  QMMM:    11       11      H       -2.0638    0.4886   -1.6599
  QMMM:    12       12      N        0.5050    0.8338    2.1428
  QMMM:    13       13      H        1.3483    0.4915    2.4988
  QMMM:    14       14      H        0.3455    1.7842    2.3088

--------------------------------------------------------------------------------
  3.1 QM CALCULATION INFO
--------------------------------------------------------------------------------
 rnd_seed=           1
 !!!!!!-----NAESMD INPUT-----!!!!!!

 Ground state MD,      imdtype=           0
 Initial count for out files              0
 MD at constant energy
 Starting time, fs           0.0000000000000000     
 Time step, fs                        0.50000000000000000     
 Number of classical steps (CS)        20000
 Quantum steps/per CS                    0
 Displacement for deriv. [A]      1.0000000000000001E-005
 Newtonian dynamics,           therm_type=           0
 Temperature, K                  10.000000000000000     
 Bath relaxation constant       0.40000000000000002     
 Equilibrated dynamics
 Number of steps per degree K           100
 Number of steps to write data           10
 Number of steps to write coords           1
 Friction coefficient [1/ps]      2.0000000000000000     
 Seed for random generator               1
 NAESMD verbosity,            1
 MD will use analytic deriv,  ideriv=           1
 Cartesian coordinates are used
 Allocating initial naesmd_module variables
 Allocating md_module initial variables
 Allocating variables
 Allocating naesmd_module variables          14           5
 Allocating md_module variables          14
  Finish reading coordinates 

 Initial Geometry
    6        -0.358614   -0.840356   -1.611478
    6         0.797672   -1.147809   -0.867288
    6         1.113464   -0.597075    0.335050
    6         0.242426    0.358954    0.870635
    6        -0.887552    0.739499    0.141921
    6        -1.197195    0.126285   -1.077882
    1        -0.649839   -1.420955   -2.498824
    1         1.588102   -1.784211   -1.337901
    1         2.063799   -0.829450    0.849326
    1        -1.609243    1.362811    0.730205
    1        -2.063799    0.488578   -1.659871
    7         0.504961    0.833831    2.142757
    1         1.348278    0.491502    2.498824
    1         0.345493    1.784211    2.308791
 nstep successful

| QMMM: Citation for AMBER QMMM Run:
| QMMM: R.C. Walker, M.F. Crowley and D.A. Case, J. COMP. CHEM. 29:1019, 2008

QMMM: SINGLET STATE CALCULATION
QMMM: RHF CALCULATION, NO. OF DOUBLY OCCUPIED LEVELS = 18

| QMMM: *** Selected Hamiltonian *** 
| QMMM: AM1         

| QMMM: *** Parameter sets in use ***
| QMMM: C : M.J.S.DEWAR et al. JACS, 107, 3902, (1985)
| QMMM: H : M.J.S.DEWAR et al. JACS, 107, 3902, (1985)
| QMMM: N : M.J.S.DEWAR et al. JACS, 107, 3902, (1985)

| QMMM: *** Diagonalization Routine Information ***
| QMMM: Pseudo diagonalizations are allowed.
| QMMM: Auto diagonalization routine selection is disabled.
| QMMM: Using internal diagonalization routine (diag_routine=1).

  QMMM: QM Region Cartesian Coordinates (*=link atom) 
  QMMM: QM_NO.   MM_NO.  ATOM         X         Y         Z
  QMMM:     1        1      C       -0.3586   -0.8404   -1.6115
  QMMM:     2        2      C        0.7977   -1.1478   -0.8673
  QMMM:     3        3      C        1.1135   -0.5971    0.3350
  QMMM:     4        4      C        0.2424    0.3590    0.8706
  QMMM:     5        5      C       -0.8876    0.7395    0.1419
  QMMM:     6        6      C       -1.1972    0.1263   -1.0779
  QMMM:     7        7      H       -0.6498   -1.4210   -2.4988
  QMMM:     8        8      H        1.5881   -1.7842   -1.3379
  QMMM:     9        9      H        2.0638   -0.8294    0.8493
  QMMM:    10       10      H       -1.6092    1.3628    0.7302
  QMMM:    11       11      H       -2.0638    0.4886   -1.6599
  QMMM:    12       12      N        0.5050    0.8338    2.1428
  QMMM:    13       13      H        1.3483    0.4915    2.4988
  QMMM:    14       14      H        0.3455    1.7842    2.3088

--------------------------------------------------------------------------------
  RESULTS
--------------------------------------------------------------------------------

QMMM: SCF Converged to 0.1000E-07 in:    19 Cycles 
           9           2   3.1139438358591953E-015
           9           1   2.0981073866124800E-015
          10           1   1.3389896830195980E-015
           7           1   3.4004268957630712E-015
           9           1   1.0250589439764202E-015
           9           1   2.9246624653339603E-015
 @@@@ Davidson subroutine Found vectors           6
  i, e0(i), ferr(i), ftol0
  1 +++    3.585973667793355     0.32E-05 0.10E-04
  2 +++    3.765639662824195     0.47E-06 0.10E-04
  3 +++    5.019140252347059     0.16E-05 0.10E-04
  4 +++    5.110886147755975     0.27E-05 0.10E-04
  5 +++    5.142876890147734     0.69E-05 0.10E-04
  6 +++    5.765067409030248     0.67E-05 0.10E-04
 -------------------------------------------------

 Frequencies (eV) and Oscillator strengths (unitless)
        Omega            fx              fy              fz          ftotal
   1     3.58597366779336        0.531989827948290E-02    0.476172894349748E-02    0.562824034967380E-03    0.106444512579478E-01
   2     3.76563966282420        0.385391579856180E-02    0.357634774118577E-02    0.609218311080059E-01    0.683520946477535E-01
   3     5.01914025234706        0.269400753623031E-03    0.836708877108096E-02    0.556229978974461E-01    0.642594874221501E-01
   4     5.11088614775598        0.707012312818284E-01    0.128160854572657        0.394071513529949E-01    0.238269237207481    
   5     5.14287689014773        0.101062425584775        0.228442332957482E-02    0.150486236012327        0.253833084926677    
   6     5.76506740903025        0.290317305216140E-01    0.343703735261192E-02    0.163783756368174E-02    0.341066054379077E-01

 Frequencies (eV) and Transition Dipole Moments (AU)
        Omega            fx              fy              fz          ftotal
   1     3.58597366779336       -0.246075943235721        0.232809034269341        0.800393977196101E-01    0.121159721464091    
   2     3.76563966282420       -0.204386766743678       -0.196889036022829       -0.812621178522515        0.740892422709255    
   3     5.01914025234706       -0.468064582039118E-01   -0.260851636057663       -0.672563930907059        0.522576661720709    
   4     5.11088614775598       -0.751426362966154         1.01169740593368        0.560996898290442         1.90289074002498    
   5     5.14287689014773       -0.895597426497729       -0.134649973288453        -1.09286462395481         2.01457845194783    
   6     5.76506740903025       -0.453372641701975        0.155995105984873       -0.107684764158062        0.241477233766837    

 Total energy of the ground state (eV,AU)
           0  -1071.6230389780376       -39.381405904414329     
 Total energies of excited states (eV,AU)
           1  -1068.0370653102443       -39.249623850989472     
           2  -1067.8573993152133       -39.243021249869322     
           3  -1066.6038987256904       -39.196955969708398     
           4  -1066.5121528302816       -39.193584371473065     
           5  -1066.4801620878898       -39.192408733804321     
           6  -1065.8579715690073       -39.169543662335393     
 Ground State Molecular Dipole Moment (A.U.)
                         dx              dy              dz          ftotal
                     0.5151724      0.3426494      0.3933210E-01  0.6199663    
          35          18       94600210739648
          35          18       94600210739648
          35          18       94600210739648
          35          18       94600210739648
          35          18       94600210739648
          35          18       94600210739648

 Frequencies (eV) Unrelaxed Difference Dipole Moments (AU)
        Omega            dx              dy              dz          ftotal
   1   3.585974      0.1876501E-01  0.2482137      0.4631523      0.5258063    
   2   3.765640      0.3740854E-01  0.1426421      0.3844692      0.4117800    
   3   5.019140     -0.2908979     -0.3598513     -0.3142810      0.5593631    
   4   5.110886      0.5188817E-01  0.3237303E-01  0.1764058      0.1867067    
   5   5.142877      0.6775085E-01 -0.4870185E-01  0.3137991      0.3247028    
   6   5.765067      0.2831791E-01 -0.1909593E-01  0.4469026E-01  0.5624747E-01
QMMM:
QMMM: SCF Energy =       14.56923338 KCal/mol,        60.95767248 KJ/mol
QMMM: SCF Energy = Heat of formation

QMMM: Mulliken Charges of state:    0
QMMM: Atomic Charges for Step       1 :
QMMM:  Atom    Element       Mulliken Charge
QMMM:     1      C              -0.188765
QMMM:     2      C              -0.130763
QMMM:     3      C              -0.181398
QMMM:     4      C               0.020318
QMMM:     5      C              -0.180906
QMMM:     6      C              -0.123758
QMMM:     7      H               0.163680
QMMM:     8      H               0.140487
QMMM:     9      H               0.160155
QMMM:    10      H               0.145322
QMMM:    11      H               0.153152
QMMM:    12      N              -0.390561
QMMM:    13      H               0.205578
QMMM:    14      H               0.207459
QMMM: Total Mulliken Charge =    0.000000

 LPRINT:           1           0

 NSTEP =        0   TIME(PS) =       0.000  TEMP(K) =   286.01  PRESS =     0.0
 Etot   =     -1766.6464  EKtot   =      3746.0414  EPtot      =     -5512.6878
 BOND   =      1111.8708  ANGLE   =      1455.9554  DIHED      =         0.0000
 1-4 NB =         0.0000  1-4 EEL =         0.0000  VDWAALS    =     -5589.1884
 EELEC  =     -2505.8948  EHBOND  =         0.0000  RESTRAINT  =         0.0000
 AM1ESCF=        14.5692
 Ewald error estimate:   0.5024E-04
 ------------------------------------------------------------------------------


--------------------------------------------------------------------------------
   5.  TIMINGS
--------------------------------------------------------------------------------

|    Read coords time           0.01 ( 2.95% of Total)
|    Fast Water setup           0.00 ( 0.01% of Total)
|                Build the list             0.07 (90.05% of List )
|                Other                      0.01 ( 9.95% of List )
|             List time                  0.08 (50.33% of Nonbo)
|                   Short_ene time             0.07 (99.73% of Direc)
|                   Other                      0.00 ( 0.27% of Direc)
|                Direct Ewald time          0.07 (86.98% of Ewald)
|                Adjust Ewald time          0.00 ( 0.42% of Ewald)
|                Self Ewald time            0.00 ( 0.02% of Ewald)
|                   Fill Bspline coeffs        0.00 ( 4.63% of Recip)
|                   Fill charge grid           0.00 ( 9.28% of Recip)
|                   Scalar sum                 0.00 (15.33% of Recip)
|                   Grad sum                   0.00 (11.26% of Recip)
|                   FFT time                   0.01 (59.21% of Recip)
|                   Other                      0.00 ( 0.31% of Recip)
|                Recip Ewald time           0.01 (12.54% of Ewald)
|                Virial junk                0.00 ( 0.04% of Ewald)
|             Ewald time                 0.08 (49.67% of Nonbo)
|          Nonbond force              0.16 (72.03% of Force)
|             QMMM setup                 0.00 ( 0.06% of QMMM )
|             QMMM list build            0.00 ( 0.33% of QMMM )
|             QMMM prep coords           0.00 ( 0.33% of QMMM )
|                   QMMM hcore QM-QM           0.00 (40.77% of QMMM )
|                   QMMM hcore QM-MM           0.00 (59.08% of QMMM )
|                   Other                      0.00 ( 0.16% of QMMM )
|                QMMM hcore calc            0.00 (20.75% of QMMM )
|                   QMMM fock build            0.00 (41.21% of QMMM )
|                   QMMM elec-energy cal       0.00 ( 0.70% of QMMM )
|                   QMMM full matrix dia       0.00 (28.45% of QMMM )
|                   QMMM pseudo matrix d       0.00 (22.88% of QMMM )
|                   QMMM density build         0.00 ( 5.61% of QMMM )
|                   Other                      0.00 ( 1.15% of QMMM )
|                QMMM scf                   0.00 (79.25% of QMMM )
|             QMMM energy                0.00 ( 4.77% of QMMM )
|             QMMM Collate Forces        0.00 ( 0.02% of QMMM )
|             Other                      0.06 (94.48% of QMMM )
|          QMMM                       0.06 (27.79% of Force)
|          Bond/Angle/Dihedral        0.00 ( 0.16% of Force)
|          Other                      0.00 ( 0.02% of Force)
|       Force time                 0.22 (99.57% of Runmd)
|       Other                      0.00 ( 0.43% of Runmd)
|    Runmd Time                 0.22 (81.29% of Total)
|    Other                      0.04 (15.75% of Total)
| Total time                 0.27 (100.0% of ALL  )

| Number of list builds   :          1

| Highest rstack allocated:     366766
| Highest istack allocated:       4394
|           Job began  at 15:04:51.089  on 02/14/2020
|           Setup done at 15:04:51.139  on 02/14/2020
|           Run   done at 15:04:51.359  on 02/14/2020
|     wallclock() was called     295 times
ASSERTion 'ier == 0' failed in src/sqm/qmmm_module.F90 at line    892.
