
          -------------------------------------------------------
          Amber 18 SANDER                              2018
          -------------------------------------------------------

| Run on 02/14/2020 at 15:04:51

|   Executable path: sander
| Working directory: /home/dustin/Documents/TestRuns/qm_mm_prop/benzene_nh2/abs/traj_2/4
|          Hostname: Unknown
  [-O]verwriting output

File Assignments:
|  MDIN: nasqm_abs_t2_4.in                                                     
| MDOUT: nasqm_abs_t2_4.out                                                    
|INPCRD: snap_4_for_absorption_t2.rst                                          
|  PARM: m1.prmtop                                                             
|RESTRT: snap_4_for_absorption_t2_back.rst                                     
|  REFC: refc                                                                  
| MDVEL: mdvel                                                                 
| MDFRC: mdfrc                                                                 
|  MDEN: mden                                                                  
| MDCRD: nasqm_abs_t2_4.nc                                                     
|MDINFO: mdinfo                                                                
|  MTMD: mtmd                                                                  
|INPDIP: inpdip                                                                
|RSTDIP: rstdip                                                                
|INPTRA: inptraj                                                               


 Here is the input file:

300K constant temp QMMMMD                                                      
 &cntrl                                                                        
  imin=0,                                                                      
  irest=0,                                                                     
  ntx=5,                                                                       
  ntb=1,                                                                       
  ntp=0,                                                                       
  ig=-1,                                                                       
  taup=2.0,                                                                    
  cut=16.0,                                                                    
  ntr=0,                                                                       
  tempi=300.0,                                                                 
  temp0=300.0,                                                                 
  ntt=3,                                                                       
  gamma_ln=2.0,                                                                
  nstlim=0,                                                                    
  dt=0.0005,                                                                   
  ntpr=1,                                                                      
  ntwx=0,                                                                      
  ntwv=0,                                                                      
  ifqnt=1,                                                                     
 /                                                                             
 &qmmm                                                                         
  scfconv=1.0000E-8,                                                           
  verbosity=1,                                                                 
  qmmask=':1',                                                                 
  diag_routine=1,                                                              
  qmcharge=0,                                                                  
  qm_theory='AM1',                                                             
  qmshake=0,                                                                   
  qm_ewald=0,                                                                  
  qm_pme=0,                                                                    
  nae=1                                                                        
 /                                                                             

--------------------------------------------------------------------------------
   1.  RESOURCE   USE: 
--------------------------------------------------------------------------------

| Flags:                                                                        
 getting new box info from bottom of inpcrd
|  INFO: Old style inpcrd file read

| peek_ewald_inpcrd: Box info found
|Largest sphere to fit in unit cell has radius =    22.679
| New format PARM file being parsed.
| Version =    1.000 Date = 09/26/18 Time = 13:58:55
 NATOM  =    4394 NTYPES =       7 NBONH =     883 MBONA  =    2635
 NTHETH =    2641 MTHETA =    2636 NPHIH =      26 MPHIA  =       9
 NHPARM =       0 NPARM  =       0 NNB   =    9698 NRES   =     877
 NBONA  =    2635 NTHETA =    2636 NPHIA =       9 NUMBND =       6
 NUMANG =       7 NPTRA  =       3 NATYP =       7 NPHB   =       0
 IFBOX  =       1 NMXRS  =      14 IFCAP =       0 NEXTRA =       0
 NCOPY  =       0


|     Memory Use     Allocated
|     Real              369502
|     Hollerith          14061
|     Integer           159675
|     Max Pairs        8541936
|     nblistReal         52728
|     nblist Int        151766
|       Total            37937 kbytes

| Note: 1-4 EEL scale factors are being read from the topology file.

| Note: 1-4 VDW scale factors are being read from the topology file.
| Duplicated    0 dihedrals
| Duplicated    0 dihedrals
LOADING THE QUANTUM ATOMS AS GROUPS
     Mask :1; matches    14 atoms

     BOX TYPE: RECTILINEAR
Note: ig = -1. Setting random seed to   315523 based on wallclock time in microseconds.

--------------------------------------------------------------------------------
   2.  CONTROL  DATA  FOR  THE  RUN
--------------------------------------------------------------------------------

m1                                                                              

General flags:
     imin    =       0, nmropt  =       0

Nature and format of input:
     ntx     =       5, irest   =       0, ntrx    =       1

Nature and format of output:
     ntxo    =       2, ntpr    =       1, ntrx    =       1, ntwr    =       1
     iwrap   =       0, ntwx    =       0, ntwv    =       0, ntwe    =       0
     ioutfm  =       1, ntwprt  =       0, idecomp =       0, rbornstat=      0

Potential function:
     ntf     =       1, ntb     =       1, igb     =       0, nsnb    =      25
     ipol    =       0, gbsa    =       0, iesp    =       0
     dielc   =   1.00000, cut     =  16.00000, intdiel =   1.00000

Frozen or restrained atoms:
     ibelly  =       0, ntr     =       0

Molecular dynamics:
     nstlim  =         0, nscm    =      1000, nrespa  =         1
     t       =   0.00000, dt      =   0.00050, vlimit  =  20.00000

Langevin dynamics temperature regulation:
     ig      =  315523
     temp0   = 300.00000, tempi   = 300.00000, gamma_ln=   2.00000

Ewald parameters:
     verbose =       0, ew_type =       0, nbflag  =       1, use_pme =       1
     vdwmeth =       1, eedmeth =       1, netfrc  =       1
     Box X =   49.256   Box Y =   50.133   Box Z =   45.358
     Alpha =   90.000   Beta  =   90.000   Gamma =   90.000
     NFFT1 =   50       NFFT2 =   50       NFFT3 =   45
     Cutoff=   16.000   Tol   =0.100E-04
     Ewald Coefficient =  0.16683
     Interpolation order =    4

QMMM options:
             ifqnt = True       nquant =       14
              qmgb =        0  qmcharge =        0   adjust_q =        2
              spin =        1     qmcut =  16.0000    qmshake =        0
          qmmm_int =        1
     lnk_atomic_no =        1   lnk_dis =   1.0900 lnk_method =        1
          qm_theory =     AM1 verbosity =        1
            qmqmdx = Analytical
      tight_p_conv = False (converge density to 0.05xSqrt[SCFCRT])
           scfconv = 0.100E-07  itrmax =     1000
      printcharges = False      printdipole = False      peptide_corr = False
    qmmmrij_incore = True 
  qmqm_erep_incore = True 
       pseudo_diag = True pseudo_diag_criteria =   0.0500
      diag_routine =        1
          qm_ewald =        0 qm_pme = False 

--------------------------------------------------------------------------------
   3.  ATOMIC COORDINATES AND VELOCITIES
--------------------------------------------------------------------------------

Cpptraj Generated Restart                                                       
 begin time read from input coords =     0.000 ps

 Number of triangulated 3-point waters found:        0
 identifying link atoms
 identified link atoms

     Sum of charges from parm topology file =   0.00000100
     Forcing neutrality...
QMMM: ADJUSTING CHARGES
QMMM: ----------------------------------------------------------------------
QMMM: adjust_q = 2
QMMM: Uniformly adjusting the charge of MM atoms to conserve total charge.
QMMM:                             qm_charge =    0
QMMM: QM atom RESP charge sum (inc MM link) =    0.000
QMMM: Adjusting each MM atom resp charge by =    0.000
QMMM:          Sum of MM + QM region is now =    0.000
QMMM: ----------------------------------------------------------------------
|  # of SOLUTE  degrees of freedom (RNDFP):   13182.
|  # of SOLVENT degrees of freedom (RNDFS):       0.
|  QMSHAKE_NOSHAKEMASK_OVERLAP =      0
|  NDFMIN =   13182.     NUM_NOSHAKE =      0     CORRECTED RNDFP =   13182.
|  TOTAL # of degrees of freedom (RNDF) =   13182.
 ---------------------------------------------------
 APPROXIMATING switch and d/dx switch using CUBIC SPLINE INTERPOLATION
 using   5000.0 points per unit in tabled values
 TESTING RELATIVE ERROR over r ranging from 0.0 to cutoff
| CHECK switch(x): max rel err =   0.2738E-14   at   2.422500
| CHECK d/dx switch(x): max rel err =   0.7766E-11   at   2.666360
 ---------------------------------------------------
| Local SIZE OF NONBOND LIST =    2093834
| TOTAL SIZE OF NONBOND LIST =    2093834

QMMM: Link Atom Information
QMMM: ------------------------------------------------------------------------
QMMM: nlink =     0
QMMM: ------------------------------------------------------------------------

  QMMM: QM Region Cartesian Coordinates (*=link atom) 
  QMMM: QM_NO.   MM_NO.  ATOM         X         Y         Z
  QMMM:     1        1      C       -0.3481   -0.8264   -1.6828
  QMMM:     2        2      C        0.7920   -1.1210   -0.9744
  QMMM:     3        3      C        1.1320   -0.5929    0.2497
  QMMM:     4        4      C        0.2642    0.3730    0.8031
  QMMM:     5        5      C       -0.8948    0.7671    0.0368
  QMMM:     6        6      C       -1.1506    0.1292   -1.1716
  QMMM:     7        7      H       -0.5751   -1.3866   -2.5713
  QMMM:     8        8      H        1.6203   -1.7867   -1.3973
  QMMM:     9        9      H        2.0361   -0.9009    0.7802
  QMMM:    10       10      H       -1.6271    1.4454    0.6060
  QMMM:    11       11      H       -2.0361    0.5421   -1.7522
  QMMM:    12       12      N        0.5079    0.8335    2.0814
  QMMM:    13       13      H        1.3804    0.5718    2.5713
  QMMM:    14       14      H        0.2725    1.7867    2.2684

--------------------------------------------------------------------------------
  3.1 QM CALCULATION INFO
--------------------------------------------------------------------------------
 rnd_seed=           1
 !!!!!!-----NAESMD INPUT-----!!!!!!

 Ground state MD,      imdtype=           0
 Initial count for out files              0
 MD at constant energy
 Starting time, fs           0.0000000000000000     
 Time step, fs                        0.50000000000000000     
 Number of classical steps (CS)        20000
 Quantum steps/per CS                    0
 Displacement for deriv. [A]      1.0000000000000001E-005
 Newtonian dynamics,           therm_type=           0
 Temperature, K                  10.000000000000000     
 Bath relaxation constant       0.40000000000000002     
 Equilibrated dynamics
 Number of steps per degree K           100
 Number of steps to write data           10
 Number of steps to write coords           1
 Friction coefficient [1/ps]      2.0000000000000000     
 Seed for random generator               1
 NAESMD verbosity,            1
 MD will use analytic deriv,  ideriv=           1
 Cartesian coordinates are used
 Allocating initial naesmd_module variables
 Allocating md_module initial variables
 Allocating variables
 Allocating naesmd_module variables          14           5
 Allocating md_module variables          14
  Finish reading coordinates 

 Initial Geometry
    6        -0.348056   -0.826360   -1.682809
    6         0.791997   -1.121013   -0.974406
    6         1.132014   -0.592904    0.249677
    6         0.264188    0.372975    0.803130
    6        -0.894769    0.767077    0.036828
    6        -1.150601    0.129212   -1.171605
    1        -0.575059   -1.386628   -2.571307
    1         1.620311   -1.786750   -1.397340
    1         2.036094   -0.900851    0.780240
    1        -1.627095    1.445352    0.606030
    1        -2.036094    0.542125   -1.752213
    7         0.507886    0.833489    2.081443
    1         1.380376    0.571790    2.571307
    1         0.272452    1.786750    2.268355
 nstep successful

| QMMM: Citation for AMBER QMMM Run:
| QMMM: R.C. Walker, M.F. Crowley and D.A. Case, J. COMP. CHEM. 29:1019, 2008

QMMM: SINGLET STATE CALCULATION
QMMM: RHF CALCULATION, NO. OF DOUBLY OCCUPIED LEVELS = 18

| QMMM: *** Selected Hamiltonian *** 
| QMMM: AM1         

| QMMM: *** Parameter sets in use ***
| QMMM: C : M.J.S.DEWAR et al. JACS, 107, 3902, (1985)
| QMMM: H : M.J.S.DEWAR et al. JACS, 107, 3902, (1985)
| QMMM: N : M.J.S.DEWAR et al. JACS, 107, 3902, (1985)

| QMMM: *** Diagonalization Routine Information ***
| QMMM: Pseudo diagonalizations are allowed.
| QMMM: Auto diagonalization routine selection is disabled.
| QMMM: Using internal diagonalization routine (diag_routine=1).

  QMMM: QM Region Cartesian Coordinates (*=link atom) 
  QMMM: QM_NO.   MM_NO.  ATOM         X         Y         Z
  QMMM:     1        1      C       -0.3481   -0.8264   -1.6828
  QMMM:     2        2      C        0.7920   -1.1210   -0.9744
  QMMM:     3        3      C        1.1320   -0.5929    0.2497
  QMMM:     4        4      C        0.2642    0.3730    0.8031
  QMMM:     5        5      C       -0.8948    0.7671    0.0368
  QMMM:     6        6      C       -1.1506    0.1292   -1.1716
  QMMM:     7        7      H       -0.5751   -1.3866   -2.5713
  QMMM:     8        8      H        1.6203   -1.7867   -1.3973
  QMMM:     9        9      H        2.0361   -0.9009    0.7802
  QMMM:    10       10      H       -1.6271    1.4454    0.6060
  QMMM:    11       11      H       -2.0361    0.5421   -1.7522
  QMMM:    12       12      N        0.5079    0.8335    2.0814
  QMMM:    13       13      H        1.3804    0.5718    2.5713
  QMMM:    14       14      H        0.2725    1.7867    2.2684

--------------------------------------------------------------------------------
  RESULTS
--------------------------------------------------------------------------------

QMMM: SCF Converged to 0.1000E-07 in:    16 Cycles 
           7           1   2.8374807522048642E-015
           7           1   1.7429447777628573E-015
           7           1   3.5352919051413745E-015
          10           1   1.4465222097394259E-015
           9           1   1.0530855701351705E-015
          10           1   2.8703913703374828E-015
           9           3   3.0080105073437835E-015
 @@@@ Davidson subroutine Found vectors           6
  i, e0(i), ferr(i), ftol0
  1 +++    3.562834972786447     0.22E-05 0.10E-04
  2 +++    3.723198457554585     0.49E-06 0.10E-04
  3 +++    4.740255716220468     0.11E-05 0.10E-04
  4 +++    5.036411241474920     0.20E-05 0.10E-04
  5 +++    5.125517562722424     0.41E-05 0.10E-04
  6 +++    5.715497914109090     0.10E-04 0.10E-04
 -------------------------------------------------

 Frequencies (eV) and Oscillator strengths (unitless)
        Omega            fx              fy              fz          ftotal
   1     3.56283497278645        0.900285954008654E-02    0.397171522073436E-02    0.487325512125928E-03    0.134619002729468E-01
   2     3.72319845755458        0.402130233442677E-02    0.433370032881392E-02    0.629157795629405E-01    0.712707822261812E-01
   3     4.74025571622047        0.110845594775008E-02    0.124770495669556E-03    0.745470334344735E-02    0.868792978686699E-02
   4     5.03641124147492        0.383664157934532E-03    0.105550241280915        0.204287927005775        0.310221832444624    
   5     5.12551756272242        0.159361440627528        0.339448875385816E-01    0.316741020432057E-01    0.224980430209316    
   6     5.71549791410909        0.236429809801917E-01    0.584066853975714E-02    0.251874691397754E-02    0.320023964339264E-01

 Frequencies (eV) and Transition Dipole Moments (AU)
        Omega            fx              fy              fz          ftotal
   1     3.56283497278645        0.321154067086029       -0.213310502929608        0.747192945592460E-01    0.154224278445411    
   2     3.72319845755458       -0.209964712866065       -0.217967823633993       -0.830505935145201        0.781335261100073    
   3     4.74025571622047       -0.976965834192890E-01    0.327775212247716E-01    0.253358418755343        0.748094766636501E-01
   4     5.03641124147492        0.557617075844519E-01   -0.924889960500313        -1.28671333198785         2.51416200578228    
   5     5.12551756272242         1.12653270104950       -0.519923402976099        0.502231947490136         1.79163320057587    
   6     5.71549791410909        0.410908498498094       -0.204232704010065       -0.134117754270109        0.228544363535678    

 Total energy of the ground state (eV,AU)
           0  -1071.4416104138249       -39.374738530095158     
 Total energies of excited states (eV,AU)
           1  -1067.8787754410384       -39.243806807716780     
           2  -1067.7184119562703       -39.237913560505589     
           3  -1066.7013546976045       -39.200537409308112     
           4  -1066.4051991723500       -39.189653898477651     
           5  -1066.3160928511024       -39.186379302768096     
           6  -1065.7261124997158       -39.164697932688796     
 Ground State Molecular Dipole Moment (A.U.)
                         dx              dy              dz          ftotal
                     0.5223781      0.3983679      0.2005157      0.6868642    
          35          18       94849611502048
          35          18       94849611502048
          35          18       94849611502048
          35          18       94849611502048
          35          18       94849611502048
          35          18       94849611502048

 Frequencies (eV) Unrelaxed Difference Dipole Moments (AU)
        Omega            dx              dy              dz          ftotal
   1   3.562835      0.1212142      0.1933136      0.5666211      0.6108376    
   2   3.723198     -0.6177163E-01  0.1887252      0.3083497      0.3667594    
   3   4.740256     -0.4847271     -0.5291573     -0.6073451      0.9401255    
   4   5.036411      0.6246274E-01  0.4122055E-01  0.2890446      0.2985758    
   5   5.125518      0.1537301     -0.1730556E-01  0.1528460      0.2174726    
   6   5.715498      0.6578849E-01 -0.7331602E-01 -0.4025242E-02  0.9858786E-01
QMMM:
QMMM: SCF Energy =       18.75315750 KCal/mol,        78.46321099 KJ/mol
QMMM: SCF Energy = Heat of formation

QMMM: Mulliken Charges of state:    0
QMMM: Atomic Charges for Step       1 :
QMMM:  Atom    Element       Mulliken Charge
QMMM:     1      C              -0.177760
QMMM:     2      C              -0.133549
QMMM:     3      C              -0.190687
QMMM:     4      C               0.037251
QMMM:     5      C              -0.188501
QMMM:     6      C              -0.122858
QMMM:     7      H               0.157741
QMMM:     8      H               0.140664
QMMM:     9      H               0.159216
QMMM:    10      H               0.149415
QMMM:    11      H               0.149489
QMMM:    12      N              -0.407070
QMMM:    13      H               0.224609
QMMM:    14      H               0.202041
QMMM: Total Mulliken Charge =    0.000000

 LPRINT:           1           0

 NSTEP =        0   TIME(PS) =       0.000  TEMP(K) =   293.02  PRESS =     0.0
 Etot   =     -1778.6239  EKtot   =      3837.9018  EPtot      =     -5616.5257
 BOND   =       992.9920  ANGLE   =      1470.6440  DIHED      =         0.0000
 1-4 NB =         0.0000  1-4 EEL =         0.0000  VDWAALS    =     -5587.3382
 EELEC  =     -2511.5767  EHBOND  =         0.0000  RESTRAINT  =         0.0000
 AM1ESCF=        18.7532
 Ewald error estimate:   0.3743E-04
 ------------------------------------------------------------------------------


--------------------------------------------------------------------------------
   5.  TIMINGS
--------------------------------------------------------------------------------

|    Read coords time           0.01 ( 2.60% of Total)
|    Fast Water setup           0.00 ( 0.01% of Total)
|                Build the list             0.07 (89.34% of List )
|                Other                      0.01 (10.66% of List )
|             List time                  0.07 (54.42% of Nonbo)
|                   Short_ene time             0.05 (99.66% of Direc)
|                   Other                      0.00 ( 0.34% of Direc)
|                Direct Ewald time          0.05 (84.77% of Ewald)
|                Adjust Ewald time          0.00 ( 0.54% of Ewald)
|                Self Ewald time            0.00 ( 0.02% of Ewald)
|                   Fill Bspline coeffs        0.00 ( 4.91% of Recip)
|                   Fill charge grid           0.00 ( 9.42% of Recip)
|                   Scalar sum                 0.00 (15.99% of Recip)
|                   Grad sum                   0.00 (10.76% of Recip)
|                   FFT time                   0.01 (58.64% of Recip)
|                   Other                      0.00 ( 0.29% of Recip)
|                Recip Ewald time           0.01 (14.60% of Ewald)
|                Virial junk                0.00 ( 0.05% of Ewald)
|                Other                      0.00 ( 0.01% of Ewald)
|             Ewald time                 0.06 (45.57% of Nonbo)
|          Nonbond force              0.14 (65.25% of Force)
|             QMMM setup                 0.00 ( 0.06% of QMMM )
|             QMMM list build            0.00 ( 0.27% of QMMM )
|             QMMM prep coords           0.00 ( 0.29% of QMMM )
|                   QMMM hcore QM-QM           0.00 (40.63% of QMMM )
|                   QMMM hcore QM-MM           0.00 (59.37% of QMMM )
|                QMMM hcore calc            0.00 (23.25% of QMMM )
|                   QMMM fock build            0.00 (39.23% of QMMM )
|                   QMMM elec-energy cal       0.00 ( 0.70% of QMMM )
|                   QMMM full matrix dia       0.00 (31.90% of QMMM )
|                   QMMM pseudo matrix d       0.00 (21.74% of QMMM )
|                   QMMM density build         0.00 ( 5.30% of QMMM )
|                   Other                      0.00 ( 1.14% of QMMM )
|                QMMM scf                   0.00 (76.75% of QMMM )
|             QMMM energy                0.00 ( 3.36% of QMMM )
|             QMMM Collate Forces        0.00 ( 0.02% of QMMM )
|             Other                      0.07 (96.00% of QMMM )
|          QMMM                       0.07 (34.56% of Force)
|          Bond/Angle/Dihedral        0.00 ( 0.17% of Force)
|          Other                      0.00 ( 0.02% of Force)
|       Force time                 0.21 (99.54% of Runmd)
|       Other                      0.00 ( 0.46% of Runmd)
|    Runmd Time                 0.21 (82.18% of Total)
|    Other                      0.04 (15.22% of Total)
| Total time                 0.26 (100.0% of ALL  )

| Number of list builds   :          1

| Highest rstack allocated:     366766
| Highest istack allocated:       4394
|           Job began  at 15:04:51.277  on 02/14/2020
|           Setup done at 15:04:51.323  on 02/14/2020
|           Run   done at 15:04:51.534  on 02/14/2020
|     wallclock() was called     259 times
ASSERTion 'ier == 0' failed in src/sqm/qmmm_module.F90 at line    892.
