
          -------------------------------------------------------
          Amber 18 SANDER                              2018
          -------------------------------------------------------

| Run on 02/14/2020 at 14:48:38

|   Executable path: sander
| Working directory: /home/dustin/Documents/TestRuns/qm_mm_prop/benzene_nh2/abs/traj_3/8
|          Hostname: Unknown
  [-O]verwriting output

File Assignments:
|  MDIN: nasqm_abs_t3_8.in                                                     
| MDOUT: nasqm_abs_t3_8.out                                                    
|INPCRD: snap_8_for_absorption_t3.rst                                          
|  PARM: m1.prmtop                                                             
|RESTRT: snap_8_for_absorption_t3_back.rst                                     
|  REFC: refc                                                                  
| MDVEL: mdvel                                                                 
| MDFRC: mdfrc                                                                 
|  MDEN: mden                                                                  
| MDCRD: nasqm_abs_t3_8.nc                                                     
|MDINFO: mdinfo                                                                
|  MTMD: mtmd                                                                  
|INPDIP: inpdip                                                                
|RSTDIP: rstdip                                                                
|INPTRA: inptraj                                                               


 Here is the input file:

300K constant temp QMMMMD                                                      
 &cntrl                                                                        
  imin=0,                                                                      
  irest=0,                                                                     
  ntx=5,                                                                       
  ntb=1,                                                                       
  ntp=0,                                                                       
  ig=-1,                                                                       
  taup=2.0,                                                                    
  cut=16.0,                                                                    
  ntr=0,                                                                       
  tempi=300.0,                                                                 
  temp0=300.0,                                                                 
  ntt=3,                                                                       
  gamma_ln=2.0,                                                                
  nstlim=0,                                                                    
  dt=0.0005,                                                                   
  ntpr=1,                                                                      
  ntwx=0,                                                                      
  ntwv=0,                                                                      
  ifqnt=1                                                                      
 /                                                                             
 &qmmm                                                                         
  scfconv=1.0000E-8,                                                           
  verbosity=1,                                                                 
  qmmask=':1',                                                                 
  diag_routine=1,                                                              
  qmcharge=0,                                                                  
  qm_theory='AM1',                                                             
  qmshake=0,                                                                   
  qm_ewald=0,                                                                  
  qm_pme=0,                                                                    
  nae=1                                                                        
 /                                                                             

--------------------------------------------------------------------------------
   1.  RESOURCE   USE: 
--------------------------------------------------------------------------------

| Flags:                                                                        
 getting new box info from bottom of inpcrd
|  INFO: Old style inpcrd file read

| peek_ewald_inpcrd: Box info found
|Largest sphere to fit in unit cell has radius =    22.679
| New format PARM file being parsed.
| Version =    1.000 Date = 09/26/18 Time = 13:58:55
 NATOM  =    4394 NTYPES =       7 NBONH =     883 MBONA  =    2635
 NTHETH =    2641 MTHETA =    2636 NPHIH =      26 MPHIA  =       9
 NHPARM =       0 NPARM  =       0 NNB   =    9698 NRES   =     877
 NBONA  =    2635 NTHETA =    2636 NPHIA =       9 NUMBND =       6
 NUMANG =       7 NPTRA  =       3 NATYP =       7 NPHB   =       0
 IFBOX  =       1 NMXRS  =      14 IFCAP =       0 NEXTRA =       0
 NCOPY  =       0


|     Memory Use     Allocated
|     Real              369502
|     Hollerith          14061
|     Integer           159675
|     Max Pairs        8541936
|     nblistReal         52728
|     nblist Int        151766
|       Total            37937 kbytes

| Note: 1-4 EEL scale factors are being read from the topology file.

| Note: 1-4 VDW scale factors are being read from the topology file.
| Duplicated    0 dihedrals
| Duplicated    0 dihedrals
LOADING THE QUANTUM ATOMS AS GROUPS
     Mask :1; matches    14 atoms

     BOX TYPE: RECTILINEAR
Note: ig = -1. Setting random seed to   740741 based on wallclock time in microseconds.

--------------------------------------------------------------------------------
   2.  CONTROL  DATA  FOR  THE  RUN
--------------------------------------------------------------------------------

m1                                                                              

General flags:
     imin    =       0, nmropt  =       0

Nature and format of input:
     ntx     =       5, irest   =       0, ntrx    =       1

Nature and format of output:
     ntxo    =       2, ntpr    =       1, ntrx    =       1, ntwr    =       1
     iwrap   =       0, ntwx    =       0, ntwv    =       0, ntwe    =       0
     ioutfm  =       1, ntwprt  =       0, idecomp =       0, rbornstat=      0

Potential function:
     ntf     =       1, ntb     =       1, igb     =       0, nsnb    =      25
     ipol    =       0, gbsa    =       0, iesp    =       0
     dielc   =   1.00000, cut     =  16.00000, intdiel =   1.00000

Frozen or restrained atoms:
     ibelly  =       0, ntr     =       0

Molecular dynamics:
     nstlim  =         0, nscm    =      1000, nrespa  =         1
     t       =   0.00000, dt      =   0.00050, vlimit  =  20.00000

Langevin dynamics temperature regulation:
     ig      =  740741
     temp0   = 300.00000, tempi   = 300.00000, gamma_ln=   2.00000

Ewald parameters:
     verbose =       0, ew_type =       0, nbflag  =       1, use_pme =       1
     vdwmeth =       1, eedmeth =       1, netfrc  =       1
     Box X =   49.256   Box Y =   50.133   Box Z =   45.358
     Alpha =   90.000   Beta  =   90.000   Gamma =   90.000
     NFFT1 =   50       NFFT2 =   50       NFFT3 =   45
     Cutoff=   16.000   Tol   =0.100E-04
     Ewald Coefficient =  0.16683
     Interpolation order =    4

QMMM options:
             ifqnt = True       nquant =       14
              qmgb =        0  qmcharge =        0   adjust_q =        2
              spin =        1     qmcut =  16.0000    qmshake =        0
          qmmm_int =        1
     lnk_atomic_no =        1   lnk_dis =   1.0900 lnk_method =        1
          qm_theory =     AM1 verbosity =        1
            qmqmdx = Analytical
      tight_p_conv = False (converge density to 0.05xSqrt[SCFCRT])
           scfconv = 0.100E-07  itrmax =     1000
      printcharges = False      printdipole = False      peptide_corr = False
    qmmmrij_incore = True 
  qmqm_erep_incore = True 
       pseudo_diag = True pseudo_diag_criteria =   0.0500
      diag_routine =        1
          qm_ewald =        0 qm_pme = False 

--------------------------------------------------------------------------------
   3.  ATOMIC COORDINATES AND VELOCITIES
--------------------------------------------------------------------------------

Cpptraj Generated Restart                                                       
 begin time read from input coords =     0.000 ps

 Number of triangulated 3-point waters found:        0
 identifying link atoms
 identified link atoms

     Sum of charges from parm topology file =   0.00000100
     Forcing neutrality...
QMMM: ADJUSTING CHARGES
QMMM: ----------------------------------------------------------------------
QMMM: adjust_q = 2
QMMM: Uniformly adjusting the charge of MM atoms to conserve total charge.
QMMM:                             qm_charge =    0
QMMM: QM atom RESP charge sum (inc MM link) =    0.000
QMMM: Adjusting each MM atom resp charge by =    0.000
QMMM:          Sum of MM + QM region is now =    0.000
QMMM: ----------------------------------------------------------------------
|  # of SOLUTE  degrees of freedom (RNDFP):   13182.
|  # of SOLVENT degrees of freedom (RNDFS):       0.
|  QMSHAKE_NOSHAKEMASK_OVERLAP =      0
|  NDFMIN =   13182.     NUM_NOSHAKE =      0     CORRECTED RNDFP =   13182.
|  TOTAL # of degrees of freedom (RNDF) =   13182.
 ---------------------------------------------------
 APPROXIMATING switch and d/dx switch using CUBIC SPLINE INTERPOLATION
 using   5000.0 points per unit in tabled values
 TESTING RELATIVE ERROR over r ranging from 0.0 to cutoff
| CHECK switch(x): max rel err =   0.2738E-14   at   2.422500
| CHECK d/dx switch(x): max rel err =   0.7766E-11   at   2.666360
 ---------------------------------------------------
| Local SIZE OF NONBOND LIST =    2093457
| TOTAL SIZE OF NONBOND LIST =    2093457

QMMM: Link Atom Information
QMMM: ------------------------------------------------------------------------
QMMM: nlink =     0
QMMM: ------------------------------------------------------------------------

  QMMM: QM Region Cartesian Coordinates (*=link atom) 
  QMMM: QM_NO.   MM_NO.  ATOM         X         Y         Z
  QMMM:     1        1      C       -0.3758   -0.5928   -1.5922
  QMMM:     2        2      C        0.6975   -1.1004   -0.8147
  QMMM:     3        3      C        1.0817   -0.5837    0.3977
  QMMM:     4        4      C        0.3394    0.5190    0.8479
  QMMM:     5        5      C       -0.7816    0.9909    0.1496
  QMMM:     6        6      C       -1.1120    0.4751   -1.0817
  QMMM:     7        7      H       -0.6952   -1.1705   -2.4372
  QMMM:     8        8      H        1.2587   -1.9921   -1.2014
  QMMM:     9        9      H        1.9166   -1.0143    0.9151
  QMMM:    10       10      H       -1.4161    1.7330    0.5283
  QMMM:    11       11      H       -1.9166    0.9998   -1.7070
  QMMM:    12       12      N        0.5871    1.0725    2.1121
  QMMM:    13       13      H        1.4961    0.8143    2.4372
  QMMM:    14       14      H        0.2825    1.9921    2.3562

--------------------------------------------------------------------------------
  3.1 QM CALCULATION INFO
--------------------------------------------------------------------------------
 rnd_seed=           1
 !!!!!!-----NAESMD INPUT-----!!!!!!

 Ground state MD,      imdtype=           0
 Initial count for out files              0
 MD at constant energy
 Starting time, fs           0.0000000000000000     
 Time step, fs                        0.50000000000000000     
 Number of classical steps (CS)        20000
 Quantum steps/per CS                    0
 Displacement for deriv. [A]      1.0000000000000001E-005
 Newtonian dynamics,           therm_type=           0
 Temperature, K                  10.000000000000000     
 Bath relaxation constant       0.40000000000000002     
 Equilibrated dynamics
 Number of steps per degree K           100
 Number of steps to write data           10
 Number of steps to write coords           1
 Friction coefficient [1/ps]      2.0000000000000000     
 Seed for random generator               1
 NAESMD verbosity,            1
 MD will use analytic deriv,  ideriv=           1
 Cartesian coordinates are used
 Allocating initial naesmd_module variables
 Allocating md_module initial variables
 Allocating variables
 Allocating naesmd_module variables          14           5
 Allocating md_module variables          14
  Finish reading coordinates 

 Initial Geometry
    6        -0.375839   -0.592812   -1.592229
    6         0.697481   -1.100370   -0.814725
    6         1.081659   -0.583666    0.397731
    6         0.339376    0.519022    0.847877
    6        -0.781572    0.990858    0.149604
    6        -1.111958    0.475067   -1.081740
    1        -0.695198   -1.170458   -2.437243
    1         1.258709   -1.992050   -1.201400
    1         1.916592   -1.014265    0.915118
    1        -1.416107    1.733025    0.528264
    1        -1.916592    0.999788   -1.707019
    7         0.587141    1.072517    2.112119
    1         1.496075    0.814320    2.437243
    1         0.282528    1.992050    2.356214
 nstep successful

| QMMM: Citation for AMBER QMMM Run:
| QMMM: R.C. Walker, M.F. Crowley and D.A. Case, J. COMP. CHEM. 29:1019, 2008

QMMM: SINGLET STATE CALCULATION
QMMM: RHF CALCULATION, NO. OF DOUBLY OCCUPIED LEVELS = 18

| QMMM: *** Selected Hamiltonian *** 
| QMMM: AM1         

| QMMM: *** Parameter sets in use ***
| QMMM: C : M.J.S.DEWAR et al. JACS, 107, 3902, (1985)
| QMMM: H : M.J.S.DEWAR et al. JACS, 107, 3902, (1985)
| QMMM: N : M.J.S.DEWAR et al. JACS, 107, 3902, (1985)

| QMMM: *** Diagonalization Routine Information ***
| QMMM: Pseudo diagonalizations are allowed.
| QMMM: Auto diagonalization routine selection is disabled.
| QMMM: Using internal diagonalization routine (diag_routine=1).

  QMMM: QM Region Cartesian Coordinates (*=link atom) 
  QMMM: QM_NO.   MM_NO.  ATOM         X         Y         Z
  QMMM:     1        1      C       -0.3758   -0.5928   -1.5922
  QMMM:     2        2      C        0.6975   -1.1004   -0.8147
  QMMM:     3        3      C        1.0817   -0.5837    0.3977
  QMMM:     4        4      C        0.3394    0.5190    0.8479
  QMMM:     5        5      C       -0.7816    0.9909    0.1496
  QMMM:     6        6      C       -1.1120    0.4751   -1.0817
  QMMM:     7        7      H       -0.6952   -1.1705   -2.4372
  QMMM:     8        8      H        1.2587   -1.9921   -1.2014
  QMMM:     9        9      H        1.9166   -1.0143    0.9151
  QMMM:    10       10      H       -1.4161    1.7330    0.5283
  QMMM:    11       11      H       -1.9166    0.9998   -1.7070
  QMMM:    12       12      N        0.5871    1.0725    2.1121
  QMMM:    13       13      H        1.4961    0.8143    2.4372
  QMMM:    14       14      H        0.2825    1.9921    2.3562

--------------------------------------------------------------------------------
  RESULTS
--------------------------------------------------------------------------------

QMMM: SCF Converged to 0.1000E-07 in:    19 Cycles 
          10           1   2.9684371280480626E-015
           9           3   1.0919216919536012E-014
          10           1   1.7701497819627710E-015
           7           1   5.4439485146391686E-015
          11           1   4.6433668542122941E-015
          10           1   7.5144832847526266E-015
 @@@@ Davidson subroutine Found vectors           6
  i, e0(i), ferr(i), ftol0
  1 +++    3.528950975118958     0.36E-05 0.10E-04
  2 +++    3.698528655430518     0.56E-06 0.10E-04
  3 +++    4.783360773209170     0.64E-06 0.10E-04
  4 +++    5.149513988306062     0.27E-05 0.10E-04
  5 +++    5.197674842914624     0.11E-05 0.10E-04
  6 +++    5.746869290723627     0.47E-05 0.10E-04
 -------------------------------------------------

 Frequencies (eV) and Oscillator strengths (unitless)
        Omega            fx              fy              fz          ftotal
   1     3.52895097511896        0.879407013802627E-02    0.664671425487808E-02    0.192052288405668E-03    0.156328366813100E-01
   2     3.69852865543052        0.497217081398997E-02    0.997925530410618E-02    0.703617327504831E-01    0.853131588685792E-01
   3     4.78336077320917        0.643260574381606E-03    0.661799261097905E-03    0.334053038889115E-02    0.464559022437067E-02
   4     5.14951398830606        0.200559835526269E-01    0.155208754104023        0.135281462665373        0.310546200322023    
   5     5.19767484291462        0.144855678793988        0.847059799682767E-02    0.135868739561247        0.289195016352063    
   6     5.74686929072363        0.622561874283051E-02    0.169929846786357E-02    0.983432345709715E-02    0.177592406677912E-01

 Frequencies (eV) and Transition Dipole Moments (AU)
        Omega            fx              fy              fz          ftotal
   1     3.52895097511896       -0.318928398728491        0.277269266922138       -0.471311430939886E-01    0.180814914544405    
   2     3.69852865543052       -0.234249983219180       -0.331860539764402       -0.881200655328526        0.941519067442331    
   3     4.78336077320917        0.740880118469267E-01    0.751480321519747E-01   -0.168834885249335        0.396414787129007E-01
   4     5.14951398830606       -0.398712547999243         1.10916467007557         1.03551660259492         2.46151259552561    
   5     5.19767484291462        -1.06655744476697        0.257913172932211        -1.03294277428717         2.27103476271189    
   6     5.74686929072363       -0.210279358350652       -0.109860157063371       -0.264288111019289        0.126134868284494    

 Total energy of the ground state (eV,AU)
           0  -1071.4626208225277       -39.375510648091172     
 Total energies of excited states (eV,AU)
           1  -1067.9336698474087       -39.245824139204174     
           2  -1067.7640921670973       -39.239592276676241     
           3  -1066.6792600493186       -39.199725446256913     
           4  -1066.3131068342216       -39.186269568711865     
           5  -1066.2649459796130       -39.184499690597022     
           6  -1065.7157515318040       -39.164317174280242     
 Ground State Molecular Dipole Moment (A.U.)
                         dx              dy              dz          ftotal
                     0.4118972      0.4887484      0.2636988      0.6914270    
          35          18       93992947855968
          35          18       93992947855968
          35          18       93992947855968
          35          18       93992947855968
          35          18       93992947855968
          35          18       93992947855968

 Frequencies (eV) Unrelaxed Difference Dipole Moments (AU)
        Omega            dx              dy              dz          ftotal
   1   3.528951      0.9046659E-01  0.2601489      0.4984752      0.5695078    
   2   3.698529      0.1718488E-01  0.1692729      0.4346729      0.4667860    
   3   4.783361     -0.3988660     -0.6150640     -0.4168639      0.8433110    
   4   5.149514     -0.4750449E-01  0.1682093      0.3193054      0.3640151    
   5   5.197675      0.7823562E-01  0.3065202E-01  0.3413773      0.3515663    
   6   5.746869     -0.1483942      0.5290523E-01  0.3602768      0.3932164    
QMMM:
QMMM: SCF Energy =       18.26863647 KCal/mol,        76.43597498 KJ/mol
QMMM: SCF Energy = Heat of formation

QMMM: Mulliken Charges of state:    0
QMMM: Atomic Charges for Step       1 :
QMMM:  Atom    Element       Mulliken Charge
QMMM:     1      C              -0.218064
QMMM:     2      C              -0.140484
QMMM:     3      C              -0.175102
QMMM:     4      C               0.073374
QMMM:     5      C              -0.191411
QMMM:     6      C              -0.111408
QMMM:     7      H               0.144047
QMMM:     8      H               0.134201
QMMM:     9      H               0.164832
QMMM:    10      H               0.141842
QMMM:    11      H               0.156610
QMMM:    12      N              -0.404946
QMMM:    13      H               0.208326
QMMM:    14      H               0.218183
QMMM: Total Mulliken Charge =    0.000000

 LPRINT:           1           0

 NSTEP =        0   TIME(PS) =       0.000  TEMP(K) =   289.25  PRESS =     0.0
 Etot   =     -1753.4915  EKtot   =      3788.4201  EPtot      =     -5541.9116
 BOND   =      1004.1952  ANGLE   =      1486.9383  DIHED      =         0.0000
 1-4 NB =         0.0000  1-4 EEL =         0.0000  VDWAALS    =     -5556.5941
 EELEC  =     -2494.7197  EHBOND  =         0.0000  RESTRAINT  =         0.0000
 AM1ESCF=        18.2686
 Ewald error estimate:   0.8590E-03
 ------------------------------------------------------------------------------


--------------------------------------------------------------------------------
   5.  TIMINGS
--------------------------------------------------------------------------------

|    Read coords time           0.01 ( 2.66% of Total)
|    Fast Water setup           0.00 ( 0.01% of Total)
|                Build the list             0.07 (89.23% of List )
|                Other                      0.01 (10.77% of List )
|             List time                  0.07 (53.18% of Nonbo)
|                   Short_ene time             0.05 (99.66% of Direc)
|                   Other                      0.00 ( 0.34% of Direc)
|                Direct Ewald time          0.05 (84.61% of Ewald)
|                Adjust Ewald time          0.00 ( 0.52% of Ewald)
|                Self Ewald time            0.00 ( 0.02% of Ewald)
|                   Fill Bspline coeffs        0.00 ( 4.73% of Recip)
|                   Fill charge grid           0.00 ( 9.22% of Recip)
|                   Scalar sum                 0.00 (15.80% of Recip)
|                   Grad sum                   0.00 (11.51% of Recip)
|                   FFT time                   0.01 (58.43% of Recip)
|                   Other                      0.00 ( 0.31% of Recip)
|                Recip Ewald time           0.01 (14.78% of Ewald)
|                Force Adjust               0.00 ( 0.01% of Ewald)
|                Virial junk                0.00 ( 0.05% of Ewald)
|             Ewald time                 0.06 (46.82% of Nonbo)
|          Nonbond force              0.14 (65.85% of Force)
|             QMMM setup                 0.00 ( 0.09% of QMMM )
|             QMMM list build            0.00 ( 0.52% of QMMM )
|             QMMM prep coords           0.00 ( 0.46% of QMMM )
|                   QMMM hcore QM-QM           0.00 (41.51% of QMMM )
|                   QMMM hcore QM-MM           0.00 (58.49% of QMMM )
|                QMMM hcore calc            0.00 (22.01% of QMMM )
|                   QMMM fock build            0.00 (47.83% of QMMM )
|                   QMMM elec-energy cal       0.00 ( 0.56% of QMMM )
|                   QMMM full matrix dia       0.00 (21.15% of QMMM )
|                   QMMM pseudo matrix d       0.00 (23.16% of QMMM )
|                   QMMM density build         0.00 ( 6.21% of QMMM )
|                   Other                      0.00 ( 1.08% of QMMM )
|                QMMM scf                   0.00 (77.99% of QMMM )
|             QMMM energy                0.00 ( 6.50% of QMMM )
|             QMMM Collate Forces        0.00 ( 0.03% of QMMM )
|             Other                      0.07 (92.40% of QMMM )
|          QMMM                       0.07 (33.92% of Force)
|          Bond/Angle/Dihedral        0.00 ( 0.21% of Force)
|          Other                      0.00 ( 0.02% of Force)
|       Force time                 0.21 (99.53% of Runmd)
|       Other                      0.00 ( 0.47% of Runmd)
|    Runmd Time                 0.21 (84.01% of Total)
|    Other                      0.03 (13.32% of Total)
| Total time                 0.25 (100.0% of ALL  )

| Number of list builds   :          1

| Highest rstack allocated:     366766
| Highest istack allocated:       4394
|           Job began  at 14:48:38.708  on 02/14/2020
|           Setup done at 14:48:38.748  on 02/14/2020
|           Run   done at 14:48:38.958  on 02/14/2020
|     wallclock() was called     295 times
ASSERTion 'ier == 0' failed in src/sqm/qmmm_module.F90 at line    892.
