
          -------------------------------------------------------
          Amber 18 SANDER                              2018
          -------------------------------------------------------

| Run on 02/14/2020 at 14:48:37

|   Executable path: sander
| Working directory: /home/dustin/Documents/TestRuns/qm_mm_prop/benzene_nh2/abs/traj_2/9
|          Hostname: Unknown
  [-O]verwriting output

File Assignments:
|  MDIN: nasqm_abs_t2_9.in                                                     
| MDOUT: nasqm_abs_t2_9.out                                                    
|INPCRD: snap_9_for_absorption_t2.rst                                          
|  PARM: m1.prmtop                                                             
|RESTRT: snap_9_for_absorption_t2_back.rst                                     
|  REFC: refc                                                                  
| MDVEL: mdvel                                                                 
| MDFRC: mdfrc                                                                 
|  MDEN: mden                                                                  
| MDCRD: nasqm_abs_t2_9.nc                                                     
|MDINFO: mdinfo                                                                
|  MTMD: mtmd                                                                  
|INPDIP: inpdip                                                                
|RSTDIP: rstdip                                                                
|INPTRA: inptraj                                                               


 Here is the input file:

300K constant temp QMMMMD                                                      
 &cntrl                                                                        
  imin=0,                                                                      
  irest=0,                                                                     
  ntx=5,                                                                       
  ntb=1,                                                                       
  ntp=0,                                                                       
  ig=-1,                                                                       
  taup=2.0,                                                                    
  cut=16.0,                                                                    
  ntr=0,                                                                       
  tempi=300.0,                                                                 
  temp0=300.0,                                                                 
  ntt=3,                                                                       
  gamma_ln=2.0,                                                                
  nstlim=0,                                                                    
  dt=0.0005,                                                                   
  ntpr=1,                                                                      
  ntwx=0,                                                                      
  ntwv=0,                                                                      
  ifqnt=1                                                                      
 /                                                                             
 &qmmm                                                                         
  scfconv=1.0000E-8,                                                           
  verbosity=1,                                                                 
  qmmask=':1',                                                                 
  diag_routine=1,                                                              
  qmcharge=0,                                                                  
  qm_theory='AM1',                                                             
  qmshake=0,                                                                   
  qm_ewald=0,                                                                  
  qm_pme=0,                                                                    
  nae=1                                                                        
 /                                                                             

--------------------------------------------------------------------------------
   1.  RESOURCE   USE: 
--------------------------------------------------------------------------------

| Flags:                                                                        
 getting new box info from bottom of inpcrd
|  INFO: Old style inpcrd file read

| peek_ewald_inpcrd: Box info found
|Largest sphere to fit in unit cell has radius =    22.679
| New format PARM file being parsed.
| Version =    1.000 Date = 09/26/18 Time = 13:58:55
 NATOM  =    4394 NTYPES =       7 NBONH =     883 MBONA  =    2635
 NTHETH =    2641 MTHETA =    2636 NPHIH =      26 MPHIA  =       9
 NHPARM =       0 NPARM  =       0 NNB   =    9698 NRES   =     877
 NBONA  =    2635 NTHETA =    2636 NPHIA =       9 NUMBND =       6
 NUMANG =       7 NPTRA  =       3 NATYP =       7 NPHB   =       0
 IFBOX  =       1 NMXRS  =      14 IFCAP =       0 NEXTRA =       0
 NCOPY  =       0


|     Memory Use     Allocated
|     Real              369502
|     Hollerith          14061
|     Integer           159675
|     Max Pairs        8541936
|     nblistReal         52728
|     nblist Int        151766
|       Total            37937 kbytes

| Note: 1-4 EEL scale factors are being read from the topology file.

| Note: 1-4 VDW scale factors are being read from the topology file.
| Duplicated    0 dihedrals
| Duplicated    0 dihedrals
LOADING THE QUANTUM ATOMS AS GROUPS
     Mask :1; matches    14 atoms

     BOX TYPE: RECTILINEAR
Note: ig = -1. Setting random seed to   994388 based on wallclock time in microseconds.

--------------------------------------------------------------------------------
   2.  CONTROL  DATA  FOR  THE  RUN
--------------------------------------------------------------------------------

m1                                                                              

General flags:
     imin    =       0, nmropt  =       0

Nature and format of input:
     ntx     =       5, irest   =       0, ntrx    =       1

Nature and format of output:
     ntxo    =       2, ntpr    =       1, ntrx    =       1, ntwr    =       1
     iwrap   =       0, ntwx    =       0, ntwv    =       0, ntwe    =       0
     ioutfm  =       1, ntwprt  =       0, idecomp =       0, rbornstat=      0

Potential function:
     ntf     =       1, ntb     =       1, igb     =       0, nsnb    =      25
     ipol    =       0, gbsa    =       0, iesp    =       0
     dielc   =   1.00000, cut     =  16.00000, intdiel =   1.00000

Frozen or restrained atoms:
     ibelly  =       0, ntr     =       0

Molecular dynamics:
     nstlim  =         0, nscm    =      1000, nrespa  =         1
     t       =   0.00000, dt      =   0.00050, vlimit  =  20.00000

Langevin dynamics temperature regulation:
     ig      =  994388
     temp0   = 300.00000, tempi   = 300.00000, gamma_ln=   2.00000

Ewald parameters:
     verbose =       0, ew_type =       0, nbflag  =       1, use_pme =       1
     vdwmeth =       1, eedmeth =       1, netfrc  =       1
     Box X =   49.256   Box Y =   50.133   Box Z =   45.358
     Alpha =   90.000   Beta  =   90.000   Gamma =   90.000
     NFFT1 =   50       NFFT2 =   50       NFFT3 =   45
     Cutoff=   16.000   Tol   =0.100E-04
     Ewald Coefficient =  0.16683
     Interpolation order =    4

QMMM options:
             ifqnt = True       nquant =       14
              qmgb =        0  qmcharge =        0   adjust_q =        2
              spin =        1     qmcut =  16.0000    qmshake =        0
          qmmm_int =        1
     lnk_atomic_no =        1   lnk_dis =   1.0900 lnk_method =        1
          qm_theory =     AM1 verbosity =        1
            qmqmdx = Analytical
      tight_p_conv = False (converge density to 0.05xSqrt[SCFCRT])
           scfconv = 0.100E-07  itrmax =     1000
      printcharges = False      printdipole = False      peptide_corr = False
    qmmmrij_incore = True 
  qmqm_erep_incore = True 
       pseudo_diag = True pseudo_diag_criteria =   0.0500
      diag_routine =        1
          qm_ewald =        0 qm_pme = False 

--------------------------------------------------------------------------------
   3.  ATOMIC COORDINATES AND VELOCITIES
--------------------------------------------------------------------------------

Cpptraj Generated Restart                                                       
 begin time read from input coords =     0.000 ps

 Number of triangulated 3-point waters found:        0
 identifying link atoms
 identified link atoms

     Sum of charges from parm topology file =   0.00000100
     Forcing neutrality...
QMMM: ADJUSTING CHARGES
QMMM: ----------------------------------------------------------------------
QMMM: adjust_q = 2
QMMM: Uniformly adjusting the charge of MM atoms to conserve total charge.
QMMM:                             qm_charge =    0
QMMM: QM atom RESP charge sum (inc MM link) =    0.000
QMMM: Adjusting each MM atom resp charge by =    0.000
QMMM:          Sum of MM + QM region is now =    0.000
QMMM: ----------------------------------------------------------------------
|  # of SOLUTE  degrees of freedom (RNDFP):   13182.
|  # of SOLVENT degrees of freedom (RNDFS):       0.
|  QMSHAKE_NOSHAKEMASK_OVERLAP =      0
|  NDFMIN =   13182.     NUM_NOSHAKE =      0     CORRECTED RNDFP =   13182.
|  TOTAL # of degrees of freedom (RNDF) =   13182.
 ---------------------------------------------------
 APPROXIMATING switch and d/dx switch using CUBIC SPLINE INTERPOLATION
 using   5000.0 points per unit in tabled values
 TESTING RELATIVE ERROR over r ranging from 0.0 to cutoff
| CHECK switch(x): max rel err =   0.2738E-14   at   2.422500
| CHECK d/dx switch(x): max rel err =   0.7766E-11   at   2.666360
 ---------------------------------------------------
| Local SIZE OF NONBOND LIST =    2093512
| TOTAL SIZE OF NONBOND LIST =    2093512

QMMM: Link Atom Information
QMMM: ------------------------------------------------------------------------
QMMM: nlink =     0
QMMM: ------------------------------------------------------------------------

  QMMM: QM Region Cartesian Coordinates (*=link atom) 
  QMMM: QM_NO.   MM_NO.  ATOM         X         Y         Z
  QMMM:     1        1      C       -0.4123   -0.7320   -1.5596
  QMMM:     2        2      C        0.6947   -1.1631   -0.9087
  QMMM:     3        3      C        1.1395   -0.6512    0.2667
  QMMM:     4        4      C        0.4246    0.4985    0.7592
  QMMM:     5        5      C       -0.6994    0.9816    0.0777
  QMMM:     6        6      C       -1.1141    0.3652   -1.0917
  QMMM:     7        7      H       -0.7506   -1.3038   -2.4312
  QMMM:     8        8      H        1.3127   -1.9824   -1.2121
  QMMM:     9        9      H        1.9309   -1.2084    0.8644
  QMMM:    10       10      H       -1.3326    1.8332    0.5574
  QMMM:    11       11      H       -1.9309    0.7544   -1.6300
  QMMM:    12       12      N        0.8087    0.9966    2.0068
  QMMM:    13       13      H        1.6498    0.6771    2.4312
  QMMM:    14       14      H        0.6934    1.9824    2.0961

--------------------------------------------------------------------------------
  3.1 QM CALCULATION INFO
--------------------------------------------------------------------------------
 rnd_seed=           1
 !!!!!!-----NAESMD INPUT-----!!!!!!

 Ground state MD,      imdtype=           0
 Initial count for out files              0
 MD at constant energy
 Starting time, fs           0.0000000000000000     
 Time step, fs                        0.50000000000000000     
 Number of classical steps (CS)        20000
 Quantum steps/per CS                    0
 Displacement for deriv. [A]      1.0000000000000001E-005
 Newtonian dynamics,           therm_type=           0
 Temperature, K                  10.000000000000000     
 Bath relaxation constant       0.40000000000000002     
 Equilibrated dynamics
 Number of steps per degree K           100
 Number of steps to write data           10
 Number of steps to write coords           1
 Friction coefficient [1/ps]      2.0000000000000000     
 Seed for random generator               1
 NAESMD verbosity,            1
 MD will use analytic deriv,  ideriv=           1
 Cartesian coordinates are used
 Allocating initial naesmd_module variables
 Allocating md_module initial variables
 Allocating variables
 Allocating naesmd_module variables          14           5
 Allocating md_module variables          14
  Finish reading coordinates 

 Initial Geometry
    6        -0.412264   -0.732046   -1.559575
    6         0.694712   -1.163101   -0.908710
    6         1.139503   -0.651247    0.266707
    6         0.424568    0.498522    0.759196
    6        -0.699413    0.981575    0.077733
    6        -1.114061    0.365179   -1.091668
    1        -0.750593   -1.303799   -2.431241
    1         1.312737   -1.982357   -1.212133
    1         1.930941   -1.208433    0.864427
    1        -1.332550    1.833153    0.557391
    1        -1.930941    0.754395   -1.629994
    7         0.808666    0.996590    2.006848
    1         1.649799    0.677099    2.431241
    1         0.693367    1.982357    2.096108
 nstep successful

| QMMM: Citation for AMBER QMMM Run:
| QMMM: R.C. Walker, M.F. Crowley and D.A. Case, J. COMP. CHEM. 29:1019, 2008

QMMM: SINGLET STATE CALCULATION
QMMM: RHF CALCULATION, NO. OF DOUBLY OCCUPIED LEVELS = 18

| QMMM: *** Selected Hamiltonian *** 
| QMMM: AM1         

| QMMM: *** Parameter sets in use ***
| QMMM: C : M.J.S.DEWAR et al. JACS, 107, 3902, (1985)
| QMMM: H : M.J.S.DEWAR et al. JACS, 107, 3902, (1985)
| QMMM: N : M.J.S.DEWAR et al. JACS, 107, 3902, (1985)

| QMMM: *** Diagonalization Routine Information ***
| QMMM: Pseudo diagonalizations are allowed.
| QMMM: Auto diagonalization routine selection is disabled.
| QMMM: Using internal diagonalization routine (diag_routine=1).

  QMMM: QM Region Cartesian Coordinates (*=link atom) 
  QMMM: QM_NO.   MM_NO.  ATOM         X         Y         Z
  QMMM:     1        1      C       -0.4123   -0.7320   -1.5596
  QMMM:     2        2      C        0.6947   -1.1631   -0.9087
  QMMM:     3        3      C        1.1395   -0.6512    0.2667
  QMMM:     4        4      C        0.4246    0.4985    0.7592
  QMMM:     5        5      C       -0.6994    0.9816    0.0777
  QMMM:     6        6      C       -1.1141    0.3652   -1.0917
  QMMM:     7        7      H       -0.7506   -1.3038   -2.4312
  QMMM:     8        8      H        1.3127   -1.9824   -1.2121
  QMMM:     9        9      H        1.9309   -1.2084    0.8644
  QMMM:    10       10      H       -1.3326    1.8332    0.5574
  QMMM:    11       11      H       -1.9309    0.7544   -1.6300
  QMMM:    12       12      N        0.8087    0.9966    2.0068
  QMMM:    13       13      H        1.6498    0.6771    2.4312
  QMMM:    14       14      H        0.6934    1.9824    2.0961

--------------------------------------------------------------------------------
  RESULTS
--------------------------------------------------------------------------------

QMMM: SCF Converged to 0.1000E-07 in:    19 Cycles 
           9           3   4.7652853885082891E-015
           8           1   1.0612848490645921E-015
           8           1   1.9266272605067414E-015
          10           1   1.6851212265855953E-015
          10           1   2.1817603604833147E-015
          10           4   1.9891315157505307E-015
 @@@@ Davidson subroutine Found vectors           6
  i, e0(i), ferr(i), ftol0
  1 +++    3.559918167308723     0.46E-05 0.10E-04
  2 +++    3.730953338962530     0.51E-06 0.10E-04
  3 +++    4.804196958299541     0.26E-06 0.10E-04
  4 +++    5.090611800999040     0.33E-06 0.10E-04
  5 +++    5.185601423610995     0.53E-05 0.10E-04
  6 +++    5.678804187289589     0.95E-05 0.10E-04
 -------------------------------------------------

 Frequencies (eV) and Oscillator strengths (unitless)
        Omega            fx              fy              fz          ftotal
   1     3.55991816730872        0.637670870341680E-02    0.124023267988943E-01    0.293775856852574E-02    0.217167940708368E-01
   2     3.73095333896253        0.433516903300455E-02    0.123952376267456E-01    0.541370523834894E-01    0.708674590432396E-01
   3     4.80419695829954        0.290613376050887E-04    0.544604826410789E-03    0.431107553325961E-02    0.488474169727548E-02
   4     5.09061180099904        0.959640165958760E-01    0.747025276974592E-02    0.203547154405563        0.306981423771185    
   5     5.18560142361100        0.718886752984189E-01    0.140414174660376        0.188924780515976E-01    0.231195328010392    
   6     5.67880418728959        0.862151424464482E-02    0.154967255588014E-02    0.225119111747036E-02    0.124223779179953E-01

 Frequencies (eV) and Transition Dipole Moments (AU)
        Omega            fx              fy              fz          ftotal
   1     3.55991816730872        0.270395415596038       -0.377096603145510       -0.183530854139740        0.248999103300499    
   2     3.73095333896253        0.217778073416689        0.368246444292742        0.769588264611670        0.775298830023333    
   3     4.80419695829954       -0.157133375594172E-01   -0.680223111126354E-01    0.191383043383242        0.415014130809922E-01
   4     5.09061180099904       -0.877183110367917       -0.244739292950744        -1.27752253622670         2.46141136119585    
   5     5.18560142361100       -0.752231847550367         1.05130069548858        0.385625672817994         1.81979306434013    
   6     5.67880418728959        0.248934087615704        0.105538900743983        0.127203417292766        0.892873489182690E-01

 Total energy of the ground state (eV,AU)
           0  -1071.2876211734533       -39.369079531959237     
 Total energies of excited states (eV,AU)
           1  -1067.7277030061446       -39.238255000165871     
           2  -1067.5566678344908       -39.231969575838626     
           3  -1066.4834242151537       -39.192528614726271     
           4  -1066.1970093724542       -39.182003067246299     
           5  -1066.1020197498424       -39.178512264278538     
           6  -1065.6088169861637       -39.160387403648315     
 Ground State Molecular Dipole Moment (A.U.)
                         dx              dy              dz          ftotal
                     0.4404569      0.4131208      0.2318051      0.6468421    
          35          18       94707243979328
          35          18       94707243979328
          35          18       94707243979328
          35          18       94707243979328
          35          18       94707243979328
          35          18       94707243979328

 Frequencies (eV) Unrelaxed Difference Dipole Moments (AU)
        Omega            dx              dy              dz          ftotal
   1   3.559918      0.2360943E-01  0.3682951      0.5777201      0.6855357    
   2   3.730953      0.2282535     -0.1788567E-01  0.4038403      0.4642268    
   3   4.804197     -0.5185171     -0.4878027     -0.3767737      0.8054625    
   4   5.090612      0.4247975E-01  0.6104829E-01  0.3641263      0.3716441    
   5   5.185601     -0.4229242E-01  0.8413158E-01  0.1587997      0.1846188    
   6   5.678804     -0.3721735      0.6928655E-01 -0.1634503      0.4123466    
QMMM:
QMMM: SCF Energy =       22.30430337 KCal/mol,        93.32120532 KJ/mol
QMMM: SCF Energy = Heat of formation

QMMM: Mulliken Charges of state:    0
QMMM: Atomic Charges for Step       1 :
QMMM:  Atom    Element       Mulliken Charge
QMMM:     1      C              -0.196623
QMMM:     2      C              -0.131662
QMMM:     3      C              -0.201243
QMMM:     4      C               0.052528
QMMM:     5      C              -0.183172
QMMM:     6      C              -0.090379
QMMM:     7      H               0.140699
QMMM:     8      H               0.125035
QMMM:     9      H               0.166320
QMMM:    10      H               0.153267
QMMM:    11      H               0.143840
QMMM:    12      N              -0.386267
QMMM:    13      H               0.213544
QMMM:    14      H               0.194113
QMMM: Total Mulliken Charge =    0.000000

 LPRINT:           1           0

 NSTEP =        0   TIME(PS) =       0.000  TEMP(K) =   303.40  PRESS =     0.0
 Etot   =     -1709.7137  EKtot   =      3973.7841  EPtot      =     -5683.4978
 BOND   =       915.2637  ANGLE   =      1466.4657  DIHED      =         0.0000
 1-4 NB =         0.0000  1-4 EEL =         0.0000  VDWAALS    =     -5595.6730
 EELEC  =     -2491.8584  EHBOND  =         0.0000  RESTRAINT  =         0.0000
 AM1ESCF=        22.3043
 Ewald error estimate:   0.7909E-03
 ------------------------------------------------------------------------------


--------------------------------------------------------------------------------
   5.  TIMINGS
--------------------------------------------------------------------------------

|    Read coords time           0.01 ( 2.47% of Total)
|    Fast Water setup           0.00 ( 0.01% of Total)
|                Build the list             0.08 (90.52% of List )
|                Other                      0.01 ( 9.48% of List )
|             List time                  0.08 (51.56% of Nonbo)
|                   Short_ene time             0.07 (99.62% of Direc)
|                   Other                      0.00 ( 0.38% of Direc)
|                Direct Ewald time          0.07 (84.13% of Ewald)
|                Adjust Ewald time          0.00 ( 0.44% of Ewald)
|                Self Ewald time            0.00 ( 0.02% of Ewald)
|                   Fill Bspline coeffs        0.00 ( 3.75% of Recip)
|                   Fill charge grid           0.00 ( 7.21% of Recip)
|                   Scalar sum                 0.00 (17.96% of Recip)
|                   Grad sum                   0.00 (15.22% of Recip)
|                   FFT time                   0.01 (55.58% of Recip)
|                   Other                      0.00 ( 0.27% of Recip)
|                Recip Ewald time           0.01 (15.36% of Ewald)
|                Virial junk                0.00 ( 0.04% of Ewald)
|             Ewald time                 0.08 (48.44% of Nonbo)
|          Nonbond force              0.16 (72.36% of Force)
|             QMMM setup                 0.00 ( 0.06% of QMMM )
|             QMMM list build            0.00 ( 0.33% of QMMM )
|             QMMM prep coords           0.00 ( 0.32% of QMMM )
|                   QMMM hcore QM-QM           0.00 (40.65% of QMMM )
|                   QMMM hcore QM-MM           0.00 (59.19% of QMMM )
|                   Other                      0.00 ( 0.16% of QMMM )
|                QMMM hcore calc            0.00 (21.71% of QMMM )
|                   QMMM fock build            0.00 (40.79% of QMMM )
|                   QMMM elec-energy cal       0.00 ( 0.69% of QMMM )
|                   QMMM full matrix dia       0.00 (26.80% of QMMM )
|                   QMMM pseudo matrix d       0.00 (24.73% of QMMM )
|                   QMMM density build         0.00 ( 6.14% of QMMM )
|                   Other                      0.00 ( 0.85% of QMMM )
|                QMMM scf                   0.00 (78.29% of QMMM )
|             QMMM energy                0.00 ( 4.45% of QMMM )
|             QMMM Collate Forces        0.00 ( 0.02% of QMMM )
|             Other                      0.06 (94.82% of QMMM )
|          QMMM                       0.06 (27.46% of Force)
|          Bond/Angle/Dihedral        0.00 ( 0.16% of Force)
|          Other                      0.00 ( 0.02% of Force)
|       Force time                 0.22 (99.57% of Runmd)
|       Other                      0.00 ( 0.43% of Runmd)
|    Runmd Time                 0.22 (83.69% of Total)
|    Other                      0.04 (13.83% of Total)
| Total time                 0.27 (100.0% of ALL  )

| Number of list builds   :          1

| Highest rstack allocated:     366766
| Highest istack allocated:       4394
|           Job began  at 14:48:37.958  on 02/14/2020
|           Setup done at 14:48:38.002  on 02/14/2020
|           Run   done at 14:48:38.227  on 02/14/2020
|     wallclock() was called     295 times
ASSERTion 'ier == 0' failed in src/sqm/qmmm_module.F90 at line    892.
