
          -------------------------------------------------------
          Amber 18 SANDER                              2018
          -------------------------------------------------------

| Run on 02/14/2020 at 14:48:37

|   Executable path: sander
| Working directory: /home/dustin/Documents/TestRuns/qm_mm_prop/benzene_nh2/abs/traj_2/6
|          Hostname: Unknown
  [-O]verwriting output

File Assignments:
|  MDIN: nasqm_abs_t2_6.in                                                     
| MDOUT: nasqm_abs_t2_6.out                                                    
|INPCRD: snap_6_for_absorption_t2.rst                                          
|  PARM: m1.prmtop                                                             
|RESTRT: snap_6_for_absorption_t2_back.rst                                     
|  REFC: refc                                                                  
| MDVEL: mdvel                                                                 
| MDFRC: mdfrc                                                                 
|  MDEN: mden                                                                  
| MDCRD: nasqm_abs_t2_6.nc                                                     
|MDINFO: mdinfo                                                                
|  MTMD: mtmd                                                                  
|INPDIP: inpdip                                                                
|RSTDIP: rstdip                                                                
|INPTRA: inptraj                                                               


 Here is the input file:

300K constant temp QMMMMD                                                      
 &cntrl                                                                        
  imin=0,                                                                      
  irest=0,                                                                     
  ntx=5,                                                                       
  ntb=1,                                                                       
  ntp=0,                                                                       
  ig=-1,                                                                       
  taup=2.0,                                                                    
  cut=16.0,                                                                    
  ntr=0,                                                                       
  tempi=300.0,                                                                 
  temp0=300.0,                                                                 
  ntt=3,                                                                       
  gamma_ln=2.0,                                                                
  nstlim=0,                                                                    
  dt=0.0005,                                                                   
  ntpr=1,                                                                      
  ntwx=0,                                                                      
  ntwv=0,                                                                      
  ifqnt=1                                                                      
 /                                                                             
 &qmmm                                                                         
  scfconv=1.0000E-8,                                                           
  verbosity=1,                                                                 
  qmmask=':1',                                                                 
  diag_routine=1,                                                              
  qmcharge=0,                                                                  
  qm_theory='AM1',                                                             
  qmshake=0,                                                                   
  qm_ewald=0,                                                                  
  qm_pme=0,                                                                    
  nae=1                                                                        
 /                                                                             

--------------------------------------------------------------------------------
   1.  RESOURCE   USE: 
--------------------------------------------------------------------------------

| Flags:                                                                        
 getting new box info from bottom of inpcrd
|  INFO: Old style inpcrd file read

| peek_ewald_inpcrd: Box info found
|Largest sphere to fit in unit cell has radius =    22.679
| New format PARM file being parsed.
| Version =    1.000 Date = 09/26/18 Time = 13:58:55
 NATOM  =    4394 NTYPES =       7 NBONH =     883 MBONA  =    2635
 NTHETH =    2641 MTHETA =    2636 NPHIH =      26 MPHIA  =       9
 NHPARM =       0 NPARM  =       0 NNB   =    9698 NRES   =     877
 NBONA  =    2635 NTHETA =    2636 NPHIA =       9 NUMBND =       6
 NUMANG =       7 NPTRA  =       3 NATYP =       7 NPHB   =       0
 IFBOX  =       1 NMXRS  =      14 IFCAP =       0 NEXTRA =       0
 NCOPY  =       0


|     Memory Use     Allocated
|     Real              369502
|     Hollerith          14061
|     Integer           159675
|     Max Pairs        8541936
|     nblistReal         52728
|     nblist Int        151766
|       Total            37937 kbytes

| Note: 1-4 EEL scale factors are being read from the topology file.

| Note: 1-4 VDW scale factors are being read from the topology file.
| Duplicated    0 dihedrals
| Duplicated    0 dihedrals
LOADING THE QUANTUM ATOMS AS GROUPS
     Mask :1; matches    14 atoms

     BOX TYPE: RECTILINEAR
Note: ig = -1. Setting random seed to   977769 based on wallclock time in microseconds.

--------------------------------------------------------------------------------
   2.  CONTROL  DATA  FOR  THE  RUN
--------------------------------------------------------------------------------

m1                                                                              

General flags:
     imin    =       0, nmropt  =       0

Nature and format of input:
     ntx     =       5, irest   =       0, ntrx    =       1

Nature and format of output:
     ntxo    =       2, ntpr    =       1, ntrx    =       1, ntwr    =       1
     iwrap   =       0, ntwx    =       0, ntwv    =       0, ntwe    =       0
     ioutfm  =       1, ntwprt  =       0, idecomp =       0, rbornstat=      0

Potential function:
     ntf     =       1, ntb     =       1, igb     =       0, nsnb    =      25
     ipol    =       0, gbsa    =       0, iesp    =       0
     dielc   =   1.00000, cut     =  16.00000, intdiel =   1.00000

Frozen or restrained atoms:
     ibelly  =       0, ntr     =       0

Molecular dynamics:
     nstlim  =         0, nscm    =      1000, nrespa  =         1
     t       =   0.00000, dt      =   0.00050, vlimit  =  20.00000

Langevin dynamics temperature regulation:
     ig      =  977769
     temp0   = 300.00000, tempi   = 300.00000, gamma_ln=   2.00000

Ewald parameters:
     verbose =       0, ew_type =       0, nbflag  =       1, use_pme =       1
     vdwmeth =       1, eedmeth =       1, netfrc  =       1
     Box X =   49.256   Box Y =   50.133   Box Z =   45.358
     Alpha =   90.000   Beta  =   90.000   Gamma =   90.000
     NFFT1 =   50       NFFT2 =   50       NFFT3 =   45
     Cutoff=   16.000   Tol   =0.100E-04
     Ewald Coefficient =  0.16683
     Interpolation order =    4

QMMM options:
             ifqnt = True       nquant =       14
              qmgb =        0  qmcharge =        0   adjust_q =        2
              spin =        1     qmcut =  16.0000    qmshake =        0
          qmmm_int =        1
     lnk_atomic_no =        1   lnk_dis =   1.0900 lnk_method =        1
          qm_theory =     AM1 verbosity =        1
            qmqmdx = Analytical
      tight_p_conv = False (converge density to 0.05xSqrt[SCFCRT])
           scfconv = 0.100E-07  itrmax =     1000
      printcharges = False      printdipole = False      peptide_corr = False
    qmmmrij_incore = True 
  qmqm_erep_incore = True 
       pseudo_diag = True pseudo_diag_criteria =   0.0500
      diag_routine =        1
          qm_ewald =        0 qm_pme = False 

--------------------------------------------------------------------------------
   3.  ATOMIC COORDINATES AND VELOCITIES
--------------------------------------------------------------------------------

Cpptraj Generated Restart                                                       
 begin time read from input coords =     0.000 ps

 Number of triangulated 3-point waters found:        0
 identifying link atoms
 identified link atoms

     Sum of charges from parm topology file =   0.00000100
     Forcing neutrality...
QMMM: ADJUSTING CHARGES
QMMM: ----------------------------------------------------------------------
QMMM: adjust_q = 2
QMMM: Uniformly adjusting the charge of MM atoms to conserve total charge.
QMMM:                             qm_charge =    0
QMMM: QM atom RESP charge sum (inc MM link) =    0.000
QMMM: Adjusting each MM atom resp charge by =    0.000
QMMM:          Sum of MM + QM region is now =    0.000
QMMM: ----------------------------------------------------------------------
|  # of SOLUTE  degrees of freedom (RNDFP):   13182.
|  # of SOLVENT degrees of freedom (RNDFS):       0.
|  QMSHAKE_NOSHAKEMASK_OVERLAP =      0
|  NDFMIN =   13182.     NUM_NOSHAKE =      0     CORRECTED RNDFP =   13182.
|  TOTAL # of degrees of freedom (RNDF) =   13182.
 ---------------------------------------------------
 APPROXIMATING switch and d/dx switch using CUBIC SPLINE INTERPOLATION
 using   5000.0 points per unit in tabled values
 TESTING RELATIVE ERROR over r ranging from 0.0 to cutoff
| CHECK switch(x): max rel err =   0.2738E-14   at   2.422500
| CHECK d/dx switch(x): max rel err =   0.7766E-11   at   2.666360
 ---------------------------------------------------
| Local SIZE OF NONBOND LIST =    2093662
| TOTAL SIZE OF NONBOND LIST =    2093662

QMMM: Link Atom Information
QMMM: ------------------------------------------------------------------------
QMMM: nlink =     0
QMMM: ------------------------------------------------------------------------

  QMMM: QM Region Cartesian Coordinates (*=link atom) 
  QMMM: QM_NO.   MM_NO.  ATOM         X         Y         Z
  QMMM:     1        1      C       -0.3816   -0.6825   -1.5294
  QMMM:     2        2      C        0.7012   -1.1259   -0.8425
  QMMM:     3        3      C        1.1431   -0.5973    0.3379
  QMMM:     4        4      C        0.4385    0.5326    0.8001
  QMMM:     5        5      C       -0.6804    1.0261    0.1308
  QMMM:     6        6      C       -1.1390    0.4047   -1.0487
  QMMM:     7        7      H       -0.7767   -1.2855   -2.4026
  QMMM:     8        8      H        1.3391   -2.0003   -1.1859
  QMMM:     9        9      H        1.9687   -1.1278    0.8899
  QMMM:    10       10      H       -1.3298    1.8439    0.6204
  QMMM:    11       11      H       -1.9687    0.8825   -1.5905
  QMMM:    12       12      N        0.8268    1.0299    2.0257
  QMMM:    13       13      H        1.6526    0.6582    2.4026
  QMMM:    14       14      H        0.7668    2.0003    2.1241

--------------------------------------------------------------------------------
  3.1 QM CALCULATION INFO
--------------------------------------------------------------------------------
 rnd_seed=           1
 !!!!!!-----NAESMD INPUT-----!!!!!!

 Ground state MD,      imdtype=           0
 Initial count for out files              0
 MD at constant energy
 Starting time, fs           0.0000000000000000     
 Time step, fs                        0.50000000000000000     
 Number of classical steps (CS)        20000
 Quantum steps/per CS                    0
 Displacement for deriv. [A]      1.0000000000000001E-005
 Newtonian dynamics,           therm_type=           0
 Temperature, K                  10.000000000000000     
 Bath relaxation constant       0.40000000000000002     
 Equilibrated dynamics
 Number of steps per degree K           100
 Number of steps to write data           10
 Number of steps to write coords           1
 Friction coefficient [1/ps]      2.0000000000000000     
 Seed for random generator               1
 NAESMD verbosity,            1
 MD will use analytic deriv,  ideriv=           1
 Cartesian coordinates are used
 Allocating initial naesmd_module variables
 Allocating md_module initial variables
 Allocating variables
 Allocating naesmd_module variables          14           5
 Allocating md_module variables          14
  Finish reading coordinates 

 Initial Geometry
    6        -0.381610   -0.682539   -1.529360
    6         0.701165   -1.125908   -0.842489
    6         1.143144   -0.597296    0.337934
    6         0.438491    0.532572    0.800150
    6        -0.680360    1.026123    0.130770
    6        -1.139033    0.404715   -1.048677
    1        -0.776729   -1.285484   -2.402645
    1         1.339084   -2.000294   -1.185892
    1         1.968736   -1.127813    0.889938
    1        -1.329822    1.843903    0.620373
    1        -1.968736    0.882530   -1.590450
    7         0.826755    1.029943    2.025694
    1         1.652633    0.658180    2.402645
    1         0.766788    2.000294    2.124113
 nstep successful

| QMMM: Citation for AMBER QMMM Run:
| QMMM: R.C. Walker, M.F. Crowley and D.A. Case, J. COMP. CHEM. 29:1019, 2008

QMMM: SINGLET STATE CALCULATION
QMMM: RHF CALCULATION, NO. OF DOUBLY OCCUPIED LEVELS = 18

| QMMM: *** Selected Hamiltonian *** 
| QMMM: AM1         

| QMMM: *** Parameter sets in use ***
| QMMM: C : M.J.S.DEWAR et al. JACS, 107, 3902, (1985)
| QMMM: H : M.J.S.DEWAR et al. JACS, 107, 3902, (1985)
| QMMM: N : M.J.S.DEWAR et al. JACS, 107, 3902, (1985)

| QMMM: *** Diagonalization Routine Information ***
| QMMM: Pseudo diagonalizations are allowed.
| QMMM: Auto diagonalization routine selection is disabled.
| QMMM: Using internal diagonalization routine (diag_routine=1).

  QMMM: QM Region Cartesian Coordinates (*=link atom) 
  QMMM: QM_NO.   MM_NO.  ATOM         X         Y         Z
  QMMM:     1        1      C       -0.3816   -0.6825   -1.5294
  QMMM:     2        2      C        0.7012   -1.1259   -0.8425
  QMMM:     3        3      C        1.1431   -0.5973    0.3379
  QMMM:     4        4      C        0.4385    0.5326    0.8001
  QMMM:     5        5      C       -0.6804    1.0261    0.1308
  QMMM:     6        6      C       -1.1390    0.4047   -1.0487
  QMMM:     7        7      H       -0.7767   -1.2855   -2.4026
  QMMM:     8        8      H        1.3391   -2.0003   -1.1859
  QMMM:     9        9      H        1.9687   -1.1278    0.8899
  QMMM:    10       10      H       -1.3298    1.8439    0.6204
  QMMM:    11       11      H       -1.9687    0.8825   -1.5905
  QMMM:    12       12      N        0.8268    1.0299    2.0257
  QMMM:    13       13      H        1.6526    0.6582    2.4026
  QMMM:    14       14      H        0.7668    2.0003    2.1241

--------------------------------------------------------------------------------
  RESULTS
--------------------------------------------------------------------------------

QMMM: SCF Converged to 0.1000E-07 in:    16 Cycles 
          10           2   2.0759354521851514E-015
          11           5   3.7120913981558701E-015
           8           2   1.3598809036306780E-015
           8           2   4.2670165632200524E-015
           8           1   1.1355391453526931E-015
           9           2   1.1399572692055715E-015
 @@@@ Davidson subroutine Found vectors           6
  i, e0(i), ferr(i), ftol0
  1 +++    3.525849025503279     0.42E-05 0.10E-04
  2 +++    3.752554276477865     0.35E-05 0.10E-04
  3 +++    4.932309523105276     0.23E-05 0.10E-04
  4 +++    5.046718673744580     0.47E-06 0.10E-04
  5 +++    5.149172334720213     0.91E-06 0.10E-04
  6 +++    5.749065534845710     0.97E-05 0.10E-04
 -------------------------------------------------

 Frequencies (eV) and Oscillator strengths (unitless)
        Omega            fx              fy              fz          ftotal
   1     3.52584902550328        0.643059859868606E-02    0.100609668094418E-01    0.143095576220434E-02    0.179225211703322E-01
   2     3.75255427647786        0.157230817686493E-02    0.977443027859607E-02    0.495210074310464E-01    0.608677458865074E-01
   3     4.93230952310528        0.492609297116147E-02    0.980670851292814E-03    0.398041892853810E-01    0.457109531078353E-01
   4     5.04671867374458        0.661212708274661E-01    0.290390617748246E-01    0.201699758309864        0.296860090912155    
   5     5.14917233472021        0.104570506503776        0.131854030080044        0.252718274514938E-02    0.238951719328970    
   6     5.74906553484571        0.160831984359553E-01    0.131912965130411E-03    0.352827395015156E-02    0.197433853512372E-01

 Frequencies (eV) and Transition Dipole Moments (AU)
        Omega            fx              fy              fz          ftotal
   1     3.52584902550328       -0.272844301088062        0.341278590508220        0.128707036350963        0.207480590181758    
   2     3.75255427647786       -0.130775499536859       -0.326064319624438       -0.733926022746672        0.662067578676011    
   3     4.93230952310528        0.201905050749742        0.900860437134124E-01    0.573931778891078        0.378278831611268    
   4     5.04671867374458       -0.731285715764698       -0.484627199109228        -1.27723021321173         2.40095933773884    
   5     5.14917233472021        0.910451749092640        -1.02234866211713       -0.141537217213886         1.89415195821518    
   6     5.74906553484571       -0.337915896694086       -0.306031516227552E-01   -0.158271807404085        0.140173671146770    

 Total energy of the ground state (eV,AU)
           0  -1071.3293327087326       -39.370612402046930     
 Total energies of excited states (eV,AU)
           1  -1067.8034836832294       -39.241039887664030     
           2  -1067.5767784322547       -39.232708626404651     
           3  -1066.3970231856274       -39.189353436617388     
           4  -1066.2826140349880       -39.185148979418706     
           5  -1066.1801603740125       -39.181383878200727     
           6  -1065.5802671738870       -39.159338217782704     
 Ground State Molecular Dipole Moment (A.U.)
                         dx              dy              dz          ftotal
                     0.3894426      0.4159678      0.1844228      0.5989211    
          35          18       94644198281856
          35          18       94644198281856
          35          18       94644198281856
          35          18       94644198281856
          35          18       94644198281856
          35          18       94644198281856

 Frequencies (eV) Unrelaxed Difference Dipole Moments (AU)
        Omega            dx              dy              dz          ftotal
   1   3.525849      0.1336498      0.3174866      0.5683904      0.6646259    
   2   3.752554      0.1961950      0.2998855E-01  0.4306025      0.4741417    
   3   4.932310     -0.3903825     -0.3954311     -0.2935952      0.6284604    
   4   5.046719     -0.2578451E-01  0.1702377E-01  0.3581477      0.3594780    
   5   5.149172     -0.5514965E-01  0.1247633      0.2433279      0.2789549    
   6   5.749066     -0.3299736      0.9031004E-01 -0.5101144E-01  0.3458911    
QMMM:
QMMM: SCF Energy =       21.34239366 KCal/mol,        89.29657507 KJ/mol
QMMM: SCF Energy = Heat of formation

QMMM: Mulliken Charges of state:    0
QMMM: Atomic Charges for Step       1 :
QMMM:  Atom    Element       Mulliken Charge
QMMM:     1      C              -0.200812
QMMM:     2      C              -0.137029
QMMM:     3      C              -0.206599
QMMM:     4      C               0.055002
QMMM:     5      C              -0.187478
QMMM:     6      C              -0.098386
QMMM:     7      H               0.143374
QMMM:     8      H               0.127636
QMMM:     9      H               0.165283
QMMM:    10      H               0.153793
QMMM:    11      H               0.158394
QMMM:    12      N              -0.373868
QMMM:    13      H               0.205048
QMMM:    14      H               0.195641
QMMM: Total Mulliken Charge =    0.000000

 LPRINT:           1           0

 NSTEP =        0   TIME(PS) =       0.000  TEMP(K) =   290.13  PRESS =     0.0
 Etot   =     -1766.7434  EKtot   =      3799.9759  EPtot      =     -5566.7193
 BOND   =      1058.1417  ANGLE   =      1446.5959  DIHED      =         0.0000
 1-4 NB =         0.0000  1-4 EEL =         0.0000  VDWAALS    =     -5600.6418
 EELEC  =     -2492.1576  EHBOND  =         0.0000  RESTRAINT  =         0.0000
 AM1ESCF=        21.3424
 Ewald error estimate:   0.8183E-03
 ------------------------------------------------------------------------------


--------------------------------------------------------------------------------
   5.  TIMINGS
--------------------------------------------------------------------------------

|    Read coords time           0.01 ( 2.71% of Total)
|    Fast Water setup           0.00 ( 0.01% of Total)
|                Build the list             0.06 (88.13% of List )
|                Other                      0.01 (11.87% of List )
|             List time                  0.07 (49.95% of Nonbo)
|                   Short_ene time             0.06 (99.65% of Direc)
|                   Other                      0.00 ( 0.35% of Direc)
|                Direct Ewald time          0.06 (85.37% of Ewald)
|                Adjust Ewald time          0.00 ( 0.51% of Ewald)
|                Self Ewald time            0.00 ( 0.02% of Ewald)
|                   Fill Bspline coeffs        0.00 ( 4.91% of Recip)
|                   Fill charge grid           0.00 ( 9.24% of Recip)
|                   Scalar sum                 0.00 (15.76% of Recip)
|                   Grad sum                   0.00 (11.14% of Recip)
|                   FFT time                   0.01 (58.64% of Recip)
|                   Other                      0.00 ( 0.31% of Recip)
|                Recip Ewald time           0.01 (14.03% of Ewald)
|                Virial junk                0.00 ( 0.06% of Ewald)
|                Other                      0.00 ( 0.01% of Ewald)
|             Ewald time                 0.07 (50.05% of Nonbo)
|          Nonbond force              0.13 (65.60% of Force)
|             QMMM setup                 0.00 ( 0.06% of QMMM )
|             QMMM list build            0.00 ( 0.29% of QMMM )
|             QMMM prep coords           0.00 ( 0.31% of QMMM )
|                   QMMM hcore QM-QM           0.00 (41.18% of QMMM )
|                   QMMM hcore QM-MM           0.00 (58.82% of QMMM )
|                QMMM hcore calc            0.00 (24.15% of QMMM )
|                   QMMM fock build            0.00 (40.97% of QMMM )
|                   QMMM elec-energy cal       0.00 ( 0.58% of QMMM )
|                   QMMM full matrix dia       0.00 (30.06% of QMMM )
|                   QMMM pseudo matrix d       0.00 (21.71% of QMMM )
|                   QMMM density build         0.00 ( 5.46% of QMMM )
|                   Other                      0.00 ( 1.21% of QMMM )
|                QMMM scf                   0.00 (75.85% of QMMM )
|             QMMM energy                0.00 ( 3.63% of QMMM )
|             QMMM Collate Forces        0.00 ( 0.03% of QMMM )
|             Other                      0.07 (95.68% of QMMM )
|          QMMM                       0.07 (34.20% of Force)
|          Bond/Angle/Dihedral        0.00 ( 0.18% of Force)
|          Other                      0.00 ( 0.02% of Force)
|       Force time                 0.20 (99.49% of Runmd)
|       Other                      0.00 ( 0.51% of Runmd)
|    Runmd Time                 0.20 (83.46% of Total)
|    Other                      0.03 (13.83% of Total)
| Total time                 0.24 (100.0% of ALL  )

| Number of list builds   :          1

| Highest rstack allocated:     366766
| Highest istack allocated:       4394
|           Job began  at 14:48:37.945  on 02/14/2020
|           Setup done at 14:48:37.985  on 02/14/2020
|           Run   done at 14:48:38.189  on 02/14/2020
|     wallclock() was called     259 times
ASSERTion 'ier == 0' failed in src/sqm/qmmm_module.F90 at line    892.
