 ## time [fs] type_of_hop state_before state_after energy_before [a.u.] energy_after [a.u]
      3.0000000000  2   4   5    -112.2962881856    -112.2962881856
