
          -------------------------------------------------------
          Amber 18 SANDER                              2018
          -------------------------------------------------------

| Run on 02/05/2019 at 20:08:29

|   Executable path: sander
| Working directory: /home/dustin/Documents/TestRuns/ppvno2-ccl4-20s/mmground/restart_1
|          Hostname: Unknown
  [-O]verwriting output

File Assignments:
|  MDIN: nasqm_ground_r1.in                                                    
| MDOUT: nasqm_ground_r1.out                                                   
|INPCRD: snap_for_mm_r1.rst                                                    
|  PARM: m1.prmtop                                                             
|RESTRT: snap_for_mm_r2.rst                                                    
|  REFC: refc                                                                  
| MDVEL: mdvel                                                                 
| MDFRC: mdfrc                                                                 
|  MDEN: mden                                                                  
| MDCRD: nasqm_ground_r1.nc                                                    
|MDINFO: mdinfo                                                                
|  MTMD: mtmd                                                                  
|INPDIP: inpdip                                                                
|RSTDIP: rstdip                                                                
|INPTRA: inptraj                                                               

 
 Here is the input file:
 
300K constant temp QMMMMD                                                      
 &cntrl                                                                        
  imin=0,                                                                      
  iwrap=1,                                                                     
  irest=0,                                                                     
  ntx=5,                                                                       
  ntb=1,                                                                       
  ntp=0,                                                                       
  ig=-1,                                                                       
  taup=2.0,                                                                    
  cut=16.0,                                                                    
  ntr=0,                                                                       
  tempi=300.0,                                                                 
  temp0=300.0,                                                                 
  ntt=3,                                                                       
  gamma_ln=2.0,                                                                
  nstlim=200,                                                                  
  dt=0.0005,                                                                   
  ntpr=10,                                                                     
  ntwx=10,                                                                     
  ntwv=-1,                                                                     
  ifqnt=0                                                                      
 /                                                                             
 &qmmm                                                                         
  scfconv=1.0000E-9,                                                           
  verbosity=0,                                                                 
  qmmask=':1',                                                                 
  diag_routine=1,                                                              
  qmcharge=0,                                                                  
  qm_theory='AM1',                                                             
  qmshake=0,                                                                   
  qm_ewald=1,                                                                  
  qm_pme=1,                                                                    
  nae=1                                                                        
 /                                                                             

--------------------------------------------------------------------------------
   1.  RESOURCE   USE: 
--------------------------------------------------------------------------------

| Flags:                                                                        
 getting box info from netcdf restart file
| NetCDF restart box info found
|Largest sphere to fit in unit cell has radius =    26.613
| New format PARM file being parsed.
| Version =    1.000 Date = 12/11/18 Time = 15:33:16
 NATOM  =    8370 NTYPES =       8 NBONH =      21 MBONA  =    6687
 NTHETH =      42 MTHETA =   10025 NPHIH =      73 MPHIA  =      59
 NHPARM =       0 NPARM  =       0 NNB   =   18549 NRES   =    1665
 NBONA  =    6687 NTHETA =   10025 NPHIA =      59 NUMBND =      13
 NUMANG =      18 NPTRA  =       7 NATYP =      10 NPHB   =       0
 IFBOX  =       1 NMXRS  =      50 IFCAP =       0 NEXTRA =       0
 NCOPY  =       0


|     Memory Use     Allocated
|     Real              628417
|     Hollerith          26777
|     Integer           289243
|     Max Pairs       16271280
|     nblistReal        100440
|     nblist Int        299522
|       Total            71658 kbytes

| Note: 1-4 EEL scale factors are being read from the topology file.

| Note: 1-4 VDW scale factors are being read from the topology file.
| Duplicated    0 dihedrals
| Duplicated    0 dihedrals

     BOX TYPE: RECTILINEAR
Note: ig = -1. Setting random seed to    84750 based on wallclock time in microseconds.

--------------------------------------------------------------------------------
   2.  CONTROL  DATA  FOR  THE  RUN
--------------------------------------------------------------------------------

m1                                                                              

General flags:
     imin    =       0, nmropt  =       0

Nature and format of input:
     ntx     =       5, irest   =       0, ntrx    =       1

Nature and format of output:
     ntxo    =       2, ntpr    =      10, ntrx    =       1, ntwr    =     200
     iwrap   =       1, ntwx    =      10, ntwv    =      -1, ntwe    =       0
     ioutfm  =       1, ntwprt  =       0, idecomp =       0, rbornstat=      0

Potential function:
     ntf     =       1, ntb     =       1, igb     =       0, nsnb    =      25
     ipol    =       0, gbsa    =       0, iesp    =       0
     dielc   =   1.00000, cut     =  16.00000, intdiel =   1.00000

Frozen or restrained atoms:
     ibelly  =       0, ntr     =       0

Molecular dynamics:
     nstlim  =       200, nscm    =      1000, nrespa  =         1
     t       =   0.00000, dt      =   0.00050, vlimit  =  20.00000

Langevin dynamics temperature regulation:
     ig      =   84750
     temp0   = 300.00000, tempi   = 300.00000, gamma_ln=   2.00000

Ewald parameters:
     verbose =       0, ew_type =       0, nbflag  =       1, use_pme =       1
     vdwmeth =       1, eedmeth =       1, netfrc  =       1
     Box X =   74.516   Box Y =   63.871   Box Z =   53.226
     Alpha =   90.000   Beta  =   90.000   Gamma =   90.000
     NFFT1 =   80       NFFT2 =   64       NFFT3 =   54
     Cutoff=   16.000   Tol   =0.100E-04
     Ewald Coefficient =  0.16683
     Interpolation order =    4
|  INFO: Old style inpcrd file read


--------------------------------------------------------------------------------
   3.  ATOMIC COORDINATES AND VELOCITIES
--------------------------------------------------------------------------------

m1                                                                              
 begin time read from input coords =     0.100 ps

 Number of triangulated 3-point waters found:        0

     Sum of charges from parm topology file =  -0.00000000
     Forcing neutrality...

--------------------------------------------------------------------------------
   4.  RESULTS
--------------------------------------------------------------------------------

|  # of SOLUTE  degrees of freedom (RNDFP):   25110.
|  # of SOLVENT degrees of freedom (RNDFS):       0.
|  NDFMIN =   25110.     NUM_NOSHAKE =      0     CORRECTED RNDFP =   25110.
|  TOTAL # of degrees of freedom (RNDF) =   25110.
 ---------------------------------------------------
 APPROXIMATING switch and d/dx switch using CUBIC SPLINE INTERPOLATION
 using   5000.0 points per unit in tabled values
 TESTING RELATIVE ERROR over r ranging from 0.0 to cutoff
| CHECK switch(x): max rel err =   0.3316E-14   at   2.351880
| CHECK d/dx switch(x): max rel err =   0.7835E-11   at   2.645960
 ---------------------------------------------------
| Local SIZE OF NONBOND LIST =    3357873
| TOTAL SIZE OF NONBOND LIST =    3357873

 NSTEP =        0   TIME(PS) =       0.000  TEMP(K) =   275.47  PRESS =     0.0
 Etot   =      1571.0693  EKtot   =      6872.8397  EPtot      =     -5301.7704
 BOND   =      2070.4566  ANGLE   =      2487.1744  DIHED      =        29.0084
 1-4 NB =        13.9460  1-4 EEL =        94.4050  VDWAALS    =     -9814.2139
 EELEC  =      -182.5471  EHBOND  =         0.0000  RESTRAINT  =         0.0000
 Ewald error estimate:   0.3858E-02
 ------------------------------------------------------------------------------


 NSTEP =       10   TIME(PS) =       0.005  TEMP(K) =   272.78  PRESS =     0.0
 Etot   =      1590.4514  EKtot   =      6805.7296  EPtot      =     -5215.2782
 BOND   =      2090.4486  ANGLE   =      2505.3963  DIHED      =        29.0060
 1-4 NB =        14.4237  1-4 EEL =        94.8504  VDWAALS    =     -9764.9068
 EELEC  =      -184.4965  EHBOND  =         0.0000  RESTRAINT  =         0.0000
 Ewald error estimate:   0.3593E-02
 ------------------------------------------------------------------------------


 NSTEP =       20   TIME(PS) =       0.010  TEMP(K) =   276.55  PRESS =     0.0
 Etot   =      1586.9852  EKtot   =      6899.6351  EPtot      =     -5312.6499
 BOND   =      1970.9854  ANGLE   =      2484.8452  DIHED      =        25.8640
 1-4 NB =        15.8343  1-4 EEL =        95.5762  VDWAALS    =     -9719.8406
 EELEC  =      -185.9144  EHBOND  =         0.0000  RESTRAINT  =         0.0000
 Ewald error estimate:   0.3246E-02
 ------------------------------------------------------------------------------


 NSTEP =       30   TIME(PS) =       0.015  TEMP(K) =   272.56  PRESS =     0.0
 Etot   =      1597.1498  EKtot   =      6800.1366  EPtot      =     -5202.9868
 BOND   =      2040.3815  ANGLE   =      2494.9901  DIHED      =        25.9251
 1-4 NB =        17.1142  1-4 EEL =        95.5068  VDWAALS    =     -9690.7113
 EELEC  =      -186.1931  EHBOND  =         0.0000  RESTRAINT  =         0.0000
 Ewald error estimate:   0.3809E-02
 ------------------------------------------------------------------------------


 NSTEP =       40   TIME(PS) =       0.020  TEMP(K) =   266.96  PRESS =     0.0
 Etot   =      1599.3322  EKtot   =      6660.4403  EPtot      =     -5061.1080
 BOND   =      2153.6995  ANGLE   =      2509.8781  DIHED      =        25.5030
 1-4 NB =        17.0204  1-4 EEL =        95.7260  VDWAALS    =     -9676.7742
 EELEC  =      -186.1609  EHBOND  =         0.0000  RESTRAINT  =         0.0000
 Ewald error estimate:   0.3874E-02
 ------------------------------------------------------------------------------


 NSTEP =       50   TIME(PS) =       0.025  TEMP(K) =   273.28  PRESS =     0.0
 Etot   =      1616.5087  EKtot   =      6818.1306  EPtot      =     -5201.6219
 BOND   =      2028.1854  ANGLE   =      2495.7379  DIHED      =        25.3543
 1-4 NB =        16.1062  1-4 EEL =        95.7294  VDWAALS    =     -9675.6658
 EELEC  =      -187.0694  EHBOND  =         0.0000  RESTRAINT  =         0.0000
 Ewald error estimate:   0.3954E-02
 ------------------------------------------------------------------------------


 NSTEP =       60   TIME(PS) =       0.030  TEMP(K) =   277.04  PRESS =     0.0
 Etot   =      1668.6620  EKtot   =      6912.0001  EPtot      =     -5243.3381
 BOND   =      1993.5869  ANGLE   =      2497.3249  DIHED      =        26.8125
 1-4 NB =        15.2168  1-4 EEL =        95.0233  VDWAALS    =     -9684.1707
 EELEC  =      -187.1319  EHBOND  =         0.0000  RESTRAINT  =         0.0000
 Ewald error estimate:   0.3795E-02
 ------------------------------------------------------------------------------


 NSTEP =       70   TIME(PS) =       0.035  TEMP(K) =   271.87  PRESS =     0.0
 Etot   =      1679.3805  EKtot   =      6782.8714  EPtot      =     -5103.4909
 BOND   =      2103.6580  ANGLE   =      2545.2870  DIHED      =        23.8663
 1-4 NB =        15.0969  1-4 EEL =        95.0629  VDWAALS    =     -9699.4597
 EELEC  =      -187.0023  EHBOND  =         0.0000  RESTRAINT  =         0.0000
 Ewald error estimate:   0.3558E-02
 ------------------------------------------------------------------------------


 NSTEP =       80   TIME(PS) =       0.040  TEMP(K) =   275.70  PRESS =     0.0
 Etot   =      1691.3654  EKtot   =      6878.4251  EPtot      =     -5187.0596
 BOND   =      2026.5951  ANGLE   =      2555.6525  DIHED      =        23.1790
 1-4 NB =        15.3474  1-4 EEL =        95.2159  VDWAALS    =     -9716.0363
 EELEC  =      -187.0132  EHBOND  =         0.0000  RESTRAINT  =         0.0000
 Ewald error estimate:   0.3320E-02
 ------------------------------------------------------------------------------


 NSTEP =       90   TIME(PS) =       0.045  TEMP(K) =   278.23  PRESS =     0.0
 Etot   =      1693.4855  EKtot   =      6941.4966  EPtot      =     -5248.0110
 BOND   =      1977.8974  ANGLE   =      2556.3541  DIHED      =        22.4960
 1-4 NB =        15.5815  1-4 EEL =        95.5327  VDWAALS    =     -9728.2250
 EELEC  =      -187.6478  EHBOND  =         0.0000  RESTRAINT  =         0.0000
 Ewald error estimate:   0.3138E-02
 ------------------------------------------------------------------------------


 NSTEP =      100   TIME(PS) =       0.050  TEMP(K) =   270.96  PRESS =     0.0
 Etot   =      1716.9743  EKtot   =      6760.3274  EPtot      =     -5043.3531
 BOND   =      2145.7525  ANGLE   =      2593.7726  DIHED      =        25.8968
 1-4 NB =        15.8285  1-4 EEL =        94.6374  VDWAALS    =     -9731.8522
 EELEC  =      -187.3888  EHBOND  =         0.0000  RESTRAINT  =         0.0000
 Ewald error estimate:   0.3406E-02
 ------------------------------------------------------------------------------


 NSTEP =      110   TIME(PS) =       0.055  TEMP(K) =   268.39  PRESS =     0.0
 Etot   =      1739.8183  EKtot   =      6696.2022  EPtot      =     -4956.3839
 BOND   =      2195.9244  ANGLE   =      2620.1816  DIHED      =        29.7181
 1-4 NB =        15.7099  1-4 EEL =        94.7715  VDWAALS    =     -9725.9039
 EELEC  =      -186.7855  EHBOND  =         0.0000  RESTRAINT  =         0.0000
 Ewald error estimate:   0.3043E-02
 ------------------------------------------------------------------------------


 NSTEP =      120   TIME(PS) =       0.060  TEMP(K) =   271.82  PRESS =     0.0
 Etot   =      1745.4797  EKtot   =      6781.7999  EPtot      =     -5036.3202
 BOND   =      2082.9782  ANGLE   =      2643.3803  DIHED      =        21.6294
 1-4 NB =        15.6271  1-4 EEL =        94.7876  VDWAALS    =     -9707.9385
 EELEC  =      -186.7844  EHBOND  =         0.0000  RESTRAINT  =         0.0000
 Ewald error estimate:   0.3431E-02
 ------------------------------------------------------------------------------


 NSTEP =      130   TIME(PS) =       0.065  TEMP(K) =   267.25  PRESS =     0.0
 Etot   =      1741.6497  EKtot   =      6667.6904  EPtot      =     -4926.0407
 BOND   =      2131.9900  ANGLE   =      2679.5811  DIHED      =        18.5093
 1-4 NB =        15.3668  1-4 EEL =        95.7433  VDWAALS    =     -9680.4568
 EELEC  =      -186.7744  EHBOND  =         0.0000  RESTRAINT  =         0.0000
 Ewald error estimate:   0.3273E-02
 ------------------------------------------------------------------------------


 NSTEP =      140   TIME(PS) =       0.070  TEMP(K) =   263.12  PRESS =     0.0
 Etot   =      1748.7714  EKtot   =      6564.7518  EPtot      =     -4815.9805
 BOND   =      2176.7665  ANGLE   =      2699.9983  DIHED      =        27.2293
 1-4 NB =        15.3483  1-4 EEL =        95.9337  VDWAALS    =     -9644.4861
 EELEC  =      -186.7705  EHBOND  =         0.0000  RESTRAINT  =         0.0000
 Ewald error estimate:   0.3386E-02
 ------------------------------------------------------------------------------


 NSTEP =      150   TIME(PS) =       0.075  TEMP(K) =   268.86  PRESS =     0.0
 Etot   =      1762.5814  EKtot   =      6707.8740  EPtot      =     -4945.2926
 BOND   =      2035.7798  ANGLE   =      2671.1044  DIHED      =        25.0186
 1-4 NB =        14.5932  1-4 EEL =        95.5067  VDWAALS    =     -9600.5493
 EELEC  =      -186.7460  EHBOND  =         0.0000  RESTRAINT  =         0.0000
 Ewald error estimate:   0.3345E-02
 ------------------------------------------------------------------------------


 NSTEP =      160   TIME(PS) =       0.080  TEMP(K) =   269.97  PRESS =     0.0
 Etot   =      1778.6006  EKtot   =      6735.4700  EPtot      =     -4956.8695
 BOND   =      2000.5235  ANGLE   =      2656.4314  DIHED      =        22.2613
 1-4 NB =        14.3081  1-4 EEL =        95.1696  VDWAALS    =     -9557.7759
 EELEC  =      -187.7875  EHBOND  =         0.0000  RESTRAINT  =         0.0000
 Ewald error estimate:   0.3616E-02
 ------------------------------------------------------------------------------


 NSTEP =      170   TIME(PS) =       0.085  TEMP(K) =   266.15  PRESS =     0.0
 Etot   =      1793.8286  EKtot   =      6640.3455  EPtot      =     -4846.5169
 BOND   =      2085.6098  ANGLE   =      2645.3258  DIHED      =        20.0627
 1-4 NB =        14.3845  1-4 EEL =        94.6222  VDWAALS    =     -9519.5015
 EELEC  =      -187.0205  EHBOND  =         0.0000  RESTRAINT  =         0.0000
 Ewald error estimate:   0.3373E-02
 ------------------------------------------------------------------------------


 NSTEP =      180   TIME(PS) =       0.090  TEMP(K) =   270.27  PRESS =     0.0
 Etot   =      1813.3252  EKtot   =      6742.8979  EPtot      =     -4929.5727
 BOND   =      2034.1281  ANGLE   =      2583.9855  DIHED      =        17.7664
 1-4 NB =        14.6070  1-4 EEL =        95.0699  VDWAALS    =     -9488.8807
 EELEC  =      -186.2490  EHBOND  =         0.0000  RESTRAINT  =         0.0000
 Ewald error estimate:   0.3338E-02
 ------------------------------------------------------------------------------


 NSTEP =      190   TIME(PS) =       0.095  TEMP(K) =   275.68  PRESS =     0.0
 Etot   =      1845.5840  EKtot   =      6877.9136  EPtot      =     -5032.3296
 BOND   =      1982.8311  ANGLE   =      2507.9504  DIHED      =        24.1886
 1-4 NB =        14.4479  1-4 EEL =        94.9689  VDWAALS    =     -9469.9572
 EELEC  =      -186.7593  EHBOND  =         0.0000  RESTRAINT  =         0.0000
 Ewald error estimate:   0.3974E-02
 ------------------------------------------------------------------------------


 NSTEP =      200   TIME(PS) =       0.100  TEMP(K) =   273.34  PRESS =     0.0
 Etot   =      1882.6674  EKtot   =      6819.6761  EPtot      =     -4937.0087
 BOND   =      2107.4237  ANGLE   =      2472.5348  DIHED      =        24.4932
 1-4 NB =        14.4877  1-4 EEL =        94.8619  VDWAALS    =     -9463.6130
 EELEC  =      -187.1970  EHBOND  =         0.0000  RESTRAINT  =         0.0000
 Ewald error estimate:   0.3805E-02
 ------------------------------------------------------------------------------


      A V E R A G E S   O V E R     200 S T E P S


 NSTEP =      200   TIME(PS) =       0.100  TEMP(K) =   271.57  PRESS =     0.0
 Etot   =      1707.4308  EKtot   =      6775.5589  EPtot      =     -5068.1281
 BOND   =      2067.2173  ANGLE   =      2571.5371  DIHED      =        24.3597
 1-4 NB =        15.3099  1-4 EEL =        95.2095  VDWAALS    =     -9655.1155
 EELEC  =      -186.6460  EHBOND  =         0.0000  RESTRAINT  =         0.0000
 Ewald error estimate:   0.3513E-02
 ------------------------------------------------------------------------------


      R M S  F L U C T U A T I O N S


 NSTEP =      200   TIME(PS) =       0.100  TEMP(K) =     3.99  PRESS =     0.0
 Etot   =        83.2356  EKtot   =        99.4965  EPtot      =       144.4357
 BOND   =        66.5821  ANGLE   =        72.4042  DIHED      =         3.1620
 1-4 NB =         0.8182  1-4 EEL =         0.4080  VDWAALS    =        91.7202
 EELEC  =         0.9069  EHBOND  =         0.0000  RESTRAINT  =         0.0000
 Ewald error estimate:   0.2686E-03
 ------------------------------------------------------------------------------


--------------------------------------------------------------------------------
   5.  TIMINGS
--------------------------------------------------------------------------------

|    Read coords time           0.00 ( 0.01% of Total)
|                Build the list             0.14 (94.42% of List )
|                Other                      0.01 ( 5.58% of List )
|             List time                  0.14 ( 0.91% of Nonbo)
|                   Short_ene time            13.49 (99.70% of Direc)
|                   Other                      0.04 ( 0.30% of Direc)
|                Direct Ewald time         13.53 (86.04% of Ewald)
|                Adjust Ewald time          0.07 ( 0.47% of Ewald)
|                   Fill Bspline coeffs        0.06 ( 2.75% of Recip)
|                   Fill charge grid           0.22 (10.45% of Recip)
|                   Scalar sum                 0.47 (22.40% of Recip)
|                   Grad sum                   0.40 (18.70% of Recip)
|                   FFT time                   0.97 (45.69% of Recip)
|                   Other                      0.00 ( 0.01% of Recip)
|                Recip Ewald time           2.12 (13.45% of Ewald)
|                Force Adjust               0.00 ( 0.01% of Ewald)
|                Virial junk                0.00 ( 0.01% of Ewald)
|             Ewald time                15.73 (99.09% of Nonbo)
|          Nonbond force             15.87 (99.55% of Force)
|          Bond/Angle/Dihedral        0.07 ( 0.44% of Force)
|          Other                      0.00 ( 0.01% of Force)
|       Force time                15.94 (98.59% of Runmd)
|       Verlet update time         0.22 ( 1.39% of Runmd)
|       Other                      0.00 ( 0.02% of Runmd)
|    Runmd Time                16.17 (99.81% of Total)
|    Other                      0.03 ( 0.18% of Total)
| Total time                16.20 (100.0% of ALL  )

| Number of list builds   :          2

| Highest rstack allocated:     821516
| Highest istack allocated:       8370

| Final Performance Info:
| -----------------------------------------------------
| Average timings for all steps:
|     Elapsed(s) =      16.17 Per Step(ms) =      80.86
|         ns/day =       0.53   seconds/ns =  161720.76
| -----------------------------------------------------

|           Job began  at 20:08:29.056  on 02/05/2019
|           Setup done at 20:08:29.086  on 02/05/2019
|           Run   done at 20:08:45.258  on 02/05/2019
|     wallclock() was called    8475 times

|3D-RISM memory allocation summary
|Type          Maximum        Current   
|Integer       0.00000 GB     0.00000 GB
|Real          0.00000 GB     0.00000 GB
|Logical       0.00000 GB     0.00000 GB
|Character     0.00000 GB     0.00000 GB
|---------------------------------------
|Total         0.00000 GB     0.00000 GB
