
          -------------------------------------------------------
          Amber 18 SANDER                              2018
          -------------------------------------------------------

| Run on 02/14/2020 at 15:04:51

|   Executable path: sander
| Working directory: /home/dustin/Documents/TestRuns/qm_mm_prop/benzene_nh2/abs/traj_1/4
|          Hostname: Unknown
  [-O]verwriting output

File Assignments:
|  MDIN: nasqm_abs_t1_4.in                                                     
| MDOUT: nasqm_abs_t1_4.out                                                    
|INPCRD: snap_4_for_absorption_t1.rst                                          
|  PARM: m1.prmtop                                                             
|RESTRT: snap_4_for_absorption_t1_back.rst                                     
|  REFC: refc                                                                  
| MDVEL: mdvel                                                                 
| MDFRC: mdfrc                                                                 
|  MDEN: mden                                                                  
| MDCRD: nasqm_abs_t1_4.nc                                                     
|MDINFO: mdinfo                                                                
|  MTMD: mtmd                                                                  
|INPDIP: inpdip                                                                
|RSTDIP: rstdip                                                                
|INPTRA: inptraj                                                               


 Here is the input file:

300K constant temp QMMMMD                                                      
 &cntrl                                                                        
  imin=0,                                                                      
  irest=0,                                                                     
  ntx=5,                                                                       
  ntb=1,                                                                       
  ntp=0,                                                                       
  ig=-1,                                                                       
  taup=2.0,                                                                    
  cut=16.0,                                                                    
  ntr=0,                                                                       
  tempi=300.0,                                                                 
  temp0=300.0,                                                                 
  ntt=3,                                                                       
  gamma_ln=2.0,                                                                
  nstlim=0,                                                                    
  dt=0.0005,                                                                   
  ntpr=1,                                                                      
  ntwx=0,                                                                      
  ntwv=0,                                                                      
  ifqnt=1,                                                                     
 /                                                                             
 &qmmm                                                                         
  scfconv=1.0000E-8,                                                           
  verbosity=1,                                                                 
  qmmask=':1',                                                                 
  diag_routine=1,                                                              
  qmcharge=0,                                                                  
  qm_theory='AM1',                                                             
  qmshake=0,                                                                   
  qm_ewald=0,                                                                  
  qm_pme=0,                                                                    
  nae=1                                                                        
 /                                                                             

--------------------------------------------------------------------------------
   1.  RESOURCE   USE: 
--------------------------------------------------------------------------------

| Flags:                                                                        
 getting new box info from bottom of inpcrd
|  INFO: Old style inpcrd file read

| peek_ewald_inpcrd: Box info found
|Largest sphere to fit in unit cell has radius =    22.679
| New format PARM file being parsed.
| Version =    1.000 Date = 09/26/18 Time = 13:58:55
 NATOM  =    4394 NTYPES =       7 NBONH =     883 MBONA  =    2635
 NTHETH =    2641 MTHETA =    2636 NPHIH =      26 MPHIA  =       9
 NHPARM =       0 NPARM  =       0 NNB   =    9698 NRES   =     877
 NBONA  =    2635 NTHETA =    2636 NPHIA =       9 NUMBND =       6
 NUMANG =       7 NPTRA  =       3 NATYP =       7 NPHB   =       0
 IFBOX  =       1 NMXRS  =      14 IFCAP =       0 NEXTRA =       0
 NCOPY  =       0


|     Memory Use     Allocated
|     Real              369502
|     Hollerith          14061
|     Integer           159675
|     Max Pairs        8541936
|     nblistReal         52728
|     nblist Int        151766
|       Total            37937 kbytes

| Note: 1-4 EEL scale factors are being read from the topology file.

| Note: 1-4 VDW scale factors are being read from the topology file.
| Duplicated    0 dihedrals
| Duplicated    0 dihedrals
LOADING THE QUANTUM ATOMS AS GROUPS
     Mask :1; matches    14 atoms

     BOX TYPE: RECTILINEAR
Note: ig = -1. Setting random seed to   144651 based on wallclock time in microseconds.

--------------------------------------------------------------------------------
   2.  CONTROL  DATA  FOR  THE  RUN
--------------------------------------------------------------------------------

m1                                                                              

General flags:
     imin    =       0, nmropt  =       0

Nature and format of input:
     ntx     =       5, irest   =       0, ntrx    =       1

Nature and format of output:
     ntxo    =       2, ntpr    =       1, ntrx    =       1, ntwr    =       1
     iwrap   =       0, ntwx    =       0, ntwv    =       0, ntwe    =       0
     ioutfm  =       1, ntwprt  =       0, idecomp =       0, rbornstat=      0

Potential function:
     ntf     =       1, ntb     =       1, igb     =       0, nsnb    =      25
     ipol    =       0, gbsa    =       0, iesp    =       0
     dielc   =   1.00000, cut     =  16.00000, intdiel =   1.00000

Frozen or restrained atoms:
     ibelly  =       0, ntr     =       0

Molecular dynamics:
     nstlim  =         0, nscm    =      1000, nrespa  =         1
     t       =   0.00000, dt      =   0.00050, vlimit  =  20.00000

Langevin dynamics temperature regulation:
     ig      =  144651
     temp0   = 300.00000, tempi   = 300.00000, gamma_ln=   2.00000

Ewald parameters:
     verbose =       0, ew_type =       0, nbflag  =       1, use_pme =       1
     vdwmeth =       1, eedmeth =       1, netfrc  =       1
     Box X =   49.256   Box Y =   50.133   Box Z =   45.358
     Alpha =   90.000   Beta  =   90.000   Gamma =   90.000
     NFFT1 =   50       NFFT2 =   50       NFFT3 =   45
     Cutoff=   16.000   Tol   =0.100E-04
     Ewald Coefficient =  0.16683
     Interpolation order =    4

QMMM options:
             ifqnt = True       nquant =       14
              qmgb =        0  qmcharge =        0   adjust_q =        2
              spin =        1     qmcut =  16.0000    qmshake =        0
          qmmm_int =        1
     lnk_atomic_no =        1   lnk_dis =   1.0900 lnk_method =        1
          qm_theory =     AM1 verbosity =        1
            qmqmdx = Analytical
      tight_p_conv = False (converge density to 0.05xSqrt[SCFCRT])
           scfconv = 0.100E-07  itrmax =     1000
      printcharges = False      printdipole = False      peptide_corr = False
    qmmmrij_incore = True 
  qmqm_erep_incore = True 
       pseudo_diag = True pseudo_diag_criteria =   0.0500
      diag_routine =        1
          qm_ewald =        0 qm_pme = False 

--------------------------------------------------------------------------------
   3.  ATOMIC COORDINATES AND VELOCITIES
--------------------------------------------------------------------------------

Cpptraj Generated Restart                                                       
 begin time read from input coords =     0.000 ps

 Number of triangulated 3-point waters found:        0
 identifying link atoms
 identified link atoms

     Sum of charges from parm topology file =   0.00000100
     Forcing neutrality...
QMMM: ADJUSTING CHARGES
QMMM: ----------------------------------------------------------------------
QMMM: adjust_q = 2
QMMM: Uniformly adjusting the charge of MM atoms to conserve total charge.
QMMM:                             qm_charge =    0
QMMM: QM atom RESP charge sum (inc MM link) =    0.000
QMMM: Adjusting each MM atom resp charge by =    0.000
QMMM:          Sum of MM + QM region is now =    0.000
QMMM: ----------------------------------------------------------------------
|  # of SOLUTE  degrees of freedom (RNDFP):   13182.
|  # of SOLVENT degrees of freedom (RNDFS):       0.
|  QMSHAKE_NOSHAKEMASK_OVERLAP =      0
|  NDFMIN =   13182.     NUM_NOSHAKE =      0     CORRECTED RNDFP =   13182.
|  TOTAL # of degrees of freedom (RNDF) =   13182.
 ---------------------------------------------------
 APPROXIMATING switch and d/dx switch using CUBIC SPLINE INTERPOLATION
 using   5000.0 points per unit in tabled values
 TESTING RELATIVE ERROR over r ranging from 0.0 to cutoff
| CHECK switch(x): max rel err =   0.2738E-14   at   2.422500
| CHECK d/dx switch(x): max rel err =   0.7766E-11   at   2.666360
 ---------------------------------------------------
| Local SIZE OF NONBOND LIST =    2093910
| TOTAL SIZE OF NONBOND LIST =    2093910

QMMM: Link Atom Information
QMMM: ------------------------------------------------------------------------
QMMM: nlink =     0
QMMM: ------------------------------------------------------------------------

  QMMM: QM Region Cartesian Coordinates (*=link atom) 
  QMMM: QM_NO.   MM_NO.  ATOM         X         Y         Z
  QMMM:     1        1      C       -0.4074   -0.7513   -1.3031
  QMMM:     2        2      C        0.7330   -1.2096   -0.6289
  QMMM:     3        3      C        1.1230   -0.6579    0.5959
  QMMM:     4        4      C        0.3655    0.4068    1.1270
  QMMM:     5        5      C       -0.8397    0.7757    0.4972
  QMMM:     6        6      C       -1.1644    0.2930   -0.7210
  QMMM:     7        7      H       -0.6929   -1.1135   -2.3298
  QMMM:     8        8      H        1.2699   -2.0021   -1.0823
  QMMM:     9        9      H        2.0707   -0.9828    1.0700
  QMMM:    10       10      H       -1.4448    1.5464    0.9251
  QMMM:    11       11      H       -2.0707    0.5938   -1.2136
  QMMM:    12       12      N        0.7652    1.1503    2.2616
  QMMM:    13       13      H        1.7866    1.3470    2.2668
  QMMM:    14       14      H        0.2718    2.0021    2.3298

--------------------------------------------------------------------------------
  3.1 QM CALCULATION INFO
--------------------------------------------------------------------------------
 rnd_seed=           1
 !!!!!!-----NAESMD INPUT-----!!!!!!

 Ground state MD,      imdtype=           0
 Initial count for out files              0
 MD at constant energy
 Starting time, fs           0.0000000000000000     
 Time step, fs                        0.50000000000000000     
 Number of classical steps (CS)        20000
 Quantum steps/per CS                    0
 Displacement for deriv. [A]      1.0000000000000001E-005
 Newtonian dynamics,           therm_type=           0
 Temperature, K                  10.000000000000000     
 Bath relaxation constant       0.40000000000000002     
 Equilibrated dynamics
 Number of steps per degree K           100
 Number of steps to write data           10
 Number of steps to write coords           1
 Friction coefficient [1/ps]      2.0000000000000000     
 Seed for random generator               1
 NAESMD verbosity,            1
 MD will use analytic deriv,  ideriv=           1
 Cartesian coordinates are used
 Allocating initial naesmd_module variables
 Allocating md_module initial variables
 Allocating variables
 Allocating naesmd_module variables          14           5
 Allocating md_module variables          14
  Finish reading coordinates 

 Initial Geometry
    6        -0.407441   -0.751295   -1.303131
    6         0.732989   -1.209614   -0.628883
    6         1.123029   -0.657944    0.595859
    6         0.365525    0.406843    1.126963
    6        -0.839725    0.775702    0.497173
    6        -1.164426    0.292965   -0.721031
    1        -0.692905   -1.113466   -2.329792
    1         1.269935   -2.002148   -1.082323
    1         2.070685   -0.982759    1.069965
    1        -1.444776    1.546436    0.925121
    1        -2.070685    0.593760   -1.213640
    7         0.765235    1.150345    2.261576
    1         1.786593    1.346979    2.266788
    1         0.271806    2.002148    2.329792
 nstep successful

| QMMM: Citation for AMBER QMMM Run:
| QMMM: R.C. Walker, M.F. Crowley and D.A. Case, J. COMP. CHEM. 29:1019, 2008

QMMM: SINGLET STATE CALCULATION
QMMM: RHF CALCULATION, NO. OF DOUBLY OCCUPIED LEVELS = 18

| QMMM: *** Selected Hamiltonian *** 
| QMMM: AM1         

| QMMM: *** Parameter sets in use ***
| QMMM: C : M.J.S.DEWAR et al. JACS, 107, 3902, (1985)
| QMMM: H : M.J.S.DEWAR et al. JACS, 107, 3902, (1985)
| QMMM: N : M.J.S.DEWAR et al. JACS, 107, 3902, (1985)

| QMMM: *** Diagonalization Routine Information ***
| QMMM: Pseudo diagonalizations are allowed.
| QMMM: Auto diagonalization routine selection is disabled.
| QMMM: Using internal diagonalization routine (diag_routine=1).

  QMMM: QM Region Cartesian Coordinates (*=link atom) 
  QMMM: QM_NO.   MM_NO.  ATOM         X         Y         Z
  QMMM:     1        1      C       -0.4074   -0.7513   -1.3031
  QMMM:     2        2      C        0.7330   -1.2096   -0.6289
  QMMM:     3        3      C        1.1230   -0.6579    0.5959
  QMMM:     4        4      C        0.3655    0.4068    1.1270
  QMMM:     5        5      C       -0.8397    0.7757    0.4972
  QMMM:     6        6      C       -1.1644    0.2930   -0.7210
  QMMM:     7        7      H       -0.6929   -1.1135   -2.3298
  QMMM:     8        8      H        1.2699   -2.0021   -1.0823
  QMMM:     9        9      H        2.0707   -0.9828    1.0700
  QMMM:    10       10      H       -1.4448    1.5464    0.9251
  QMMM:    11       11      H       -2.0707    0.5938   -1.2136
  QMMM:    12       12      N        0.7652    1.1503    2.2616
  QMMM:    13       13      H        1.7866    1.3470    2.2668
  QMMM:    14       14      H        0.2718    2.0021    2.3298

--------------------------------------------------------------------------------
  RESULTS
--------------------------------------------------------------------------------

QMMM: SCF Converged to 0.1000E-07 in:    19 Cycles 
           8           1   1.3179155032919110E-015
           7           1   1.0559925872101472E-015
           8           2   4.5134387763670625E-015
           8           1   3.0108277389263513E-015
          10           1   1.3413613752719100E-015
 @@@@ Davidson subroutine Found vectors           6
  i, e0(i), ferr(i), ftol0
  1 +++    3.567020418968513     0.16E-05 0.10E-04
  2 +++    3.671819141743299     0.53E-06 0.10E-04
  3 +++    4.907313676625485     0.29E-05 0.10E-04
  4 +++    5.132365487125010     0.49E-05 0.10E-04
  5 +++    5.263649253775074     0.31E-05 0.10E-04
  6 +++    5.751915687330695     0.53E-05 0.10E-04
 -------------------------------------------------

 Frequencies (eV) and Oscillator strengths (unitless)
        Omega            fx              fy              fz          ftotal
   1     3.56702041896851        0.106854974459032E-01    0.423125761669170E-05    0.885103424710867E-02    0.195407629506286E-01
   2     3.67181914174330        0.327345584833344E-02    0.262708641010525E-01    0.433428572095870E-01    0.728871771589730E-01
   3     4.90731367662548        0.651586104574971E-03    0.155748679586767E-02    0.286537936935868E-01    0.308628665940295E-01
   4     5.13236548712501        0.152089666110659        0.110708020924500        0.826019152067487E-03    0.263623706187227    
   5     5.26364925377507        0.308102864295150E-01    0.398919468599892E-01    0.228134451976584        0.298836685266088    
   6     5.75191568733069        0.144904637861533E-02    0.298068726025214E-02    0.119588559478675E-01    0.163885895867350E-01

 Frequencies (eV) and Transition Dipole Moments (AU)
        Omega            fx              fy              fz          ftotal
   1     3.56702041896851        0.349675832176728        0.695829727004928E-02    0.318247686524034        0.223603195487285    
   2     3.67181914174330        0.190758388726224        0.540402787508640        0.694127371362190        0.810236743290717    
   3     4.90731367662548       -0.736181737952405E-01   -0.113818096872927       -0.488191482159754        0.256705117942058    
   4     5.13236548712501        -1.09979592880883        0.938321781943157        0.810508013254373E-01     2.09656808388896    
   5     5.26364925377507        0.488793519385225        0.556186172135357         1.33006544045224         2.31733623855298    
   6     5.75191568733069        0.101404196834510        0.145436358632660        0.291312824434654        0.116297707228075    

 Total energy of the ground state (eV,AU)
           0  -1071.4831344541712       -39.376264509873671     
 Total energies of excited states (eV,AU)
           1  -1067.9161140352028       -39.245178975241366     
           2  -1067.8113153124280       -39.241327694623330     
           3  -1066.5758207775457       -39.195924124523451     
           4  -1066.3507689670462       -39.187653626058562     
           5  -1066.2194852003961       -39.182829038386352     
           6  -1065.7312187668406       -39.164885584475840     
 Ground State Molecular Dipole Moment (A.U.)
                         dx              dy              dz          ftotal
                     0.3538077      0.5924070     -0.3057692      0.7547322    
          35          18       94542313562464
          35          18       94542313562464
          35          18       94542313562464
          35          18       94542313562464
          35          18       94542313562464
          35          18       94542313562464

 Frequencies (eV) Unrelaxed Difference Dipole Moments (AU)
        Omega            dx              dy              dz          ftotal
   1   3.567020      0.3506272      0.1228643      0.4543150      0.5868877    
   2   3.671819     -0.1007851E-01  0.3021079      0.3652447      0.4741039    
   3   4.907314     -0.1848467     -0.3359497      0.1448772E-01  0.3837192    
   4   5.132365      0.7331112E-01  0.1389879      0.1931488      0.2489953    
   5   5.263649     -0.4988385E-02  0.5112158E-01  0.3789473      0.3824126    
   6   5.751916     -0.9243837E-01  0.6913273E-01 -0.2120754E-01  0.1173625    
QMMM:
QMMM: SCF Energy =       17.79557161 KCal/mol,        74.45667161 KJ/mol
QMMM: SCF Energy = Heat of formation

QMMM: Mulliken Charges of state:    0
QMMM: Atomic Charges for Step       1 :
QMMM:  Atom    Element       Mulliken Charge
QMMM:     1      C              -0.208946
QMMM:     2      C              -0.122125
QMMM:     3      C              -0.157502
QMMM:     4      C              -0.000857
QMMM:     5      C              -0.179526
QMMM:     6      C              -0.109242
QMMM:     7      H               0.158037
QMMM:     8      H               0.136856
QMMM:     9      H               0.163102
QMMM:    10      H               0.139538
QMMM:    11      H               0.143050
QMMM:    12      N              -0.341824
QMMM:    13      H               0.202271
QMMM:    14      H               0.177168
QMMM: Total Mulliken Charge =    0.000000

 LPRINT:           1           0

 NSTEP =        0   TIME(PS) =       0.000  TEMP(K) =   291.17  PRESS =     0.0
 Etot   =     -1807.2951  EKtot   =      3813.6366  EPtot      =     -5620.9318
 BOND   =       965.3980  ANGLE   =      1498.8449  DIHED      =         0.0000
 1-4 NB =         0.0000  1-4 EEL =         0.0000  VDWAALS    =     -5608.8632
 EELEC  =     -2494.1070  EHBOND  =         0.0000  RESTRAINT  =         0.0000
 AM1ESCF=        17.7956
 Ewald error estimate:   0.3726E-03
 ------------------------------------------------------------------------------


--------------------------------------------------------------------------------
   5.  TIMINGS
--------------------------------------------------------------------------------

|    Read coords time           0.01 ( 2.72% of Total)
|    Fast Water setup           0.00 ( 0.01% of Total)
|                Build the list             0.06 (88.05% of List )
|                Other                      0.01 (11.95% of List )
|             List time                  0.07 (50.85% of Nonbo)
|                   Short_ene time             0.05 (99.65% of Direc)
|                   Other                      0.00 ( 0.35% of Direc)
|                Direct Ewald time          0.05 (84.24% of Ewald)
|                Adjust Ewald time          0.00 ( 0.53% of Ewald)
|                Self Ewald time            0.00 ( 0.02% of Ewald)
|                   Fill Bspline coeffs        0.00 ( 4.67% of Recip)
|                   Fill charge grid           0.00 ( 9.21% of Recip)
|                   Scalar sum                 0.00 (16.36% of Recip)
|                   Grad sum                   0.00 (11.01% of Recip)
|                   FFT time                   0.01 (58.46% of Recip)
|                   Other                      0.00 ( 0.30% of Recip)
|                Recip Ewald time           0.01 (15.14% of Ewald)
|                Force Adjust               0.00 ( 0.01% of Ewald)
|                Virial junk                0.00 ( 0.05% of Ewald)
|             Ewald time                 0.06 (49.15% of Nonbo)
|          Nonbond force              0.13 (68.27% of Force)
|             QMMM setup                 0.00 ( 0.07% of QMMM )
|             QMMM list build            0.00 ( 0.33% of QMMM )
|             QMMM prep coords           0.00 ( 0.33% of QMMM )
|                   QMMM hcore QM-QM           0.00 (40.69% of QMMM )
|                   QMMM hcore QM-MM           0.00 (59.31% of QMMM )
|                QMMM hcore calc            0.00 (22.03% of QMMM )
|                   QMMM fock build            0.00 (40.92% of QMMM )
|                   QMMM elec-energy cal       0.00 ( 0.80% of QMMM )
|                   QMMM full matrix dia       0.00 (26.70% of QMMM )
|                   QMMM pseudo matrix d       0.00 (25.06% of QMMM )
|                   QMMM density build         0.00 ( 5.55% of QMMM )
|                   Other                      0.00 ( 0.97% of QMMM )
|                QMMM scf                   0.00 (77.97% of QMMM )
|             QMMM energy                0.00 ( 4.54% of QMMM )
|             QMMM Collate Forces        0.00 ( 0.03% of QMMM )
|             Other                      0.06 (94.70% of QMMM )
|          QMMM                       0.06 (31.52% of Force)
|          Bond/Angle/Dihedral        0.00 ( 0.19% of Force)
|          Other                      0.00 ( 0.02% of Force)
|       Force time                 0.19 (99.49% of Runmd)
|       Other                      0.00 ( 0.51% of Runmd)
|    Runmd Time                 0.19 (79.06% of Total)
|    Other                      0.04 (18.22% of Total)
| Total time                 0.24 (100.0% of ALL  )

| Number of list builds   :          1

| Highest rstack allocated:     366766
| Highest istack allocated:       4394
|           Job began  at 15:04:51.101  on 02/14/2020
|           Setup done at 15:04:51.152  on 02/14/2020
|           Run   done at 15:04:51.344  on 02/14/2020
|     wallclock() was called     295 times
ASSERTion 'ier == 0' failed in src/sqm/qmmm_module.F90 at line    892.
