
          -------------------------------------------------------
          Amber 18 SANDER                              2018
          -------------------------------------------------------

| Run on 02/14/2020 at 15:04:51

|   Executable path: sander
| Working directory: /home/dustin/Documents/TestRuns/qm_mm_prop/benzene_nh2/abs/traj_4/1
|          Hostname: Unknown
  [-O]verwriting output

File Assignments:
|  MDIN: nasqm_abs_t4_1.in                                                     
| MDOUT: nasqm_abs_t4_1.out                                                    
|INPCRD: snap_1_for_absorption_t4.rst                                          
|  PARM: m1.prmtop                                                             
|RESTRT: snap_1_for_absorption_t4_back.rst                                     
|  REFC: refc                                                                  
| MDVEL: mdvel                                                                 
| MDFRC: mdfrc                                                                 
|  MDEN: mden                                                                  
| MDCRD: nasqm_abs_t4_1.nc                                                     
|MDINFO: mdinfo                                                                
|  MTMD: mtmd                                                                  
|INPDIP: inpdip                                                                
|RSTDIP: rstdip                                                                
|INPTRA: inptraj                                                               


 Here is the input file:

300K constant temp QMMMMD                                                      
 &cntrl                                                                        
  imin=0,                                                                      
  irest=0,                                                                     
  ntx=5,                                                                       
  ntb=1,                                                                       
  ntp=0,                                                                       
  ig=-1,                                                                       
  taup=2.0,                                                                    
  cut=16.0,                                                                    
  ntr=0,                                                                       
  tempi=300.0,                                                                 
  temp0=300.0,                                                                 
  ntt=3,                                                                       
  gamma_ln=2.0,                                                                
  nstlim=0,                                                                    
  dt=0.0005,                                                                   
  ntpr=1,                                                                      
  ntwx=0,                                                                      
  ntwv=0,                                                                      
  ifqnt=1,                                                                     
 /                                                                             
 &qmmm                                                                         
  scfconv=1.0000E-8,                                                           
  verbosity=1,                                                                 
  qmmask=':1',                                                                 
  diag_routine=1,                                                              
  qmcharge=0,                                                                  
  qm_theory='AM1',                                                             
  qmshake=0,                                                                   
  qm_ewald=0,                                                                  
  qm_pme=0,                                                                    
  nae=1                                                                        
 /                                                                             

--------------------------------------------------------------------------------
   1.  RESOURCE   USE: 
--------------------------------------------------------------------------------

| Flags:                                                                        
 getting new box info from bottom of inpcrd
|  INFO: Old style inpcrd file read

| peek_ewald_inpcrd: Box info found
|Largest sphere to fit in unit cell has radius =    22.679
| New format PARM file being parsed.
| Version =    1.000 Date = 09/26/18 Time = 13:58:55
 NATOM  =    4394 NTYPES =       7 NBONH =     883 MBONA  =    2635
 NTHETH =    2641 MTHETA =    2636 NPHIH =      26 MPHIA  =       9
 NHPARM =       0 NPARM  =       0 NNB   =    9698 NRES   =     877
 NBONA  =    2635 NTHETA =    2636 NPHIA =       9 NUMBND =       6
 NUMANG =       7 NPTRA  =       3 NATYP =       7 NPHB   =       0
 IFBOX  =       1 NMXRS  =      14 IFCAP =       0 NEXTRA =       0
 NCOPY  =       0


|     Memory Use     Allocated
|     Real              369502
|     Hollerith          14061
|     Integer           159675
|     Max Pairs        8541936
|     nblistReal         52728
|     nblist Int        151766
|       Total            37937 kbytes

| Note: 1-4 EEL scale factors are being read from the topology file.

| Note: 1-4 VDW scale factors are being read from the topology file.
| Duplicated    0 dihedrals
| Duplicated    0 dihedrals
LOADING THE QUANTUM ATOMS AS GROUPS
     Mask :1; matches    14 atoms

     BOX TYPE: RECTILINEAR
Note: ig = -1. Setting random seed to   647172 based on wallclock time in microseconds.

--------------------------------------------------------------------------------
   2.  CONTROL  DATA  FOR  THE  RUN
--------------------------------------------------------------------------------

m1                                                                              

General flags:
     imin    =       0, nmropt  =       0

Nature and format of input:
     ntx     =       5, irest   =       0, ntrx    =       1

Nature and format of output:
     ntxo    =       2, ntpr    =       1, ntrx    =       1, ntwr    =       1
     iwrap   =       0, ntwx    =       0, ntwv    =       0, ntwe    =       0
     ioutfm  =       1, ntwprt  =       0, idecomp =       0, rbornstat=      0

Potential function:
     ntf     =       1, ntb     =       1, igb     =       0, nsnb    =      25
     ipol    =       0, gbsa    =       0, iesp    =       0
     dielc   =   1.00000, cut     =  16.00000, intdiel =   1.00000

Frozen or restrained atoms:
     ibelly  =       0, ntr     =       0

Molecular dynamics:
     nstlim  =         0, nscm    =      1000, nrespa  =         1
     t       =   0.00000, dt      =   0.00050, vlimit  =  20.00000

Langevin dynamics temperature regulation:
     ig      =  647172
     temp0   = 300.00000, tempi   = 300.00000, gamma_ln=   2.00000

Ewald parameters:
     verbose =       0, ew_type =       0, nbflag  =       1, use_pme =       1
     vdwmeth =       1, eedmeth =       1, netfrc  =       1
     Box X =   49.256   Box Y =   50.133   Box Z =   45.358
     Alpha =   90.000   Beta  =   90.000   Gamma =   90.000
     NFFT1 =   50       NFFT2 =   50       NFFT3 =   45
     Cutoff=   16.000   Tol   =0.100E-04
     Ewald Coefficient =  0.16683
     Interpolation order =    4

QMMM options:
             ifqnt = True       nquant =       14
              qmgb =        0  qmcharge =        0   adjust_q =        2
              spin =        1     qmcut =  16.0000    qmshake =        0
          qmmm_int =        1
     lnk_atomic_no =        1   lnk_dis =   1.0900 lnk_method =        1
          qm_theory =     AM1 verbosity =        1
            qmqmdx = Analytical
      tight_p_conv = False (converge density to 0.05xSqrt[SCFCRT])
           scfconv = 0.100E-07  itrmax =     1000
      printcharges = False      printdipole = False      peptide_corr = False
    qmmmrij_incore = True 
  qmqm_erep_incore = True 
       pseudo_diag = True pseudo_diag_criteria =   0.0500
      diag_routine =        1
          qm_ewald =        0 qm_pme = False 

--------------------------------------------------------------------------------
   3.  ATOMIC COORDINATES AND VELOCITIES
--------------------------------------------------------------------------------

Cpptraj Generated Restart                                                       
 begin time read from input coords =     0.000 ps

 Number of triangulated 3-point waters found:        0
 identifying link atoms
 identified link atoms

     Sum of charges from parm topology file =   0.00000100
     Forcing neutrality...
QMMM: ADJUSTING CHARGES
QMMM: ----------------------------------------------------------------------
QMMM: adjust_q = 2
QMMM: Uniformly adjusting the charge of MM atoms to conserve total charge.
QMMM:                             qm_charge =    0
QMMM: QM atom RESP charge sum (inc MM link) =    0.000
QMMM: Adjusting each MM atom resp charge by =    0.000
QMMM:          Sum of MM + QM region is now =    0.000
QMMM: ----------------------------------------------------------------------
|  # of SOLUTE  degrees of freedom (RNDFP):   13182.
|  # of SOLVENT degrees of freedom (RNDFS):       0.
|  QMSHAKE_NOSHAKEMASK_OVERLAP =      0
|  NDFMIN =   13182.     NUM_NOSHAKE =      0     CORRECTED RNDFP =   13182.
|  TOTAL # of degrees of freedom (RNDF) =   13182.
 ---------------------------------------------------
 APPROXIMATING switch and d/dx switch using CUBIC SPLINE INTERPOLATION
 using   5000.0 points per unit in tabled values
 TESTING RELATIVE ERROR over r ranging from 0.0 to cutoff
| CHECK switch(x): max rel err =   0.2738E-14   at   2.422500
| CHECK d/dx switch(x): max rel err =   0.7766E-11   at   2.666360
 ---------------------------------------------------
| Local SIZE OF NONBOND LIST =    2093957
| TOTAL SIZE OF NONBOND LIST =    2093957

QMMM: Link Atom Information
QMMM: ------------------------------------------------------------------------
QMMM: nlink =     0
QMMM: ------------------------------------------------------------------------

  QMMM: QM Region Cartesian Coordinates (*=link atom) 
  QMMM: QM_NO.   MM_NO.  ATOM         X         Y         Z
  QMMM:     1        1      C       -0.1829   -0.6267   -1.5831
  QMMM:     2        2      C        0.6387   -1.2446   -0.6381
  QMMM:     3        3      C        0.8808   -0.6429    0.5799
  QMMM:     4        4      C        0.2612    0.5507    0.8626
  QMMM:     5        5      C       -0.5396    1.2376   -0.1331
  QMMM:     6        6      C       -0.7727    0.5981   -1.3434
  QMMM:     7        7      H       -0.2902   -1.0396   -2.5908
  QMMM:     8        8      H        1.1363   -2.2406   -0.7730
  QMMM:     9        9      H        1.4386   -1.1703    1.3866
  QMMM:    10       10      H       -0.8757    2.2406    0.1904
  QMMM:    11       11      H       -1.4386    1.0950   -2.0621
  QMMM:    12       12      N        0.4110    1.0459    2.1481
  QMMM:    13       13      H        1.2925    0.9672    2.5908
  QMMM:    14       14      H        0.0772    1.9947    2.1844

--------------------------------------------------------------------------------
  3.1 QM CALCULATION INFO
--------------------------------------------------------------------------------
 rnd_seed=           1
 !!!!!!-----NAESMD INPUT-----!!!!!!

 Ground state MD,      imdtype=           0
 Initial count for out files              0
 MD at constant energy
 Starting time, fs           0.0000000000000000     
 Time step, fs                        0.50000000000000000     
 Number of classical steps (CS)        20000
 Quantum steps/per CS                    0
 Displacement for deriv. [A]      1.0000000000000001E-005
 Newtonian dynamics,           therm_type=           0
 Temperature, K                  10.000000000000000     
 Bath relaxation constant       0.40000000000000002     
 Equilibrated dynamics
 Number of steps per degree K           100
 Number of steps to write data           10
 Number of steps to write coords           1
 Friction coefficient [1/ps]      2.0000000000000000     
 Seed for random generator               1
 NAESMD verbosity,            1
 MD will use analytic deriv,  ideriv=           1
 Cartesian coordinates are used
 Allocating initial naesmd_module variables
 Allocating md_module initial variables
 Allocating variables
 Allocating naesmd_module variables          14           5
 Allocating md_module variables          14
  Finish reading coordinates 

 Initial Geometry
    6        -0.182940   -0.626707   -1.583072
    6         0.638721   -1.244596   -0.638055
    6         0.880820   -0.642878    0.579921
    6         0.261239    0.550724    0.862552
    6        -0.539556    1.237600   -0.133096
    6        -0.772656    0.598093   -1.343377
    1        -0.290168   -1.039591   -2.590833
    1         1.136317   -2.240582   -0.773017
    1         1.438621   -1.170322    1.386561
    1        -0.875743    2.240582    0.190438
    1        -1.438621    1.094971   -2.062104
    7         0.410968    1.045902    2.148072
    1         1.292474    0.967215    2.590833
    1         0.077226    1.994726    2.184363
 nstep successful

| QMMM: Citation for AMBER QMMM Run:
| QMMM: R.C. Walker, M.F. Crowley and D.A. Case, J. COMP. CHEM. 29:1019, 2008

QMMM: SINGLET STATE CALCULATION
QMMM: RHF CALCULATION, NO. OF DOUBLY OCCUPIED LEVELS = 18

| QMMM: *** Selected Hamiltonian *** 
| QMMM: AM1         

| QMMM: *** Parameter sets in use ***
| QMMM: C : M.J.S.DEWAR et al. JACS, 107, 3902, (1985)
| QMMM: H : M.J.S.DEWAR et al. JACS, 107, 3902, (1985)
| QMMM: N : M.J.S.DEWAR et al. JACS, 107, 3902, (1985)

| QMMM: *** Diagonalization Routine Information ***
| QMMM: Pseudo diagonalizations are allowed.
| QMMM: Auto diagonalization routine selection is disabled.
| QMMM: Using internal diagonalization routine (diag_routine=1).

  QMMM: QM Region Cartesian Coordinates (*=link atom) 
  QMMM: QM_NO.   MM_NO.  ATOM         X         Y         Z
  QMMM:     1        1      C       -0.1829   -0.6267   -1.5831
  QMMM:     2        2      C        0.6387   -1.2446   -0.6381
  QMMM:     3        3      C        0.8808   -0.6429    0.5799
  QMMM:     4        4      C        0.2612    0.5507    0.8626
  QMMM:     5        5      C       -0.5396    1.2376   -0.1331
  QMMM:     6        6      C       -0.7727    0.5981   -1.3434
  QMMM:     7        7      H       -0.2902   -1.0396   -2.5908
  QMMM:     8        8      H        1.1363   -2.2406   -0.7730
  QMMM:     9        9      H        1.4386   -1.1703    1.3866
  QMMM:    10       10      H       -0.8757    2.2406    0.1904
  QMMM:    11       11      H       -1.4386    1.0950   -2.0621
  QMMM:    12       12      N        0.4110    1.0459    2.1481
  QMMM:    13       13      H        1.2925    0.9672    2.5908
  QMMM:    14       14      H        0.0772    1.9947    2.1844

--------------------------------------------------------------------------------
  RESULTS
--------------------------------------------------------------------------------

QMMM: SCF Converged to 0.1000E-07 in:    19 Cycles 
           7           1   2.2044100214928947E-015
           9           1   1.9787231748946699E-015
           8           2   2.8925683869624949E-015
          11           1   1.5702771114650682E-015
           9           2   1.1726933985510557E-015
           9           2   2.6865377869382534E-015
 @@@@ Davidson subroutine Found vectors           6
  i, e0(i), ferr(i), ftol0
  1 +++    3.557883957042404     0.27E-05 0.10E-04
  2 +++    3.713190267253908     0.11E-05 0.10E-04
  3 +++    4.969469800502050     0.75E-06 0.10E-04
  4 +++    5.168297380440105     0.18E-05 0.10E-04
  5 +++    5.221517957414084     0.31E-05 0.10E-04
  6 +++    5.751990017677987     0.58E-05 0.10E-04
 -------------------------------------------------

 Frequencies (eV) and Oscillator strengths (unitless)
        Omega            fx              fy              fz          ftotal
   1     3.55788395704240        0.476743910692605E-02    0.636757228469388E-02    0.371597478122626E-02    0.148509861728462E-01
   2     3.71319026725391        0.167888307704294E-02    0.496455997367325E-02    0.659830983876214E-01    0.726265414383376E-01
   3     4.96946980050205        0.271675784141041E-02    0.415412857756870E-01    0.535891114730645E-01    0.978471550901620E-01
   4     5.16829738044011        0.127738503150093E-01    0.169104050196662        0.716615974837806E-01    0.253539497995452    
   5     5.22151795741408        0.797040935063455E-01    0.188176518760104E-01    0.161583780636966        0.260105526019322    
   6     5.75199001767799        0.271832009618706E-02    0.169381494051325E-02    0.565589072956399E-02    0.100680257662643E-01

 Frequencies (eV) and Transition Dipole Moments (AU)
        Omega            fx              fy              fz          ftotal
   1     3.55788395704240        0.233866345992128       -0.270278870110904        0.206472174567070        0.170374894286591    
   2     3.71319026725391       -0.135849381791765       -0.233608059243712       -0.851655181773395        0.798344328518293    
   3     4.96946980050205       -0.149379664311202        0.584125252572439        0.663444033443299        0.803674580314057    
   4     5.16829738044011       -0.317620266939212         1.15564461454928        0.752299092030170         2.00235103297670    
   5     5.22151795741408        0.789337921649017       -0.383535324240062         1.12388412568864         2.03326922746803    
   6     5.75199001767799       -0.138887217892889       -0.109633924408863       -0.200337608783898        0.714444141685654E-01

 Total energy of the ground state (eV,AU)
           0  -1071.5545693807671       -39.378889694045434     
 Total energies of excited states (eV,AU)
           1  -1067.9966854237248       -39.248139918073178     
           2  -1067.8413791135133       -39.242432518531089     
           3  -1066.5850995802650       -39.196265114109252     
           4  -1066.3862720003269       -39.188958337989540     
           5  -1066.3330514233530       -39.187002518575397     
           6  -1065.8025793630891       -39.167508037058717     
 Ground State Molecular Dipole Moment (A.U.)
                         dx              dy              dz          ftotal
                     0.3818647      0.6966177      0.1895146      0.8167084    
          35          18       94129403359712
          35          18       94129403359712
          35          18       94129403359712
          35          18       94129403359712
          35          18       94129403359712
          35          18       94129403359712

 Frequencies (eV) Unrelaxed Difference Dipole Moments (AU)
        Omega            dx              dy              dz          ftotal
   1   3.557884      0.1106721      0.1399495      0.6120574      0.6375330    
   2   3.713190     -0.5171596E-01  0.2795968      0.3428778      0.4454370    
   3   4.969470     -0.2958035     -0.2537505     -0.1514192      0.4181109    
   4   5.168297     -0.1263354     -0.9989797E-01  0.2330009      0.2832484    
   5   5.221518      0.4566777E-01  0.6451621E-01  0.2870620      0.2977456    
   6   5.751990     -0.3839998E-01 -0.1012666      0.2439119      0.2668754    
QMMM:
QMMM: SCF Energy =       16.14821077 KCal/mol,        67.56411385 KJ/mol
QMMM: SCF Energy = Heat of formation

QMMM: Mulliken Charges of state:    0
QMMM: Atomic Charges for Step       1 :
QMMM:  Atom    Element       Mulliken Charge
QMMM:     1      C              -0.221580
QMMM:     2      C              -0.111712
QMMM:     3      C              -0.198998
QMMM:     4      C               0.020261
QMMM:     5      C              -0.179987
QMMM:     6      C              -0.114864
QMMM:     7      H               0.145200
QMMM:     8      H               0.136748
QMMM:     9      H               0.150546
QMMM:    10      H               0.166013
QMMM:    11      H               0.165319
QMMM:    12      N              -0.350632
QMMM:    13      H               0.206723
QMMM:    14      H               0.186963
QMMM: Total Mulliken Charge =    0.000000

 LPRINT:           1           0

 NSTEP =        0   TIME(PS) =       0.000  TEMP(K) =   299.21  PRESS =     0.0
 Etot   =     -1706.1620  EKtot   =      3918.9278  EPtot      =     -5625.0898
 BOND   =       987.9342  ANGLE   =      1471.7775  DIHED      =         0.0000
 1-4 NB =         0.0000  1-4 EEL =         0.0000  VDWAALS    =     -5592.4998
 EELEC  =     -2508.4499  EHBOND  =         0.0000  RESTRAINT  =         0.0000
 AM1ESCF=        16.1482
 Ewald error estimate:   0.1153E-03
 ------------------------------------------------------------------------------


--------------------------------------------------------------------------------
   5.  TIMINGS
--------------------------------------------------------------------------------

|    Read coords time           0.01 ( 2.54% of Total)
|    Fast Water setup           0.00 ( 0.01% of Total)
|                Build the list             0.07 (89.56% of List )
|                Other                      0.01 (10.44% of List )
|             List time                  0.08 (48.46% of Nonbo)
|                   Short_ene time             0.07 (99.75% of Direc)
|                   Other                      0.00 ( 0.25% of Direc)
|                Direct Ewald time          0.07 (87.91% of Ewald)
|                Adjust Ewald time          0.00 ( 0.41% of Ewald)
|                Self Ewald time            0.00 ( 0.02% of Ewald)
|                   Fill Bspline coeffs        0.00 ( 4.81% of Recip)
|                   Fill charge grid           0.00 ( 9.20% of Recip)
|                   Scalar sum                 0.00 (15.89% of Recip)
|                   Grad sum                   0.00 (10.60% of Recip)
|                   FFT time                   0.01 (59.25% of Recip)
|                   Other                      0.00 ( 0.26% of Recip)
|                Recip Ewald time           0.01 (11.61% of Ewald)
|                Virial junk                0.00 ( 0.04% of Ewald)
|             Ewald time                 0.08 (51.54% of Nonbo)
|          Nonbond force              0.16 (70.48% of Force)
|             QMMM setup                 0.00 ( 0.06% of QMMM )
|             QMMM list build            0.00 ( 0.31% of QMMM )
|             QMMM prep coords           0.00 ( 0.32% of QMMM )
|                   QMMM hcore QM-QM           0.00 (39.24% of QMMM )
|                   QMMM hcore QM-MM           0.00 (60.58% of QMMM )
|                   Other                      0.00 ( 0.18% of QMMM )
|                QMMM hcore calc            0.00 (22.37% of QMMM )
|                   QMMM fock build            0.00 (40.74% of QMMM )
|                   QMMM elec-energy cal       0.00 ( 0.67% of QMMM )
|                   QMMM full matrix dia       0.00 (26.87% of QMMM )
|                   QMMM pseudo matrix d       0.00 (24.98% of QMMM )
|                   QMMM density build         0.00 ( 5.79% of QMMM )
|                   Other                      0.00 ( 0.95% of QMMM )
|                QMMM scf                   0.00 (77.63% of QMMM )
|             QMMM energy                0.00 ( 4.21% of QMMM )
|             QMMM Collate Forces        0.00 ( 0.02% of QMMM )
|             Other                      0.06 (95.09% of QMMM )
|          QMMM                       0.06 (29.35% of Force)
|          Bond/Angle/Dihedral        0.00 ( 0.16% of Force)
|          Other                      0.00 ( 0.02% of Force)
|       Force time                 0.22 (99.57% of Runmd)
|       Other                      0.00 ( 0.43% of Runmd)
|    Runmd Time                 0.22 (84.36% of Total)
|    Other                      0.03 (13.09% of Total)
| Total time                 0.26 (100.0% of ALL  )

| Number of list builds   :          1

| Highest rstack allocated:     366766
| Highest istack allocated:       4394
|           Job began  at 15:04:51.614  on 02/14/2020
|           Setup done at 15:04:51.655  on 02/14/2020
|           Run   done at 15:04:51.876  on 02/14/2020
|     wallclock() was called     295 times
ASSERTion 'ier == 0' failed in src/sqm/qmmm_module.F90 at line    892.
