
          -------------------------------------------------------
          Amber 18 SANDER                              2018
          -------------------------------------------------------

| Run on 02/14/2020 at 15:04:51

|   Executable path: sander
| Working directory: /home/dustin/Documents/TestRuns/qm_mm_prop/benzene_nh2/abs/traj_4/4
|          Hostname: Unknown
  [-O]verwriting output

File Assignments:
|  MDIN: nasqm_abs_t4_4.in                                                     
| MDOUT: nasqm_abs_t4_4.out                                                    
|INPCRD: snap_4_for_absorption_t4.rst                                          
|  PARM: m1.prmtop                                                             
|RESTRT: snap_4_for_absorption_t4_back.rst                                     
|  REFC: refc                                                                  
| MDVEL: mdvel                                                                 
| MDFRC: mdfrc                                                                 
|  MDEN: mden                                                                  
| MDCRD: nasqm_abs_t4_4.nc                                                     
|MDINFO: mdinfo                                                                
|  MTMD: mtmd                                                                  
|INPDIP: inpdip                                                                
|RSTDIP: rstdip                                                                
|INPTRA: inptraj                                                               


 Here is the input file:

300K constant temp QMMMMD                                                      
 &cntrl                                                                        
  imin=0,                                                                      
  irest=0,                                                                     
  ntx=5,                                                                       
  ntb=1,                                                                       
  ntp=0,                                                                       
  ig=-1,                                                                       
  taup=2.0,                                                                    
  cut=16.0,                                                                    
  ntr=0,                                                                       
  tempi=300.0,                                                                 
  temp0=300.0,                                                                 
  ntt=3,                                                                       
  gamma_ln=2.0,                                                                
  nstlim=0,                                                                    
  dt=0.0005,                                                                   
  ntpr=1,                                                                      
  ntwx=0,                                                                      
  ntwv=0,                                                                      
  ifqnt=1,                                                                     
 /                                                                             
 &qmmm                                                                         
  scfconv=1.0000E-8,                                                           
  verbosity=1,                                                                 
  qmmask=':1',                                                                 
  diag_routine=1,                                                              
  qmcharge=0,                                                                  
  qm_theory='AM1',                                                             
  qmshake=0,                                                                   
  qm_ewald=0,                                                                  
  qm_pme=0,                                                                    
  nae=1                                                                        
 /                                                                             

--------------------------------------------------------------------------------
   1.  RESOURCE   USE: 
--------------------------------------------------------------------------------

| Flags:                                                                        
 getting new box info from bottom of inpcrd
|  INFO: Old style inpcrd file read

| peek_ewald_inpcrd: Box info found
|Largest sphere to fit in unit cell has radius =    22.679
| New format PARM file being parsed.
| Version =    1.000 Date = 09/26/18 Time = 13:58:55
 NATOM  =    4394 NTYPES =       7 NBONH =     883 MBONA  =    2635
 NTHETH =    2641 MTHETA =    2636 NPHIH =      26 MPHIA  =       9
 NHPARM =       0 NPARM  =       0 NNB   =    9698 NRES   =     877
 NBONA  =    2635 NTHETA =    2636 NPHIA =       9 NUMBND =       6
 NUMANG =       7 NPTRA  =       3 NATYP =       7 NPHB   =       0
 IFBOX  =       1 NMXRS  =      14 IFCAP =       0 NEXTRA =       0
 NCOPY  =       0


|     Memory Use     Allocated
|     Real              369502
|     Hollerith          14061
|     Integer           159675
|     Max Pairs        8541936
|     nblistReal         52728
|     nblist Int        151766
|       Total            37937 kbytes

| Note: 1-4 EEL scale factors are being read from the topology file.

| Note: 1-4 VDW scale factors are being read from the topology file.
| Duplicated    0 dihedrals
| Duplicated    0 dihedrals
LOADING THE QUANTUM ATOMS AS GROUPS
     Mask :1; matches    14 atoms

     BOX TYPE: RECTILINEAR
Note: ig = -1. Setting random seed to   881364 based on wallclock time in microseconds.

--------------------------------------------------------------------------------
   2.  CONTROL  DATA  FOR  THE  RUN
--------------------------------------------------------------------------------

m1                                                                              

General flags:
     imin    =       0, nmropt  =       0

Nature and format of input:
     ntx     =       5, irest   =       0, ntrx    =       1

Nature and format of output:
     ntxo    =       2, ntpr    =       1, ntrx    =       1, ntwr    =       1
     iwrap   =       0, ntwx    =       0, ntwv    =       0, ntwe    =       0
     ioutfm  =       1, ntwprt  =       0, idecomp =       0, rbornstat=      0

Potential function:
     ntf     =       1, ntb     =       1, igb     =       0, nsnb    =      25
     ipol    =       0, gbsa    =       0, iesp    =       0
     dielc   =   1.00000, cut     =  16.00000, intdiel =   1.00000

Frozen or restrained atoms:
     ibelly  =       0, ntr     =       0

Molecular dynamics:
     nstlim  =         0, nscm    =      1000, nrespa  =         1
     t       =   0.00000, dt      =   0.00050, vlimit  =  20.00000

Langevin dynamics temperature regulation:
     ig      =  881364
     temp0   = 300.00000, tempi   = 300.00000, gamma_ln=   2.00000

Ewald parameters:
     verbose =       0, ew_type =       0, nbflag  =       1, use_pme =       1
     vdwmeth =       1, eedmeth =       1, netfrc  =       1
     Box X =   49.256   Box Y =   50.133   Box Z =   45.358
     Alpha =   90.000   Beta  =   90.000   Gamma =   90.000
     NFFT1 =   50       NFFT2 =   50       NFFT3 =   45
     Cutoff=   16.000   Tol   =0.100E-04
     Ewald Coefficient =  0.16683
     Interpolation order =    4

QMMM options:
             ifqnt = True       nquant =       14
              qmgb =        0  qmcharge =        0   adjust_q =        2
              spin =        1     qmcut =  16.0000    qmshake =        0
          qmmm_int =        1
     lnk_atomic_no =        1   lnk_dis =   1.0900 lnk_method =        1
          qm_theory =     AM1 verbosity =        1
            qmqmdx = Analytical
      tight_p_conv = False (converge density to 0.05xSqrt[SCFCRT])
           scfconv = 0.100E-07  itrmax =     1000
      printcharges = False      printdipole = False      peptide_corr = False
    qmmmrij_incore = True 
  qmqm_erep_incore = True 
       pseudo_diag = True pseudo_diag_criteria =   0.0500
      diag_routine =        1
          qm_ewald =        0 qm_pme = False 

--------------------------------------------------------------------------------
   3.  ATOMIC COORDINATES AND VELOCITIES
--------------------------------------------------------------------------------

Cpptraj Generated Restart                                                       
 begin time read from input coords =     0.000 ps

 Number of triangulated 3-point waters found:        0
 identifying link atoms
 identified link atoms

     Sum of charges from parm topology file =   0.00000100
     Forcing neutrality...
QMMM: ADJUSTING CHARGES
QMMM: ----------------------------------------------------------------------
QMMM: adjust_q = 2
QMMM: Uniformly adjusting the charge of MM atoms to conserve total charge.
QMMM:                             qm_charge =    0
QMMM: QM atom RESP charge sum (inc MM link) =    0.000
QMMM: Adjusting each MM atom resp charge by =    0.000
QMMM:          Sum of MM + QM region is now =    0.000
QMMM: ----------------------------------------------------------------------
|  # of SOLUTE  degrees of freedom (RNDFP):   13182.
|  # of SOLVENT degrees of freedom (RNDFS):       0.
|  QMSHAKE_NOSHAKEMASK_OVERLAP =      0
|  NDFMIN =   13182.     NUM_NOSHAKE =      0     CORRECTED RNDFP =   13182.
|  TOTAL # of degrees of freedom (RNDF) =   13182.
 ---------------------------------------------------
 APPROXIMATING switch and d/dx switch using CUBIC SPLINE INTERPOLATION
 using   5000.0 points per unit in tabled values
 TESTING RELATIVE ERROR over r ranging from 0.0 to cutoff
| CHECK switch(x): max rel err =   0.2738E-14   at   2.422500
| CHECK d/dx switch(x): max rel err =   0.7766E-11   at   2.666360
 ---------------------------------------------------
| Local SIZE OF NONBOND LIST =    2093913
| TOTAL SIZE OF NONBOND LIST =    2093913

QMMM: Link Atom Information
QMMM: ------------------------------------------------------------------------
QMMM: nlink =     0
QMMM: ------------------------------------------------------------------------

  QMMM: QM Region Cartesian Coordinates (*=link atom) 
  QMMM: QM_NO.   MM_NO.  ATOM         X         Y         Z
  QMMM:     1        1      C       -0.2081   -0.6439   -1.6202
  QMMM:     2        2      C        0.5641   -1.2745   -0.6896
  QMMM:     3        3      C        0.8589   -0.7144    0.5172
  QMMM:     4        4      C        0.2322    0.5390    0.7932
  QMMM:     5        5      C       -0.5719    1.2330   -0.2102
  QMMM:     6        6      C       -0.8157    0.5849   -1.4091
  QMMM:     7        7      H       -0.3417   -1.0754   -2.5777
  QMMM:     8        8      H        1.1348   -2.2316   -0.8656
  QMMM:     9        9      H        1.4604   -1.2289    1.3100
  QMMM:    10       10      H       -0.9557    2.2316    0.1586
  QMMM:    11       11      H       -1.4604    1.1086   -2.1533
  QMMM:    12       12      N        0.3682    1.0519    2.1092
  QMMM:    13       13      H        1.2202    1.0539    2.5777
  QMMM:    14       14      H       -0.0139    1.9925    2.1086

--------------------------------------------------------------------------------
  3.1 QM CALCULATION INFO
--------------------------------------------------------------------------------
 rnd_seed=           1
 !!!!!!-----NAESMD INPUT-----!!!!!!

 Ground state MD,      imdtype=           0
 Initial count for out files              0
 MD at constant energy
 Starting time, fs           0.0000000000000000     
 Time step, fs                        0.50000000000000000     
 Number of classical steps (CS)        20000
 Quantum steps/per CS                    0
 Displacement for deriv. [A]      1.0000000000000001E-005
 Newtonian dynamics,           therm_type=           0
 Temperature, K                  10.000000000000000     
 Bath relaxation constant       0.40000000000000002     
 Equilibrated dynamics
 Number of steps per degree K           100
 Number of steps to write data           10
 Number of steps to write coords           1
 Friction coefficient [1/ps]      2.0000000000000000     
 Seed for random generator               1
 NAESMD verbosity,            1
 MD will use analytic deriv,  ideriv=           1
 Cartesian coordinates are used
 Allocating initial naesmd_module variables
 Allocating md_module initial variables
 Allocating variables
 Allocating naesmd_module variables          14           5
 Allocating md_module variables          14
  Finish reading coordinates 

 Initial Geometry
    6        -0.208099   -0.643932   -1.620194
    6         0.564127   -1.274490   -0.689599
    6         0.858923   -0.714416    0.517184
    6         0.232166    0.538994    0.793151
    6        -0.571920    1.232998   -0.210250
    6        -0.815687    0.584877   -1.409099
    1        -0.341679   -1.075447   -2.577741
    1         1.134825   -2.231575   -0.865634
    1         1.460400   -1.228863    1.309976
    1        -0.955654    2.231575    0.158603
    1        -1.460400    1.108608   -2.153251
    7         0.368175    1.051876    2.109216
    1         1.220163    1.053871    2.577741
    1        -0.013901    1.992470    2.108584
 nstep successful

| QMMM: Citation for AMBER QMMM Run:
| QMMM: R.C. Walker, M.F. Crowley and D.A. Case, J. COMP. CHEM. 29:1019, 2008

QMMM: SINGLET STATE CALCULATION
QMMM: RHF CALCULATION, NO. OF DOUBLY OCCUPIED LEVELS = 18

| QMMM: *** Selected Hamiltonian *** 
| QMMM: AM1         

| QMMM: *** Parameter sets in use ***
| QMMM: C : M.J.S.DEWAR et al. JACS, 107, 3902, (1985)
| QMMM: H : M.J.S.DEWAR et al. JACS, 107, 3902, (1985)
| QMMM: N : M.J.S.DEWAR et al. JACS, 107, 3902, (1985)

| QMMM: *** Diagonalization Routine Information ***
| QMMM: Pseudo diagonalizations are allowed.
| QMMM: Auto diagonalization routine selection is disabled.
| QMMM: Using internal diagonalization routine (diag_routine=1).

  QMMM: QM Region Cartesian Coordinates (*=link atom) 
  QMMM: QM_NO.   MM_NO.  ATOM         X         Y         Z
  QMMM:     1        1      C       -0.2081   -0.6439   -1.6202
  QMMM:     2        2      C        0.5641   -1.2745   -0.6896
  QMMM:     3        3      C        0.8589   -0.7144    0.5172
  QMMM:     4        4      C        0.2322    0.5390    0.7932
  QMMM:     5        5      C       -0.5719    1.2330   -0.2102
  QMMM:     6        6      C       -0.8157    0.5849   -1.4091
  QMMM:     7        7      H       -0.3417   -1.0754   -2.5777
  QMMM:     8        8      H        1.1348   -2.2316   -0.8656
  QMMM:     9        9      H        1.4604   -1.2289    1.3100
  QMMM:    10       10      H       -0.9557    2.2316    0.1586
  QMMM:    11       11      H       -1.4604    1.1086   -2.1533
  QMMM:    12       12      N        0.3682    1.0519    2.1092
  QMMM:    13       13      H        1.2202    1.0539    2.5777
  QMMM:    14       14      H       -0.0139    1.9925    2.1086

--------------------------------------------------------------------------------
  RESULTS
--------------------------------------------------------------------------------

QMMM: SCF Converged to 0.1000E-07 in:    19 Cycles 
          11           1   2.9897167132654588E-015
           7           1   3.9260070278861019E-015
           7           1   1.3775144355266181E-015
          10           1   2.6347535806749145E-015
           7           1   2.7035716195075374E-015
          10           1   6.7354645420640048E-015
 @@@@ Davidson subroutine Found vectors           6
  i, e0(i), ferr(i), ftol0
  1 +++    3.568801982871483     0.52E-05 0.10E-04
  2 +++    3.664891224052548     0.65E-06 0.10E-04
  3 +++    4.906794902301627     0.12E-05 0.10E-04
  4 +++    5.180101633365102     0.39E-05 0.10E-04
  5 +++    5.210227854381228     0.23E-05 0.10E-04
  6 +++    5.703073854052210     0.73E-05 0.10E-04
 -------------------------------------------------

 Frequencies (eV) and Oscillator strengths (unitless)
        Omega            fx              fy              fz          ftotal
   1     3.56880198287148        0.375558631742088E-02    0.912700331001007E-02    0.243834069754581E-03    0.131264236971855E-01
   2     3.66489122405255        0.224977398812331E-03    0.952456461949508E-02    0.744748714682742E-01    0.842244134865816E-01
   3     4.90679490230163        0.936072980044627E-04    0.226818813237856E-03    0.345245418426129E-02    0.377288029550361E-02
   4     5.18010163336510        0.336211223309290E-01    0.220445072238512        0.279822879936092E-01    0.282048482563051    
   5     5.21022785438123        0.633276223742792E-01    0.692808263506027E-03    0.238507287555263        0.302527718193048    
   6     5.70307385405221        0.156103781323613E-02    0.908293952479484E-02    0.694885014387340E-02    0.175928274819044E-01

 Frequencies (eV) and Transition Dipole Moments (AU)
        Omega            fx              fy              fz          ftotal
   1     3.56880198287148       -0.207251981139120        0.323090300792967       -0.528088865047694E-01    0.150129504646453    
   2     3.66489122405255       -0.500564381523103E-01   -0.325696479448107       -0.910742029301181        0.938034887661021    
   3     4.90679490230163       -0.279046734356937E-01    0.434371804071856E-01    0.169467355204896        0.313846439214215E-01
   4     5.18010163336510        0.514704547679826        -1.31795960550247       -0.469562615575493         2.22242734308463    
   5     5.21022785438123        0.704351227227977       -0.736714493326523E-01     1.36692129992829         2.37001197394197    
   6     5.70307385405221        0.105699578663416        0.254964523626542        0.223009322097103        0.125912466979943    

 Total energy of the ground state (eV,AU)
           0  -1071.3352565193591       -39.370830097992510     
 Total energies of excited states (eV,AU)
           1  -1067.7664545364876       -39.239679092118308     
           2  -1067.6703652953065       -39.236147878928264     
           3  -1066.4284616170573       -39.190508777240083     
           4  -1066.1551548859939       -39.180464943801518     
           5  -1066.1250286649779       -39.179357826004455     
           6  -1065.6321826653068       -39.161246076204897     
 Ground State Molecular Dipole Moment (A.U.)
                         dx              dy              dz          ftotal
                     0.3933022      0.7032285      0.2002482      0.8302507    
          35          18       93905216053728
          35          18       93905216053728
          35          18       93905216053728
          35          18       93905216053728
          35          18       93905216053728
          35          18       93905216053728

 Frequencies (eV) Unrelaxed Difference Dipole Moments (AU)
        Omega            dx              dy              dz          ftotal
   1   3.568802      0.7789385E-01  0.1975862      0.5466122      0.5864236    
   2   3.664891      0.3942219E-01  0.1476247      0.4295869      0.4559518    
   3   4.906795     -0.3710063     -0.5050279     -0.2522333      0.6755150    
   4   5.180102     -0.6189558E-01  0.1213807      0.1481044      0.2012443    
   5   5.210228      0.2307194E-01  0.3991012E-01  0.3201250      0.3234272    
   6   5.703074     -0.4340330E-01 -0.3036277     -0.1815588E-01  0.3072512    
QMMM:
QMMM: SCF Energy =       21.20578466 KCal/mol,        88.72500303 KJ/mol
QMMM: SCF Energy = Heat of formation

QMMM: Mulliken Charges of state:    0
QMMM: Atomic Charges for Step       1 :
QMMM:  Atom    Element       Mulliken Charge
QMMM:     1      C              -0.217889
QMMM:     2      C              -0.112624
QMMM:     3      C              -0.184991
QMMM:     4      C               0.010762
QMMM:     5      C              -0.181116
QMMM:     6      C              -0.116790
QMMM:     7      H               0.137820
QMMM:     8      H               0.136098
QMMM:     9      H               0.160476
QMMM:    10      H               0.166986
QMMM:    11      H               0.168097
QMMM:    12      N              -0.349747
QMMM:    13      H               0.204992
QMMM:    14      H               0.177925
QMMM: Total Mulliken Charge =    0.000000

 LPRINT:           1           0

 NSTEP =        0   TIME(PS) =       0.000  TEMP(K) =   286.49  PRESS =     0.0
 Etot   =     -1713.4923  EKtot   =      3752.3313  EPtot      =     -5465.8236
 BOND   =      1143.8083  ANGLE   =      1478.2297  DIHED      =         0.0000
 1-4 NB =         0.0000  1-4 EEL =         0.0000  VDWAALS    =     -5593.1722
 EELEC  =     -2515.8952  EHBOND  =         0.0000  RESTRAINT  =         0.0000
 AM1ESCF=        21.2058
 Ewald error estimate:   0.2153E-03
 ------------------------------------------------------------------------------


--------------------------------------------------------------------------------
   5.  TIMINGS
--------------------------------------------------------------------------------

|    Read coords time           0.01 ( 4.51% of Total)
|    Fast Water setup           0.00 ( 0.01% of Total)
|                Build the list             0.06 (85.28% of List )
|                Other                      0.01 (14.72% of List )
|             List time                  0.07 (48.68% of Nonbo)
|                   Short_ene time             0.06 (99.71% of Direc)
|                   Other                      0.00 ( 0.29% of Direc)
|                Direct Ewald time          0.06 (86.83% of Ewald)
|                Adjust Ewald time          0.00 ( 0.46% of Ewald)
|                Self Ewald time            0.00 ( 0.02% of Ewald)
|                   Fill Bspline coeffs        0.00 ( 4.87% of Recip)
|                   Fill charge grid           0.00 ( 9.36% of Recip)
|                   Scalar sum                 0.00 (15.79% of Recip)
|                   Grad sum                   0.00 (10.58% of Recip)
|                   FFT time                   0.01 (59.11% of Recip)
|                   Other                      0.00 ( 0.29% of Recip)
|                Recip Ewald time           0.01 (12.64% of Ewald)
|                Virial junk                0.00 ( 0.05% of Ewald)
|             Ewald time                 0.07 (51.32% of Nonbo)
|          Nonbond force              0.13 (67.94% of Force)
|             QMMM setup                 0.00 ( 0.06% of QMMM )
|             QMMM list build            0.00 ( 0.31% of QMMM )
|             QMMM prep coords           0.00 ( 0.30% of QMMM )
|                   QMMM hcore QM-QM           0.00 (40.84% of QMMM )
|                   QMMM hcore QM-MM           0.00 (59.16% of QMMM )
|                QMMM hcore calc            0.00 (20.30% of QMMM )
|                   QMMM fock build            0.00 (39.84% of QMMM )
|                   QMMM elec-energy cal       0.00 ( 0.81% of QMMM )
|                   QMMM full matrix dia       0.00 (25.72% of QMMM )
|                   QMMM pseudo matrix d       0.00 (27.02% of QMMM )
|                   QMMM density build         0.00 ( 5.58% of QMMM )
|                   Other                      0.00 ( 1.03% of QMMM )
|                QMMM scf                   0.00 (79.70% of QMMM )
|             QMMM energy                0.00 ( 4.62% of QMMM )
|             QMMM Collate Forces        0.00 ( 0.02% of QMMM )
|             Other                      0.06 (94.68% of QMMM )
|          QMMM                       0.06 (31.87% of Force)
|          Bond/Angle/Dihedral        0.00 ( 0.17% of Force)
|          Other                      0.00 ( 0.02% of Force)
|       Force time                 0.20 (99.46% of Runmd)
|       Other                      0.00 ( 0.54% of Runmd)
|    Runmd Time                 0.20 (81.44% of Total)
|    Other                      0.03 (14.04% of Total)
| Total time                 0.24 (100.0% of ALL  )

| Number of list builds   :          1

| Highest rstack allocated:     366766
| Highest istack allocated:       4394
|           Job began  at 15:04:51.849  on 02/14/2020
|           Setup done at 15:04:51.894  on 02/14/2020
|           Run   done at 15:04:52.092  on 02/14/2020
|     wallclock() was called     295 times
ASSERTion 'ier == 0' failed in src/sqm/qmmm_module.F90 at line    892.
