
          -------------------------------------------------------
          Amber 18 SANDER                              2018
          -------------------------------------------------------

| Run on 02/14/2020 at 14:48:39

|   Executable path: sander
| Working directory: /home/dustin/Documents/TestRuns/qm_mm_prop/benzene_nh2/abs/traj_3/7
|          Hostname: Unknown
  [-O]verwriting output

File Assignments:
|  MDIN: nasqm_abs_t3_7.in                                                     
| MDOUT: nasqm_abs_t3_7.out                                                    
|INPCRD: snap_7_for_absorption_t3.rst                                          
|  PARM: m1.prmtop                                                             
|RESTRT: snap_7_for_absorption_t3_back.rst                                     
|  REFC: refc                                                                  
| MDVEL: mdvel                                                                 
| MDFRC: mdfrc                                                                 
|  MDEN: mden                                                                  
| MDCRD: nasqm_abs_t3_7.nc                                                     
|MDINFO: mdinfo                                                                
|  MTMD: mtmd                                                                  
|INPDIP: inpdip                                                                
|RSTDIP: rstdip                                                                
|INPTRA: inptraj                                                               


 Here is the input file:

300K constant temp QMMMMD                                                      
 &cntrl                                                                        
  imin=0,                                                                      
  irest=0,                                                                     
  ntx=5,                                                                       
  ntb=1,                                                                       
  ntp=0,                                                                       
  ig=-1,                                                                       
  taup=2.0,                                                                    
  cut=16.0,                                                                    
  ntr=0,                                                                       
  tempi=300.0,                                                                 
  temp0=300.0,                                                                 
  ntt=3,                                                                       
  gamma_ln=2.0,                                                                
  nstlim=0,                                                                    
  dt=0.0005,                                                                   
  ntpr=1,                                                                      
  ntwx=0,                                                                      
  ntwv=0,                                                                      
  ifqnt=1                                                                      
 /                                                                             
 &qmmm                                                                         
  scfconv=1.0000E-8,                                                           
  verbosity=1,                                                                 
  qmmask=':1',                                                                 
  diag_routine=1,                                                              
  qmcharge=0,                                                                  
  qm_theory='AM1',                                                             
  qmshake=0,                                                                   
  qm_ewald=0,                                                                  
  qm_pme=0,                                                                    
  nae=1                                                                        
 /                                                                             

--------------------------------------------------------------------------------
   1.  RESOURCE   USE: 
--------------------------------------------------------------------------------

| Flags:                                                                        
 getting new box info from bottom of inpcrd
|  INFO: Old style inpcrd file read

| peek_ewald_inpcrd: Box info found
|Largest sphere to fit in unit cell has radius =    22.679
| New format PARM file being parsed.
| Version =    1.000 Date = 09/26/18 Time = 13:58:55
 NATOM  =    4394 NTYPES =       7 NBONH =     883 MBONA  =    2635
 NTHETH =    2641 MTHETA =    2636 NPHIH =      26 MPHIA  =       9
 NHPARM =       0 NPARM  =       0 NNB   =    9698 NRES   =     877
 NBONA  =    2635 NTHETA =    2636 NPHIA =       9 NUMBND =       6
 NUMANG =       7 NPTRA  =       3 NATYP =       7 NPHB   =       0
 IFBOX  =       1 NMXRS  =      14 IFCAP =       0 NEXTRA =       0
 NCOPY  =       0


|     Memory Use     Allocated
|     Real              369502
|     Hollerith          14061
|     Integer           159675
|     Max Pairs        8541936
|     nblistReal         52728
|     nblist Int        151766
|       Total            37937 kbytes

| Note: 1-4 EEL scale factors are being read from the topology file.

| Note: 1-4 VDW scale factors are being read from the topology file.
| Duplicated    0 dihedrals
| Duplicated    0 dihedrals
LOADING THE QUANTUM ATOMS AS GROUPS
     Mask :1; matches    14 atoms

     BOX TYPE: RECTILINEAR
Note: ig = -1. Setting random seed to   189137 based on wallclock time in microseconds.

--------------------------------------------------------------------------------
   2.  CONTROL  DATA  FOR  THE  RUN
--------------------------------------------------------------------------------

m1                                                                              

General flags:
     imin    =       0, nmropt  =       0

Nature and format of input:
     ntx     =       5, irest   =       0, ntrx    =       1

Nature and format of output:
     ntxo    =       2, ntpr    =       1, ntrx    =       1, ntwr    =       1
     iwrap   =       0, ntwx    =       0, ntwv    =       0, ntwe    =       0
     ioutfm  =       1, ntwprt  =       0, idecomp =       0, rbornstat=      0

Potential function:
     ntf     =       1, ntb     =       1, igb     =       0, nsnb    =      25
     ipol    =       0, gbsa    =       0, iesp    =       0
     dielc   =   1.00000, cut     =  16.00000, intdiel =   1.00000

Frozen or restrained atoms:
     ibelly  =       0, ntr     =       0

Molecular dynamics:
     nstlim  =         0, nscm    =      1000, nrespa  =         1
     t       =   0.00000, dt      =   0.00050, vlimit  =  20.00000

Langevin dynamics temperature regulation:
     ig      =  189137
     temp0   = 300.00000, tempi   = 300.00000, gamma_ln=   2.00000

Ewald parameters:
     verbose =       0, ew_type =       0, nbflag  =       1, use_pme =       1
     vdwmeth =       1, eedmeth =       1, netfrc  =       1
     Box X =   49.256   Box Y =   50.133   Box Z =   45.358
     Alpha =   90.000   Beta  =   90.000   Gamma =   90.000
     NFFT1 =   50       NFFT2 =   50       NFFT3 =   45
     Cutoff=   16.000   Tol   =0.100E-04
     Ewald Coefficient =  0.16683
     Interpolation order =    4

QMMM options:
             ifqnt = True       nquant =       14
              qmgb =        0  qmcharge =        0   adjust_q =        2
              spin =        1     qmcut =  16.0000    qmshake =        0
          qmmm_int =        1
     lnk_atomic_no =        1   lnk_dis =   1.0900 lnk_method =        1
          qm_theory =     AM1 verbosity =        1
            qmqmdx = Analytical
      tight_p_conv = False (converge density to 0.05xSqrt[SCFCRT])
           scfconv = 0.100E-07  itrmax =     1000
      printcharges = False      printdipole = False      peptide_corr = False
    qmmmrij_incore = True 
  qmqm_erep_incore = True 
       pseudo_diag = True pseudo_diag_criteria =   0.0500
      diag_routine =        1
          qm_ewald =        0 qm_pme = False 

--------------------------------------------------------------------------------
   3.  ATOMIC COORDINATES AND VELOCITIES
--------------------------------------------------------------------------------

Cpptraj Generated Restart                                                       
 begin time read from input coords =     0.000 ps

 Number of triangulated 3-point waters found:        0
 identifying link atoms
 identified link atoms

     Sum of charges from parm topology file =   0.00000100
     Forcing neutrality...
QMMM: ADJUSTING CHARGES
QMMM: ----------------------------------------------------------------------
QMMM: adjust_q = 2
QMMM: Uniformly adjusting the charge of MM atoms to conserve total charge.
QMMM:                             qm_charge =    0
QMMM: QM atom RESP charge sum (inc MM link) =    0.000
QMMM: Adjusting each MM atom resp charge by =    0.000
QMMM:          Sum of MM + QM region is now =    0.000
QMMM: ----------------------------------------------------------------------
|  # of SOLUTE  degrees of freedom (RNDFP):   13182.
|  # of SOLVENT degrees of freedom (RNDFS):       0.
|  QMSHAKE_NOSHAKEMASK_OVERLAP =      0
|  NDFMIN =   13182.     NUM_NOSHAKE =      0     CORRECTED RNDFP =   13182.
|  TOTAL # of degrees of freedom (RNDF) =   13182.
 ---------------------------------------------------
 APPROXIMATING switch and d/dx switch using CUBIC SPLINE INTERPOLATION
 using   5000.0 points per unit in tabled values
 TESTING RELATIVE ERROR over r ranging from 0.0 to cutoff
| CHECK switch(x): max rel err =   0.2738E-14   at   2.422500
| CHECK d/dx switch(x): max rel err =   0.7766E-11   at   2.666360
 ---------------------------------------------------
| Local SIZE OF NONBOND LIST =    2093406
| TOTAL SIZE OF NONBOND LIST =    2093406

QMMM: Link Atom Information
QMMM: ------------------------------------------------------------------------
QMMM: nlink =     0
QMMM: ------------------------------------------------------------------------

  QMMM: QM Region Cartesian Coordinates (*=link atom) 
  QMMM: QM_NO.   MM_NO.  ATOM         X         Y         Z
  QMMM:     1        1      C       -0.3903   -0.5920   -1.5810
  QMMM:     2        2      C        0.6930   -1.1031   -0.8063
  QMMM:     3        3      C        1.0794   -0.5747    0.4050
  QMMM:     4        4      C        0.3358    0.5130    0.8607
  QMMM:     5        5      C       -0.7719    0.9803    0.1547
  QMMM:     6        6      C       -1.1091    0.4744   -1.0654
  QMMM:     7        7      H       -0.6909   -1.1704   -2.4325
  QMMM:     8        8      H        1.2370   -1.9929   -1.1849
  QMMM:     9        9      H        1.9308   -1.0210    0.9516
  QMMM:    10       10      H       -1.4264    1.7702    0.5438
  QMMM:    11       11      H       -1.9308    0.9855   -1.6850
  QMMM:    12       12      N        0.5835    1.0666    2.1142
  QMMM:    13       13      H        1.4956    0.8257    2.4325
  QMMM:    14       14      H        0.2488    1.9929    2.3417

--------------------------------------------------------------------------------
  3.1 QM CALCULATION INFO
--------------------------------------------------------------------------------
 rnd_seed=           1
 !!!!!!-----NAESMD INPUT-----!!!!!!

 Ground state MD,      imdtype=           0
 Initial count for out files              0
 MD at constant energy
 Starting time, fs           0.0000000000000000     
 Time step, fs                        0.50000000000000000     
 Number of classical steps (CS)        20000
 Quantum steps/per CS                    0
 Displacement for deriv. [A]      1.0000000000000001E-005
 Newtonian dynamics,           therm_type=           0
 Temperature, K                  10.000000000000000     
 Bath relaxation constant       0.40000000000000002     
 Equilibrated dynamics
 Number of steps per degree K           100
 Number of steps to write data           10
 Number of steps to write coords           1
 Friction coefficient [1/ps]      2.0000000000000000     
 Seed for random generator               1
 NAESMD verbosity,            1
 MD will use analytic deriv,  ideriv=           1
 Cartesian coordinates are used
 Allocating initial naesmd_module variables
 Allocating md_module initial variables
 Allocating variables
 Allocating naesmd_module variables          14           5
 Allocating md_module variables          14
  Finish reading coordinates 

 Initial Geometry
    6        -0.390253   -0.591954   -1.581017
    6         0.692999   -1.103076   -0.806291
    6         1.079409   -0.574740    0.404954
    6         0.335787    0.512977    0.860749
    6        -0.771906    0.980313    0.154725
    6        -1.109100    0.474366   -1.065387
    1        -0.690882   -1.170360   -2.432469
    1         1.237021   -1.992879   -1.184875
    1         1.930841   -1.021020    0.951577
    1        -1.426420    1.770198    0.543798
    1        -1.930841    0.985507   -1.685035
    7         0.583515    1.066598    2.114179
    1         1.495646    0.825726    2.432469
    1         0.248837    1.992879    2.341723
 nstep successful

| QMMM: Citation for AMBER QMMM Run:
| QMMM: R.C. Walker, M.F. Crowley and D.A. Case, J. COMP. CHEM. 29:1019, 2008

QMMM: SINGLET STATE CALCULATION
QMMM: RHF CALCULATION, NO. OF DOUBLY OCCUPIED LEVELS = 18

| QMMM: *** Selected Hamiltonian *** 
| QMMM: AM1         

| QMMM: *** Parameter sets in use ***
| QMMM: C : M.J.S.DEWAR et al. JACS, 107, 3902, (1985)
| QMMM: H : M.J.S.DEWAR et al. JACS, 107, 3902, (1985)
| QMMM: N : M.J.S.DEWAR et al. JACS, 107, 3902, (1985)

| QMMM: *** Diagonalization Routine Information ***
| QMMM: Pseudo diagonalizations are allowed.
| QMMM: Auto diagonalization routine selection is disabled.
| QMMM: Using internal diagonalization routine (diag_routine=1).

  QMMM: QM Region Cartesian Coordinates (*=link atom) 
  QMMM: QM_NO.   MM_NO.  ATOM         X         Y         Z
  QMMM:     1        1      C       -0.3903   -0.5920   -1.5810
  QMMM:     2        2      C        0.6930   -1.1031   -0.8063
  QMMM:     3        3      C        1.0794   -0.5747    0.4050
  QMMM:     4        4      C        0.3358    0.5130    0.8607
  QMMM:     5        5      C       -0.7719    0.9803    0.1547
  QMMM:     6        6      C       -1.1091    0.4744   -1.0654
  QMMM:     7        7      H       -0.6909   -1.1704   -2.4325
  QMMM:     8        8      H        1.2370   -1.9929   -1.1849
  QMMM:     9        9      H        1.9308   -1.0210    0.9516
  QMMM:    10       10      H       -1.4264    1.7702    0.5438
  QMMM:    11       11      H       -1.9308    0.9855   -1.6850
  QMMM:    12       12      N        0.5835    1.0666    2.1142
  QMMM:    13       13      H        1.4956    0.8257    2.4325
  QMMM:    14       14      H        0.2488    1.9929    2.3417

--------------------------------------------------------------------------------
  RESULTS
--------------------------------------------------------------------------------

QMMM: SCF Converged to 0.1000E-07 in:    17 Cycles 
           9           3   1.3793220038360587E-015
           7           1   2.1511926354828015E-015
          10           1   1.7480049525897545E-015
          11           1   2.0623964775562387E-015
           7           1   1.5367210542266418E-015
           7           1   1.1680516580001021E-015
 @@@@ Davidson subroutine Found vectors           6
  i, e0(i), ferr(i), ftol0
  1 +++    3.557656704674512     0.29E-05 0.10E-04
  2 +++    3.722776941699777     0.67E-06 0.10E-04
  3 +++    4.811183873115063     0.68E-06 0.10E-04
  4 +++    5.173469373773900     0.15E-05 0.10E-04
  5 +++    5.249612124180668     0.16E-05 0.10E-04
  6 +++    5.772854521823521     0.99E-05 0.10E-04
 -------------------------------------------------

 Frequencies (eV) and Oscillator strengths (unitless)
        Omega            fx              fy              fz          ftotal
   1     3.55765670467451        0.971294508872336E-02    0.556003464918567E-02    0.867704694246685E-03    0.161406844321557E-01
   2     3.72277694169978        0.499029040994557E-02    0.982179754271078E-02    0.712776857196667E-01    0.860897736723230E-01
   3     4.81118387311506        0.867693010756473E-03    0.112966052241999E-03    0.536949852400947E-02    0.635015758700795E-02
   4     5.17346937377390        0.296590444827606E-01    0.164681462759982        0.116748580645957        0.311089087888700    
   5     5.24961212418067        0.138165822097206        0.344156511976921E-02    0.158973106692787        0.300580493909762    
   6     5.77285452182352        0.334995581373149E-02    0.204193155240217E-02    0.569215539631171E-02    0.110840427624454E-01

 Frequencies (eV) and Transition Dipole Moments (AU)
        Omega            fx              fy              fz          ftotal
   1     3.55765670467451        0.333821642631881       -0.252567678330431        0.997757489835931E-01    0.185182521311908    
   2     3.72277694169978       -0.233910891848936       -0.328158020742550       -0.884024558296689        0.943901411574888    
   3     4.81118387311506       -0.857981877161842E-01   -0.309577252016099E-01    0.213433176780606        0.538734307157013E-01
   4     5.17346937377390       -0.483736300438894         1.13986248148372        0.959745105226907         2.45439795206353    
   5     5.24961212418067         1.03647241250572       -0.163581968517139         1.11178104419377         2.33709121253796    
   6     5.77285452182352       -0.153902358436170       -0.120156238921477       -0.200615326847343        0.783699670500368E-01

 Total energy of the ground state (eV,AU)
           0  -1071.5265913740727       -39.377861521639701     
 Total energies of excited states (eV,AU)
           1  -1067.9689346693983       -39.247120097034873     
           2  -1067.8038144323730       -39.241052042466421     
           3  -1066.7154075009576       -39.201053840117090     
           4  -1066.3531220002988       -39.187740098404021     
           5  -1066.2769792498921       -39.184941904961569     
           6  -1065.7537368522492       -39.165713108548587     
 Ground State Molecular Dipole Moment (A.U.)
                         dx              dy              dz          ftotal
                     0.4170513      0.4852807      0.2740470      0.6960825    
          35          18       94479422448256
          35          18       94479422448256
          35          18       94479422448256
          35          18       94479422448256
          35          18       94479422448256
          35          18       94479422448256

 Frequencies (eV) Unrelaxed Difference Dipole Moments (AU)
        Omega            dx              dy              dz          ftotal
   1   3.557657      0.8644662E-01  0.2546310      0.5018960      0.5693941    
   2   3.722777     -0.8197561E-04  0.1911409      0.4217216      0.4630161    
   3   4.811184     -0.3928938     -0.6552278     -0.4568305      0.8901590    
   4   5.173469     -0.2542203E-01  0.1478543      0.3385959      0.3703436    
   5   5.249612      0.9814428E-01  0.2919227E-01  0.3562656      0.3706881    
   6   5.772855     -0.1226305      0.4567428E-01  0.3807788      0.4026374    
QMMM:
QMMM: SCF Energy =       16.79341158 KCal/mol,        70.26363404 KJ/mol
QMMM: SCF Energy = Heat of formation

QMMM: Mulliken Charges of state:    0
QMMM: Atomic Charges for Step       1 :
QMMM:  Atom    Element       Mulliken Charge
QMMM:     1      C              -0.218404
QMMM:     2      C              -0.139576
QMMM:     3      C              -0.181379
QMMM:     4      C               0.073161
QMMM:     5      C              -0.198573
QMMM:     6      C              -0.108664
QMMM:     7      H               0.144903
QMMM:     8      H               0.135218
QMMM:     9      H               0.169349
QMMM:    10      H               0.143334
QMMM:    11      H               0.154228
QMMM:    12      N              -0.403475
QMMM:    13      H               0.211355
QMMM:    14      H               0.218522
QMMM: Total Mulliken Charge =   -0.000000

 LPRINT:           1           0

 NSTEP =        0   TIME(PS) =       0.000  TEMP(K) =   282.92  PRESS =     0.0
 Etot   =     -1733.7553  EKtot   =      3705.6135  EPtot      =     -5439.3687
 BOND   =      1105.4274  ANGLE   =      1490.4607  DIHED      =         0.0000
 1-4 NB =         0.0000  1-4 EEL =         0.0000  VDWAALS    =     -5555.5177
 EELEC  =     -2496.5325  EHBOND  =         0.0000  RESTRAINT  =         0.0000
 AM1ESCF=        16.7934
 Ewald error estimate:   0.8719E-03
 ------------------------------------------------------------------------------


--------------------------------------------------------------------------------
   5.  TIMINGS
--------------------------------------------------------------------------------

|    Read coords time           0.01 ( 2.71% of Total)
|    Fast Water setup           0.00 ( 0.01% of Total)
|                Build the list             0.06 (87.62% of List )
|                Other                      0.01 (12.38% of List )
|             List time                  0.07 (52.32% of Nonbo)
|                   Short_ene time             0.05 (99.67% of Direc)
|                   Other                      0.00 ( 0.33% of Direc)
|                Direct Ewald time          0.05 (84.82% of Ewald)
|                Adjust Ewald time          0.00 ( 0.54% of Ewald)
|                Self Ewald time            0.00 ( 0.02% of Ewald)
|                   Fill Bspline coeffs        0.00 ( 4.89% of Recip)
|                   Fill charge grid           0.00 ( 9.35% of Recip)
|                   Scalar sum                 0.00 (15.89% of Recip)
|                   Grad sum                   0.00 (10.71% of Recip)
|                   FFT time                   0.01 (58.90% of Recip)
|                   Other                      0.00 ( 0.26% of Recip)
|                Recip Ewald time           0.01 (14.55% of Ewald)
|                Virial junk                0.00 ( 0.06% of Ewald)
|             Ewald time                 0.06 (47.68% of Nonbo)
|          Nonbond force              0.13 (65.84% of Force)
|             QMMM setup                 0.00 ( 0.06% of QMMM )
|             QMMM list build            0.00 ( 0.30% of QMMM )
|             QMMM prep coords           0.00 ( 0.30% of QMMM )
|                   QMMM hcore QM-QM           0.00 (41.06% of QMMM )
|                   QMMM hcore QM-MM           0.00 (58.78% of QMMM )
|                   Other                      0.00 ( 0.16% of QMMM )
|                QMMM hcore calc            0.00 (22.65% of QMMM )
|                   QMMM fock build            0.00 (38.44% of QMMM )
|                   QMMM elec-energy cal       0.00 ( 0.73% of QMMM )
|                   QMMM full matrix dia       0.00 (34.28% of QMMM )
|                   QMMM pseudo matrix d       0.00 (20.46% of QMMM )
|                   QMMM density build         0.00 ( 5.20% of QMMM )
|                   Other                      0.00 ( 0.88% of QMMM )
|                QMMM scf                   0.00 (77.35% of QMMM )
|             QMMM energy                0.00 ( 3.89% of QMMM )
|             QMMM Collate Forces        0.00 ( 0.02% of QMMM )
|             Other                      0.07 (95.43% of QMMM )
|          QMMM                       0.07 (33.96% of Force)
|          Bond/Angle/Dihedral        0.00 ( 0.18% of Force)
|          Other                      0.00 ( 0.02% of Force)
|       Force time                 0.20 (99.51% of Runmd)
|       Other                      0.00 ( 0.49% of Runmd)
|    Runmd Time                 0.20 (83.47% of Total)
|    Other                      0.03 (13.81% of Total)
| Total time                 0.24 (100.0% of ALL  )

| Number of list builds   :          1

| Highest rstack allocated:     366766
| Highest istack allocated:       4394
|           Job began  at 14:48:39.156  on 02/14/2020
|           Setup done at 14:48:39.197  on 02/14/2020
|           Run   done at 14:48:39.399  on 02/14/2020
|     wallclock() was called     271 times
ASSERTion 'ier == 0' failed in src/sqm/qmmm_module.F90 at line    892.
